10-28 13:53:24.292 5663-5693/com.android.bluetooth I/bt_vendor: TAG Extended Flag		 : 0
10-28 13:53:24.292 5663-5693/com.android.bluetooth I/bt_vendor: TAG Data			 : 08 08 
10-28 13:53:24.292 5663-5693/com.android.bluetooth I/bt_vendor: TAG ID			 : 82
10-28 13:53:24.292 5663-5693/com.android.bluetooth I/bt_vendor: TAG Length			 : 16
10-28 13:53:24.292 5663-5693/com.android.bluetooth I/bt_vendor: TAG Pointer			 : 0
10-28 13:53:24.292 5663-5693/com.android.bluetooth I/bt_vendor: TAG Extended Flag		 : 0
10-28 13:53:24.293 5663-5693/com.android.bluetooth I/bt_vendor: TAG Data			 : 25 0f 00 80 00 00 00 00 00 00 00 00 00 00 00 00 
10-28 13:53:24.293 5663-5693/com.android.bluetooth I/bt_vendor: TAG ID			 : 84
10-28 13:53:24.293 5663-5693/com.android.bluetooth I/bt_vendor: TAG Length			 : 212
10-28 13:53:24.293 5663-5693/com.android.bluetooth I/bt_vendor: TAG Pointer			 : 0
10-28 13:53:24.293 5663-5693/com.android.bluetooth I/bt_vendor: TAG Extended Flag		 : 0
10-28 13:53:24.294 5663-5693/com.android.bluetooth I/bt_vendor: TAG Data			 : 02 13 14 23 25 26 27 38 38 00 2b 2b 2b 2b 2b 2b 29 29 29 29 29 29 2d 2d 2d 2d 2d 2d 28 28 28 28 28 28 2f 2f 2f 2f 2f 2f 18 18 17 18 16 00 1b 1b 1b 1c 1c 1b 19 11 1b 1b 1b 1d 15 14 12 11 1b 1b 15 16 15 14 12 10 14 14 14 15 13 11 10 0f 04 04 04 03 03 05 07 0e 05 05 05 03 0a 0f 11 13 05 05 0a 0d 0e 0f 11 12 0f 10 0f 0f 11 13 12 13 00 00 3e 7b 7b 73 71 50 50 50 00 40 60 60 30 08 02 0f 00 01 00 00 00 00 00 00 08 16 16 08 08 00 00 00 37 5f 48 29 38 42 22 18 01 04 03 04 03 00 86 01 95 01 af 01 ca 01 e5 01 02 02 16 02 35 02 56 02 81 02 a5 02 cb 02 f2 02 25 03 51 03 00 00 00 00 00 00 00 00 00 00 00 00 00 00 00 00 00 00 00 00 00 00 00 00 
10-28 13:53:24.294 5663-5693/com.android.bluetooth I/bt_vendor: TAG ID			 : 85
10-28 13:53:24.294 5663-5693/com.android.bluetooth I/bt_vendor: TAG Length			 : 248
10-28 13:53:24.295 5663-5693/com.android.bluetooth I/bt_vendor: TAG Pointer			 : 0
10-28 13:53:24.295 5663-5693/com.android.bluetooth I/bt_vendor: TAG Extended Flag		 : 0
10-28 13:53:24.296 5663-5693/com.android.bluetooth I/bt_vendor: TAG Data			 : ff ff 3b 00 44 32 8f 01 b6 01 ea 01 21 02 53 02 93 02 e3 02 2f 03 00 00 a2 03 ce 04 fa 05 26 07 0a 01 55 02 f4 0c 01 00 f4 01 00 00 5f 80 06 00 2a 1e de 00 00 00 00 00 0c 0c 0c 04 04 04 04 0c 0c 04 04 04 04 00 02 02 02 02 01 00 00 02 02 02 01 00 00 00 1f 1f 14 10 10 10 03 1f 14 10 10 10 03 00 0f 0f 0f 0f 0f 0f 0f 0f 0f 0f 0f 0f 0f 0f 0c 0c 0c 06 06 06 00 0c 0c 06 06 06 00 00 02 02 02 02 01 00 00 02 02 02 01 00 00 00 1f 1a 0e 08 08 08 00 1a 0e 08 08 08 00 00 0f 0f 0f 0f 0f 0f 0f 0f 0f 0f 0f 0f 0f 0f 0c 0c 0c 0c 06 06 06 0c 0c 0c 06 06 06 00 02 02 02 02 02 01 00 02 02 02 02 01 00 00 1f 1f 1a 0e 08 08 08 1f 1a 0e 08 08 08 00 0f 0f 0f 0f 0f 0f 0f 0f 0f 0f 0f 0f 0f 0f 00 06 14 05 47 cf 77 ac 7c ac 7c ac 7c ac 7c c4 80 00 00 00 1e 04 04 00 
10-28 13:53:24.296 5663-5693/com.android.bluetooth I/bt_vendor: TAG ID			 : 86
10-28 13:53:24.296 5663-5693/com.android.bluetooth I/bt_vendor: TAG Length			 : 24
10-28 13:53:24.296 5663-5693/com.android.bluetooth I/bt_vendor: TAG Pointer			 : 0
10-28 13:53:24.296 5663-5693/com.android.bluetooth I/bt_vendor: TAG Extended Flag		 : 0
10-28 13:53:24.297 5663-5693/com.android.bluetooth I/bt_vendor: TAG Data			 : 03 25 0a 07 08 32 7e 86 8e 96 9e a6 ae b6 be 7e 86 8e 96 9e a6 ae b6 be 
10-28 13:53:24.297 5663-5693/com.android.bluetooth I/bt_vendor: TAG ID			 : 90
10-28 13:53:24.297 5663-5693/com.android.bluetooth I/bt_vendor: TAG Length			 : 8
10-28 13:53:24.297 5663-5693/com.android.bluetooth I/bt_vendor: TAG Pointer			 : 0
10-28 13:53:24.297 5663-5693/com.android.bluetooth I/bt_vendor: TAG Extended Flag		 : 0
10-28 13:53:24.297 5663-5693/com.android.bluetooth I/bt_vendor: TAG Data			 : ff 00 00 00 00 00 00 00 
10-28 13:53:24.297 5663-5693/com.android.bluetooth I/bt_vendor: TAG ID			 : 91
10-28 13:53:24.298 5663-5693/com.android.bluetooth I/bt_vendor: TAG Length			 : 180
10-28 13:53:24.299 5663-5693/com.android.bluetooth I/bt_vendor: TAG Pointer			 : 0
10-28 13:53:24.299 5663-5693/com.android.bluetooth I/bt_vendor: TAG Extended Flag		 : 0
10-28 13:53:24.299 5663-5693/com.android.bluetooth I/bt_vendor: TAG Data			 : 01 01 00 03 03 00 03 04 00 03 07 00 03 0a 00 03 0c 00 06 0c 00 0a 0e 00 0b 0d 00 0e 0f 00 c3 68 c3 68 c3 68 c3 68 c3 68 c3 68 c3 68 c3 68 c3 68 c2 68 c2 68 c2 68 c3 68 c3 68 c3 68 c4 69 c4 69 c4 69 c4 69 c4 69 c4 69 c4 69 c4 69 c4 69 c3 69 c3 69 c3 69 c4 69 c4 69 c4 69 c5 69 c5 69 c5 69 c5 69 c5 69 c5 69 c5 69 c5 69 c5 69 c4 69 c4 69 c4 69 c5 69 c5 69 c5 69 c7 7d c7 7d c7 7d c7 7d c7 7d c7 7d c7 7d c7 7d c7 7d c6 7d c6 7d c6 7d c6 7d c6 7d c6 7d d8 7f d8 7f d8 7f d8 7f d8 7f d8 7f d8 7f d8 7f d8 7f d7 7f d7 7f d7 7f d8 7f d8 7f d8 7f 
10-28 13:53:24.299 5663-5693/com.android.bluetooth I/bt_vendor: TAG ID			 : 93
10-28 13:53:24.299 5663-5693/com.android.bluetooth I/bt_vendor: TAG Length			 : 160
10-28 13:53:24.299 5663-5693/com.android.bluetooth I/bt_vendor: TAG Pointer			 : 0
10-28 13:53:24.299 5663-5693/com.android.bluetooth I/bt_vendor: TAG Extended Flag		 : 0
10-28 13:53:24.300 5663-5693/com.android.bluetooth I/bt_vendor: TAG Data			 : 44 44 44 44 44 44 44 44 44 44 44 44 54 45 44 54 54 45 44 54 54 45 45 44 44 45 45 44 54 45 54 55 55 55 55 55 55 55 55 55 55 55 55 55 55 55 55 55 65 55 55 65 65 56 55 55 55 55 55 55 65 56 55 66 66 66 66 66 66 66 66 66 66 66 66 66 66 66 66 66 77 77 77 77 77 77 77 77 77 77 77 77 67 77 77 67 77 77 87 78 77 77 87 78 77 77 87 78 77 87 77 77 88 88 98 89 88 88 98 89 88 88 88 88 88 88 88 78 99 99 a9 9a 99 99 a9 9a 99 99 99 99 99 99 99 88 9a aa ba 9b aa aa ba ab aa aa aa aa 9a aa aa 99 
10-28 13:53:24.300 5663-5693/com.android.bluetooth I/bt_vendor: TAG ID			 : 95
10-28 13:53:24.300 5663-5693/com.android.bluetooth I/bt_vendor: TAG Length			 : 94
10-28 13:53:24.300 5663-5693/com.android.bluetooth I/bt_vendor: TAG Pointer			 : 0
10-28 13:53:24.300 5663-5693/com.android.bluetooth I/bt_vendor: TAG Extended Flag		 : 0
10-28 13:53:24.300 5663-5693/com.android.bluetooth I/bt_vendor: TAG Data			 : 00 0b 01 0d 00 00 00 02 00 02 02 00 00 10 33 73 33 33 07 00 02 00 01 23 d7 03 ec 01 da 00 66 06 33 13 fe 04 00 00 36 00 21 00 00 10 00 28 00 00 10 01 14 64 0a 00 72 01 2b 2b 44 4a 47 45 45 45 43 44 58 57 55 54 5a 59 25 40 28 28 39 3d 39 3a 3a 3a 38 39 44 44 43 42 45 45 24 36 19 48 
10-28 13:53:24.300 5663-5693/com.android.bluetooth I/bt_vendor: TAG ID			 : 144
10-28 13:53:24.300 5663-5693/com.android.bluetooth I/bt_vendor: TAG Length			 : 1
10-28 13:53:24.300 5663-5693/com.android.bluetooth I/bt_vendor: TAG Pointer			 : 0
10-28 13:53:24.300 5663-5693/com.android.bluetooth I/bt_vendor: TAG Extended Flag		 : 0
10-28 13:53:24.300 5663-5693/com.android.bluetooth I/bt_vendor: TAG Data			 : 00 
10-28 13:53:24.300 5663-5693/com.android.bluetooth I/bt_vendor: TAG ID			 : 150
10-28 13:53:24.300 5663-5693/com.android.bluetooth I/bt_vendor: TAG Length			 : 18
10-28 13:53:24.301 5663-5693/com.android.bluetooth I/bt_vendor: TAG Pointer			 : 0
10-28 13:53:24.301 5663-5693/com.android.bluetooth I/bt_vendor: TAG Extended Flag		 : 0
10-28 13:53:24.301 5663-5693/com.android.bluetooth I/bt_vendor: TAG Data			 : 32 05 07 0d c5 10 26 13 80 0c 60 10 87 13 30 0e 00 0e 
10-28 13:53:24.301 5663-5693/com.android.bluetooth I/bt_vendor: ====================================================
10-28 13:53:24.301 5663-5693/com.android.bluetooth I/bt_vendor: rome_tlv_dnld_req: TLV size: 2010, Total Seg num: 8, remain size: 66
10-28 13:53:24.301 5663-5693/com.android.bluetooth I/bt_vendor: rome_tlv_dnld_segment: Downloading TLV Patch segment no.0, size:243
10-28 13:53:24.301 5663-5693/com.android.bluetooth D/bt_vendor: frame_hci_cmd_pkt: Sending EDL_PATCH_TLV_REQ_CMD
10-28 13:53:24.301 5663-5693/com.android.bluetooth D/bt_vendor: HCI-CMD 0:	0x1 	0x0 	0xfc 	0xf5 	0x1e 	0xf3
10-28 13:53:24.301 5663-5693/com.android.bluetooth I/bt_vendor: read_vs_hci_event: Wait for HCI-Vendor Specfic Event from SOC
10-28 13:53:24.303 5663-5693/com.android.bluetooth I/bt_vendor: get_vs_hci_event: Received HCI-Vendor Specific event
10-28 13:53:24.303 5663-5693/com.android.bluetooth I/bt_vendor: get_vs_hci_event: Parameter Length: 0x3
10-28 13:53:24.303 5663-5693/com.android.bluetooth I/bt_vendor: get_vs_hci_event: Command response: 0x0
10-28 13:53:24.303 5663-5693/com.android.bluetooth I/bt_vendor: get_vs_hci_event: Response type   : 0x4
10-28 13:53:24.304 5663-5693/com.android.bluetooth I/bt_vendor: get_vs_hci_event: Command Request Response
10-28 13:53:24.304 5663-5693/com.android.bluetooth I/bt_vendor: get_vs_hci_event: Download Packet successfully!
10-28 13:53:24.304 5663-5693/com.android.bluetooth I/bt_vendor: hci_send_vs_cmd: Received HCI-Vendor Specific Event from SOC
10-28 13:53:24.304 5663-5693/com.android.bluetooth I/bt_vendor: read_hci_event: Wait for Command Compete Event from SOC
10-28 13:53:24.304 5663-5693/com.android.bluetooth I/bt_vendor: rome_tlv_dnld_segment: Successfully downloaded patch segment: 0
10-28 13:53:24.304 5663-5693/com.android.bluetooth I/bt_vendor: rome_tlv_dnld_segment: Downloading TLV Patch segment no.1, size:243
10-28 13:53:24.304 5663-5693/com.android.bluetooth D/bt_vendor: frame_hci_cmd_pkt: Sending EDL_PATCH_TLV_REQ_CMD
10-28 13:53:24.304 5663-5693/com.android.bluetooth D/bt_vendor: HCI-CMD 1:	0x1 	0x0 	0xfc 	0xf5 	0x1e 	0xf3
10-28 13:53:24.304 5663-5693/com.android.bluetooth I/bt_vendor: read_vs_hci_event: Wait for HCI-Vendor Specfic Event from SOC
10-28 13:53:24.306 5663-5693/com.android.bluetooth I/bt_vendor: get_vs_hci_event: Received HCI-Vendor Specific event
10-28 13:53:24.306 5663-5693/com.android.bluetooth I/bt_vendor: get_vs_hci_event: Parameter Length: 0x3
10-28 13:53:24.307 5663-5693/com.android.bluetooth I/bt_vendor: get_vs_hci_event: Command response: 0x0
10-28 13:53:24.307 5663-5693/com.android.bluetooth I/bt_vendor: get_vs_hci_event: Response type   : 0x4
10-28 13:53:24.307 5663-5693/com.android.bluetooth I/bt_vendor: get_vs_hci_event: Command Request Response
10-28 13:53:24.307 5663-5693/com.android.bluetooth I/bt_vendor: get_vs_hci_event: Download Packet successfully!
10-28 13:53:24.307 5663-5693/com.android.bluetooth I/bt_vendor: hci_send_vs_cmd: Received HCI-Vendor Specific Event from SOC
10-28 13:53:24.307 5663-5693/com.android.bluetooth I/bt_vendor: read_hci_event: Wait for Command Compete Event from SOC
10-28 13:53:24.307 5663-5693/com.android.bluetooth I/bt_vendor: rome_tlv_dnld_segment: Successfully downloaded patch segment: 1
10-28 13:53:24.307 5663-5693/com.android.bluetooth I/bt_vendor: rome_tlv_dnld_segment: Downloading TLV Patch segment no.2, size:243
10-28 13:53:24.307 5663-5693/com.android.bluetooth D/bt_vendor: frame_hci_cmd_pkt: Sending EDL_PATCH_TLV_REQ_CMD
10-28 13:53:24.307 5663-5693/com.android.bluetooth D/bt_vendor: HCI-CMD 2:	0x1 	0x0 	0xfc 	0xf5 	0x1e 	0xf3
10-28 13:53:24.308 5663-5693/com.android.bluetooth I/bt_vendor: read_vs_hci_event: Wait for HCI-Vendor Specfic Event from SOC
10-28 13:53:24.309 5663-5693/com.android.bluetooth I/bt_vendor: get_vs_hci_event: Received HCI-Vendor Specific event
10-28 13:53:24.310 5663-5693/com.android.bluetooth I/bt_vendor: get_vs_hci_event: Parameter Length: 0x3
10-28 13:53:24.310 5663-5693/com.android.bluetooth I/bt_vendor: get_vs_hci_event: Command response: 0x0
10-28 13:53:24.310 5663-5693/com.android.bluetooth I/bt_vendor: get_vs_hci_event: Response type   : 0x4
10-28 13:53:24.310 5663-5693/com.android.bluetooth I/bt_vendor: get_vs_hci_event: Command Request Response
10-28 13:53:24.310 5663-5693/com.android.bluetooth I/bt_vendor: get_vs_hci_event: Download Packet successfully!
10-28 13:53:24.310 5663-5693/com.android.bluetooth I/bt_vendor: hci_send_vs_cmd: Received HCI-Vendor Specific Event from SOC
10-28 13:53:24.311 5663-5693/com.android.bluetooth I/bt_vendor: read_hci_event: Wait for Command Compete Event from SOC
10-28 13:53:24.311 5663-5693/com.android.bluetooth I/bt_vendor: rome_tlv_dnld_segment: Successfully downloaded patch segment: 2
10-28 13:53:24.311 5663-5693/com.android.bluetooth I/bt_vendor: rome_tlv_dnld_segment: Downloading TLV Patch segment no.3, size:243
10-28 13:53:24.311 5663-5693/com.android.bluetooth D/bt_vendor: frame_hci_cmd_pkt: Sending EDL_PATCH_TLV_REQ_CMD
10-28 13:53:24.311 5663-5693/com.android.bluetooth D/bt_vendor: HCI-CMD 3:	0x1 	0x0 	0xfc 	0xf5 	0x1e 	0xf3
10-28 13:53:24.311 5663-5693/com.android.bluetooth I/bt_vendor: read_vs_hci_event: Wait for HCI-Vendor Specfic Event from SOC
10-28 13:53:24.313 5663-5693/com.android.bluetooth I/bt_vendor: get_vs_hci_event: Received HCI-Vendor Specific event
10-28 13:53:24.313 5663-5693/com.android.bluetooth I/bt_vendor: get_vs_hci_event: Parameter Length: 0x3
10-28 13:53:24.313 5663-5693/com.android.bluetooth I/bt_vendor: get_vs_hci_event: Command response: 0x0
10-28 13:53:24.314 5663-5693/com.android.bluetooth I/bt_vendor: get_vs_hci_event: Response type   : 0x4
10-28 13:53:24.314 5663-5693/com.android.bluetooth I/bt_vendor: get_vs_hci_event: Command Request Response
10-28 13:53:24.314 5663-5693/com.android.bluetooth I/bt_vendor: get_vs_hci_event: Download Packet successfully!
10-28 13:53:24.314 5663-5693/com.android.bluetooth I/bt_vendor: hci_send_vs_cmd: Received HCI-Vendor Specific Event from SOC
10-28 13:53:24.314 5663-5693/com.android.bluetooth I/bt_vendor: read_hci_event: Wait for Command Compete Event from SOC
10-28 13:53:24.314 5663-5693/com.android.bluetooth I/bt_vendor: rome_tlv_dnld_segment: Successfully downloaded patch segment: 3
10-28 13:53:24.315 5663-5693/com.android.bluetooth I/bt_vendor: rome_tlv_dnld_segment: Downloading TLV Patch segment no.4, size:243
10-28 13:53:24.315 5663-5693/com.android.bluetooth D/bt_vendor: frame_hci_cmd_pkt: Sending EDL_PATCH_TLV_REQ_CMD
10-28 13:53:24.315 5663-5693/com.android.bluetooth D/bt_vendor: HCI-CMD 4:	0x1 	0x0 	0xfc 	0xf5 	0x1e 	0xf3
10-28 13:53:24.315 5663-5693/com.android.bluetooth I/bt_vendor: read_vs_hci_event: Wait for HCI-Vendor Specfic Event from SOC
10-28 13:53:24.317 5663-5693/com.android.bluetooth I/bt_vendor: get_vs_hci_event: Received HCI-Vendor Specific event
10-28 13:53:24.317 5663-5693/com.android.bluetooth I/bt_vendor: get_vs_hci_event: Parameter Length: 0x3
10-28 13:53:24.317 5663-5693/com.android.bluetooth I/bt_vendor: get_vs_hci_event: Command response: 0x0
10-28 13:53:24.317 5663-5693/com.android.bluetooth I/bt_vendor: get_vs_hci_event: Response type   : 0x4
10-28 13:53:24.317 5663-5693/com.android.bluetooth I/bt_vendor: get_vs_hci_event: Command Request Response
10-28 13:53:24.317 5663-5693/com.android.bluetooth I/bt_vendor: get_vs_hci_event: Download Packet successfully!
10-28 13:53:24.317 5663-5693/com.android.bluetooth I/bt_vendor: hci_send_vs_cmd: Received HCI-Vendor Specific Event from SOC
10-28 13:53:24.318 5663-5693/com.android.bluetooth I/bt_vendor: read_hci_event: Wait for Command Compete Event from SOC
10-28 13:53:24.318 5663-5693/com.android.bluetooth I/bt_vendor: rome_tlv_dnld_segment: Successfully downloaded patch segment: 4
10-28 13:53:24.318 5663-5693/com.android.bluetooth I/bt_vendor: rome_tlv_dnld_segment: Downloading TLV Patch segment no.5, size:243
10-28 13:53:24.318 5663-5693/com.android.bluetooth D/bt_vendor: frame_hci_cmd_pkt: Sending EDL_PATCH_TLV_REQ_CMD
10-28 13:53:24.318 5663-5693/com.android.bluetooth D/bt_vendor: HCI-CMD 5:	0x1 	0x0 	0xfc 	0xf5 	0x1e 	0xf3
10-28 13:53:24.318 5663-5693/com.android.bluetooth I/bt_vendor: read_vs_hci_event: Wait for HCI-Vendor Specfic Event from SOC
10-28 13:53:24.320 5663-5693/com.android.bluetooth I/bt_vendor: get_vs_hci_event: Received HCI-Vendor Specific event
10-28 13:53:24.320 5663-5693/com.android.bluetooth I/bt_vendor: get_vs_hci_event: Parameter Length: 0x3
10-28 13:53:24.320 5663-5693/com.android.bluetooth I/bt_vendor: get_vs_hci_event: Command response: 0x0
10-28 13:53:24.320 5663-5693/com.android.bluetooth I/bt_vendor: get_vs_hci_event: Response type   : 0x4
10-28 13:53:24.320 5663-5693/com.android.bluetooth I/bt_vendor: get_vs_hci_event: Command Request Response
10-28 13:53:24.320 5663-5693/com.android.bluetooth I/bt_vendor: get_vs_hci_event: Download Packet successfully!
10-28 13:53:24.320 5663-5693/com.android.bluetooth I/bt_vendor: hci_send_vs_cmd: Received HCI-Vendor Specific Event from SOC
10-28 13:53:24.320 5663-5693/com.android.bluetooth I/bt_vendor: read_hci_event: Wait for Command Compete Event from SOC
10-28 13:53:24.320 5663-5693/com.android.bluetooth I/bt_vendor: rome_tlv_dnld_segment: Successfully downloaded patch segment: 5
10-28 13:53:24.320 5663-5693/com.android.bluetooth I/bt_vendor: rome_tlv_dnld_segment: Downloading TLV Patch segment no.6, size:243
10-28 13:53:24.320 5663-5693/com.android.bluetooth D/bt_vendor: frame_hci_cmd_pkt: Sending EDL_PATCH_TLV_REQ_CMD
10-28 13:53:24.320 5663-5693/com.android.bluetooth D/bt_vendor: HCI-CMD 6:	0x1 	0x0 	0xfc 	0xf5 	0x1e 	0xf3
10-28 13:53:24.320 5663-5693/com.android.bluetooth I/bt_vendor: read_vs_hci_event: Wait for HCI-Vendor Specfic Event from SOC
10-28 13:53:24.322 5663-5693/com.android.bluetooth I/bt_vendor: get_vs_hci_event: Received HCI-Vendor Specific event
10-28 13:53:24.322 5663-5693/com.android.bluetooth I/bt_vendor: get_vs_hci_event: Parameter Length: 0x3
10-28 13:53:24.322 5663-5693/com.android.bluetooth I/bt_vendor: get_vs_hci_event: Command response: 0x0
10-28 13:53:24.322 5663-5693/com.android.bluetooth I/bt_vendor: get_vs_hci_event: Response type   : 0x4
10-28 13:53:24.322 5663-5693/com.android.bluetooth I/bt_vendor: get_vs_hci_event: Command Request Response
10-28 13:53:24.322 5663-5693/com.android.bluetooth I/bt_vendor: get_vs_hci_event: Download Packet successfully!
10-28 13:53:24.322 5663-5693/com.android.bluetooth I/bt_vendor: hci_send_vs_cmd: Received HCI-Vendor Specific Event from SOC
10-28 13:53:24.322 5663-5693/com.android.bluetooth I/bt_vendor: read_hci_event: Wait for Command Compete Event from SOC
10-28 13:53:24.322 5663-5693/com.android.bluetooth I/bt_vendor: rome_tlv_dnld_segment: Successfully downloaded patch segment: 6
10-28 13:53:24.322 5663-5693/com.android.bluetooth I/bt_vendor: rome_tlv_dnld_segment: Downloading TLV Patch segment no.7, size:243
10-28 13:53:24.322 5663-5693/com.android.bluetooth D/bt_vendor: frame_hci_cmd_pkt: Sending EDL_PATCH_TLV_REQ_CMD
10-28 13:53:24.322 5663-5693/com.android.bluetooth D/bt_vendor: HCI-CMD 7:	0x1 	0x0 	0xfc 	0xf5 	0x1e 	0xf3
10-28 13:53:24.322 5663-5693/com.android.bluetooth I/bt_vendor: read_vs_hci_event: Wait for HCI-Vendor Specfic Event from SOC
10-28 13:53:24.324 5663-5693/com.android.bluetooth I/bt_vendor: get_vs_hci_event: Received HCI-Vendor Specific event
10-28 13:53:24.324 5663-5693/com.android.bluetooth I/bt_vendor: get_vs_hci_event: Parameter Length: 0x3
10-28 13:53:24.324 5663-5693/com.android.bluetooth I/bt_vendor: get_vs_hci_event: Command response: 0x0
10-28 13:53:24.324 5663-5693/com.android.bluetooth I/bt_vendor: get_vs_hci_event: Response type   : 0x4
10-28 13:53:24.324 5663-5693/com.android.bluetooth I/bt_vendor: get_vs_hci_event: Command Request Response
10-28 13:53:24.324 5663-5693/com.android.bluetooth I/bt_vendor: get_vs_hci_event: Download Packet successfully!
10-28 13:53:24.324 5663-5693/com.android.bluetooth I/bt_vendor: hci_send_vs_cmd: Received HCI-Vendor Specific Event from SOC
10-28 13:53:24.324 5663-5693/com.android.bluetooth I/bt_vendor: read_hci_event: Wait for Command Compete Event from SOC
10-28 13:53:24.324 5663-5693/com.android.bluetooth I/bt_vendor: rome_tlv_dnld_segment: Successfully downloaded patch segment: 7
10-28 13:53:24.324 5663-5693/com.android.bluetooth I/bt_vendor: rome_tlv_dnld_segment: Downloading TLV Patch segment no.8, size:66
10-28 13:53:24.324 5663-5693/com.android.bluetooth D/bt_vendor: frame_hci_cmd_pkt: Sending EDL_PATCH_TLV_REQ_CMD
10-28 13:53:24.324 5663-5693/com.android.bluetooth D/bt_vendor: HCI-CMD 8:	0x1 	0x0 	0xfc 	0x44 	0x1e 	0x42
10-28 13:53:24.324 5663-5693/com.android.bluetooth I/bt_vendor: read_vs_hci_event: Wait for HCI-Vendor Specfic Event from SOC
10-28 13:53:24.325 5663-5693/com.android.bluetooth I/bt_vendor: get_vs_hci_event: Received HCI-Vendor Specific event
10-28 13:53:24.325 5663-5693/com.android.bluetooth I/bt_vendor: get_vs_hci_event: Parameter Length: 0x3
10-28 13:53:24.325 5663-5693/com.android.bluetooth I/bt_vendor: get_vs_hci_event: Command response: 0x0
10-28 13:53:24.325 5663-5693/com.android.bluetooth I/bt_vendor: get_vs_hci_event: Response type   : 0x4
10-28 13:53:24.325 5663-5693/com.android.bluetooth I/bt_vendor: get_vs_hci_event: Command Request Response
10-28 13:53:24.325 5663-5693/com.android.bluetooth I/bt_vendor: get_vs_hci_event: Download Packet successfully!
10-28 13:53:24.325 5663-5693/com.android.bluetooth I/bt_vendor: hci_send_vs_cmd: Received HCI-Vendor Specific Event from SOC
10-28 13:53:24.325 5663-5693/com.android.bluetooth I/bt_vendor: read_hci_event: Wait for Command Compete Event from SOC
10-28 13:53:24.325 5663-5693/com.android.bluetooth I/bt_vendor: rome_tlv_dnld_segment: Successfully downloaded patch segment: 8
10-28 13:53:24.325 5663-5693/com.android.bluetooth I/bt_vendor: rome_soc_init: Download TLV file successfully 
10-28 13:53:24.326 5663-5693/com.android.bluetooth D/bt_vendor: frame_hci_cmd_pkt: Sending EDL_GET_BUILD_INFO
10-28 13:53:24.326 5663-5693/com.android.bluetooth D/bt_vendor: HCI-CMD -1:	0x1 	0x0 	0xfc 	0x1 	0x20
10-28 13:53:24.326 5663-5693/com.android.bluetooth I/bt_vendor: read_vs_hci_event: Wait for HCI-Vendor Specfic Event from SOC
10-28 13:53:24.326 5663-5693/com.android.bluetooth I/bt_vendor: get_vs_hci_event: Received HCI-Vendor Specific event
10-28 13:53:24.326 5663-5693/com.android.bluetooth I/bt_vendor: get_vs_hci_event: Parameter Length: 0x25
10-28 13:53:24.326 5663-5693/com.android.bluetooth I/bt_vendor: get_vs_hci_event: Command response: 0x0
10-28 13:53:24.326 5663-5693/com.android.bluetooth I/bt_vendor: get_vs_hci_event: Response type   : 0x5
10-28 13:53:24.326 5663-5693/com.android.bluetooth I/bt_vendor: get_vs_hci_event: Command Request Response
10-28 13:53:24.326 5663-5693/com.android.bluetooth I/bt_vendor: BT SoC FW SU Build info: BTFM.RM.4.3.c3-00009-QCABTFMSWPZ-1, 34
10-28 13:53:24.327 5663-5693/com.android.bluetooth I/bt_vendor: hci_send_vs_cmd: Received HCI-Vendor Specific Event from SOC
10-28 13:53:24.327 5663-5693/com.android.bluetooth I/bt_vendor: read_hci_event: Wait for Command Compete Event from SOC
10-28 13:53:24.327 5663-5693/com.android.bluetooth I/bt_vendor: rome_hci_reset: HCI RESET 
10-28 13:53:24.327 5663-5693/com.android.bluetooth I/bt_vendor: read_hci_event: Wait for Command Compete Event from SOC
10-28 13:53:24.382 5663-5693/com.android.bluetooth I/bt_vendor: HCI Reset is done
10-28 13:53:24.424 5695-5695/? I/WCNSS_FILTER/utils.c: bt-vendor : get_bt_soc_type
10-28 13:53:24.424 5695-5695/? I/WCNSS_FILTER/utils.c: qcom.bluetooth.soc set to rome
10-28 13:53:24.413 5695-5695/? W/wcnss_filter: type=1400 audit(0.0:1387): avc: denied { read write } for name="diag" dev="tmpfs" ino=15021 scontext=u:r:wcnss_filter:s0 tcontext=u:object_r:diag_device:s0 tclass=chr_file permissive=0
10-28 13:53:24.424 5695-5695/? E/Diag_Lib:  Diag_LSM_Init: Failed to open handle to diag driver, error = 13
10-28 13:53:24.424 5695-5695/? E/WCNSS_FILTER: Failed to init diag
10-28 13:53:24.424 5695-5695/? D/WCNSS_FILTER: wcnss_wakelock_init
10-28 13:53:24.425 5695-5695/? I/WCNSS_FILTER: main: waiting on wait_for_server_socks_ready
10-28 13:53:24.426 5695-5695/? I/WCNSS_FILTER: wait_for_server_socks_ready: All listening sockets are UP now
10-28 13:53:24.426 5695-5695/? I/WCNSS_FILTER: main: UNBLOCKED wait_for_server_socks_ready
10-28 13:53:24.426 5695-5695/? D/WCNSS_FILTER: wcnss_ibs_init
10-28 13:53:24.426 5695-5695/? D/WCNSS_FILTER: wcnss_ibs_init: tty_fd = 13
10-28 13:53:24.592 5663-5693/com.android.bluetooth I/bt_vendor: op: connect to bt channel
10-28 13:53:24.592 5663-5693/com.android.bluetooth E/bt_vendor: connect_to_local_socket: ACCEPT 
10-28 13:53:24.593 5663-5693/com.android.bluetooth E/bt_vendor: connect_to_local_socket: Connection succeeded
10-28 13:53:24.593 5663-5693/com.android.bluetooth I/bt_vendor: op: received the socket fd: 98 is_ant_req: 0 is_fm_req: 0
10-28 13:53:24.594 5663-5693/com.android.bluetooth E/bt_vendor: op: 302004408 3000022
10-28 13:53:24.594 5663-5693/com.android.bluetooth D/bt_vendor: addon_feature_req: Sending HCI_VS_GET_ADDON_FEATURES_SUPPORT
10-28 13:53:24.594 5663-5693/com.android.bluetooth D/bt_vendor: HCI-CMD: 	0x1 	0x1d 	0xfc 	0x0
10-28 13:53:24.594 5663-5693/com.android.bluetooth I/bt_vendor: read_vs_hci_event: Wait for HCI-Vendor Specfic Event from SOC
10-28 13:53:24.596 5695-5696/? I/WCNSS_FILTER: ibs_msm_serial_clock_vote: vote UART CLK ON using UART driver's ioctl()
10-28 13:53:24.596 5695-5696/? D/WCNSS_FILTER: wcnss_acquire_wakelock
10-28 13:53:24.596 5695-5696/? I/WCNSS_FILTER: vote=0,new_vote =1, old_tx_vote=0, old_rx_vote=0
10-28 13:53:24.598 5695-5696/? I/WCNSS_FILTER: ibs_bt_device_wakeup: Writing IBS_WAKE_IND
10-28 13:53:24.599 5695-5695/? I/WCNSS_FILTER: ibs_recv_ibs_cmd: Received IBS_WAKE_ACK: 0xFC
10-28 13:53:24.601 5695-5695/? I/WCNSS_FILTER: ibs_rx_sleep_monitor_timer_start: timer created
10-28 13:53:24.602 5663-5693/com.android.bluetooth I/bt_vendor: get_vs_hci_event: Received HCI-Vendor Specific event
10-28 13:53:24.602 5663-5693/com.android.bluetooth I/bt_vendor: get_vs_hci_event: Parameter Length: 0x3
10-28 13:53:24.602 5663-5693/com.android.bluetooth I/bt_vendor: get_vs_hci_event: Command response: 0x1b
10-28 13:53:24.602 5663-5693/com.android.bluetooth I/bt_vendor: get_vs_hci_event: Response type   : 0x0
10-28 13:53:24.602 5663-5693/com.android.bluetooth I/bt_vendor: hci_send_vs_cmd: Received HCI-Vendor Specific Event from SOC
10-28 13:53:24.603 5663-5693/com.android.bluetooth I/bt_vendor: read_hci_event: Wait for Command Compete Event from SOC
10-28 13:53:24.603 5663-5693/com.android.bluetooth I/bt_vendor: enable_controller_log: 0
10-28 13:53:24.603 5663-5693/com.android.bluetooth I/bt_vendor: read_vs_hci_event: Wait for HCI-Vendor Specfic Event from SOC
10-28 13:53:24.605 5663-5693/com.android.bluetooth I/bt_vendor: get_vs_hci_event: Received HCI-Vendor Specific event
10-28 13:53:24.605 5663-5693/com.android.bluetooth I/bt_vendor: get_vs_hci_event: Parameter Length: 0x1
10-28 13:53:24.605 5663-5693/com.android.bluetooth I/bt_vendor: get_vs_hci_event: Command response: 0x0
10-28 13:53:24.606 5663-5693/com.android.bluetooth I/bt_vendor: get_vs_hci_event: Response type   : 0x0
10-28 13:53:24.606 5663-5693/com.android.bluetooth I/bt_vendor: get_vs_hci_event: Command Request Response
10-28 13:53:24.606 5663-5693/com.android.bluetooth I/bt_vendor: get_vs_hci_event: Download Packet successfully!
10-28 13:53:24.606 5663-5693/com.android.bluetooth I/bt_vendor: hci_send_vs_cmd: Received HCI-Vendor Specific Event from SOC
10-28 13:53:24.606 5663-5693/com.android.bluetooth I/bt_vendor: read_hci_event: Wait for Command Compete Event from SOC
10-28 13:53:24.607 5663-5693/com.android.bluetooth I/bt_vendor: bt-vendor : is_soc_initialized
10-28 13:53:24.607 5663-5693/com.android.bluetooth I/bt_vendor: wc_transport.soc_initialized set to 1
10-28 13:53:24.608 5663-5693/com.android.bluetooth I/bt_vendor: Bluetooth FW and transport layer are initialized
10-28 13:53:24.608 5663-5693/com.android.bluetooth I/bt_vendor: firmware callback
10-28 13:53:24.608 5663-5693/com.android.bluetooth I/bt_hci: firmware_config_callback
10-28 13:53:24.609 5663-5680/com.android.bluetooth I/bt_core_module: module_start_up Started module "hci_module"
10-28 13:53:24.610 5663-5702/com.android.bluetooth W/bt_osi_thread: run_thread: thread id 5702, thread name bt_workqueue started
10-28 13:53:24.611 5663-5702/com.android.bluetooth I/bt_btu: btu_task pending for preload complete event
10-28 13:53:24.611 5663-5702/com.android.bluetooth I/bt_btu_task: Bluetooth chip preload is complete
10-28 13:53:24.611 5663-5702/com.android.bluetooth I/bt_btu: btu_task received preload complete event
10-28 13:53:24.612 5663-5702/com.android.bluetooth W/bt_l2cap: L2CAP - L2CA_Register() called for PSM: 0x0001
10-28 13:53:24.612 5663-5702/com.android.bluetooth D/bt_att: gatt_init()
10-28 13:53:24.613 5663-5702/com.android.bluetooth W/bt_l2cap: L2CAP - L2CA_Register() called for PSM: 0x001f
10-28 13:53:24.613 5663-5702/com.android.bluetooth W/bt_l2cap: L2CAP - L2CA_Register() called for PSM: 0x0003
10-28 13:53:24.614 5663-5702/com.android.bluetooth I/bt_core_module: module_init Initializing module "bte_logmsg_module"
10-28 13:53:24.615 5663-5702/com.android.bluetooth I/bt_bte: BTE_InitTraceLevels -- TRC_HCI
10-28 13:53:24.615 5663-5702/com.android.bluetooth I/bt_bte: BTE_InitTraceLevels -- TRC_L2CAP
10-28 13:53:24.615 5663-5702/com.android.bluetooth I/bt_bte: BTE_InitTraceLevels -- TRC_RFCOMM
10-28 13:53:24.615 5663-5702/com.android.bluetooth I/bt_bte: BTE_InitTraceLevels -- TRC_AVDT
10-28 13:53:24.615 5663-5702/com.android.bluetooth I/bt_bte: BTE_InitTraceLevels -- TRC_AVRC
10-28 13:53:24.616 5663-5702/com.android.bluetooth I/bt_bte: BTE_InitTraceLevels -- TRC_A2D
10-28 13:53:24.616 5663-5702/com.android.bluetooth I/bt_bte: BTE_InitTraceLevels -- TRC_BNEP
10-28 13:53:24.616 5663-5702/com.android.bluetooth I/bt_bte: BTE_InitTraceLevels -- TRC_BTM
10-28 13:53:24.616 5663-5702/com.android.bluetooth I/bt_bte: BTE_InitTraceLevels -- TRC_GAP
10-28 13:53:24.616 5663-5702/com.android.bluetooth I/bt_bte: BTE_InitTraceLevels -- TRC_PAN
10-28 13:53:24.616 5663-5702/com.android.bluetooth I/bt_bte: BTE_InitTraceLevels -- TRC_SDP
10-28 13:53:24.617 5663-5702/com.android.bluetooth I/bt_bte: BTE_InitTraceLevels -- TRC_GATT
10-28 13:53:24.617 5663-5702/com.android.bluetooth I/bt_bte: BTE_InitTraceLevels -- TRC_SMP
10-28 13:53:24.617 5663-5702/com.android.bluetooth I/bt_bte: BTE_InitTraceLevels -- TRC_LATENCY_AUDIO
10-28 13:53:24.617 5663-5702/com.android.bluetooth I/bt_bte: BTE_InitTraceLevels -- TRC_BTAPP
10-28 13:53:24.617 5663-5702/com.android.bluetooth I/bt_bte: BTE_InitTraceLevels -- TRC_BTIF
10-28 13:53:24.617 5663-5702/com.android.bluetooth I/bt_core_module: module_init Initialized module "bte_logmsg_module"
10-28 13:53:24.623 5663-5703/com.android.bluetooth W/bt_osi_thread: run_thread: thread id 5703, thread name module_wrapper started
10-28 13:53:24.624 5663-5703/com.android.bluetooth I/bt_core_module: module_start_up Starting module "controller_module"
10-28 13:53:24.686 5663-5703/com.android.bluetooth I/bt_controller: start_up for non-userdebug api = 1
10-28 13:53:24.743 5663-5703/com.android.bluetooth I/bt_core_module: module_start_up Started module "controller_module"
10-28 13:53:24.750 5663-5703/com.android.bluetooth W/bt_osi_thread: run_thread: thread id 5703, thread name module_wrapper exited
10-28 13:53:24.752 5663-5702/com.android.bluetooth I/bt_btm_sec: BTM_SecRegister p_cb_info->p_le_callback == 0x0xc929f52d
10-28 13:53:24.752 5663-5702/com.android.bluetooth I/bt_btm_sec: BTM_SecRegister btm_cb.api.p_le_callback = 0x0xc929f52d 
10-28 13:53:24.776 5663-5685/com.android.bluetooth D/BluetoothAdapterProperties: BT_PROPERTY_LOCAL_LE_FEATURES: update from BT controller mNumOfAdvertisementInstancesSupported = 16 mRpaOffloadSupported = true mNumOfOffloadedIrkSupported = 32 mNumOfOffloadedScanFilterSupported = 16 mOffloadedScanResultStorageBytes= 10240 mIsActivityAndEnergyReporting = true mVersSupported = 95 mTotNumOfTrackableAdv = 32 mIsExtendedScanSupported = true mIsDebugLogSupported = false
10-28 13:53:24.782 5663-5685/com.android.bluetooth I/bt_btif_storage: btif_storage_get_adapter_property service_mask:0x20000000
10-28 13:53:24.785 5663-5685/com.android.bluetooth D/BluetoothAdapterProperties: Address is:AC:C1:EE:7C:82:40
10-28 13:53:24.787 5663-5685/com.android.bluetooth D/BluetoothAdapterProperties: Name is: minote2
10-28 13:53:24.787 1393-1393/system_process D/BluetoothManagerService: Bluetooth Adapter name changed to minote2
10-28 13:53:24.788 1393-1393/system_process D/BluetoothManagerService: Stored Bluetooth name: minote2
10-28 13:53:24.788 5663-5685/com.android.bluetooth D/BluetoothAdapterProperties: Scan Mode:20
10-28 13:53:24.789 5663-5685/com.android.bluetooth D/BluetoothAdapterProperties: Discoverable Timeout:120
10-28 13:53:24.789 5663-5685/com.android.bluetooth E/bt_utils:  Can't copy it from Base file /etc/bluetooth/iot_devlist.conf
10-28 13:53:24.792 5663-5685/com.android.bluetooth D/bt_hci: do_postload posting postload work item
10-28 13:53:24.792 5663-5693/com.android.bluetooth I/bt_hci: event_postload
10-28 13:53:24.792 5663-5693/com.android.bluetooth I/bt_vendor: sco_config_cb
10-28 13:53:24.792 5663-5693/com.android.bluetooth I/bt_hci: sco_config_callback postload finished.
10-28 13:53:24.793 5663-5705/com.android.bluetooth W/bt_osi_thread: run_thread: thread id 5705, thread name btif_sock started
10-28 13:53:24.793 5663-5685/com.android.bluetooth D/bt_bte_conf: Device ID record 1 : primary
10-28 13:53:24.794 5663-5685/com.android.bluetooth D/bt_bte_conf:   vendorId            = 038f
10-28 13:53:24.794 5663-5685/com.android.bluetooth D/bt_bte_conf:   vendorIdSource      = 0001
10-28 13:53:24.794 5663-5685/com.android.bluetooth D/bt_bte_conf:   product             = 1200
10-28 13:53:24.794 5663-5685/com.android.bluetooth D/bt_bte_conf:   version             = 1436
10-28 13:53:24.794 5663-5685/com.android.bluetooth D/bt_bte_conf:   clientExecutableURL = 
10-28 13:53:24.794 5663-5685/com.android.bluetooth D/bt_bte_conf:   serviceDescription  = 
10-28 13:53:24.794 5663-5685/com.android.bluetooth D/bt_bte_conf:   documentationURL    = 
10-28 13:53:24.794 5663-5685/com.android.bluetooth D/bt_bte_conf: bte_load_did_conf no section named DID2.
10-28 13:53:24.794 5663-5680/com.android.bluetooth I/bt_stack_manager: event_start_up_stack finished
10-28 13:53:24.794 5663-5679/com.android.bluetooth D/BluetoothAdapterState: Current state: PENDING_COMMAND, message: 3
10-28 13:53:24.794 5663-5679/com.android.bluetooth D/BluetoothAdapterProperties: Setting state to 15
10-28 13:53:24.795 5663-5679/com.android.bluetooth I/BluetoothAdapterState: Bluetooth adapter state changed: 14-> 15
10-28 13:53:24.795 1393-1471/system_process D/BluetoothManagerService: Message: 60
10-28 13:53:24.795 1393-1471/system_process D/BluetoothManagerService: MESSAGE_BLUETOOTH_STATE_CHANGE: prevState = 14, newState=15
10-28 13:53:24.795 1393-1471/system_process D/BluetoothManagerService: Bluetooth is in LE only mode
10-28 13:53:24.795 1393-1471/system_process D/BluetoothManagerService: Binding Bluetooth GATT service
10-28 13:53:24.796 5663-5679/com.android.bluetooth I/BluetoothAdapterState: Entering BleOnState
10-28 13:53:24.801 1393-1471/system_process D/BluetoothManagerService: BLE State Change Intent: 14 -> 15
10-28 13:53:24.802 1393-1393/system_process D/BluetoothManagerService: BluetoothServiceConnection: com.android.bluetooth.gatt.GattService
10-28 13:53:24.802 1393-1471/system_process D/BluetoothManagerService: Message: 40
10-28 13:53:24.802 1393-1471/system_process D/BluetoothManagerService: MESSAGE_BLUETOOTH_SERVICE_CONNECTED: 2
10-28 13:53:24.802 1393-1471/system_process D/BluetoothManagerService: BluetoothGatt Service is Up
10-28 13:53:24.803 1393-1471/system_process D/BluetoothManagerService: isBleAppPresent() count: 0
10-28 13:53:24.804 5663-5679/com.android.bluetooth D/BluetoothAdapterState: Current state: BLE ON, message: 1
10-28 13:53:24.804 5663-5679/com.android.bluetooth D/BluetoothAdapterProperties: Setting state to 11
10-28 13:53:24.804 5663-5679/com.android.bluetooth I/BluetoothAdapterState: Bluetooth adapter state changed: 15-> 11
10-28 13:53:24.805 1393-1471/system_process D/BluetoothManagerService: Message: 60
10-28 13:53:24.805 1393-1471/system_process D/BluetoothManagerService: MESSAGE_BLUETOOTH_STATE_CHANGE: prevState = 15, newState=11
10-28 13:53:24.805 1393-1471/system_process D/BluetoothManagerService: BLE State Change Intent: 15 -> 11
10-28 13:53:24.805 5663-5679/com.android.bluetooth W/BluetoothAdapterService: Total profiles =7
10-28 13:53:24.805 5663-5679/com.android.bluetooth W/BluetoothAdapterService: setProfileServiceState() - Starting service com.android.bluetooth.hfp.HeadsetService
10-28 13:53:24.807 1393-1393/system_process I/Telecom: : mReceiver: BluetoothAdapter.ACTION_STATE_CHANGED: BM.oR@AGE
10-28 13:53:24.807 1393-1393/system_process I/Telecom: : ==> new state: 11: BM.oR@AGE
10-28 13:53:24.807 1393-1393/system_process D/Telecom: BluetoothPhoneService: Bluetooth Adapter state: 11
10-28 13:53:24.810 1729-1729/com.android.systemui D/SystemUI.toggleContainer: updateToggleImage start for 2 status:true last:false isOpen:true
10-28 13:53:24.812 1729-1729/com.android.systemui D/PhoneStatusBarPolicy: Bluetooth action:android.bluetooth.adapter.action.STATE_CHANGED icon:2130837992
10-28 13:53:24.812 1729-1729/com.android.systemui D/PhoneStatusBarPolicy: Bluetooth state changed, state:11
10-28 13:53:24.814 1729-1729/com.android.systemui D/KeyguardViewMediator: action name: android.bluetooth.adapter.action.STATE_CHANGED
10-28 13:53:24.821 5663-5679/com.android.bluetooth W/BluetoothAdapterService: setProfileServiceState() - Starting service com.android.bluetooth.a2dp.A2dpService
10-28 13:53:24.822 5663-5663/com.android.bluetooth D/BluetoothAdapterService: getAdapterService() - returning com.android.bluetooth.btservice.AdapterService@f680eba
10-28 13:53:24.822 5663-5663/com.android.bluetooth D/HeadsetService: Received start request. Starting profile...
10-28 13:53:24.823 5663-5663/com.android.bluetooth I/BluetoothHeadsetServiceJni: classInitNative: succeeds
10-28 13:53:24.827 1393-2726/system_process W/BroadcastQueueInjector: Unable to launch app com.xiaomi.midrop/10019 for broadcast Intent { act=android.bluetooth.adapter.action.STATE_CHANGED flg=0x14000010 (has extras) }: process is not permitted to  auto start
10-28 13:53:24.830 5663-5663/com.android.bluetooth D/HeadsetPhoneState: HeadsetPhoneState
10-28 13:53:24.839 5663-5679/com.android.bluetooth W/BluetoothAdapterService: setProfileServiceState() - Starting service com.android.bluetooth.hid.HidService
10-28 13:53:24.842 5663-5663/com.android.bluetooth D/HeadsetStateMachine: max_hf_connections = 1
10-28 13:53:24.842 5663-5663/com.android.bluetooth I/bt_btif: get_profile_interface handsfree
10-28 13:53:24.842 5663-5685/com.android.bluetooth D/bt_btif: btif_hf_execute_service: enable: 1
10-28 13:53:24.842 5663-5685/com.android.bluetooth D/bt_btif: btif_hf_execute_service: enable: 1 completed
10-28 13:53:24.842 5663-5702/com.android.bluetooth D/bt_btif: AG evt (hdl 0x0001): State 0, Event 0x0500
10-28 13:53:24.842 5663-5685/com.android.bluetooth I/bt_btif_storage: btif_storage_get_adapter_property service_mask:0x20000040
10-28 13:53:24.842 5663-5685/com.android.bluetooth D/bt_btif: btif_hf_upstreams_evt: event=BTA_AG_ENABLE_EVT
10-28 13:53:24.842 5663-5685/com.android.bluetooth E/bt_btif: btif_hf_upstreams_evt: Invalid index 8191
10-28 13:53:24.843 5663-5685/com.android.bluetooth D/bt_btif: btif_hf_upstreams_evt: event=BTA_AG_REGISTER_EVT
10-28 13:53:24.844 5663-5707/com.android.bluetooth D/HeadsetStateMachine: Enter Disconnected: -2, size: 0
10-28 13:53:24.846 5663-5663/com.android.bluetooth D/HeadsetService:  profile started successfully
10-28 13:53:24.846 5663-5663/com.android.bluetooth D/BluetoothAdapterService: getAdapterService() - returning com.android.bluetooth.btservice.AdapterService@f680eba
10-28 13:53:24.856 5663-5679/com.android.bluetooth W/BluetoothAdapterService: setProfileServiceState() - Starting service com.android.bluetooth.hdp.HealthService
10-28 13:53:24.857 5663-5663/com.android.bluetooth D/BluetoothAdapterService: getAdapterService() - returning com.android.bluetooth.btservice.AdapterService@f680eba
10-28 13:53:24.861 5663-5663/com.android.bluetooth D/A2dpService: Received start request. Starting profile...
10-28 13:53:24.861 5663-5663/com.android.bluetooth D/A2dpService: START of A2dpService
10-28 13:53:24.861 5663-5663/com.android.bluetooth D/A2dpService: maxA2dpConnections = 1
10-28 13:53:24.862 5663-5663/com.android.bluetooth D/A2dpService: multiCastState = 0
10-28 13:53:24.862 5663-5663/com.android.bluetooth I/BluetoothA2dpServiceJni: classInitNative: succeeds
10-28 13:53:24.862 5663-5663/com.android.bluetooth D/A2dpStateMachine: make
10-28 13:53:24.865 5663-5663/com.android.bluetooth I/bt_btif: get_profile_interface a2dp
10-28 13:53:24.865 5663-5663/com.android.bluetooth D/bt_btif: btif_av_state_idle_handler event:BTIF_SM_ENTER_EVT flags 0 on Index = 0
10-28 13:53:24.865 5663-5663/com.android.bluetooth E/bt_btif: btif_sm_get_state : Invalid handle
10-28 13:53:24.865 5663-5663/com.android.bluetooth D/bt_btif: ## ON A2DP IDLE ## peer_sep = 1
10-28 13:53:24.865 5663-5685/com.android.bluetooth D/bt_btif: btif_av_handle_event: BTIF_AV_INIT_REQ_EVT
10-28 13:53:24.865 5663-5685/com.android.bluetooth D/bt_btif: ## A2DP START MEDIA THREAD ##
10-28 13:53:24.866 5663-5710/com.android.bluetooth W/bt_osi_thread: run_thread: thread id 5710, thread name media_worker started
10-28 13:53:24.866 5663-5710/com.android.bluetooth D/bt_btif:  btif_media_thread_init
10-28 13:53:24.866 5663-5685/com.android.bluetooth D/bt_btif: ## A2DP MEDIA THREAD STARTED ##
10-28 13:53:24.866 5663-5685/com.android.bluetooth D/bt_btif: btif_av_state_idle_handler event:UNKNOWN_EVENT flags 0 on Index = 0
10-28 13:53:24.866 5663-5685/com.android.bluetooth W/bt_btif: btif_av_state_idle_handler : unhandled event:UNKNOWN_EVENT
10-28 13:53:24.866 5663-5685/com.android.bluetooth D/bt_btif: btif_av_execute_service: enable: 1
10-28 13:53:24.866 5663-5685/com.android.bluetooth D/bt_btif: btif_av_execute_service: enable: 1 completed
10-28 13:53:24.866 5663-5702/com.android.bluetooth W/bt_l2cap: L2CAP - L2CA_Register() called for PSM: 0x0019
10-28 13:53:24.867 5663-5702/com.android.bluetooth W/bt_l2cap: L2CAP - L2CA_Register() called for PSM: 0x0017
10-28 13:53:24.867 5663-5685/com.android.bluetooth I/bt_btif_storage: btif_storage_get_adapter_property service_mask:0x20000048
10-28 13:53:24.867 5663-5685/com.android.bluetooth D/bt_btif: btif_av_state_idle_handler event:BTA_AV_ENABLE_EVT flags 0 on Index = 0
10-28 13:53:24.868 5663-5679/com.android.bluetooth W/BluetoothAdapterService: setProfileServiceState() - Starting service com.android.bluetooth.pan.PanService
10-28 13:53:24.868 5663-5663/com.android.bluetooth D/A2dpService: setA2dpService(): set to: null
10-28 13:53:24.868 5663-5663/com.android.bluetooth I/BluetoothAvrcpServiceJni: classInitNative: succeeds
10-28 13:53:24.868 5663-5663/com.android.bluetooth V/Avrcp: make
10-28 13:53:24.869 5663-5663/com.android.bluetooth V/Avrcp: Avrcp
10-28 13:53:24.869 5663-5663/com.android.bluetooth I/bt_btif: get_profile_interface avrcp
10-28 13:53:24.870 5663-5709/com.android.bluetooth D/A2dpStateMachine: Enter Disconnected: -2
10-28 13:53:24.870 5663-5709/com.android.bluetooth D/A2dpStateMachine: mConnectedDevicesList size: 0
10-28 13:53:24.875 5663-5702/com.android.bluetooth W/bt_btif: bta_av_api_register enableAptXHD property set as true
10-28 13:53:24.875 5663-5702/com.android.bluetooth W/bt_btif: bta_av_api_register enableAptXHD property set as true
10-28 13:53:24.877 5663-5702/com.android.bluetooth D/bt_btif:  AVRC_Open AVRC_Open role: 1, control:3 status:0, handle:0
10-28 13:53:24.877 5663-5685/com.android.bluetooth D/bt_btif: btif_av_state_idle_handler event:BTA_AV_REGISTER_EVT flags 0 on Index = 0
10-28 13:53:24.877 5663-5679/com.android.bluetooth W/BluetoothAdapterService: setProfileServiceState() - Starting service com.android.bluetooth.map.BluetoothMapService
10-28 13:53:24.880 754-1666/? D/audio_hw_spkr_prot: audio_extn_fbsp_get_parameters: Speaker protection disabled
10-28 13:53:24.880 754-1666/? D/audio_hw_extn: audio_extn_get_parameters: returns 
10-28 13:53:24.880 754-1666/? I/msm8974_platform: platform_get_hifi = false
10-28 13:53:24.880 754-1666/? V/msm8974_platform: platform_get_parameters: exit: returns - hifi_mode=false
10-28 13:53:24.880 754-1666/? I/hash_map_utils: key: 'hifi_mode' value: ''
10-28 13:53:24.885 5663-5663/com.android.bluetooth V/Avrcp: start
10-28 13:53:24.888 5663-5663/com.android.bluetooth V/Avrcp: registerMediaPlayers
10-28 13:53:24.888 5663-5663/com.android.bluetooth V/Avrcp: MediaPlayerInfo: mPlayerId = 1
10-28 13:53:24.888 5663-5663/com.android.bluetooth V/Avrcp: mMajorPlayerType = 1 mPlayerSubType = 0
10-28 13:53:24.888 5663-5663/com.android.bluetooth V/Avrcp: mPlayState = 2 mCharsetId = 106
10-28 13:53:24.888 5663-5663/com.android.bluetooth V/Avrcp: mPlayerPackageName = com.android.music mDisplayableNameLength = 5
10-28 13:53:24.888 5663-5663/com.android.bluetooth V/Avrcp: mItemLength = 33 mEntryLength = 34
10-28 13:53:24.888 5663-5663/com.android.bluetooth V/Avrcp: mFeatureMask = 
10-28 13:53:24.888 5663-5663/com.android.bluetooth V/Avrcp: mFeatureMask[0] = 0
10-28 13:53:24.888 5663-5663/com.android.bluetooth V/Avrcp: mFeatureMask[1] = 0
10-28 13:53:24.888 5663-5663/com.android.bluetooth V/Avrcp: mFeatureMask[2] = 0
10-28 13:53:24.888 5663-5663/com.android.bluetooth V/Avrcp: mFeatureMask[3] = 0
10-28 13:53:24.888 5663-5663/com.android.bluetooth V/Avrcp: mFeatureMask[4] = 12
10-28 13:53:24.888 5663-5663/com.android.bluetooth V/Avrcp: mFeatureMask[5] = 55
10-28 13:53:24.888 5663-5663/com.android.bluetooth V/Avrcp: mFeatureMask[6] = 0
10-28 13:53:24.888 5663-5663/com.android.bluetooth V/Avrcp: mFeatureMask[7] = 141
10-28 13:53:24.888 5663-5663/com.android.bluetooth V/Avrcp: mFeatureMask[8] = 26
10-28 13:53:24.888 5663-5663/com.android.bluetooth V/Avrcp: mFeatureMask[9] = 0
10-28 13:53:24.888 5663-5663/com.android.bluetooth V/Avrcp: mFeatureMask[10] = 0
10-28 13:53:24.888 5663-5663/com.android.bluetooth V/Avrcp: mFeatureMask[11] = 0
10-28 13:53:24.888 5663-5663/com.android.bluetooth V/Avrcp: mFeatureMask[12] = 0
10-28 13:53:24.888 5663-5663/com.android.bluetooth V/Avrcp: mFeatureMask[13] = 0
10-28 13:53:24.888 5663-5663/com.android.bluetooth V/Avrcp: mFeatureMask[14] = 0
10-28 13:53:24.889 5663-5663/com.android.bluetooth V/Avrcp: mFeatureMask[15] = 0
10-28 13:53:24.889 5663-5663/com.android.bluetooth V/Avrcp: mDisplayableName=
10-28 13:53:24.889 5663-5663/com.android.bluetooth V/Avrcp: mDisplayableName[0] = 77
10-28 13:53:24.889 5663-5663/com.android.bluetooth V/Avrcp: mDisplayableName[1] = 117
10-28 13:53:24.889 5663-5663/com.android.bluetooth V/Avrcp: mDisplayableName[2] = 115
10-28 13:53:24.889 5663-5663/com.android.bluetooth V/Avrcp: mDisplayableName[3] = 105
10-28 13:53:24.889 5663-5663/com.android.bluetooth V/Avrcp: mDisplayableName[4] = 99
10-28 13:53:24.889 5663-5663/com.android.bluetooth V/Avrcp: MediaPlayerInfo: mPlayerId = 0
10-28 13:53:24.889 5663-5663/com.android.bluetooth V/Avrcp: mMajorPlayerType = 1 mPlayerSubType = 0
10-28 13:53:24.889 5663-5663/com.android.bluetooth V/Avrcp: mPlayState = 2 mCharsetId = 106
10-28 13:53:24.889 5663-5663/com.android.bluetooth V/Avrcp: mPlayerPackageName = com.google.android.music mDisplayableNameLength = 6
10-28 13:53:24.889 5663-5663/com.android.bluetooth V/Avrcp: mItemLength = 34 mEntryLength = 35
10-28 13:53:24.889 5663-5663/com.android.bluetooth V/Avrcp: mFeatureMask = 
10-28 13:53:24.889 5663-5663/com.android.bluetooth V/Avrcp: mFeatureMask[0] = 0
10-28 13:53:24.889 5663-5663/com.android.bluetooth V/Avrcp: mFeatureMask[1] = 0
10-28 13:53:24.889 5663-5663/com.android.bluetooth V/Avrcp: mFeatureMask[2] = 0
10-28 13:53:24.889 5663-5663/com.android.bluetooth V/Avrcp: mFeatureMask[3] = 0
10-28 13:53:24.889 5663-5663/com.android.bluetooth V/Avrcp: mFeatureMask[4] = 12
10-28 13:53:24.889 5663-5663/com.android.bluetooth V/Avrcp: mFeatureMask[5] = 55
10-28 13:53:24.889 5663-5663/com.android.bluetooth V/Avrcp: mFeatureMask[6] = 0
10-28 13:53:24.889 5663-5663/com.android.bluetooth V/Avrcp: mFeatureMask[7] = 0
10-28 13:53:24.889 5663-5663/com.android.bluetooth V/Avrcp: mFeatureMask[8] = 0
10-28 13:53:24.889 5663-5663/com.android.bluetooth V/Avrcp: mFeatureMask[9] = 0
10-28 13:53:24.889 5663-5663/com.android.bluetooth V/Avrcp: mFeatureMask[10] = 0
10-28 13:53:24.889 5663-5663/com.android.bluetooth V/Avrcp: mFeatureMask[11] = 0
10-28 13:53:24.889 5663-5663/com.android.bluetooth V/Avrcp: mFeatureMask[12] = 0
10-28 13:53:24.889 5663-5663/com.android.bluetooth V/Avrcp: mFeatureMask[13] = 0
10-28 13:53:24.889 5663-5663/com.android.bluetooth V/Avrcp: mFeatureMask[14] = 0
10-28 13:53:24.889 5663-5663/com.android.bluetooth V/Avrcp: mFeatureMask[15] = 0
10-28 13:53:24.889 5663-5663/com.android.bluetooth V/Avrcp: mDisplayableName=
10-28 13:53:24.889 5663-5663/com.android.bluetooth V/Avrcp: mDisplayableName[0] = 77
10-28 13:53:24.889 5663-5663/com.android.bluetooth V/Avrcp: mDisplayableName[1] = 117
10-28 13:53:24.890 5663-5663/com.android.bluetooth V/Avrcp: mDisplayableName[2] = 115
10-28 13:53:24.890 5663-5663/com.android.bluetooth V/Avrcp: mDisplayableName[3] = 105
10-28 13:53:24.890 5663-5663/com.android.bluetooth V/Avrcp: mDisplayableName[4] = 99
10-28 13:53:24.890 5663-5663/com.android.bluetooth V/Avrcp: mDisplayableName[5] = 50
10-28 13:53:24.890 5663-5663/com.android.bluetooth D/Avrcp: Exit registerMediaPlayers()
10-28 13:53:24.895 5663-5679/com.android.bluetooth I/BluetoothAdapterState: Entering PendingCommandState
10-28 13:53:24.895 5663-5663/com.android.bluetooth D/A2dpService: Exit START of A2dpService
10-28 13:53:24.895 5663-5663/com.android.bluetooth D/A2dpService:  profile started successfully
10-28 13:53:24.895 5663-5663/com.android.bluetooth D/BluetoothAdapterService: getAdapterService() - returning com.android.bluetooth.btservice.AdapterService@f680eba
10-28 13:53:24.896 5663-5663/com.android.bluetooth W/BluetoothAdapterService: onProfileServiceStateChange() serviceName=com.android.bluetooth.hfp.HeadsetService, state=12, doUpdate=true
10-28 13:53:24.896 5663-5663/com.android.bluetooth V/BluetoothAdapterState: isTurningOff()=false
10-28 13:53:24.896 5663-5663/com.android.bluetooth V/BluetoothAdapterState: isTurningOn()=true
10-28 13:53:24.896 5663-5663/com.android.bluetooth V/BluetoothAdapterState: isBleTurningOn()=false
10-28 13:53:24.896 5663-5663/com.android.bluetooth V/BluetoothAdapterState: isBleTurningOff()=false
