10-28 11:52:33.446 15245-15344/com.mi.liveassistant W/WatchSdk_com.mi.liveassistant: [15245] 158. (AppNetworkUtils.java:93)     NetWorkHorseList[60.210.18.139, 218.59.209.20]
10-28 11:52:33.485 763-1547/? E/Parcel: Reading a NULL string not supported here.
10-28 11:52:33.488 763-1547/? E/Parcel: Reading a NULL string not supported here.
10-28 11:52:33.492 763-1547/? E/Parcel: Reading a NULL string not supported here.
10-28 11:52:33.545 812-812/? I/cnss-daemon: RTM_NEWNEIGH message received: 28
10-28 11:52:33.545 812-812/? E/cnss-daemon: Stale or unreachable neighbors, ndm state: 4
10-28 11:52:33.664 1983-1983/? D/wpa_supplicant: wlan0: Control interface command 'SIGNAL_POLL'
10-28 11:52:33.875 812-812/? I/cnss-daemon: RTM_NEWNEIGH message received: 28
10-28 11:52:33.876 812-812/? E/cnss-daemon: Stale or unreachable neighbors, ndm state: 4
10-28 11:52:34.005 812-812/? I/cnss-daemon: RTM_NEWNEIGH message received: 28
10-28 11:52:34.005 812-812/? E/cnss-daemon: Stale or unreachable neighbors, ndm state: 4
10-28 11:52:34.203 812-812/? I/cnss-daemon: RTM_NEWNEIGH message received: 28
10-28 11:52:34.203 812-812/? E/cnss-daemon: Stale or unreachable neighbors, ndm state: 4
10-28 11:52:34.531 812-812/? I/cnss-daemon: RTM_NEWNEIGH message received: 28
10-28 11:52:34.531 812-812/? E/cnss-daemon: Stale or unreachable neighbors, ndm state: 4
10-28 11:52:34.593 15245-15344/com.mi.liveassistant W/WatchSdk_com.mi.liveassistant: [15245] 158. (AppNetworkUtils.java:85)     NetWorkHorse resultList[61.156.243.243=179.34, 61.156.243.245=183.85999999999999, 123.128.14.232=187.38]
10-28 11:52:34.601 15245-15344/com.mi.liveassistant W/WatchSdk_com.mi.liveassistant: [15245] 158. (AppNetworkUtils.java:93)     NetWorkHorseList[61.156.243.243, 61.156.243.245, 123.128.14.232]
10-28 11:52:34.615 15245-15344/com.mi.liveassistant W/WatchSdk_com.mi.liveassistant: [15245] 158. (PreDnsManager.java:303)     PreDnsManager: getHttpDnsIpSet domain=v2.zb.mi.com
10-28 11:52:34.629 15245-15344/com.mi.liveassistant W/WatchSdk_com.mi.liveassistant: [15245] 158. (DnsPodUtils.java:37)     com.base.l.g.a start dnspod
10-28 11:52:34.636 15245-15344/com.mi.liveassistant I/Dozen:  url : http://119.29.29.29/d, str params : id=131&ttl=1&dn=23134be0687e2a40e76e630ef9db8bb9
10-28 11:52:34.833 15245-15344/com.mi.liveassistant I/com.base.l.g.c: http POST Response Code: 200
10-28 11:52:34.851 15245-15344/com.mi.liveassistant W/WatchSdk_com.mi.liveassistant: [15245] 158. (DnsPodUtils.java:39)     com.base.l.g.a http://119.29.29.29/d?dn=23134be0687e2a40e76e630ef9db8bb9&id=131&ttl=1 result=d205da294d714808702851e54b26c4de0e089a2e2318207837644c97b515cc5d39d82c20aeb1d17423aa371d0379ab89
10-28 11:52:34.868 15245-15344/com.mi.liveassistant W/WatchSdk_com.mi.liveassistant: [15245] 158. (DnsPodUtils.java:43)     com.base.l.g.a decryptedString=218.59.209.20;123.133.76.16;60.210.18.139,32
10-28 11:52:34.873 15245-15344/com.mi.liveassistant W/WatchSdk_com.mi.liveassistant: [15245] 158. (PreDnsManager.java:327)     PreDnsManager: getHttpDnsIpSet domain=v2.zb.mi.com, ipList=[218.59.209.20, 123.133.76.16, 60.210.18.139]
10-28 11:52:34.873 812-812/? I/cnss-daemon: RTM_NEWNEIGH message received: 28
10-28 11:52:34.874 812-812/? E/cnss-daemon: Stale or unreachable neighbors, ndm state: 4
10-28 11:52:34.876 15245-15344/com.mi.liveassistant W/WatchSdk_com.mi.liveassistant: [15245] 158. (PreDnsManager.java:281)     PreDnsManager: getLocalDnsIpSet domain=v2.zb.mi.com
10-28 11:52:34.885 15245-15344/com.mi.liveassistant W/WatchSdk_com.mi.liveassistant: [15245] 158. (PreDnsManager.java:296)     PreDnsManager: getLocalDnsIpSet domain=v2.zb.mi.com, ipList=[123.128.14.232, 61.156.243.243, 61.156.243.245, 218.59.209.20]
10-28 11:52:34.917 763-1547/? E/Parcel: Reading a NULL string not supported here.
10-28 11:52:34.925 763-1547/? E/Parcel: Reading a NULL string not supported here.
10-28 11:52:34.926 763-1547/? E/Parcel: Reading a NULL string not supported here.
10-28 11:52:35.206 812-812/? I/cnss-daemon: RTM_NEWNEIGH message received: 28
10-28 11:52:35.206 812-812/? E/cnss-daemon: Stale or unreachable neighbors, ndm state: 4
10-28 11:52:35.533 812-812/? I/cnss-daemon: RTM_NEWNEIGH message received: 28
10-28 11:52:35.534 812-812/? E/cnss-daemon: Stale or unreachable neighbors, ndm state: 4
10-28 11:52:35.841 812-812/? I/cnss-daemon: RTM_NEWNEIGH message received: 28
10-28 11:52:35.842 812-812/? E/cnss-daemon: Stale or unreachable neighbors, ndm state: 4
10-28 11:52:35.962 15245-15344/com.mi.liveassistant W/WatchSdk_com.mi.liveassistant: [15245] 158. (AppNetworkUtils.java:85)     NetWorkHorse resultList[60.210.18.139=61.1, 123.133.76.16=79.32000000000001, 218.59.209.20=91.96000000000001]
10-28 11:52:35.968 15245-15344/com.mi.liveassistant W/WatchSdk_com.mi.liveassistant: [15245] 158. (AppNetworkUtils.java:93)     NetWorkHorseList[60.210.18.139, 123.133.76.16, 218.59.209.20]
10-28 11:52:35.988 763-1547/? E/Parcel: Reading a NULL string not supported here.
10-28 11:52:35.996 763-1547/? E/Parcel: Reading a NULL string not supported here.
10-28 11:52:36.007 763-1547/? E/Parcel: Reading a NULL string not supported here.
10-28 11:52:36.334 812-812/? I/cnss-daemon: RTM_NEWNEIGH message received: 28
10-28 11:52:36.334 812-812/? E/cnss-daemon: Stale or unreachable neighbors, ndm state: 4
10-28 11:52:36.497 812-812/? I/cnss-daemon: RTM_NEWNEIGH message received: 28
10-28 11:52:36.497 812-812/? E/cnss-daemon: Stale or unreachable neighbors, ndm state: 4
10-28 11:52:36.686 1983-1983/? D/wpa_supplicant: wlan0: Control interface command 'SIGNAL_POLL'
10-28 11:52:36.989 812-812/? I/cnss-daemon: RTM_NEWNEIGH message received: 28
10-28 11:52:36.989 812-812/? E/cnss-daemon: Stale or unreachable neighbors, ndm state: 4
10-28 11:52:37.055 15245-15344/com.mi.liveassistant W/WatchSdk_com.mi.liveassistant: [15245] 158. (AppNetworkUtils.java:85)     NetWorkHorse resultList[123.128.14.232=89.28, 61.156.243.243=91.56, 61.156.243.245=124.44000000000001]
10-28 11:52:37.062 15245-15344/com.mi.liveassistant W/WatchSdk_com.mi.liveassistant: [15245] 158. (AppNetworkUtils.java:93)     NetWorkHorseList[123.128.14.232, 61.156.243.243, 61.156.243.245]
10-28 11:52:37.066 15245-15245/com.mi.liveassistant W/WatchSdk_com.mi.liveassistant: [15245] 1. (PreDnsManager.java:270)     PreDnsManager: fetchIpSetForDomainList done host=v2.zb.mi.com, localIpSet=[123.128.14.232, 61.156.243.243, 61.156.243.245], httpIpSet=[60.210.18.139, 123.133.76.16, 218.59.209.20]
10-28 11:52:37.071 15245-15344/com.mi.liveassistant W/WatchSdk_com.mi.liveassistant: [15245] 158. (PreDnsManager.java:303)     PreDnsManager: getHttpDnsIpSet domain=v2.pandora.zb.mi.com
10-28 11:52:37.076 15245-15344/com.mi.liveassistant W/WatchSdk_com.mi.liveassistant: [15245] 158. (DnsPodUtils.java:37)     com.base.l.g.a start dnspod
10-28 11:52:37.084 15245-15344/com.mi.liveassistant I/Dozen:  url : http://119.29.29.29/d, str params : id=131&ttl=1&dn=0f019875507fa62b7398f54502dfa00ce76e630ef9db8bb9
10-28 11:52:37.317 812-812/? I/cnss-daemon: RTM_NEWNEIGH message received: 28
10-28 11:52:37.317 812-812/? E/cnss-daemon: Stale or unreachable neighbors, ndm state: 4
10-28 11:52:37.338 15245-15344/com.mi.liveassistant I/com.base.l.g.c: http POST Response Code: 200
10-28 11:52:37.351 15245-15344/com.mi.liveassistant W/WatchSdk_com.mi.liveassistant: [15245] 158. (DnsPodUtils.java:39)     com.base.l.g.a http://119.29.29.29/d?dn=0f019875507fa62b7398f54502dfa00ce76e630ef9db8bb9&id=131&ttl=1 result=a310c0f4ab5fcf2ac34dd2c6af8b3b24ac234f32e28f3f6a1f45dbeb1f8c89d4b6c1ce6f2389b7105e5f215e51f2b0182098e74e5159f82f01596737c0f33cf375d509e20118fafa4e8e80a15b9b43463c58e3f3b1e4db431d0bf36503e3b59a36675dcba11aed205c62d52d196d903f9bcf059d8e9da3c5
10-28 11:52:37.370 15245-15344/com.mi.liveassistant W/WatchSdk_com.mi.liveassistant: [15245] 158. (DnsPodUtils.java:43)     com.base.l.g.a decryptedString=27.221.121.34;60.220.196.229;60.210.18.139;218.59.209.20;60.213.21.204;153.99.174.221;61.156.243.245;118.212.138.183,35
10-28 11:52:37.375 15245-15344/com.mi.liveassistant W/WatchSdk_com.mi.liveassistant: [15245] 158. (PreDnsManager.java:327)     PreDnsManager: getHttpDnsIpSet domain=v2.pandora.zb.mi.com, ipList=[27.221.121.34, 60.220.196.229, 60.210.18.139, 218.59.209.20, 60.213.21.204, 153.99.174.221, 61.156.243.245, 118.212.138.183]
10-28 11:52:37.379 15245-15344/com.mi.liveassistant W/WatchSdk_com.mi.liveassistant: [15245] 158. (PreDnsManager.java:281)     PreDnsManager: getLocalDnsIpSet domain=v2.pandora.zb.mi.com
10-28 11:52:37.456 15245-15344/com.mi.liveassistant W/WatchSdk_com.mi.liveassistant: [15245] 158. (PreDnsManager.java:296)     PreDnsManager: getLocalDnsIpSet domain=v2.pandora.zb.mi.com, ipList=[153.99.174.221, 61.156.243.245, 60.210.18.139, 27.221.121.34, 118.212.138.183, 218.59.209.20, 60.220.196.229, 60.213.21.204]
10-28 11:52:37.509 763-1547/? E/Parcel: Reading a NULL string not supported here.
10-28 11:52:37.527 763-1547/? E/Parcel: Reading a NULL string not supported here.
10-28 11:52:37.536 763-1547/? E/Parcel: Reading a NULL string not supported here.
10-28 11:52:37.546 763-1547/? E/Parcel: Reading a NULL string not supported here.
10-28 11:52:37.565 763-1547/? E/Parcel: Reading a NULL string not supported here.
10-28 11:52:37.574 763-1547/? E/Parcel: Reading a NULL string not supported here.
10-28 11:52:37.575 763-1547/? E/Parcel: Reading a NULL string not supported here.
10-28 11:52:37.578 763-1547/? E/Parcel: Reading a NULL string not supported here.
10-28 11:52:37.644 812-812/? I/cnss-daemon: RTM_NEWNEIGH message received: 28
10-28 11:52:37.644 812-812/? E/cnss-daemon: Stale or unreachable neighbors, ndm state: 4
10-28 11:52:37.715 2142-2142/? I/WCNSS_FILTER: ibs_msm_serial_clock_vote: vote UART CLK ON using UART driver's ioctl()
10-28 11:52:37.722 2142-2142/? D/WCNSS_FILTER: wcnss_acquire_wakelock
10-28 11:52:37.723 2142-2142/? I/WCNSS_FILTER: vote=2,new_vote =1, old_tx_vote=0, old_rx_vote=0
10-28 11:52:37.726 1698-2200/com.android.bluetooth W/bt_btm: btm_read_remote_version_complete: BDA: 3c-a0-67-b4-e9-26
10-28 11:52:37.726 1698-2200/com.android.bluetooth W/bt_btm: btm_read_remote_version_complete lmp_version 0 manufacturer 0 lmp_subversion 0
10-28 11:52:37.728 1698-2200/com.android.bluetooth W/bt_btif: bta_gattc_conn_cback() - cif=3 connected=0 conn_id=3 reason=0x0008
10-28 11:52:37.728 1698-2200/com.android.bluetooth W/bt_btif: bta_gattc_conn_cback() - cif=4 connected=0 conn_id=4 reason=0x0008
10-28 11:52:37.729 1698-2200/com.android.bluetooth W/bt_btif: bta_gattc_conn_cback() - cif=6 connected=0 conn_id=6 reason=0x0008
10-28 11:52:37.729 1698-1840/com.android.bluetooth D/BtGatt.GattService: onConnected() connId=5, address=3C:A0:67:B4:E9:26, connected=false
10-28 11:52:37.729 1698-2200/com.android.bluetooth W/bt_l2cap: L2CA_RemoveFixedChnl()  CID: 0x0006  BDA: 3ca067b4e926 not connected
10-28 11:52:37.730 1698-2200/com.android.bluetooth I/bt_btm_sec: btm_sec_disconnected clearing pending flag handle:5 reason:8
10-28 11:52:37.731 1698-2200/com.android.bluetooth W/bt_l2cap: L2CA_SetDesireRole() new:x0, disallow_switch:0
10-28 11:52:37.731 1698-1840/com.android.bluetooth D/bt_btif_config: btif_get_device_type: Device [3c:a0:67:b4:e9:26] type 2
10-28 11:52:37.731 1698-2200/com.android.bluetooth E/bt_btif: bta_gattc_mark_bg_conn unable to find the bg connection mask for: 3c:a0:67:b4:e9:26
10-28 11:52:37.731 1698-1840/com.android.bluetooth I/bt_btif_dm: get_cod remote_cod = 0x00001f00
10-28 11:52:37.732 14749-14761/jp.kshoji.blehid.sample D/BluetoothGattServer: onServerConnectionState() - status=0 serverIf=5 device=3C:A0:67:B4:E9:26
10-28 11:52:37.733 14749-14761/jp.kshoji.blehid.sample D/HidPeripheral: onConnectionStateChange status: 0, newState: 0
10-28 11:52:37.740 2142-2144/? I/WCNSS_FILTER: ibs_bt_device_wakeup: Writing IBS_WAKE_IND
10-28 11:52:37.740 1698-1840/com.android.bluetooth I/BluetoothBondStateMachine: bondStateChangeCallback: Status: 1 Address: 3C:A0:67:B4:E9:26 newState: 0
10-28 11:52:37.741 2142-2142/? I/WCNSS_FILTER: ibs_recv_ibs_cmd: Received IBS_WAKE_ACK: 0xFC
10-28 11:52:37.742 1698-1951/com.android.bluetooth D/BluetoothAdapterProperties: Failed to remove device: 3C:A0:67:B4:E9:26
10-28 11:52:37.742 14749-14761/jp.kshoji.blehid.sample D/HidPeripheral: BluetoothProfile.STATE_DISCONNECTED bondState: 10
10-28 11:52:37.743 14749-14749/jp.kshoji.blehid.sample D/BluetoothGattServer: cancelConnection() - device: 3C:A0:67:B4:E9:26
10-28 11:52:37.743 1698-1840/com.android.bluetooth E/BluetoothRemoteDevices: state12newState1
10-28 11:52:37.743 1698-1840/com.android.bluetooth D/BluetoothRemoteDevices: aclStateChangeCallback: State:DisConnected to Device:3C:A0:67:B4:E9:26
10-28 11:52:37.744 1698-1718/com.android.bluetooth D/BtGatt.GattService: serverDisconnect() - address=3C:A0:67:B4:E9:26, connId=null
10-28 11:52:37.745 14749-14749/jp.kshoji.blehid.sample D/BluetoothGattServer: connect() - device: 3C:A0:67:B4:E9:26, auto: false
10-28 11:52:37.745 1698-1951/com.android.bluetooth I/BluetoothBondStateMachine: Bond State Change Intent:3C:A0:67:B4:E9:26 OldState: 11 NewState: 10
10-28 11:52:37.745 1698-1951/com.android.bluetooth D/BondStateTracker: Bond removed for device: 3C:A0:67:B4:E9:26
10-28 11:52:37.746 1729-2005/com.android.systemui W/BluetoothEventManager: CachedBluetoothDevice for device 3C:A0:67:B4:E9:26 not found, calling readPairedDevices().
10-28 11:52:37.746 1698-1728/com.android.bluetooth D/A2dpService: getA2DPService(): returning com.android.bluetooth.a2dp.A2dpService@e4d330e
10-28 11:52:37.746 1698-1728/com.android.bluetooth I/A2dpService: audio isMusicActive is false
10-28 11:52:37.747 1698-1728/com.android.bluetooth D/BtGatt.GattService: serverConnect() - address=3C:A0:67:B4:E9:26
10-28 11:52:37.747 14749-14749/jp.kshoji.blehid.sample D/HidPeripheral: onReceive ##### : android.bluetooth.device.action.BOND_STATE_CHANGED
10-28 11:52:37.747 14749-14749/jp.kshoji.blehid.sample D/HidPeripheral: 3C:A0:67:B4:E9:26
10-28 11:52:37.747 14749-14749/jp.kshoji.blehid.sample D/HidPeripheral: bond state changed ##### : 10
10-28 11:52:37.747 14749-14749/jp.kshoji.blehid.sample D/HidPeripheral: onReceive @@@@@@@ action: android.bluetooth.device.action.BOND_STATE_CHANGED
10-28 11:52:37.748 14749-14749/jp.kshoji.blehid.sample D/HidPeripheral: bond state changed @@@@@@@: 10
10-28 11:52:37.750 1698-1698/com.android.bluetooth D/AvrcpBipRsp: onReceive
10-28 11:52:37.750 1698-1698/com.android.bluetooth D/AvrcpBipRsp: onReceive: android.bluetooth.device.action.ACL_DISCONNECTED
10-28 11:52:37.750 1698-1840/com.android.bluetooth D/bt_btif_config: btif_get_address_type: Device [3c:a0:67:b4:e9:26] address type 0
10-28 11:52:37.750 1698-1840/com.android.bluetooth D/bt_btif_config: btif_get_device_type: Device [3c:a0:67:b4:e9:26] type 2
10-28 11:52:37.750 1698-2200/com.android.bluetooth E/bt_btif: bta_gatts_cancel_open failed for open request
10-28 11:52:37.750 1698-1840/com.android.bluetooth D/bt_btif_gatt: btapp_gatts_handle_cback: Empty event (17)!
10-28 11:52:37.750 1698-1840/com.android.bluetooth D/bt_btif_gatt: btapp_gatts_handle_cback: Empty event (17)!
10-28 11:52:37.751 1698-1698/com.android.bluetooth D/BluetoothMapService: onReceive
10-28 11:52:37.751 1698-1698/com.android.bluetooth D/BluetoothMapService: onReceive: android.bluetooth.device.action.ACL_DISCONNECTED
10-28 11:52:37.751 1698-1698/com.android.bluetooth E/BluetoothMapService: Unexpected error!
10-28 11:52:37.751 1698-1840/com.android.bluetooth D/bt_btif_gatt: btapp_gatts_handle_cback: Empty event (16)!
10-28 11:52:37.752 1729-2005/com.android.systemui E/BluetoothEventManager: Got bonding state changed for 3C:A0:67:B4:E9:26, but we have no record of that device.
10-28 11:52:37.756 14939-14939/com.android.settings W/BluetoothEventManager: CachedBluetoothDevice for device 3C:A0:67:B4:E9:26 not found, calling readPairedDevices().
10-28 11:52:37.759 14939-14939/com.android.settings E/BluetoothEventManager: Got bonding state changed for 3C:A0:67:B4:E9:26, but we have no record of that device.
10-28 11:52:37.760 1698-1951/com.android.bluetooth D/A2dpService: getA2DPService(): returning com.android.bluetooth.a2dp.A2dpService@e4d330e
10-28 11:52:37.760 1698-1951/com.android.bluetooth D/A2dpSinkService: getA2dpSinkService(): service is NULL
10-28 11:52:37.761 1698-1951/com.android.bluetooth D/A2dpService: Enter setPriority
10-28 11:52:37.761 1698-1951/com.android.bluetooth D/A2dpService: Saved priority 3C:A0:67:B4:E9:26 = -1
10-28 11:52:37.761 1698-1951/com.android.bluetooth D/A2dpService: Exit setPriority
10-28 11:52:37.762 1698-1951/com.android.bluetooth I/BluetoothBondStateMachine: StableState(): Entering Off State
10-28 11:52:37.763 1393-1458/system_process V/UidProcStateHelper: process state changed:[14939,1000,16]
10-28 11:52:37.764 1698-1698/com.android.bluetooth I/BluetoothPbapReceiver: Enter - onReceive for intent:android.bluetooth.device.action.ACL_DISCONNECTED
10-28 11:52:37.769 1698-1698/com.android.bluetooth I/BluetoothPbapReceiver: Exit - onReceive for intent:android.bluetooth.device.action.ACL_DISCONNECTED
10-28 11:52:37.770 1698-1698/com.android.bluetooth D/BluetoothPbapService: Enter - onStartCommand for service PBAP
10-28 11:52:37.770 1698-1698/com.android.bluetooth D/BluetoothPbapService: action: android.bluetooth.device.action.ACL_DISCONNECTED
10-28 11:52:37.770 1698-1698/com.android.bluetooth D/BluetoothPbapService: Exit - onStartCommand for service PBAP
10-28 11:52:37.997 812-812/? I/cnss-daemon: RTM_NEWNEIGH message received: 28
10-28 11:52:37.997 812-812/? E/cnss-daemon: Stale or unreachable neighbors, ndm state: 4
10-28 11:52:38.302 812-812/? I/cnss-daemon: RTM_NEWNEIGH message received: 28
10-28 11:52:38.303 812-812/? E/cnss-daemon: Stale or unreachable neighbors, ndm state: 4
10-28 11:52:38.740 15245-15344/com.mi.liveassistant W/WatchSdk_com.mi.liveassistant: [15245] 158. (AppNetworkUtils.java:85)     NetWorkHorse resultList[27.221.121.34=101.03999999999999, 60.210.18.139=104.49999999999997, 218.59.209.20=142.33999999999997, 61.156.243.245=147.1, 60.213.21.204=149.64000000000001, 153.99.174.221=151.2, 60.220.196.229=170.52, 118.212.138.183=190.0]
10-28 11:52:38.743 15245-15344/com.mi.liveassistant W/WatchSdk_com.mi.liveassistant: [15245] 158. (AppNetworkUtils.java:93)     NetWorkHorseList[27.221.121.34, 60.210.18.139, 218.59.209.20, 61.156.243.245, 60.213.21.204, 153.99.174.221, 60.220.196.229, 118.212.138.183]
10-28 11:52:38.746 15245-15245/com.mi.liveassistant W/WatchSdk_com.mi.liveassistant: [15245] 1. (PreDnsManager.java:270)     PreDnsManager: fetchIpSetForDomainList done host=v2.pandora.zb.mi.com, localIpSet=[], httpIpSet=[27.221.121.34, 60.210.18.139, 218.59.209.20, 61.156.243.245, 60.213.21.204, 153.99.174.221, 60.220.196.229, 118.212.138.183]
10-28 11:52:38.750 15245-15344/com.mi.liveassistant W/WatchSdk_com.mi.liveassistant: [15245] 158. (PreDnsManager.java:303)     PreDnsManager: getHttpDnsIpSet domain=playback.ks.zb.mi.com
10-28 11:52:38.751 2142-2195/? I/WCNSS_FILTER: ibs_wcnss_bt_device_sleep: TX Awake, Sending SLEEP_IND
10-28 11:52:38.751 2142-2195/? I/WCNSS_FILTER: ibs_msm_serial_clock_vote: vote UART CLK OFF using UART driver's ioctl()
10-28 11:52:38.751 2142-2195/? D/WCNSS_FILTER: wcnss_release_wakelock
10-28 11:52:38.751 2142-2195/? I/WCNSS_FILTER: vote=1,new_vote =0, old_tx_vote=1, old_rx_vote=0
10-28 11:52:38.753 15245-15344/com.mi.liveassistant W/WatchSdk_com.mi.liveassistant: [15245] 158. (DnsPodUtils.java:37)     com.base.l.g.a start dnspod
10-28 11:52:38.763 15245-15344/com.mi.liveassistant I/Dozen:  url : http://119.29.29.29/d, str params : id=131&ttl=1&dn=f427e1c4b5f1e43b0fa91761380e081ad73cda50dc3a65d5
10-28 11:52:38.791 812-812/? I/cnss-daemon: RTM_NEWNEIGH message received: 28
10-28 11:52:38.792 812-812/? E/cnss-daemon: Stale or unreachable neighbors, ndm state: 4
10-28 11:52:38.916 15245-15344/com.mi.liveassistant I/com.base.l.g.c: http POST Response Code: 200
10-28 11:52:38.924 15245-15344/com.mi.liveassistant W/WatchSdk_com.mi.liveassistant: [15245] 158. (DnsPodUtils.java:39)     com.base.l.g.a http://119.29.29.29/d?dn=f427e1c4b5f1e43b0fa91761380e081ad73cda50dc3a65d5&id=131&ttl=1 result=f9709055a7a34d10cb3511a659315e60b126c610b4f06705bd5f789ddf888ee27af692f6e755a985a5d39b17f896b1cf770f627584fb604cdf9fbe747844a24c1b4e278132f03730
10-28 11:52:38.934 15245-15344/com.mi.liveassistant W/WatchSdk_com.mi.liveassistant: [15245] 158. (DnsPodUtils.java:43)     com.base.l.g.a decryptedString=61.162.231.1;61.162.231.5;61.162.231.4;61.162.231.3;61.162.231.2,57
10-28 11:52:38.939 15245-15344/com.mi.liveassistant W/WatchSdk_com.mi.liveassistant: [15245] 158. (PreDnsManager.java:327)     PreDnsManager: getHttpDnsIpSet domain=playback.ks.zb.mi.com, ipList=[61.162.231.1, 61.162.231.5, 61.162.231.4, 61.162.231.3, 61.162.231.2]
10-28 11:52:38.942 15245-15344/com.mi.liveassistant W/WatchSdk_com.mi.liveassistant: [15245] 158. (PreDnsManager.java:281)     PreDnsManager: getLocalDnsIpSet domain=playback.ks.zb.mi.com
10-28 11:52:39.053 15245-15344/com.mi.liveassistant W/WatchSdk_com.mi.liveassistant: [15245] 158. (PreDnsManager.java:296)     PreDnsManager: getLocalDnsIpSet domain=playback.ks.zb.mi.com, ipList=[61.162.231.5, 61.162.231.4, 61.162.231.2, 61.162.231.1, 61.162.231.3]
10-28 11:52:39.119 763-1547/? E/Parcel: Reading a NULL string not supported here.
10-28 11:52:39.120 812-812/? I/cnss-daemon: RTM_NEWNEIGH message received: 28
10-28 11:52:39.120 812-812/? E/cnss-daemon: Stale or unreachable neighbors, ndm state: 4
10-28 11:52:39.138 763-1547/? E/Parcel: Reading a NULL string not supported here.
10-28 11:52:39.142 763-1547/? E/Parcel: Reading a NULL string not supported here.
10-28 11:52:39.143 763-1547/? E/Parcel: Reading a NULL string not supported here.
10-28 11:52:39.145 763-1547/? E/Parcel: Reading a NULL string not supported here.
10-28 11:52:39.286 812-812/? I/cnss-daemon: RTM_NEWNEIGH message received: 28
10-28 11:52:39.287 812-812/? E/cnss-daemon: Stale or unreachable neighbors, ndm state: 4
10-28 11:52:39.613 812-812/? I/cnss-daemon: RTM_NEWNEIGH message received: 28
10-28 11:52:39.613 812-812/? E/cnss-daemon: Stale or unreachable neighbors, ndm state: 4
10-28 11:52:39.711 1983-1983/? D/wpa_supplicant: wlan0: Control interface command 'SIGNAL_POLL'
10-28 11:52:39.942 812-812/? I/cnss-daemon: RTM_NEWNEIGH message received: 28
10-28 11:52:39.942 812-812/? E/cnss-daemon: Stale or unreachable neighbors, ndm state: 4
10-28 11:52:40.181 15245-15344/com.mi.liveassistant W/WatchSdk_com.mi.liveassistant: [15245] 158. (AppNetworkUtils.java:85)     NetWorkHorse resultList[61.162.231.5=41.7, 61.162.231.2=42.36, 61.162.231.4=45.1, 61.162.231.3=45.24, 61.162.231.1=45.279999999999994]
10-28 11:52:40.185 15245-15344/com.mi.liveassistant W/WatchSdk_com.mi.liveassistant: [15245] 158. (AppNetworkUtils.java:93)     NetWorkHorseList[61.162.231.5, 61.162.231.2, 61.162.231.4, 61.162.231.3, 61.162.231.1]
10-28 11:52:40.188 15245-15245/com.mi.liveassistant W/WatchSdk_com.mi.liveassistant: [15245] 1. (PreDnsManager.java:270)     PreDnsManager: fetchIpSetForDomainList done host=playback.ks.zb.mi.com, localIpSet=[], httpIpSet=[61.162.231.5, 61.162.231.2, 61.162.231.4, 61.162.231.3, 61.162.231.1]
10-28 11:52:40.192 15245-15344/com.mi.liveassistant W/WatchSdk_com.mi.liveassistant: [15245] 158. (PreDnsManager.java:303)     PreDnsManager: getHttpDnsIpSet domain=v2.ks.zb.mi.com
10-28 11:52:40.196 15245-15344/com.mi.liveassistant W/WatchSdk_com.mi.liveassistant: [15245] 158. (DnsPodUtils.java:37)     com.base.l.g.a start dnspod
10-28 11:52:40.204 15245-15344/com.mi.liveassistant I/Dozen:  url : http://119.29.29.29/d, str params : id=131&ttl=1&dn=6e8634e4e411379d579691ee570a481f
10-28 11:52:40.288 812-812/? I/cnss-daemon: RTM_NEWNEIGH message received: 28
10-28 11:52:40.289 812-812/? E/cnss-daemon: Stale or unreachable neighbors, ndm state: 4
10-28 11:52:40.361 15245-15344/com.mi.liveassistant I/com.base.l.g.c: http POST Response Code: 200
10-28 11:52:40.373 15245-15344/com.mi.liveassistant W/WatchSdk_com.mi.liveassistant: [15245] 158. (DnsPodUtils.java:39)     com.base.l.g.a http://119.29.29.29/d?dn=6e8634e4e411379d579691ee570a481f&id=131&ttl=1 result=b7fed7eacabf97bd6b5a81b79ceb7a05abf76a2e5d619af6a7b8ebb05b4ce70af60aec994159e204b918d72a8d68e3280f1a1f942c844c11b7fed7eacabf97bd5cad69565af890b40c5978b564535d941c3bb0107f7ac4fce6228895acee6266
10-28 11:52:40.383 15245-15344/com.mi.liveassistant W/WatchSdk_com.mi.liveassistant: [15245] 158. (DnsPodUtils.java:43)     com.base.l.g.a decryptedString=123.134.95.156;60.217.25.20;123.134.95.154;60.217.25.21;123.134.95.157;123.134.95.155,32
10-28 11:52:40.389 15245-15344/com.mi.liveassistant W/WatchSdk_com.mi.liveassistant: [15245] 158. (PreDnsManager.java:327)     PreDnsManager: getHttpDnsIpSet domain=v2.ks.zb.mi.com, ipList=[123.134.95.156, 60.217.25.20, 123.134.95.154, 60.217.25.21, 123.134.95.157, 123.134.95.155]
10-28 11:52:40.394 15245-15344/com.mi.liveassistant W/WatchSdk_com.mi.liveassistant: [15245] 158. (PreDnsManager.java:281)     PreDnsManager: getLocalDnsIpSet domain=v2.ks.zb.mi.com
10-28 11:52:40.494 15245-15344/com.mi.liveassistant W/WatchSdk_com.mi.liveassistant: [15245] 158. (PreDnsManager.java:296)     PreDnsManager: getLocalDnsIpSet domain=v2.ks.zb.mi.com, ipList=[123.134.95.156, 60.217.25.21, 123.134.95.157, 123.134.95.154, 123.134.95.155, 60.217.25.20]
10-28 11:52:40.573 763-1547/? E/Parcel: Reading a NULL string not supported here.
10-28 11:52:40.576 763-1547/? E/Parcel: Reading a NULL string not supported here.
10-28 11:52:40.586 763-1547/? E/Parcel: Reading a NULL string not supported here.
10-28 11:52:40.587 763-1547/? E/Parcel: Reading a NULL string not supported here.
10-28 11:52:40.589 763-1547/? E/Parcel: Reading a NULL string not supported here.
10-28 11:52:40.591 763-1547/? E/Parcel: Reading a NULL string not supported here.
10-28 11:52:40.596 812-812/? I/cnss-daemon: RTM_NEWNEIGH message received: 28
10-28 11:52:40.596 812-812/? E/cnss-daemon: Stale or unreachable neighbors, ndm state: 4
10-28 11:52:41.252 812-812/? I/cnss-daemon: RTM_NEWNEIGH message received: 28
10-28 11:52:41.252 812-812/? E/cnss-daemon: Stale or unreachable neighbors, ndm state: 4
10-28 11:52:41.437 812-812/? I/cnss-daemon: RTM_NEWNEIGH message received: 28
10-28 11:52:41.438 812-812/? E/cnss-daemon: Stale or unreachable neighbors, ndm state: 4
10-28 11:52:41.610 15245-15344/com.mi.liveassistant W/WatchSdk_com.mi.liveassistant: [15245] 158. (AppNetworkUtils.java:85)     NetWorkHorse resultList[123.134.95.157=34.08, 123.134.95.156=35.18, 60.217.25.21=35.36, 123.134.95.155=35.42, 123.134.95.154=36.040000000000006, 60.217.25.20=37.739999999999995]
10-28 11:52:41.612 15245-15344/com.mi.liveassistant W/WatchSdk_com.mi.liveassistant: [15245] 158. (AppNetworkUtils.java:93)     NetWorkHorseList[123.134.95.157, 123.134.95.156, 60.217.25.21, 123.134.95.155, 123.134.95.154, 60.217.25.20]
10-28 11:52:41.617 15245-15245/com.mi.liveassistant W/WatchSdk_com.mi.liveassistant: [15245] 1. (PreDnsManager.java:270)     PreDnsManager: fetchIpSetForDomainList done host=v2.ks.zb.mi.com, localIpSet=[], httpIpSet=[123.134.95.157, 123.134.95.156, 60.217.25.21, 123.134.95.155, 123.134.95.154, 60.217.25.20]
10-28 11:52:41.622 15245-15344/com.mi.liveassistant W/WatchSdk_com.mi.liveassistant: [15245] 158. (PreDnsManager.java:303)     PreDnsManager: getHttpDnsIpSet domain=v2.by.zb.mi.com
10-28 11:52:41.625 15245-15344/com.mi.liveassistant W/WatchSdk_com.mi.liveassistant: [15245] 158. (DnsPodUtils.java:37)     com.base.l.g.a start dnspod
10-28 11:52:41.632 15245-15344/com.mi.liveassistant I/Dozen:  url : http://119.29.29.29/d, str params : id=131&ttl=1&dn=159e9da5a37fa764579691ee570a481f
10-28 11:52:41.743 812-812/? I/cnss-daemon: RTM_NEWNEIGH message received: 28
10-28 11:52:41.743 812-812/? E/cnss-daemon: Stale or unreachable neighbors, ndm state: 4
10-28 11:52:41.798 15245-15344/com.mi.liveassistant I/com.base.l.g.c: http POST Response Code: 200
10-28 11:52:41.822 15245-15344/com.mi.liveassistant W/WatchSdk_com.mi.liveassistant: [15245] 158. (DnsPodUtils.java:39)     com.base.l.g.a http://119.29.29.29/d?dn=159e9da5a37fa764579691ee570a481f&id=131&ttl=1 result=34ee42dd4c739e54dd379bc94a8ca121535dd05096e78432fa2dd605e71e4fc4e6228895acee6266
10-28 11:52:41.827 15245-15344/com.mi.liveassistant W/WatchSdk_com.mi.liveassistant: [15245] 158. (DnsPodUtils.java:43)     com.base.l.g.a decryptedString=61.156.243.245;123.128.14.216,55
10-28 11:52:41.836 15245-15344/com.mi.liveassistant W/WatchSdk_com.mi.liveassistant: [15245] 158. (PreDnsManager.java:327)     PreDnsManager: getHttpDnsIpSet domain=v2.by.zb.mi.com, ipList=[61.156.243.245, 123.128.14.216]
10-28 11:52:41.839 15245-15344/com.mi.liveassistant W/WatchSdk_com.mi.liveassistant: [15245] 158. (PreDnsManager.java:281)     PreDnsManager: getLocalDnsIpSet domain=v2.by.zb.mi.com
10-28 11:52:41.886 1983-1983/? D/wpa_supplicant: wlan0: Control interface command 'SCAN TYPE=ONLY freq=2422'
10-28 11:52:41.886 1983-1983/? D/wpa_supplicant: wlan0: Setting scan request: 0.000000 sec
10-28 11:52:41.886 1983-1983/? D/wpa_supplicant: wlan0: Starting AP scan for wildcard SSID
10-28 11:52:41.887 1983-1983/? D/wpa_supplicant: wlan0: Limit manual scan to specified channels
10-28 11:52:41.887 1983-1983/? D/wpa_supplicant: wlan0: Add radio work 'scan'@0x7f9ce2e360
10-28 11:52:41.887 1983-1983/? D/wpa_supplicant: wlan0: First radio work item in the queue - schedule start immediately
10-28 11:52:41.888 1983-1983/? D/wpa_supplicant: wlan0: Starting radio work 'scan'@0x7f9ce2e360 after 0.000314 second wait
10-28 11:52:41.888 1983-1983/? D/wpa_supplicant: wlan0: nl80211: scan request
10-28 11:52:41.888 1983-1983/? D/wpa_supplicant: nl80211: Scan SSID - hexdump(len=0): [NULL]
10-28 11:52:41.888 1983-1983/? D/wpa_supplicant: nl80211: Scan extra IEs - hexdump(len=7): 7f 05 00 00 0a 02 01
10-28 11:52:41.889 1983-1983/? D/wpa_supplicant: nl80211: Scan frequency 2422 MHz
10-28 11:52:41.892 1983-1983/? D/wpa_supplicant: Scan requested (ret=0) - scan timeout 30 seconds
10-28 11:52:41.892 1983-1983/? D/wpa_supplicant: nl80211: Event message available
10-28 11:52:41.893 1983-1983/? D/wpa_supplicant: nl80211: Drv Event 33 (NL80211_CMD_TRIGGER_SCAN) received for wlan0
10-28 11:52:41.893 1983-1983/? D/wpa_supplicant: wlan0: nl80211: Scan trigger
10-28 11:52:41.893 2850-2850/com.miui.powerkeeper:service I/PowerKeeperBackgroundService: onStartCommand()
10-28 11:52:41.893 1983-1983/? D/wpa_supplicant: wlan0: Event SCAN_STARTED (47) received
10-28 11:52:41.893 2850-2850/com.miui.powerkeeper:service I/PowerKeeperService: onAlarm
10-28 11:52:41.893 1983-1983/? D/wpa_supplicant: wlan0: Own scan request started a scan in 0.000918 seconds
10-28 11:52:41.895 2850-3176/com.miui.powerkeeper:service D/HideModeStateMachine: onAlarmHappen, elapsedRealtime = 151827089ms
10-28 11:52:41.896 2850-3688/com.miui.powerkeeper:service D/AppActiveChecker: onAlarmHappen, elapsedRealtime = 151827089ms
10-28 11:52:41.897 2850-3689/com.miui.powerkeeper:service D/DeviceIdleAppRuleChecker: onAlarmHappen, elapsedRealtime = 151827089ms
10-28 11:52:41.897 2850-3696/com.miui.powerkeeper:service D/KillProcessAppRuleChecker: onAlarmHappen, elapsedRealtime = 151827089ms
10-28 11:52:41.899 2850-3714/com.miui.powerkeeper:service D/ActiveStateController: onAlarmHappen, elapsedRealtime = 151827089ms
10-28 11:52:41.907 812-812/? I/cnss-daemon: RTM_NEWNEIGH message received: 28
10-28 11:52:41.907 812-812/? E/cnss-daemon: Stale or unreachable neighbors, ndm state: 4
10-28 11:52:41.932 15245-15344/com.mi.liveassistant W/WatchSdk_com.mi.liveassistant: [15245] 158. (PreDnsManager.java:296)     PreDnsManager: getLocalDnsIpSet domain=v2.by.zb.mi.com, ipList=[123.128.14.232, 218.59.209.20, 61.156.243.245, 61.156.243.243]
10-28 11:52:41.970 763-1547/? E/Parcel: Reading a NULL string not supported here.
10-28 11:52:41.974 763-1547/? E/Parcel: Reading a NULL string not supported here.
10-28 11:52:42.114 1983-1983/? D/wpa_supplicant: nl80211: Event message available
10-28 11:52:42.114 1983-1983/? D/wpa_supplicant: nl80211: Drv Event 34 (NL80211_CMD_NEW_SCAN_RESULTS) received for wlan0
10-28 11:52:42.115 1983-1983/? D/wpa_supplicant: wlan0: nl80211: New scan results available
10-28 11:52:42.115 1983-1983/? D/wpa_supplicant: nl80211: Scan included frequencies: 2422
10-28 11:52:42.115 1983-1983/? D/wpa_supplicant: wlan0: Event SCAN_RESULTS (3) received
10-28 11:52:42.115 1983-1983/? D/wpa_supplicant: wlan0: Scan completed in 0.222011 seconds
10-28 11:52:42.116 1983-1983/? D/wpa_supplicant: nl80211: Associated on 2422 MHz
10-28 11:52:42.116 1983-1983/? D/wpa_supplicant: nl80211: Associated with ec:6c:9f:34:d4:5d
10-28 11:52:42.117 1983-1983/? D/wpa_supplicant: nl80211: Received scan results (23 BSSes)
10-28 11:52:42.117 1983-1983/? D/wpa_supplicant: nl80211: Scan results indicate BSS status with ec:6c:9f:34:d4:5d as associated
10-28 11:52:42.117 1983-1983/? D/wpa_supplicant: wlan0: BSS: Start scan result update 81
10-28 11:52:42.122 1983-1983/? D/wpa_supplicant: BSS: last_scan_res_used=23/64
10-28 11:52:42.122 1983-1983/? D/wpa_supplicant: wlan0: Scan-only results received
10-28 11:52:42.123 1983-1983/? D/wpa_supplicant: wlan0: Radio work 'scan'@0x7f9ce2e360 done in 0.235435 seconds
10-28 11:52:42.123 1983-1983/? D/wpa_supplicant: wlan0: radio_work_free('scan'@0x7f9ce2e360: num_active_works --> 0
10-28 11:52:42.124 1983-1983/? D/wpa_supplicant: wlan0: Control interface command 'SCAN_RESULTS'
10-28 11:52:42.128 1983-1983/? D/wpa_supplicant: wlan0: Control interface command 'SCAN_RESULTS'
10-28 11:52:42.142 1393-1649/system_process D/WifiNative-HAL: Inconsistent SSID on BSSID '88:25:93:60:27:1d': '401里屋' vs '401ÀïÎÝ': ie=0007343031c0efcedd010882848b960c12182403010b2a010032043048606c2d1aac011bffffff00000000000000000001000000000000000000003d160b0f06000000000000000000000000000000000000004a0e14000a002c01c8001400050019007f080100000000000040dd180050f2020101800003a4000027a4000042435e0062322f00dd0900037f01010000ff7f30140100000fac040100000fac040100000fac020000dd160050f20101000050f20401000050f20401000050f202dd0f00a0c60001000046100000e4b51885
10-28 11:52:42.144 1393-1651/system_process D/WifiNative-HAL: Inconsistent SSID on BSSID '88:25:93:60:27:1d': '401里屋' vs '401ÀïÎÝ': ie=0007343031c0efcedd010882848b960c12182403010b2a010032043048606c2d1aac011bffffff00000000000000000001000000000000000000003d160b0f06000000000000000000000000000000000000004a0e14000a002c01c8001400050019007f080100000000000040dd180050f2020101800003a4000027a4000042435e0062322f00dd0900037f01010000ff7f30140100000fac040100000fac040100000fac020000dd160050f20101000050f20401000050f20401000050f202dd0f00a0c60001000046100000e4b51885
10-28 11:52:42.162 1393-1649/system_process D/WifiQualifiedNetworkSelector:: ==========start qualified Network Selection==========
10-28 11:52:42.163 1393-1649/system_process D/WifiQualifiedNetworkSelector:: Current network is: "kookong" ,ID is: 0
10-28 11:52:42.163 1393-1649/system_process D/WifiQualifiedNetworkSelector:: Quit qualified Network Selection since it is not forced and current network is qualified already
10-28 11:52:42.181 2792-4046/com.xiaomi.metoknlp D/GeoFencingWifi: handleWifiScanDoneLocked availableWifis size=25,wifiChanged=false,newConnected=false
10-28 11:52:42.255 812-812/? I/cnss-daemon: RTM_NEWNEIGH message received: 28
10-28 11:52:42.255 812-812/? E/cnss-daemon: Stale or unreachable neighbors, ndm state: 4
10-28 11:52:42.584 812-812/? I/cnss-daemon: RTM_NEWNEIGH message received: 28
10-28 11:52:42.584 812-812/? E/cnss-daemon: Stale or unreachable neighbors, ndm state: 4
10-28 11:52:42.729 1983-1983/? D/wpa_supplicant: wlan0: Control interface command 'SIGNAL_POLL'
10-28 11:52:42.744 1729-1729/com.android.systemui D/StatusBar.NetworkController: slot=-10;action=android.net.wifi.RSSI_CHANGED
