10-28 11:52:17.712 1698-1951/com.android.bluetooth I/BluetoothBondStateMachine: Entering PendingCommandState State
10-28 11:52:17.714 1698-1840/com.android.bluetooth E/BluetoothRemoteDevices: state12newState0
10-28 11:52:17.714 1698-1840/com.android.bluetooth D/BluetoothRemoteDevices: aclStateChangeCallback: State:Connected to Device:3C:A0:67:B4:E9:26
10-28 11:52:17.716 2568-2597/com.miui.whetstone D/BroadcastLimitPolicy: [ALLOW] [broadcast] callerPackage com.android.bluetooth start process with Intent { act=android.bluetooth.device.action.BOND_STATE_CHANGED flg=0x10 (has extras) } componentName com.android.settings/com.android.settings.bluetooth.BluetoothPairingRequest [reason:2]
10-28 11:52:17.717 1729-2005/com.android.systemui E/BluetoothEventManager: Got bonding state changed for 3C:A0:67:B4:E9:26, but we have no record of that device.
10-28 11:52:17.734 1393-1457/system_process I/ActivityManager: Start proc 14939:com.android.settings/1000 for broadcast com.android.settings/.bluetooth.BluetoothPairingRequest caller=com.android.bluetooth
10-28 11:52:17.738 14749-14749/jp.kshoji.blehid.sample D/HidPeripheral: onReceive ##### : android.bluetooth.device.action.PAIRING_REQUEST
10-28 11:52:17.738 14749-14749/jp.kshoji.blehid.sample D/HidPeripheral: 3C:A0:67:B4:E9:26
10-28 11:52:17.738 14749-14749/jp.kshoji.blehid.sample D/HidPeripheral: BluetoothDevice.ACTION_PAIRING_REQUEST
10-28 11:52:17.740 14749-14749/jp.kshoji.blehid.sample D/HidPeripheral: onReceive @@@@@@@ action: android.bluetooth.device.action.PAIRING_REQUEST
10-28 11:52:17.741 14749-14749/jp.kshoji.blehid.sample D/HidPeripheral: BluetoothDevice.ACTION_PAIRING_REQUEST
10-28 11:52:17.745 2568-2587/com.miui.whetstone D/BroadcastLimitPolicy: [ALLOW] [broadcast] callerPackage com.android.bluetooth start process with Intent { act=android.bluetooth.device.action.PAIRING_REQUEST flg=0x10000010 (has extras) } componentName com.android.settings/com.android.settings.bluetooth.BluetoothPairingRequest [reason:2]
10-28 11:52:17.769 14939-14939/? V/BoostFramework: BoostFramework() : mPerf = com.qualcomm.qti.Performance@eba637b
10-28 11:52:17.782 1393-1458/system_process V/UidProcStateHelper: process state changed:[14939,1000,11]
10-28 11:52:17.802 14939-14939/com.android.settings W/System: ClassLoader referenced unknown path: /system/priv-app/Settings/lib/arm64
10-28 11:52:17.821 14939-14939/com.android.settings D/miuisdk: current sdk level is 11
                                                               
                                                               [ 10-28 11:52:17.822 14939:14939 D/         ]
                                                               InitMiuiSdkHookClasses
                                                               
                                                               [ 10-28 11:52:17.822 14939:14939 I/         ]
                                                               create_mem miui-classproxy page:0x7f82ff2000, size:4096
                                                               
                                                               [ 10-28 11:52:17.826 14939:14939 I/         ]
                                                               Never hook EnableMethodTracing
                                                               
                                                               [ 10-28 11:52:17.826 14939:14939 I/         ]
                                                               Never hook DisableMethodTracing
                                                               
                                                               [ 10-28 11:52:17.826 14939:14939 I/         ]
                                                               sConfigureStubsHookFlag is 0x3, so we must hook ConfigureStubs for methodtracing
                                                               
                                                               [ 10-28 11:52:17.826 14939:14939 I/         ]
                                                               Hook ConfigureStubs
                                                               
                                                               [ 10-28 11:52:17.826 14939:14939 I/         ]
                                                               create_mem miui-classproxy page:0x7f82ff0000, size:4096
10-28 11:52:17.847 14939-14939/com.android.settings D/MI_STAT: initialize com.android.settings, 2882303761517161661, Mi Note 2, false
10-28 11:52:17.859 1393-1471/system_process D/BluetoothManagerService: Message: 20
10-28 11:52:17.859 1393-1471/system_process D/BluetoothManagerService: Added callback: android.bluetooth.IBluetoothManagerCallback$Stub$Proxy@c41750a:true
10-28 11:52:17.895 14939-14939/com.android.settings D/LocalBluetoothProfileManager: Adding local A2DP SRC profile
10-28 11:52:17.899 1393-1471/system_process D/BluetoothManagerService: Message: 30
10-28 11:52:17.908 14939-14939/com.android.settings D/LocalBluetoothProfileManager: Adding local HEADSET profile
10-28 11:52:17.911 1393-1471/system_process D/BluetoothManagerService: Message: 30
10-28 11:52:17.918 14939-14939/com.android.settings D/LocalBluetoothProfileManager: Handsfree Uuid not found.
10-28 11:52:17.922 1393-1471/system_process D/BluetoothManagerService: Message: 30
10-28 11:52:17.931 1393-1471/system_process D/BluetoothManagerService: Message: 30
10-28 11:52:17.936 14939-14939/com.android.settings D/LocalBluetoothProfileManager: Adding local MAP profile
10-28 11:52:17.937 14939-14939/com.android.settings D/BluetoothMap: Create BluetoothMap proxy object
10-28 11:52:17.939 1393-1471/system_process D/BluetoothManagerService: Message: 30
10-28 11:52:17.947 1393-1471/system_process D/BluetoothManagerService: Message: 30
10-28 11:52:17.953 14939-14939/com.android.settings D/LocalBluetoothProfileManager: LocalBluetoothProfileManager construction complete
10-28 11:52:17.959 14939-14939/com.android.settings V/LocalBluetoothPreferences: Found no reason to show the dialog - do not show dialog.
10-28 11:52:17.970 1393-1658/system_process D/LockBoost: tid=1658, prevPriority=0
10-28 11:52:17.970 1393-1658/system_process D/LockBoost: thread tid=1658 priority is boosted to -2
10-28 11:52:17.973 1393-1658/system_process D/LockBoost: thread tid=1658 priority is reset to 0
10-28 11:52:17.977 1393-1458/system_process V/UidProcStateHelper: process state changed:[14939,1000,16]
10-28 11:52:17.978 1729-1729/com.android.systemui D/StatusBar: onNotificationPosted:  Key: 0|com.android.settings|17301632|null|1000 GroupKey: 0|com.android.settings|17301632|null|1000 Connected: true
10-28 11:52:17.978 1393-1457/system_process I/ActiveServicesInjector: Low priority start of: ServiceRecord{6818f0c u0 com.miui.core/com.miui.internal.server.CoreService}
10-28 11:52:17.978 1729-1729/com.android.systemui D/StatusBar:  GroupChild: false  GroupsContainsKey: false  IsUpdate: false IsGroupSummary: false hasIcon: true
10-28 11:52:17.980 1729-1729/com.android.systemui V/ExpandedNotification: push score:0.0, local score:0.9999185856455488, pkg:com.android.settings
10-28 11:52:17.981 1729-1729/com.android.systemui D/PhoneStatusBar: addNotification pkg=com.android.settings;basepkg=com.android.settings;id=17301632
10-28 11:52:17.982 1393-1762/system_process V/NotificationService: pkg=com.android.settings canInterrupt=false intercept=true
10-28 11:52:17.982 1729-1729/com.android.systemui D/StatusBar: addNotificationViews(key=android.os.Binder@873c749, notification=StatusBarNotification(pkg=com.android.settings user=UserHandle{0} id=17301632 tag=null key=0|com.android.settings|17301632|null|1000: Notification(pri=0 contentView=null vibrate=null sound=default tick defaults=0x1 flags=0x10 color=0xff607d8b vis=PRIVATE))
10-28 11:52:17.991 14939-14939/com.android.settings D/BluetoothA2dp: Proxy object connected
10-28 11:52:17.999 1729-1729/com.android.systemui W/ProgressBarDelegate: Unknown Drawable subclass, src=android.graphics.drawable.ScaleDrawable@42e6c2d
10-28 11:52:17.999 1729-1729/com.android.systemui W/ProgressBarDelegate: Unknown Drawable subclass, src=android.graphics.drawable.ScaleDrawable@487f562
10-28 11:52:18.002 1698-5015/com.android.bluetooth D/A2dpStateMachine: Enter getConnectedDevices() 
10-28 11:52:18.002 1698-5015/com.android.bluetooth I/A2dpStateMachine: mConnectedDevicesList size is 0
10-28 11:52:18.002 1698-5015/com.android.bluetooth D/A2dpStateMachine: Exit getConnectedDevices() 
10-28 11:52:18.002 14939-14939/com.android.settings D/BluetoothHeadset: Proxy object connected
10-28 11:52:18.003 14939-14939/com.android.settings D/HeadsetProfile: Bluetooth service connected
10-28 11:52:18.003 14939-14939/com.android.settings D/BluetoothHeadset: getConnectedDevices()
10-28 11:52:18.006 14939-14939/com.android.settings D/BluetoothInputDevice: Proxy object connected
10-28 11:52:18.007 14939-14939/com.android.settings D/HidProfile: Bluetooth service connected
10-28 11:52:18.011 14939-14939/com.android.settings D/BluetoothPan: BluetoothPAN Proxy object connected
10-28 11:52:18.011 14939-14939/com.android.settings D/PanProfile: Bluetooth service connected
10-28 11:52:18.011 14939-14939/com.android.settings D/BluetoothMap: Proxy object connected
10-28 11:52:18.012 1393-2554/system_process W/ActivityManager: Sending non-protected broadcast android.intent.action.APPLICATION_MESSAGE_UPDATE from system 1729:com.android.systemui/1000 pkg com.android.systemui. Callers=
10-28 11:52:18.012 1393-2554/system_process W/ActivityManager: Sending non-protected broadcast android.intent.action.APPLICATION_MESSAGE_UPDATE from system 1729:com.android.systemui/1000 pkg com.android.systemui. Callers=
10-28 11:52:18.012 14939-14939/com.android.settings D/MapProfile: Bluetooth service connected
10-28 11:52:18.012 14939-14939/com.android.settings D/BluetoothMap: getConnectedDevices()
10-28 11:52:18.012 2386-2386/com.miui.home I/Launcher.ApplicationsMessage: onReceive
10-28 11:52:18.012 1729-1729/com.android.systemui D/PhoneStatusBar: com.android.settings Notification is floating
10-28 11:52:18.012 2386-2386/com.miui.home I/Launcher.ApplicationsMessage: update com.android.settings/ to 1
10-28 11:52:18.015 14939-14939/com.android.settings D/BluetoothPbap: Proxy object connected
10-28 11:52:18.016 14939-14939/com.android.settings D/PbapServerProfile: Bluetooth service connected
10-28 11:52:18.024 1729-1729/com.android.systemui W/ProgressBarDelegate: Unknown Drawable subclass, src=android.graphics.drawable.ScaleDrawable@92d3bbe
10-28 11:52:18.025 1729-1729/com.android.systemui W/ProgressBarDelegate: Unknown Drawable subclass, src=android.graphics.drawable.ScaleDrawable@36a841f
10-28 11:52:18.053 1729-1729/com.android.systemui D/SizeAdaptiveLayout: com.android.internal.widget.SizeAdaptiveLayout{91dc610 V.E...... ......I. 0,0-0,0 #7f0d014c app:id/adaptive}child view android.widget.LinearLayout{54c4728 G.E...... R.....I. 0,0-0,0 #10203ad android:id/status_bar_latest_event_content} measured out of bounds at 172px clamped to 173px
10-28 11:52:18.596 1983-1983/? D/wpa_supplicant: wlan0: Control interface command 'SIGNAL_POLL'
10-28 11:52:18.627 2142-2195/? I/WCNSS_FILTER: ibs_wcnss_bt_device_sleep: TX Awake, Sending SLEEP_IND
10-28 11:52:18.628 2142-2195/? I/WCNSS_FILTER: ibs_msm_serial_clock_vote: vote UART CLK OFF using UART driver's ioctl()
10-28 11:52:18.628 2142-2195/? D/WCNSS_FILTER: wcnss_release_wakelock
10-28 11:52:18.629 2142-2195/? I/WCNSS_FILTER: vote=1,new_vote =0, old_tx_vote=1, old_rx_vote=0
10-28 11:52:19.143 1393-2553/system_process I/SplashScreenServiceDelegate: None for com.android.settings
10-28 11:52:19.143 1393-2553/system_process I/ActivityManager: START u0 {act=android.bluetooth.device.action.PAIRING_REQUEST flg=0x10000000 cmp=com.android.settings/.bluetooth.BluetoothPairingDialog (has extras)} from uid 1000 on display 0
10-28 11:52:19.153 2568-2742/com.miui.whetstone I/WtProcessController: mCurTask:37
10-28 11:52:19.159 1393-2553/system_process D/ActivityTrigger: ActivityTrigger activityPauseTrigger 
10-28 11:52:19.162 1729-4893/com.android.systemui W/KeyguardViewMediator: verifyUnlock called when not externally disabled
10-28 11:52:19.162 1393-3280/system_process V/KeyguardServiceDelegate: **** onKeyguardExitResult(false) CALLED ****
10-28 11:52:19.164 1393-1939/system_process D/ui-boost: boost uithread for app=com.android.settings
10-28 11:52:19.165 1393-1939/system_process D/ui-boost: reset uithread for app=jp.kshoji.blehid.sample
10-28 11:52:19.165 1393-1939/system_process D/ui-boost: reset renderthread for app=jp.kshoji.blehid.sample, tid=14785
10-28 11:52:19.165 1729-1729/com.android.systemui D/StatusBar: onNotificationRemoved:  Key: 0|com.android.settings|17301632|null|1000
10-28 11:52:19.166 1729-1729/com.android.systemui D/StatusBar: removeNotificationViews(key=android.os.Binder@873c749)
10-28 11:52:19.167 1729-1729/com.android.systemui D/PhoneStatusBar: removeNotification key=android.os.Binder@873c749 keyCode=141805385 old=StatusBarNotification(pkg=com.android.settings user=UserHandle{0} id=17301632 tag=null key=0|com.android.settings|17301632|null|1000: Notification(pri=0 contentView=null vibrate=null sound=default tick defaults=0x1 flags=0x10 color=0xff607d8b vis=PRIVATE))
10-28 11:52:19.168 1393-1939/system_process I/Timeline: Timeline: App_transition_ready time:9796389
10-28 11:52:19.168 2850-3187/com.miui.powerkeeper:service D/PowerKeeper.Event: notifyForegroundCompomentChanged ComponentInfo{com.android.settings/com.android.settings.bluetooth.BluetoothPairingDialog}
10-28 11:52:19.168 2850-3241/com.miui.powerkeeper:service D/PowerStateMachine: eventMessage id:100 name:foreground
10-28 11:52:19.169 1393-1458/system_process V/UidProcStateHelper: process state changed:[14939,1000,2]
10-28 11:52:19.169 1393-1458/system_process V/UidProcStateHelper: process state changed:[1698,1002,3]
10-28 11:52:19.170 2568-2742/com.miui.whetstone I/WtProcessController: MOVE TO FOREGROUND: com.android.settings 1000
10-28 11:52:19.170 2850-3120/com.miui.powerkeeper:service D/ProcessObserver: onForegroundActivitiesChanged, pid: 14939 uid: 1000 foregroundActivities: true
10-28 11:52:19.170 2850-3120/com.miui.powerkeeper:service D/ProcessObserver: Uid: 1000 Foreground
10-28 11:52:19.170 2568-2742/com.miui.whetstone I/StatusController: Last foreground:jp.kshoji.blehid.sample uid:10048 Current foreground:com.android.settings uid:1000
10-28 11:52:19.170 1393-3286/system_process W/ActivityManager: Sending non-protected broadcast android.intent.action.APPLICATION_MESSAGE_UPDATE from system 1729:com.android.systemui/1000 pkg com.android.systemui. Callers=
10-28 11:52:19.170 2850-3120/com.miui.powerkeeper:service D/ProcessObserver: Uid: 1000 ForePreTask
10-28 11:52:19.170 1393-3286/system_process W/ActivityManager: Sending non-protected broadcast android.intent.action.APPLICATION_MESSAGE_UPDATE from system 1729:com.android.systemui/1000 pkg com.android.systemui. Callers=
10-28 11:52:19.171 2568-2742/com.miui.whetstone I/WtProcessController: FOREGROUND INFO: name=com.android.settings uid=1000 pid=14939 TaskId:37
10-28 11:52:19.171 2850-3176/com.miui.powerkeeper:service D/HideModeStateMachine: updateForForegroundUidChangedLocked: uid = 1000 foreground = true
10-28 11:52:19.171 2850-3176/com.miui.powerkeeper:service D/HideModeStateMachine: updateForForegroundPreTaskUidChangedLocked: uid = 1000 foreground = true
10-28 11:52:19.171 2850-3224/com.miui.powerkeeper:service D/PowerCheckerService: updateForFgUidChangedLocked, mScreenOn = true uid = 1000 foreground = true
10-28 11:52:19.172 2386-2386/com.miui.home I/Launcher.ApplicationsMessage: onReceive
10-28 11:52:19.172 2386-2386/com.miui.home I/Launcher.ApplicationsMessage: update com.android.settings/ to null
10-28 11:52:19.172 2850-3224/com.miui.powerkeeper:service D/PowerChecker.BaStats: uid = 1000, uidForeground = true, lastBytes = 1601646, curBytes = 1704220, deltaBytes = 102574
10-28 11:52:19.173 2403-2403/com.xiaomi.xmsf W/PushService: 2017-10-28 11:52:19,173 - [WARN::PushService] - [Thread:1] TinyData cache data to file begin itemId:QwUrZ-118
10-28 11:52:19.175 2850-3120/com.miui.powerkeeper:service D/ProcessObserver: onScreenAppChanged, FgUid: 1000, FgPackageName: com.android.settings, foreground: true
10-28 11:52:19.175 2850-3120/com.miui.powerkeeper:service D/ProcessObserver: onScreenAppChanged, PreTaskUid: 10048, PreTaskPackageName: jp.kshoji.blehid.sample, foreground: true
10-28 11:52:19.179 2403-2403/com.xiaomi.xmsf W/PushService: 2017-10-28 11:52:19,179 - [WARN::PushService] - [Thread:1] TinyData cache data to file begin itemId:QwUrZ-119
10-28 11:52:19.181 2403-4265/com.xiaomi.xmsf D/PushService: 2017-10-28 11:52:19,181 - [DEBUG::PushService] - com.xiaomi.joyoseis system app. StatService
10-28 11:52:19.183 2403-3902/com.xiaomi.xmsf D/PushService: 2017-10-28 11:52:19,183 - [DEBUG::PushService] - com.xiaomi.joyoseis system app. StatService
10-28 11:52:19.185 14939-14982/com.android.settings W/System: ClassLoader referenced unknown path: /system/app/MiuiContentCatcher/lib/arm64
10-28 11:52:19.191 14939-14939/com.android.settings D/AccessibilityManager: current package=com.android.settings, accessibility manager mIsFinalEnabled=false, mOptimizeEnabled=true, mIsUiAutomationEnabled=false, mIsInterestedPackage=false
10-28 11:52:19.197 14939-14939/com.android.settings V/BoostFramework: BoostFramework() : mPerf = com.qualcomm.qti.Performance@8419a6a
10-28 11:52:19.197 14939-14939/com.android.settings V/BoostFramework: BoostFramework() : mPerf = com.qualcomm.qti.Performance@8f73b5b
10-28 11:52:19.233 14939-14939/com.android.settings V/BoostFramework: BoostFramework() : mPerf = com.qualcomm.qti.Performance@8679f21
10-28 11:52:19.233 14939-14939/com.android.settings V/BoostFramework: BoostFramework() : mPerf = com.qualcomm.qti.Performance@b20ff46
10-28 11:52:19.258 1393-1429/system_process D/ui-boost: Set RenderThread tid 14983 for pid 14939 name=com.android.settings
10-28 11:52:19.264 14939-14939/com.android.settings D/ActivityThreadInjector: clearCachedDrawables.
10-28 11:52:19.294 1393-3286/system_process I/Timeline: Timeline: App_transition_ready time:9796516
10-28 11:52:19.295 1393-3286/system_process I/Timeline: Timeline: App_transition_ready time:9796517
10-28 11:52:19.297 14939-14983/com.android.settings I/Adreno: QUALCOMM build                   : 620c068, I09d312ff84
                                                              Build Date                       : 08/07/17
                                                              OpenGL ES Shader Compiler Version: XE031.09.00.04
                                                              Local Branch                     : 
                                                              Remote Branch                    : 
                                                              Remote Branch                    : 
                                                              Reconstruct Branch               : 
10-28 11:52:19.300 14939-14983/com.android.settings I/OpenGLRenderer: Initialized EGL, version 1.4
10-28 11:52:19.300 14939-14983/com.android.settings D/OpenGLRenderer: Swap behavior 1
10-28 11:52:19.319 1393-1472/system_process I/Timeline: Timeline: App_transition_ready time:9796540
10-28 11:52:19.319 1393-1472/system_process I/Timeline: Timeline: App_transition_stopped time:9796541
10-28 11:52:19.321 1393-1472/system_process I/ActivityManager: Displayed com.android.settings/.bluetooth.BluetoothPairingDialog: +160ms
10-28 11:52:19.322 1729-1729/com.android.systemui V/PhoneStatusBarPolicy: updateManagedProfile mManagedProfileFocused: false mManagedProfileInQuietMode: false mKeyguardVisible: false mCurrentUserId:0 mCurrentProfileId:0 mSecondSpaceStatusIconVisible: true showIcon:false
10-28 11:52:19.343 1393-2726/system_process I/SplashScreenServiceDelegate: None for com.android.settings
10-28 11:52:19.366 1393-3291/system_process I/WindowManager: Destroying surface Surface(name=FloatNotificationPanel) called by com.android.server.wm.WindowStateAnimator.destroySurface:2043 com.android.server.wm.WindowStateAnimator.destroySurfaceLocked:895 com.android.server.wm.WindowState.destroyOrSaveSurface:2125 com.android.server.wm.WindowManagerService.tryStartExitingAnimation:3152 com.android.server.wm.WindowManagerService.relayoutWindow:3032 com.android.server.wm.Session.relayout:224 android.view.IWindowSession$Stub.onTransact:286 com.android.server.wm.Session.onTransact:145 
10-28 11:52:19.571 1393-1472/system_process I/Timeline: Timeline: Activity_windows_visible id: ActivityRecord{5c45e55 u0 com.android.settings/.bluetooth.BluetoothPairingDialog t37} time:9796793
10-28 11:52:20.086 14939-14939/com.android.settings V/BoostFramework: BoostFramework() : mPerf = com.qualcomm.qti.Performance@e9167e
10-28 11:52:20.158 1698-2200/com.android.bluetooth W/bt_smp: io_cap = 4
10-28 11:52:20.158 1698-2200/com.android.bluetooth W/bt_smp: rcvd auth_req: 0x0d, io_cap: 4                         loc_oob_flag: 0 loc_enc_size: 16,local_i_key: 0x0f, local_r_key: 0x0f
10-28 11:52:20.158 1698-2200/com.android.bluetooth W/bt_smp: lmp_version_below cannot retrieve LMP version...
10-28 11:52:20.158 1698-2200/com.android.bluetooth W/bt_smp: set auth_req: 0x0d, local_i_key: 0x0f, local_r_key: 0x0f
10-28 11:52:20.158 2142-2144/? I/WCNSS_FILTER: ibs_msm_serial_clock_vote: vote UART CLK ON using UART driver's ioctl()
10-28 11:52:20.160 2142-2144/? D/WCNSS_FILTER: wcnss_acquire_wakelock
10-28 11:52:20.160 2142-2144/? I/WCNSS_FILTER: vote=0,new_vote =1, old_tx_vote=0, old_rx_vote=0
10-28 11:52:20.160 2142-2144/? I/WCNSS_FILTER: ibs_bt_device_wakeup: Writing IBS_WAKE_IND
10-28 11:52:20.160 2142-2142/? I/WCNSS_FILTER: ibs_recv_ibs_cmd: Received IBS_WAKE_ACK: 0xFC
10-28 11:52:20.176 1393-2349/system_process D/ActivityTrigger: ActivityTrigger activityPauseTrigger 
10-28 11:52:20.181 1393-2554/system_process D/ui-boost: boost uithread for app=jp.kshoji.blehid.sample
10-28 11:52:20.181 1393-2554/system_process D/ui-boost: boost renderthread for app=jp.kshoji.blehid.sample, tid=14785
10-28 11:52:20.182 1393-2554/system_process D/ui-boost: reset uithread for app=com.android.settings
10-28 11:52:20.182 1393-2554/system_process D/ui-boost: reset renderthread for app=com.android.settings, tid=14983
10-28 11:52:20.183 1393-2554/system_process D/ui-boost: reset uithread for app=com.android.bluetooth
10-28 11:52:20.183 1393-2554/system_process D/ui-boost: reset renderthread for app=com.android.bluetooth, tid=17508
10-28 11:52:20.211 2850-3187/com.miui.powerkeeper:service D/PowerKeeper.Event: notifyForegroundCompomentChanged ComponentInfo{jp.kshoji.blehid.sample/jp.kshoji.blehid.sample.MouseActivity}
10-28 11:52:20.211 2568-2742/com.miui.whetstone I/WtProcessController: MOVE TO FOREGROUND: jp.kshoji.blehid.sample 10048
10-28 11:52:20.212 2568-2742/com.miui.whetstone I/StatusController: Last foreground:com.android.settings uid:1000 Current foreground:jp.kshoji.blehid.sample uid:10048
10-28 11:52:20.212 2850-3241/com.miui.powerkeeper:service D/PowerStateMachine: eventMessage id:100 name:foreground
10-28 11:52:20.212 2850-3120/com.miui.powerkeeper:service D/ProcessObserver: onScreenAppChanged, FgUid: 10048, FgPackageName: jp.kshoji.blehid.sample, foreground: true
10-28 11:52:20.212 2850-3120/com.miui.powerkeeper:service D/ProcessObserver: onScreenAppChanged, PreTaskUid: 1000, PreTaskPackageName: com.android.settings, foreground: true
10-28 11:52:20.212 2568-2742/com.miui.whetstone I/WtProcessController: FOREGROUND INFO: name=jp.kshoji.blehid.sample uid=10048 pid=14749 TaskId:37
10-28 11:52:20.228 1393-2554/system_process I/Timeline: Timeline: App_transition_ready time:9797450
10-28 11:52:20.228 1393-2554/system_process I/Timeline: Timeline: App_transition_stopped time:9797450
10-28 11:52:20.246 1729-1729/com.android.systemui V/PhoneStatusBarPolicy: updateManagedProfile mManagedProfileFocused: false mManagedProfileInQuietMode: false mKeyguardVisible: false mCurrentUserId:0 mCurrentProfileId:0 mSecondSpaceStatusIconVisible: true showIcon:false
10-28 11:52:20.247 1729-1729/com.android.systemui D/EventBus: [1729, u0] send(AppTransitionFinishedEvent)
10-28 11:52:20.247 1729-1729/com.android.systemui D/EventBus: [1729, u0]  -> ForcedResizableInfoActivityController [0xb41d5c9, P1] onBusEvent(AppTransitionFinishedEvent)
10-28 11:52:20.247 1729-1729/com.android.systemui D/EventBus: [1729, u0] onBusEvent(AppTransitionFinishedEvent) duration: 16 microseconds, avg: 295
10-28 11:52:20.247 1393-2383/system_process I/SplashScreenServiceDelegate: None for jp.kshoji.blehid.sample
10-28 11:52:20.264 1393-2383/system_process D/ui-boost: boost uithread for app=com.android.bluetooth
10-28 11:52:20.264 1393-2383/system_process D/ui-boost: boost renderthread for app=com.android.bluetooth, tid=17508
10-28 11:52:20.266 1393-2383/system_process I/SplashScreenServiceDelegate: None for com.android.settings
10-28 11:52:20.267 1393-1458/system_process V/UidProcStateHelper: process state changed:[1698,1002,6]
10-28 11:52:20.267 1393-1458/system_process V/UidProcStateHelper: process state changed:[14939,1000,16]
10-28 11:52:20.268 2850-3120/com.miui.powerkeeper:service D/ProcessObserver: onForegroundActivitiesChanged, pid: 14939 uid: 1000 foregroundActivities: false
10-28 11:52:20.268 2850-3120/com.miui.powerkeeper:service D/ProcessObserver: Uid: 1000 Background
10-28 11:52:20.268 2850-3176/com.miui.powerkeeper:service D/HideModeStateMachine: updateForForegroundUidChangedLocked: uid = 1000 foreground = false
10-28 11:52:20.268 2850-3224/com.miui.powerkeeper:service D/PowerCheckerService: updateForFgUidChangedLocked, mScreenOn = true uid = 1000 foreground = false
10-28 11:52:20.270 2850-3224/com.miui.powerkeeper:service D/PowerChecker.BaStats: uid = 1000, uidForeground = false, lastBytes = 1704220, curBytes = 1704220, deltaBytes = 0
10-28 11:52:20.452 1393-1472/system_process I/WindowManager: Destroying surface Surface(name=com.android.settings/com.android.settings.bluetooth.BluetoothPairingDialog) called by com.android.server.wm.WindowStateAnimator.destroySurface:2043 com.android.server.wm.WindowStateAnimator.destroySurfaceLocked:895 com.android.server.wm.WindowState.removeLocked:1467 com.android.server.wm.WindowManagerService.removeWindowInnerLocked:2607 com.android.server.wm.AppWindowToken.destroySurfaces:365 com.android.server.wm.WindowStateAnimator.finishExit:565 com.android.server.wm.WindowStateAnimator.stepAnimationLocked:491 com.android.server.wm.WindowAnimator.updateWindowsLocked:313 
10-28 11:52:21.201 2142-2195/? I/WCNSS_FILTER: ibs_wcnss_bt_device_sleep: TX Awake, Sending SLEEP_IND
10-28 11:52:21.201 2142-2195/? I/WCNSS_FILTER: ibs_msm_serial_clock_vote: vote UART CLK OFF using UART driver's ioctl()
10-28 11:52:21.201 2142-2195/? D/WCNSS_FILTER: wcnss_release_wakelock
10-28 11:52:21.201 2142-2195/? I/WCNSS_FILTER: vote=1,new_vote =0, old_tx_vote=1, old_rx_vote=0
10-28 11:52:21.615 1983-1983/? D/wpa_supplicant: wlan0: Control interface command 'SIGNAL_POLL'
10-28 11:52:22.160 459-2368/? E/ANDR-PERF-OPTSHANDLER: perf_lock_rel: updated /sys/class/scsi_host/host0/../../../clkscale_enable with 1
                                                        return value 2
10-28 11:52:24.544 1393-1457/system_process I/ActivityManager: Start proc 15064:android.ext.services/u0a13 for service android.ext.services/.notification.Ranker caller=android
10-28 11:52:24.572 15064-15064/? V/BoostFramework: BoostFramework() : mPerf = com.qualcomm.qti.Performance@335cf0a
10-28 11:52:24.585 1393-1458/system_process V/UidProcStateHelper: process state changed:[15064,10013,3]
10-28 11:52:24.598 15064-15064/android.ext.services W/System: ClassLoader referenced unknown path: /system/priv-app/ExtServices/lib/arm64
10-28 11:52:24.620 1983-1983/? D/wpa_supplicant: wlan0: Control interface command 'SIGNAL_POLL'
10-28 11:52:24.855 2403-2690/com.xiaomi.xmsf W/PushService: 2017-10-28 11:52:24,853 - [WARN::PushService] - [Thread:70] JOB: check the ping-pong.1509162734846
10-28 11:52:27.633 1983-1983/? D/wpa_supplicant: wlan0: Control interface command 'SIGNAL_POLL'
10-28 11:52:28.819 812-812/? I/cnss-daemon: RTM_NEWNEIGH message received: 28
10-28 11:52:28.819 812-812/? E/cnss-daemon: Stale or unreachable neighbors, ndm state: 4
10-28 11:52:29.286 812-812/? I/cnss-daemon: RTM_NEWNEIGH message received: 28
10-28 11:52:29.287 812-812/? E/cnss-daemon: Stale or unreachable neighbors, ndm state: 4
10-28 11:52:29.506 1393-1457/system_process I/ActivityManager: Start proc 15161:com.xiaomi.gamecenter/u0a62 for broadcast com.xiaomi.gamecenter/com.mi.milink.sdk.receiver.AlarmReceiver caller=com.xiaomi.gamecenter
10-28 11:52:29.552 15161-15161/? V/BoostFramework: BoostFramework() : mPerf = com.qualcomm.qti.Performance@eba637b
10-28 11:52:29.571 1393-1458/system_process V/UidProcStateHelper: process state changed:[15161,10062,11]
10-28 11:52:29.609 15161-15161/com.xiaomi.gamecenter D/miuisdk: current sdk level is 11
                                                                
                                                                [ 10-28 11:52:29.610 15161:15161 D/         ]
                                                                InitMiuiSdkHookClasses
                                                                
                                                                [ 10-28 11:52:29.614 15161:15161 I/         ]
                                                                Hook EnableMethodTracing
                                                                
                                                                [ 10-28 11:52:29.614 15161:15161 I/         ]
                                                                Never hook DisableMethodTracing
                                                                
                                                                [ 10-28 11:52:29.614 15161:15161 I/         ]
                                                                sConfigureStubsHookFlag is 0x2, so we must hook ConfigureStubs for methodtracing
                                                                
                                                                [ 10-28 11:52:29.614 15161:15161 I/         ]
                                                                Hook ConfigureStubs
10-28 11:52:29.623 15161-15161/com.xiaomi.gamecenter I/MultiDex: VM with version 2.1.0 has multidex support
10-28 11:52:29.624 15161-15161/com.xiaomi.gamecenter I/MultiDex: install
10-28 11:52:29.624 15161-15161/com.xiaomi.gamecenter I/MultiDex: VM has multidex support, MultiDex support library is disabled.
10-28 11:52:29.649 15161-15161/com.xiaomi.gamecenter D/MI_STAT: initialize com.xiaomi.gamecenter, 1002496, 2050000, false
10-28 11:52:29.996 1393-1939/system_process I/ActivityManager: Start proc 15245:com.mi.liveassistant/u0a126 for service com.mi.liveassistant/com.wali.live.watchsdk.ipc.service.MiLiveSdkService caller=com.xiaomi.gamecenter
10-28 11:52:30.013 1393-1458/system_process V/UidProcStateHelper: process state changed:[15161,10062,16]
10-28 11:52:30.019 1393-1457/system_process I/ActiveServicesInjector: Low priority start of: ServiceRecord{6818f0c u0 com.miui.core/com.miui.internal.server.CoreService}
10-28 11:52:30.029 15245-15245/? V/BoostFramework: BoostFramework() : mPerf = com.qualcomm.qti.Performance@335cf0a
10-28 11:52:30.051 1393-1458/system_process V/UidProcStateHelper: process state changed:[15245,10126,10]
10-28 11:52:30.085 15245-15245/com.mi.liveassistant I/MultiDex: VM with version 2.1.0 has multidex support
10-28 11:52:30.085 15245-15245/com.mi.liveassistant I/MultiDex: install
10-28 11:52:30.085 15245-15245/com.mi.liveassistant I/MultiDex: VM has multidex support, MultiDex support library is disabled.
10-28 11:52:30.100 15245-15245/com.mi.liveassistant W/PRETTYLOGGER: ╔════════════════════════════════════════════════════════════════════════════════════════
10-28 11:52:30.100 15245-15245/com.mi.liveassistant W/PRETTYLOGGER: ║ Thread: main
10-28 11:52:30.101 15245-15245/com.mi.liveassistant W/PRETTYLOGGER: ╟────────────────────────────────────────────────────────────────────────────────────────
10-28 11:52:30.101 15245-15245/com.mi.liveassistant W/PRETTYLOGGER: ║ LiveSdkApplication.onCreate  (LiveSdkApplication.java:26)
10-28 11:52:30.102 15245-15245/com.mi.liveassistant W/PRETTYLOGGER: ║    b.d  (MyLog.java:92)
10-28 11:52:30.102 15245-15245/com.mi.liveassistant W/PRETTYLOGGER: ╟────────────────────────────────────────────────────────────────────────────────────────
10-28 11:52:30.102 15245-15245/com.mi.liveassistant W/PRETTYLOGGER: ║ LiveSdkApplication: onCreate
10-28 11:52:30.102 15245-15245/com.mi.liveassistant W/PRETTYLOGGER: ╚════════════════════════════════════════════════════════════════════════════════════════
10-28 11:52:30.106 15245-15245/com.mi.liveassistant D/PRETTYLOGGER: ╔════════════════════════════════════════════════════════════════════════════════════════
10-28 11:52:30.106 15245-15245/com.mi.liveassistant D/PRETTYLOGGER: ║ Thread: main
10-28 11:52:30.106 15245-15245/com.mi.liveassistant D/PRETTYLOGGER: ╟────────────────────────────────────────────────────────────────────────────────────────
10-28 11:52:30.107 15245-15245/com.mi.liveassistant D/PRETTYLOGGER: ║ b.a  (InitManager.java:75)
10-28 11:52:30.107 15245-15245/com.mi.liveassistant D/PRETTYLOGGER: ║    b.c  (MyLog.java:88)
10-28 11:52:30.107 15245-15245/com.mi.liveassistant D/PRETTYLOGGER: ╟────────────────────────────────────────────────────────────────────────────────────────
10-28 11:52:30.107 15245-15245/com.mi.liveassistant D/PRETTYLOGGER: ║ b: onCreate isRemoteProcess=false
10-28 11:52:30.107 15245-15245/com.mi.liveassistant D/PRETTYLOGGER: ╚════════════════════════════════════════════════════════════════════════════════════════
10-28 11:52:30.108 15245-15245/com.mi.liveassistant D/PRETTYLOGGER: ╔════════════════════════════════════════════════════════════════════════════════════════
10-28 11:52:30.108 15245-15245/com.mi.liveassistant D/PRETTYLOGGER: ║ Thread: main
10-28 11:52:30.108 15245-15245/com.mi.liveassistant D/PRETTYLOGGER: ╟────────────────────────────────────────────────────────────────────────────────────────
10-28 11:52:30.109 15245-15245/com.mi.liveassistant D/PRETTYLOGGER: ║ b.e  (InitManager.java:128)
10-28 11:52:30.109 15245-15245/com.mi.liveassistant D/PRETTYLOGGER: ║    b.c  (MyLog.java:88)
10-28 11:52:30.109 15245-15245/com.mi.liveassistant D/PRETTYLOGGER: ╟────────────────────────────────────────────────────────────────────────────────────────
10-28 11:52:30.109 15245-15245/com.mi.liveassistant D/PRETTYLOGGER: ║ b: milinkAppId=10008
10-28 11:52:30.109 15245-15245/com.mi.liveassistant D/PRETTYLOGGER: ╚════════════════════════════════════════════════════════════════════════════════════════
10-28 11:52:30.142 15245-15245/com.mi.liveassistant E/MnsTracer(MiLinkSDK)(WALI_LIVE_SDK): main=>File Trace Level Changed = 56
10-28 11:52:30.143 15245-15245/com.mi.liveassistant E/MnsTracer(MiLinkSDK)(WALI_LIVE_SDK): main=>Logcat Trace Level Changed = 56
10-28 11:52:30.144 15245-15245/com.mi.liveassistant E/MiLinkServiceBinder(MiLinkSDK)(WALI_LIVE_SDK): main=>Client Protection Saved : 10008;205048;2.5.48;DEFAULT;WALI_LIVE_SDK;com.mi.liveassistant;zh_CN;;
10-28 11:52:30.153 15245-15245/com.mi.liveassistant D/PRETTYLOGGER: ╔════════════════════════════════════════════════════════════════════════════════════════
10-28 11:52:30.153 15245-15245/com.mi.liveassistant D/PRETTYLOGGER: ║ Thread: main
10-28 11:52:30.153 15245-15245/com.mi.liveassistant D/PRETTYLOGGER: ╟────────────────────────────────────────────────────────────────────────────────────────
10-28 11:52:30.153 15245-15245/com.mi.liveassistant D/PRETTYLOGGER: ║ b.a  (InitManager.java:86)
10-28 11:52:30.154 15245-15245/com.mi.liveassistant D/PRETTYLOGGER: ║    b.c  (MyLog.java:88)
10-28 11:52:30.154 15245-15245/com.mi.liveassistant D/PRETTYLOGGER: ╟────────────────────────────────────────────────────────────────────────────────────────
10-28 11:52:30.154 15245-15245/com.mi.liveassistant D/PRETTYLOGGER: ║ b: onCreate coreProcess: com.mi.liveassistant
10-28 11:52:30.154 15245-15245/com.mi.liveassistant D/PRETTYLOGGER: ╚════════════════════════════════════════════════════════════════════════════════════════
10-28 11:52:30.207 15245-15245/com.mi.liveassistant D/PRETTYLOGGER: ╔════════════════════════════════════════════════════════════════════════════════════════
10-28 11:52:30.207 15245-15245/com.mi.liveassistant D/PRETTYLOGGER: ║ Thread: main
10-28 11:52:30.207 15245-15245/com.mi.liveassistant D/PRETTYLOGGER: ╟────────────────────────────────────────────────────────────────────────────────────────
10-28 11:52:30.208 15245-15245/com.mi.liveassistant D/PRETTYLOGGER: ║ b.c  (UserAccountManager.java:128)
10-28 11:52:30.208 15245-15245/com.mi.liveassistant D/PRETTYLOGGER: ║    b.c  (MyLog.java:88)
10-28 11:52:30.208 15245-15245/com.mi.liveassistant D/PRETTYLOGGER: ╟────────────────────────────────────────────────────────────────────────────────────────
10-28 11:52:30.208 15245-15245/com.mi.liveassistant D/PRETTYLOGGER: ║ b: initAnonymous()
10-28 11:52:30.208 15245-15245/com.mi.liveassistant D/PRETTYLOGGER: ╚════════════════════════════════════════════════════════════════════════════════════════
10-28 11:52:30.217 15245-15245/com.mi.liveassistant E/MnsTracer(MiLinkSDK)(WALI_LIVE_SDK): main=>Client File Trace Level Changed = 63
10-28 11:52:30.218 15245-15245/com.mi.liveassistant E/MnsTracer(MiLinkSDK)(WALI_LIVE_SDK): main=>Client Logcat Trace Level Changed = 56
10-28 11:52:30.226 15245-15245/com.mi.liveassistant E/MnsTracer(MiLinkSDK)(WALI_LIVE_SDK): main=>Client File Trace Level Changed = 63
10-28 11:52:30.227 15245-15245/com.mi.liveassistant E/MnsTracer(MiLinkSDK)(WALI_LIVE_SDK): main=>Client Logcat Trace Level Changed = 56
10-28 11:52:30.228 15245-15245/com.mi.liveassistant W/MiLinkChannelClient(MiLinkSDK)(WALI_LIVE_SDK): main=>MiLinkChannelClient no ipc build
10-28 11:52:30.242 15245-15245/com.mi.liveassistant W/SessionManagerForSimpleChannel(MiLinkSDK)(WALI_LIVE_SDK): main=>SessionManagerForSimpleChannel created, milinkversion=1_11
10-28 11:52:30.256 15245-15245/com.mi.liveassistant W/SessionManagerForSimpleChannel(MiLinkSDK)(WALI_LIVE_SDK): main=>SessionManager created finish
10-28 11:52:30.262 15245-15279/com.mi.liveassistant W/SessionManagerForSimpleChannel(MiLinkSDK)(WALI_LIVE_SDK): SessionManagerForSimpleChannel=>ClientActionEvent ClientRequestCheckConnection
10-28 11:52:30.266 15245-15279/com.mi.liveassistant W/NetworkObserver: SessionManagerForSimpleChannel=>LAST -> null
10-28 11:52:30.266 15245-15279/com.mi.liveassistant W/NetworkObserver: SessionManagerForSimpleChannel=>CURR -> NetworkState [connected=true, apnName="kookong", type=WIFI, accessPoint=NEVER_HEARD]
10-28 11:52:30.267 15245-15245/com.mi.liveassistant E/MiLinkClient(MiLinkSDK)(WALI_LIVE_SDK): main=>dangerous!!!!getRemoteService in main Thread is not safe!!!
10-28 11:52:30.270 15245-15281/com.mi.liveassistant E/MiLinkClient(MiLinkSDK)(WALI_LIVE_SDK): Thread-3=>getRemoteService, but remoteService = null, stopCount=0
10-28 11:52:30.271 15245-15281/com.mi.liveassistant E/MiLinkClient(MiLinkSDK)(WALI_LIVE_SDK): Thread-3=>try startService, startCount=1
10-28 11:52:30.281 15245-15281/com.mi.liveassistant E/MiLinkClient(MiLinkSDK)(WALI_LIVE_SDK): Thread-3=>startService ComponentName = ComponentInfo{com.mi.liveassistant/com.mi.milink.sdk.service.MiLinkService}
10-28 11:52:30.281 15245-15281/com.mi.liveassistant E/MiLinkClient(MiLinkSDK)(WALI_LIVE_SDK): Thread-3=>start service success
10-28 11:52:30.286 15245-15279/com.mi.liveassistant V/NetworkDash: SessionManagerForSimpleChannel=>isDeviceIdBySlot:0
10-28 11:52:30.289 15245-15279/com.mi.liveassistant V/NetworkDash: SessionManagerForSimpleChannel=>isDeviceIdBySlot:1
10-28 11:52:30.289 15245-15279/com.mi.liveassistant I/NetworkDash: SessionManagerForSimpleChannel=>imsi: null
10-28 11:52:30.290 15245-15279/com.mi.liveassistant W/NetworkObserver: SessionManagerForSimpleChannel=>null => N/A
10-28 11:52:30.297 15245-15245/com.mi.liveassistant I/libjingle: [000:000] [2017-10-28 03:52:30 GMT.297443][3b8d] Register logging module name:app::videorender with level:2
10-28 11:52:30.303 15245-15284/com.mi.liveassistant E/libjingle: [000:006] [2017-10-28 03:52:30 GMT.303343][3bb4] Error(thread.cc:348): Set the pthread name failed with error:34 name:Thread 0x0xd8890180
10-28 11:52:30.303 15245-15245/com.mi.liveassistant I/libjingle: [000:006] [2017-10-28 03:52:30 GMT.303795][3b8d] Register logging module name:app::video with level:1
10-28 11:52:30.303 15245-15245/com.mi.liveassistant I/libjingle: [000:006] [2017-10-28 03:52:30 GMT.303959][3b8d] Register logging module name:app::audio with level:1
10-28 11:52:30.304 15245-15245/com.mi.liveassistant I/libjingle: [000:006] [2017-10-28 03:52:30 GMT.304075][3b8d] Register logging module name:app::trival with level:1
10-28 11:52:30.320 15245-15245/com.mi.liveassistant I/libjingle: [000:023] [2017-10-28 03:52:30 GMT.320145][3b8d] xiaomi::GlobalLockInit::GlobalLockInit(): 
10-28 11:52:30.320 15245-15245/com.mi.liveassistant I/libjingle: [000:023] [2017-10-28 03:52:30 GMT.320446][3b8d] xiaomi::GlobalRenderInit::GlobalRenderInit(): 
10-28 11:52:30.324 15245-15245/com.mi.liveassistant W/libjingle: [000:027] [2017-10-28 03:52:30 GMT.324513][3b8d] Warning(util_jni.cc:72): Jvm is null, invoke RegisterXplatformUtilJVM first!
10-28 11:52:30.330 15245-15289/com.mi.liveassistant E/libjingle: [000:032] [2017-10-28 03:52:30 GMT.329436][3bb9] Error(thread.cc:348): Set the pthread name failed with error:34 name:Thread 0x0xc80ee6b8
10-28 11:52:30.331 15245-15288/com.mi.liveassistant E/libjingle: [000:032] [2017-10-28 03:52:30 GMT.330504][3bb8] Error(thread.cc:348): Set the pthread name failed with error:34 name:Thread 0x0xc80ee2e8
10-28 11:52:30.331 15245-15286/com.mi.liveassistant E/libjingle: [000:034] [2017-10-28 03:52:30 GMT.331585][3bb6] Error(thread.cc:348): Set the pthread name failed with error:34 name:Thread 0x0xc80ee1f0
10-28 11:52:30.331 15245-15287/com.mi.liveassistant E/libjingle: [000:034] [2017-10-28 03:52:30 GMT.331499][3bb7] Error(thread.cc:348): Set the pthread name failed with error:34 name:Thread 0x0xc80ee26c
10-28 11:52:30.332 15245-15245/com.mi.liveassistant I/libjingle: [000:035] [2017-10-28 03:52:30 GMT.332088][3b8d] xplatform_util::IniSettings::IniSettings(): The IniSetting object constructed.
10-28 11:52:30.332 15245-15245/com.mi.liveassistant W/libjingle: [000:035] [2017-10-28 03:52:30 GMT.332350][3b8d] Warning(util_jni.cc:72): Jvm is null, invoke RegisterXplatformUtilJVM first!
10-28 11:52:30.338 1393-2726/system_process I/ActivityManager: Start proc 15290:com.mi.liveassistant:remote/u0a126 for service com.mi.liveassistant/com.mi.milink.sdk.service.MiLinkService caller=com.mi.liveassistant
10-28 11:52:30.339 1393-1457/system_process I/ActiveServicesInjector: Low priority start of: ServiceRecord{fc979e9 u0 com.mi.liveassistant/com.wali.live.watchsdk.service.PacketProcessService}
10-28 11:52:30.343 15245-15245/com.mi.liveassistant I/libjingle: [000:046] [2017-10-28 03:52:30 GMT.343549][3b8d] Open the file:/sdcard/voip-data/trace.txt for logging.
10-28 11:52:30.344 15245-15245/com.mi.liveassistant I/libjingle: [000:047] [2017-10-28 03:52:30 GMT.344358][3b8d] Log to file:/sdcard/voip-data/trace.txt start time:2017-10-28 03:52:30 GMT
10-28 11:52:30.344 15245-15245/com.mi.liveassistant I/libjingle: [000:047] [2017-10-28 03:52:30 GMT.344729][3b8d] Register logging module name:webrtc::VideoCommon with level:2
10-28 11:52:30.345 15245-15245/com.mi.liveassistant I/libjingle: [000:047] [2017-10-28 03:52:30 GMT.345004][3b8d] Register logging module name:webrtc::VideoRender with level:2
10-28 11:52:30.345 15245-15245/com.mi.liveassistant I/libjingle: [000:048] [2017-10-28 03:52:30 GMT.345169][3b8d] Register logging module name:webrtc::AudioCoding with level:1
10-28 11:52:30.345 15245-15245/com.mi.liveassistant I/libjingle: [000:048] [2017-10-28 03:52:30 GMT.345354][3b8d] Register logging module name:webrtc::AudioJitter with level:1
10-28 11:52:30.345 15245-15245/com.mi.liveassistant I/libjingle: [000:048] [2017-10-28 03:52:30 GMT.345495][3b8d] Register logging module name:webrtc::AudioMixer with level:2
10-28 11:52:30.345 15245-15245/com.mi.liveassistant I/libjingle: [000:048] [2017-10-28 03:52:30 GMT.345602][3b8d] Register logging module name:webrtc::AudioDevice with level:2
10-28 11:52:30.345 15245-15245/com.mi.liveassistant I/libjingle: [000:048] [2017-10-28 03:52:30 GMT.345685][3b8d] Register logging module name:webrtc::AudioEcho with level:2
10-28 11:52:30.345 15245-15245/com.mi.liveassistant I/libjingle: [000:048] [2017-10-28 03:52:30 GMT.345837][3b8d] Register logging module name:webrtc::AudioProcess with level:2
10-28 11:52:30.346 15245-15245/com.mi.liveassistant I/libjingle: [000:048] [2017-10-28 03:52:30 GMT.346019][3b8d] Register logging module name:webrtc::BandwidthEstimate with level:2
10-28 11:52:30.346 15245-15245/com.mi.liveassistant I/libjingle: [000:049] [2017-10-28 03:52:30 GMT.346132][3b8d] Register logging module name:webrtc::Rtp with level:2
10-28 11:52:30.346 15245-15245/com.mi.liveassistant I/libjingle: [000:049] [2017-10-28 03:52:30 GMT.346299][3b8d] Register logging module name:webrtc::FilePlayer with level:2
10-28 11:52:30.346 15245-15245/com.mi.liveassistant I/libjingle: [000:049] [2017-10-28 03:52:30 GMT.346406][3b8d] Register logging module name:webrtc::VideoCapture with level:2
10-28 11:52:30.346 15245-15245/com.mi.liveassistant I/libjingle: [000:049] [2017-10-28 03:52:30 GMT.346493][3b8d] Register logging module name:webrtc::VideoCoding with level:2
10-28 11:52:30.346 15245-15245/com.mi.liveassistant I/libjingle: [000:049] [2017-10-28 03:52:30 GMT.346572][3b8d] Register logging module name:webrtc::VideoProcess with level:2
10-28 11:52:30.346 15245-15245/com.mi.liveassistant I/libjingle: [000:049] [2017-10-28 03:52:30 GMT.346660][3b8d] Register logging module name:webrtc::VideoEngine with level:2
10-28 11:52:30.346 15245-15245/com.mi.liveassistant I/libjingle: [000:049] [2017-10-28 03:52:30 GMT.346745][3b8d] Register logging module name:webrtc::AudioEngine with level:2
10-28 11:52:30.346 15245-15245/com.mi.liveassistant I/libjingle: [000:049] [2017-10-28 03:52:30 GMT.346834][3b8d] Register logging module name:webrtc::DeviceAdapt with level:2
10-28 11:52:30.346 15245-15245/com.mi.liveassistant I/libjingle: [000:049] [2017-10-28 03:52:30 GMT.346920][3b8d] Register logging module name:webrtc::DesktopCapture with level:2
10-28 11:52:30.353 15245-15245/com.mi.liveassistant I/libjingle: [000:056] [2017-10-28 03:52:30 GMT.353266][3b8d] Register logging module name:xplatform_util with level:2
10-28 11:52:30.354 15245-15245/com.mi.liveassistant I/libjingle: [000:056] [2017-10-28 03:52:30 GMT.354028][3b8d] Register logging module name:xplatform_util::NotificationCenter with level:2
10-28 11:52:30.354 15245-15245/com.mi.liveassistant I/libjingle: [000:057] [2017-10-28 03:52:30 GMT.354130][3b8d] Register logging module name:xplatform_util::Net with level:2
10-28 11:52:30.354 15245-15245/com.mi.liveassistant I/libjingle: [000:057] [2017-10-28 03:52:30 GMT.354191][3b8d] Register logging module name:xplatform_util::Http with level:2
10-28 11:52:30.354 15245-15245/com.mi.liveassistant I/libjingle: [000:057] [2017-10-28 03:52:30 GMT.354270][3b8d] Register logging module name:xplatform_util::Thread with level:2
10-28 11:52:30.354 15245-15245/com.mi.liveassistant I/libjingle: [000:057] [2017-10-28 03:52:30 GMT.354337][3b8d] Register logging module name:xplatform_util::Proxy with level:2
10-28 11:52:30.354 15245-15245/com.mi.liveassistant I/libjingle: [000:057] [2017-10-28 03:52:30 GMT.354401][3b8d] Register logging module name:xplatform_util::SystemInfo with level:2
10-28 11:52:30.354 15245-15245/com.mi.liveassistant I/libjingle: [000:057] [2017-10-28 03:52:30 GMT.354464][3b8d] Register logging module name:xplatform_util::System with level:2
10-28 11:52:30.354 15245-15245/com.mi.liveassistant I/libjingle: [000:057] [2017-10-28 03:52:30 GMT.354532][3b8d] Register logging module name:xplatform_util::Filesystem with level:2
10-28 11:52:30.354 15245-15245/com.mi.liveassistant I/libjingle: [000:057] [2017-10-28 03:52:30 GMT.354598][3b8d] Register logging module name:xplatform_util::Flags with level:2
10-28 11:52:30.354 15245-15245/com.mi.liveassistant I/libjingle: [000:057] [2017-10-28 03:52:30 GMT.354660][3b8d] Register logging module name:xplatform_util::Profile with level:2
10-28 11:52:30.354 15245-15245/com.mi.liveassistant I/libjingle: [000:057] [2017-10-28 03:52:30 GMT.354919][3b8d] Register logging module name:xplatform_util::Setting with level:2
10-28 11:52:30.355 15245-15245/com.mi.liveassistant I/libjingle: [000:057] [2017-10-28 03:52:30 GMT.355024][3b8d] Register logging module name:xplatform_util::Logging with level:2
10-28 11:52:30.355 15245-15245/com.mi.liveassistant I/libjingle: [000:058] [2017-10-28 03:52:30 GMT.355107][3b8d] Register logging module name:xplatform_util::Time with level:2
10-28 11:52:30.355 15245-15245/com.mi.liveassistant I/libjingle: [000:058] [2017-10-28 03:52:30 GMT.355175][3b8d] Register logging module name:xplatform_util::Dump with level:2
10-28 11:52:30.355 15245-15245/com.mi.liveassistant I/libjingle: [000:058] [2017-10-28 03:52:30 GMT.355259][3b8d] Register logging module name:xplatform_util::Telnet with level:2
10-28 11:52:30.355 15245-15245/com.mi.liveassistant I/libjingle: [000:058] [2017-10-28 03:52:30 GMT.355336][3b8d] Register logging module name:xplatform_util::Debug with level:2
10-28 11:52:30.355 15245-15245/com.mi.liveassistant I/libjingle: [000:058] [2017-10-28 03:52:30 GMT.355618][3b8d] Register logging module name:xplatform_util::Funnel with level:2
