10-28 10:56:05.984 4671-4671/com.android.settings V/BoostFramework: BoostFramework() : mPerf = com.qualcomm.qti.Performance@5af0f22
10-28 10:56:05.984 4671-4671/com.android.settings V/BoostFramework: BoostFramework() : mPerf = com.qualcomm.qti.Performance@871fdb3
10-28 10:56:05.986 1393-1472/system_process I/Timeline: Timeline: App_transition_ready time:6423207
10-28 10:56:05.987 1393-1472/system_process I/Timeline: Timeline: App_transition_ready time:6423209
10-28 10:56:05.997 1393-1472/system_process I/Timeline: Timeline: App_transition_ready time:6423219
10-28 10:56:06.004 1729-1729/com.android.systemui V/PhoneStatusBarPolicy: updateManagedProfile mManagedProfileFocused: false mManagedProfileInQuietMode: false mKeyguardVisible: false mCurrentUserId:0 mCurrentProfileId:0 mSecondSpaceStatusIconVisible: true showIcon:false
10-28 10:56:06.005 4671-4671/com.android.settings D/ActivityThreadInjector: clearCachedDrawables.
10-28 10:56:06.068 1393-1472/system_process I/ActivityManager: Displayed com.android.settings/.SubSettings: +108ms
10-28 10:56:06.070 1393-1458/system_process V/UidProcStateHelper: process state changed:[3359,10138,3]
10-28 10:56:06.078 1393-3290/system_process I/SplashScreenServiceDelegate: None for com.android.settings
10-28 10:56:06.092 1393-1658/system_process D/LockBoost: tid=1658, prevPriority=0
10-28 10:56:06.093 1393-1658/system_process D/LockBoost: thread tid=1658 priority is boosted to -2
10-28 10:56:06.094 1393-1658/system_process D/LockBoost: thread tid=1658 priority is reset to 0
10-28 10:56:06.095 1393-1658/system_process D/LockBoost: tid=1658, prevPriority=0
10-28 10:56:06.097 1393-1658/system_process D/LockBoost: thread tid=1658 priority is boosted to -2
10-28 10:56:06.099 1393-1658/system_process D/LockBoost: thread tid=1658 priority is reset to 0
10-28 10:56:06.099 1729-1729/com.android.systemui D/StatusBar: onNotificationPosted:  Key: -1|android|17040425|null|1000 GroupKey: -1|android|17040425|null|1000 Connected: true
10-28 10:56:06.099 1729-1729/com.android.systemui D/StatusBar:  GroupChild: false  GroupsContainsKey: false  IsUpdate: false IsGroupSummary: false hasIcon: true
10-28 10:56:06.100 1729-1729/com.android.systemui V/ExpandedNotification: push score:0.0, local score:0.2300730441414245, pkg:android
10-28 10:56:06.100 1729-1729/com.android.systemui D/PhoneStatusBar: addNotification pkg=android;basepkg=android;id=17040425
10-28 10:56:06.101 1729-1729/com.android.systemui D/StatusBar: addNotificationViews(key=android.os.Binder@88b03d7, notification=StatusBarNotification(pkg=android user=UserHandle{-1} id=17040425 tag=null key=-1|android|17040425|null|1000: Notification(pri=0 contentView=null vibrate=null sound=null defaults=0x0 flags=0x2 color=0xff060059 category=sys vis=PRIVATE))
10-28 10:56:06.105 3359-3842/com.baidu.input_mi I/Adreno: QUALCOMM build                   : 620c068, I09d312ff84
                                                          Build Date                       : 08/07/17
                                                          OpenGL ES Shader Compiler Version: XE031.09.00.04
                                                          Local Branch                     : 
                                                          Remote Branch                    : 
                                                          Remote Branch                    : 
                                                          Reconstruct Branch               : 
10-28 10:56:06.112 1393-1658/system_process D/LockBoost: tid=1658, prevPriority=0
10-28 10:56:06.112 1393-1658/system_process D/LockBoost: thread tid=1658 priority is boosted to -2
10-28 10:56:06.113 1393-1658/system_process D/LockBoost: thread tid=1658 priority is reset to 0
10-28 10:56:06.115 3359-3842/com.baidu.input_mi I/OpenGLRenderer: Initialized EGL, version 1.4
10-28 10:56:06.116 3359-3842/com.baidu.input_mi D/OpenGLRenderer: Swap behavior 1
10-28 10:56:06.120 1729-1729/com.android.systemui W/ProgressBarDelegate: Unknown Drawable subclass, src=android.graphics.drawable.ScaleDrawable@c2739b7
10-28 10:56:06.120 1729-1729/com.android.systemui W/ProgressBarDelegate: Unknown Drawable subclass, src=android.graphics.drawable.ScaleDrawable@ad38524
10-28 10:56:06.137 1729-1729/com.android.systemui D/StatusBar: onNotificationPosted:  Key: -1|android|17040425|null|1000 GroupKey: -1|android|17040425|null|1000 Connected: true
10-28 10:56:06.137 1729-1729/com.android.systemui D/StatusBar: onNotificationPosted:  Key: -1|android|17040425|null|1000 GroupKey: -1|android|17040425|null|1000 Connected: true
10-28 10:56:06.137 1729-1729/com.android.systemui D/StatusBar:  GroupChild: false  GroupsContainsKey: false  IsUpdate: true IsGroupSummary: false hasIcon: true
10-28 10:56:06.138 1729-1729/com.android.systemui V/ExpandedNotification: push score:0.0, local score:0.2300730441414245, pkg:android
10-28 10:56:06.139 1729-1729/com.android.systemui D/StatusBar:  GroupChild: false  GroupsContainsKey: false  IsUpdate: true IsGroupSummary: false hasIcon: true
10-28 10:56:06.140 1729-1729/com.android.systemui V/ExpandedNotification: push score:0.0, local score:0.2300730441414245, pkg:android
10-28 10:56:06.140 1729-1729/com.android.systemui D/PhoneStatusBar: updateNotification pkg=android;id=17040425
10-28 10:56:06.143 1393-1472/system_process I/WindowManager: input method visible height changed 802
10-28 10:56:06.262 459-2368/? E/ANDR-PERF-OPTSHANDLER: perf_lock_rel: updated /sys/class/scsi_host/host0/../../../clkscale_enable with 1
                                                        return value 2
10-28 10:56:06.264 1393-1472/system_process I/WindowManager: Destroying surface Surface(name=Starting com.android.settings) called by com.android.server.wm.WindowStateAnimator.destroySurface:2043 com.android.server.wm.WindowStateAnimator.destroySurfaceLocked:895 com.android.server.wm.WindowState.destroyOrSaveSurface:2125 com.android.server.wm.AppWindowToken.destroySurfaces:363 com.android.server.wm.WindowStateAnimator.finishExit:565 com.android.server.wm.WindowStateAnimator.stepAnimationLocked:491 com.android.server.wm.WindowAnimator.updateWindowsLocked:313 com.android.server.wm.WindowAnimator.animateLocked:714 
10-28 10:56:06.276 1393-1472/system_process I/Timeline: Timeline: Activity_windows_visible id: ActivityRecord{8bb19fb u0 com.android.settings/.SubSettings t28} time:6423498
10-28 10:56:06.276 1393-1457/system_process D/ActivityTrigger: ActivityTrigger activityStopTrigger 
10-28 10:56:06.280 1729-1729/com.android.systemui D/EventBus: [1729, u0] send(AppTransitionFinishedEvent)
10-28 10:56:06.280 1729-1729/com.android.systemui D/EventBus: [1729, u0]  -> ForcedResizableInfoActivityController [0xb41d5c9, P1] onBusEvent(AppTransitionFinishedEvent)
10-28 10:56:06.281 1729-1729/com.android.systemui D/EventBus: [1729, u0] onBusEvent(AppTransitionFinishedEvent) duration: 61 microseconds, avg: 328
10-28 10:56:06.315 1393-1472/system_process I/WindowManager: Destroying surface Surface(name=com.android.settings/com.android.settings.Settings$BluetoothSettingsActivity) called by com.android.server.wm.WindowStateAnimator.destroySurface:2043 com.android.server.wm.WindowStateAnimator.destroySurfaceLocked:895 com.android.server.wm.WindowState.destroyOrSaveSurface:2125 com.android.server.wm.AppWindowToken.destroySurfaces:363 com.android.server.wm.WindowStateAnimator.finishExit:565 com.android.server.wm.WindowStateAnimator.stepAnimationLocked:491 com.android.server.wm.WindowAnimator.updateWindowsLocked:313 com.android.server.wm.WindowAnimator.animateLocked:714 
10-28 10:56:06.318 1729-1729/com.android.systemui D/EventBus: [1729, u0] send(AppTransitionFinishedEvent)
10-28 10:56:06.318 1729-1729/com.android.systemui D/EventBus: [1729, u0]  -> ForcedResizableInfoActivityController [0xb41d5c9, P1] onBusEvent(AppTransitionFinishedEvent)
10-28 10:56:06.319 1729-1729/com.android.systemui D/EventBus: [1729, u0] onBusEvent(AppTransitionFinishedEvent) duration: 63 microseconds, avg: 327
10-28 10:56:06.320 1393-1472/system_process I/Timeline: Timeline: App_transition_stopped time:6423542
10-28 10:56:07.732 1983-1983/? D/wpa_supplicant: wlan0: Control interface command 'SIGNAL_POLL'
10-28 10:56:10.752 1983-1983/? D/wpa_supplicant: wlan0: Control interface command 'SIGNAL_POLL'
10-28 10:56:13.778 1983-1983/? D/wpa_supplicant: wlan0: Control interface command 'SIGNAL_POLL'
10-28 10:56:16.138 1393-1939/system_process I/WindowManager: Destroying surface Surface(name=PopupWindow:764c8ce) called by com.android.server.wm.WindowStateAnimator.destroySurface:2043 com.android.server.wm.WindowStateAnimator.destroySurfaceLocked:895 com.android.server.wm.WindowState.removeLocked:1467 com.android.server.wm.WindowManagerService.removeWindowInnerLocked:2607 com.android.server.wm.WindowManagerService.removeWindowLocked:2565 com.android.server.wm.WindowManagerService.removeWindowLocked:2434 com.android.server.wm.WindowManagerService.removeWindow:2429 com.android.server.wm.Session.remove:202 
10-28 10:56:16.465 1393-1428/system_process I/WindowManager: Destroying surface Surface(name=PopupWindow:764c8ce) called by com.android.server.wm.WindowStateAnimator.destroySurface:2043 com.android.server.wm.WindowStateAnimator.destroySurfaceLocked:895 com.android.server.wm.WindowState.removeLocked:1467 com.android.server.wm.WindowManagerService.removeWindowInnerLocked:2607 com.android.server.wm.WindowManagerService.removeWindowLocked:2565 com.android.server.wm.WindowManagerService.removeWindowLocked:2434 com.android.server.wm.WindowManagerService.removeWindow:2429 com.android.server.wm.Session.remove:202 
10-28 10:56:16.803 1983-1983/? D/wpa_supplicant: wlan0: Control interface command 'SIGNAL_POLL'
10-28 10:56:16.825 1393-1762/system_process I/WindowManager: Destroying surface Surface(name=PopupWindow:764c8ce) called by com.android.server.wm.WindowStateAnimator.destroySurface:2043 com.android.server.wm.WindowStateAnimator.destroySurfaceLocked:895 com.android.server.wm.WindowState.removeLocked:1467 com.android.server.wm.WindowManagerService.removeWindowInnerLocked:2607 com.android.server.wm.WindowManagerService.removeWindowLocked:2565 com.android.server.wm.WindowManagerService.removeWindowLocked:2434 com.android.server.wm.WindowManagerService.removeWindow:2429 com.android.server.wm.Session.remove:202 
10-28 10:56:17.105 1393-3284/system_process I/WindowManager: Destroying surface Surface(name=PopupWindow:764c8ce) called by com.android.server.wm.WindowStateAnimator.destroySurface:2043 com.android.server.wm.WindowStateAnimator.destroySurfaceLocked:895 com.android.server.wm.WindowState.removeLocked:1467 com.android.server.wm.WindowManagerService.removeWindowInnerLocked:2607 com.android.server.wm.WindowManagerService.removeWindowLocked:2565 com.android.server.wm.WindowManagerService.removeWindowLocked:2434 com.android.server.wm.WindowManagerService.removeWindow:2429 com.android.server.wm.Session.remove:202 
10-28 10:56:18.452 1393-2575/system_process I/WindowManager: Destroying surface Surface(name=PopupWindow:764c8ce) called by com.android.server.wm.WindowStateAnimator.destroySurface:2043 com.android.server.wm.WindowStateAnimator.destroySurfaceLocked:895 com.android.server.wm.WindowState.removeLocked:1467 com.android.server.wm.WindowManagerService.removeWindowInnerLocked:2607 com.android.server.wm.WindowManagerService.removeWindowLocked:2565 com.android.server.wm.WindowManagerService.removeWindowLocked:2434 com.android.server.wm.WindowManagerService.removeWindow:2429 com.android.server.wm.Session.remove:202 
10-28 10:56:18.792 3359-3365/com.baidu.input_mi I/art: Compiler allocated 4MB to compile void com.baidu.fz.a(android.graphics.Canvas, int, int, int)
10-28 10:56:18.839 1393-3286/system_process I/WindowManager: Destroying surface Surface(name=PopupWindow:764c8ce) called by com.android.server.wm.WindowStateAnimator.destroySurface:2043 com.android.server.wm.WindowStateAnimator.destroySurfaceLocked:895 com.android.server.wm.WindowState.removeLocked:1467 com.android.server.wm.WindowManagerService.removeWindowInnerLocked:2607 com.android.server.wm.WindowManagerService.removeWindowLocked:2565 com.android.server.wm.WindowManagerService.removeWindowLocked:2434 com.android.server.wm.WindowManagerService.removeWindow:2429 com.android.server.wm.Session.remove:202 
10-28 10:56:19.829 1983-1983/? D/wpa_supplicant: wlan0: Control interface command 'SIGNAL_POLL'
10-28 10:56:22.091 4671-4671/com.android.settings W/System: ClassLoader referenced unknown path: 
10-28 10:56:22.106 1393-2384/system_process D/ActivityTrigger: ActivityTrigger activityPauseTrigger 
10-28 10:56:22.115 1729-1729/com.android.systemui D/PhoneStatusBar: disable: 0x00000240 -> 0x00000000 (diff: 0x00000240)
10-28 10:56:22.115 1729-1729/com.android.systemui D/PhoneStatusBar: disable: < expand icons alerts ticker system_info back home recent clock full hide keyguard none float >
10-28 10:56:22.115 1729-1729/com.android.systemui D/SimpleStatusBar: updateDarkMode() mDarkMode=false
10-28 10:56:22.115 1729-1729/com.android.systemui D/SimpleStatusBar: updateDarkMode() mIconsDarkArea=null
10-28 10:56:22.116 1393-2726/system_process I/Timeline: Timeline: App_transition_ready time:6439338
10-28 10:56:22.116 2850-3187/com.miui.powerkeeper:service D/PowerKeeper.Event: notifyForegroundCompomentChanged ComponentInfo{com.android.settings/com.android.settings.Settings$BluetoothSettingsActivity}
10-28 10:56:22.117 2850-3241/com.miui.powerkeeper:service D/PowerStateMachine: eventMessage id:100 name:foreground
10-28 10:56:22.117 2568-2742/com.miui.whetstone I/WtProcessController: MOVE TO FOREGROUND: com.android.settings 1000
10-28 10:56:22.118 2568-2742/com.miui.whetstone I/WtProcessController: FOREGROUND INFO: name=com.android.settings uid=1000 pid=4671 TaskId:19
10-28 10:56:22.128 2142-2144/? I/WCNSS_FILTER: ibs_msm_serial_clock_vote: vote UART CLK ON using UART driver's ioctl()
10-28 10:56:22.129 4671-4671/com.android.settings W/MiBleDeviceManager: Manager is not ready
10-28 10:56:22.129 2142-2144/? D/WCNSS_FILTER: wcnss_acquire_wakelock
10-28 10:56:22.129 2142-2144/? I/WCNSS_FILTER: vote=0,new_vote =1, old_tx_vote=0, old_rx_vote=0
10-28 10:56:22.129 2142-2144/? I/WCNSS_FILTER: ibs_bt_device_wakeup: Writing IBS_WAKE_IND
10-28 10:56:22.131 1729-1729/com.android.systemui D/SimpleStatusBar: updateBatteryChargingIcon() mQuickCharging=false; mDarkMode=false
10-28 10:56:22.132 4671-4671/com.android.settings W/MiBleDeviceManager: Manager is not ready
10-28 10:56:22.133 2142-2142/? I/WCNSS_FILTER: ibs_recv_ibs_cmd: Received IBS_WAKE_ACK: 0xFC
10-28 10:56:22.137 4671-4671/com.android.settings W/MiBleDeviceManager: Manager is not ready
10-28 10:56:22.138 1698-1840/com.android.bluetooth D/BluetoothAdapterProperties: Name is: minote2
10-28 10:56:22.138 1393-1393/system_process D/BluetoothManagerService: Bluetooth Adapter name changed to minote2
10-28 10:56:22.139 1393-1393/system_process D/BluetoothManagerService: Stored Bluetooth name: minote2
10-28 10:56:22.142 1698-1728/com.android.bluetooth D/A2dpService: getA2DPService(): returning com.android.bluetooth.a2dp.A2dpService@e4d330e
10-28 10:56:22.142 1698-1728/com.android.bluetooth I/A2dpService: audio isMusicActive is false
10-28 10:56:22.142 1698-1728/com.android.bluetooth I/BluetoothAdapterService: setScanMode: prev mode: 23 new mode: 23
10-28 10:56:22.143 1698-1840/com.android.bluetooth D/BluetoothAdapterProperties: Discoverable Timeout:120
10-28 10:56:22.144 1698-1840/com.android.bluetooth D/BluetoothAdapterProperties: Scan Mode:23
10-28 10:56:22.146 4671-4671/com.android.settings D/LocalBluetoothManager: setting foreground activity to non-null context
10-28 10:56:22.152 1393-2726/system_process I/Timeline: Timeline: App_transition_ready time:6439374
10-28 10:56:22.160 1393-1458/system_process V/UidProcStateHelper: process state changed:[3359,10138,7]
10-28 10:56:22.163 1729-1729/com.android.systemui D/StatusBar: onNotificationRemoved:  Key: -1|android|17040425|null|1000
10-28 10:56:22.164 1729-1729/com.android.systemui D/StatusBar: removeNotificationViews(key=android.os.Binder@88b03d7)
10-28 10:56:22.165 1729-1729/com.android.systemui D/PhoneStatusBar: removeNotification key=android.os.Binder@88b03d7 keyCode=143328215 old=StatusBarNotification(pkg=android user=UserHandle{-1} id=17040425 tag=null key=-1|android|17040425|null|1000: Notification(pri=0 contentView=null vibrate=null sound=null defaults=0x0 flags=0x2 color=0xff060059 category=sys vis=PRIVATE))
10-28 10:56:22.170 2403-2403/com.xiaomi.xmsf W/PushService: 2017-10-28 10:56:22,169 - [WARN::PushService] - [Thread:1] TinyData cache data to file begin itemId:QwUrZ-89
10-28 10:56:22.172 1393-1428/system_process W/ActivityManager: Sending non-protected broadcast android.intent.action.APPLICATION_MESSAGE_UPDATE from system 1729:com.android.systemui/1000 pkg com.android.systemui. Callers=
10-28 10:56:22.172 1393-1428/system_process W/ActivityManager: Sending non-protected broadcast android.intent.action.APPLICATION_MESSAGE_UPDATE from system 1729:com.android.systemui/1000 pkg com.android.systemui. Callers=
10-28 10:56:22.174 2386-2386/com.miui.home I/Launcher.ApplicationsMessage: onReceive
10-28 10:56:22.174 2386-2386/com.miui.home I/Launcher.ApplicationsMessage: update android/ to null
10-28 10:56:22.179 2403-2419/com.xiaomi.xmsf D/PushService: 2017-10-28 10:56:22,179 - [DEBUG::PushService] - com.xiaomi.joyoseis system app. StatService
10-28 10:56:22.182 4671-4671/com.android.settings W/IInputConnectionWrapper: finishComposingText on inactive InputConnection
10-28 10:56:22.185 1393-1472/system_process I/Timeline: Timeline: App_transition_ready time:6439407
10-28 10:56:22.187 1729-1729/com.android.systemui D/PhoneStatusBar: disable: 0x00000000 -> 0x00000240 (diff: 0x00000240)
10-28 10:56:22.187 1729-1729/com.android.systemui D/PhoneStatusBar: disable: < expand icons alerts ticker system_info back home recent clock full hide keyguard none float >
10-28 10:56:22.187 1729-1729/com.android.systemui D/SimpleStatusBar: updateDarkMode() mDarkMode=true
10-28 10:56:22.187 1729-1729/com.android.systemui D/SimpleStatusBar: updateDarkMode() mIconsDarkArea=null
10-28 10:56:22.192 1729-1729/com.android.systemui D/SimpleStatusBar: updateBatteryChargingIcon() mQuickCharging=false; mDarkMode=true
10-28 10:56:22.204 1729-1729/com.android.systemui V/PhoneStatusBarPolicy: updateManagedProfile mManagedProfileFocused: false mManagedProfileInQuietMode: false mKeyguardVisible: false mCurrentUserId:0 mCurrentProfileId:0 mSecondSpaceStatusIconVisible: true showIcon:false
10-28 10:56:22.205 4671-4671/com.android.settings W/IInputConnectionWrapper: getExtractedText on inactive InputConnection
10-28 10:56:22.206 4671-4671/com.android.settings W/IInputConnectionWrapper: finishComposingText on inactive InputConnection
10-28 10:56:22.206 1393-3291/system_process I/WindowManager: input method visible height changed 0
10-28 10:56:22.207 1393-3290/system_process I/SplashScreenServiceDelegate: None for com.android.settings
10-28 10:56:22.221 2403-2403/com.xiaomi.xmsf W/PushService: 2017-10-28 10:56:22,221 - [WARN::PushService] - [Thread:1] TinyData cache data to file begin itemId:QwUrZ-90
10-28 10:56:22.421 459-2368/? E/ANDR-PERF-OPTSHANDLER: perf_lock_rel: updated /sys/class/scsi_host/host0/../../../clkscale_enable with 1
                                                        return value 2
10-28 10:56:22.445 1729-1729/com.android.systemui D/EventBus: [1729, u0] send(AppTransitionFinishedEvent)
10-28 10:56:22.445 1729-1729/com.android.systemui D/EventBus: [1729, u0]  -> ForcedResizableInfoActivityController [0xb41d5c9, P1] onBusEvent(AppTransitionFinishedEvent)
10-28 10:56:22.446 1729-1729/com.android.systemui D/EventBus: [1729, u0] onBusEvent(AppTransitionFinishedEvent) duration: 57 microseconds, avg: 327
10-28 10:56:22.506 1393-1472/system_process I/Timeline: Timeline: App_transition_stopped time:6439728
10-28 10:56:22.517 1393-1472/system_process I/Timeline: Timeline: Activity_windows_visible id: ActivityRecord{633a84b u0 com.android.settings/.Settings$BluetoothSettingsActivity t28} time:6439738
10-28 10:56:22.519 1729-1729/com.android.systemui D/EventBus: [1729, u0] send(AppTransitionFinishedEvent)
10-28 10:56:22.519 1729-1729/com.android.systemui D/EventBus: [1729, u0]  -> ForcedResizableInfoActivityController [0xb41d5c9, P1] onBusEvent(AppTransitionFinishedEvent)
10-28 10:56:22.519 1729-1729/com.android.systemui D/EventBus: [1729, u0] onBusEvent(AppTransitionFinishedEvent) duration: 29 microseconds, avg: 326
10-28 10:56:22.519 1393-1457/system_process I/SplashScreenServiceDelegate: None for com.android.settings
10-28 10:56:22.529 1393-1428/system_process I/WindowManager: Destroying surface Surface(name=com.android.settings/com.android.settings.SubSettings) called by com.android.server.wm.WindowStateAnimator.destroySurface:2043 com.android.server.wm.WindowStateAnimator.destroySurfaceLocked:895 com.android.server.wm.WindowState.removeLocked:1467 com.android.server.wm.WindowManagerService.removeWindowInnerLocked:2607 com.android.server.wm.WindowManagerService.removeWindowLocked:2565 com.android.server.wm.WindowManagerService.removeWindowLocked:2434 com.android.server.wm.WindowManagerService.removeWindow:2429 com.android.server.wm.Session.remove:202 
10-28 10:56:22.657 1393-1472/system_process I/WindowManager: Destroying surface Surface(name=InputMethod) called by com.android.server.wm.WindowStateAnimator.destroySurface:2043 com.android.server.wm.WindowStateAnimator.destroySurfaceLocked:895 com.android.server.wm.WindowState.destroyOrSaveSurface:2125 com.android.server.wm.WindowSurfacePlacer.performSurfacePlacementInner:440 com.android.server.wm.WindowSurfacePlacer.performSurfacePlacementLoop:237 com.android.server.wm.WindowSurfacePlacer.performSurfacePlacement:185 com.android.server.wm.WindowManagerService$H.handleMessage:8374 android.os.Handler.dispatchMessage:102 
10-28 10:56:22.853 1983-1983/? D/wpa_supplicant: wlan0: Control interface command 'SIGNAL_POLL'
10-28 10:56:22.915 812-812/? I/cnss-daemon: RTM_NEWNEIGH message received: 28
10-28 10:56:22.916 812-812/? E/cnss-daemon: Stale or unreachable neighbors, ndm state: 4
10-28 10:56:23.145 2142-2195/? I/WCNSS_FILTER: ibs_wcnss_bt_device_sleep: TX Awake, Sending SLEEP_IND
10-28 10:56:23.146 2142-2195/? I/WCNSS_FILTER: ibs_msm_serial_clock_vote: vote UART CLK OFF using UART driver's ioctl()
10-28 10:56:23.146 2142-2195/? D/WCNSS_FILTER: wcnss_release_wakelock
10-28 10:56:23.146 2142-2195/? I/WCNSS_FILTER: vote=1,new_vote =0, old_tx_vote=1, old_rx_vote=0
10-28 10:56:23.477 1393-1632/system_process W/ActivityManager: Sending non-protected broadcast action_keep_alive_after_send_end from system uid 1000 pkg com.miui.cleanmaster. Callers=com.android.server.am.ActivityManagerService.broadcastIntentLocked:18998 com.android.server.am.ActivityManagerService.broadcastIntentInPackage:19138 com.android.server.am.PendingIntentRecord.sendInner:322 com.android.server.am.PendingIntentRecord.sendWithResult:216 com.android.server.am.ActivityManagerService.sendIntentSender:7586 
10-28 10:56:23.493 1983-1983/? D/wpa_supplicant: wlan0: Control interface command 'SCAN TYPE=ONLY'
10-28 10:56:23.494 1983-1983/? D/wpa_supplicant: wlan0: Setting scan request: 0.000000 sec
10-28 10:56:23.494 1983-1983/? D/wpa_supplicant: wlan0: Starting AP scan for wildcard SSID
10-28 10:56:23.494 1983-1983/? D/wpa_supplicant: wlan0: Add radio work 'scan'@0x7f9ce2e360
10-28 10:56:23.495 1983-1983/? D/wpa_supplicant: wlan0: First radio work item in the queue - schedule start immediately
10-28 10:56:23.495 1983-1983/? D/wpa_supplicant: wlan0: Starting radio work 'scan'@0x7f9ce2e360 after 0.000294 second wait
10-28 10:56:23.495 1983-1983/? D/wpa_supplicant: wlan0: nl80211: scan request
10-28 10:56:23.495 1983-1983/? D/wpa_supplicant: nl80211: Scan SSID - hexdump(len=0): [NULL]
10-28 10:56:23.496 1983-1983/? D/wpa_supplicant: nl80211: Scan extra IEs - hexdump(len=7): 7f 05 00 00 0a 02 01
10-28 10:56:23.501 1983-1983/? D/wpa_supplicant: Scan requested (ret=0) - scan timeout 30 seconds
10-28 10:56:23.501 1983-1983/? D/wpa_supplicant: nl80211: Event message available
10-28 10:56:23.501 1983-1983/? D/wpa_supplicant: nl80211: Drv Event 33 (NL80211_CMD_TRIGGER_SCAN) received for wlan0
10-28 10:56:23.501 1983-1983/? D/wpa_supplicant: wlan0: nl80211: Scan trigger
10-28 10:56:23.501 1983-1983/? D/wpa_supplicant: wlan0: Event SCAN_STARTED (47) received
10-28 10:56:23.502 1983-1983/? D/wpa_supplicant: wlan0: Own scan request started a scan in 0.000338 seconds
10-28 10:56:25.874 1983-1983/? D/wpa_supplicant: wlan0: Control interface command 'SIGNAL_POLL'
10-28 10:56:26.331 1983-1983/? D/wpa_supplicant: nl80211: Event message available
10-28 10:56:26.332 1983-1983/? D/wpa_supplicant: nl80211: Drv Event 34 (NL80211_CMD_NEW_SCAN_RESULTS) received for wlan0
10-28 10:56:26.332 1983-1983/? D/wpa_supplicant: wlan0: nl80211: New scan results available
10-28 10:56:26.332 1983-1983/? D/wpa_supplicant: nl80211: Scan included frequencies: 2412 2417 2422 2427 2432 2437 2442 2447 2452 2457 2462 2467 2472 5180 5200 5220 5240 5260 5280 5300 5320 5745 5765 5785 5805 5825
10-28 10:56:26.332 1983-1983/? D/wpa_supplicant: wlan0: Event SCAN_RESULTS (3) received
10-28 10:56:26.333 1983-1983/? D/wpa_supplicant: wlan0: Scan completed in 2.831102 seconds
10-28 10:56:26.333 1983-1983/? D/wpa_supplicant: nl80211: Associated on 2422 MHz
10-28 10:56:26.333 1983-1983/? D/wpa_supplicant: nl80211: Associated with ec:6c:9f:34:d4:5d
10-28 10:56:26.334 1983-1983/? D/wpa_supplicant: nl80211: Received scan results (27 BSSes)
10-28 10:56:26.335 1983-1983/? D/wpa_supplicant: nl80211: Scan results indicate BSS status with ec:6c:9f:34:d4:5d as associated
10-28 10:56:26.335 1983-1983/? D/wpa_supplicant: wlan0: BSS: Start scan result update 61
10-28 10:56:26.336 1983-1983/? D/wpa_supplicant: wlan0: BSS: Add new id 583 BSSID e0:b9:4d:81:71:02 SSID 'KFRouter_817102' freq 2412
10-28 10:56:26.340 1983-1983/? D/wpa_supplicant: wlan0: BSS: Remove id 573 BSSID 08:ea:40:80:f5:e2 SSID 'KFRouter_zhouzhou' due to no match in scan
10-28 10:56:26.340 1983-1983/? D/wpa_supplicant: wlan0: BSS: Remove id 575 BSSID f8:32:e4:96:8d:60 SSID 'xiaoshuo' due to no match in scan
10-28 10:56:26.341 1983-1983/? D/wpa_supplicant: BSS: last_scan_res_used=27/64
10-28 10:56:26.341 1983-1983/? D/wpa_supplicant: wlan0: Scan-only results received
10-28 10:56:26.342 1983-1983/? D/wpa_supplicant: wlan0: Radio work 'scan'@0x7f9ce2e360 done in 2.846733 seconds
10-28 10:56:26.342 1983-1983/? D/wpa_supplicant: wlan0: radio_work_free('scan'@0x7f9ce2e360: num_active_works --> 0
10-28 10:56:26.342 1983-1983/? D/wpa_supplicant: wlan0: Control interface command 'SCAN_RESULTS'
10-28 10:56:26.356 1983-1983/? D/wpa_supplicant: wlan0: Control interface command 'SCAN_RESULTS'
10-28 10:56:26.362 1393-1649/system_process D/WifiNative-HAL: Inconsistent SSID on BSSID '88:25:93:60:27:1d': '401里屋' vs '401ÀïÎÝ': ie=0007343031c0efcedd010882848b960c12182403010b2a010032043048606c2d1aac011bffffff00000000000000000001000000000000000000003d160b0f06000000000000000000000000000000000000004a0e14000a002c01c8001400050019007f080100000000000040dd180050f2020101800003a4000027a4000042435e0062322f00dd0900037f01010000ff7f30140100000fac040100000fac040100000fac020000dd160050f20101000050f20401000050f20401000050f202dd0f00a0c600010000a70000000ec23c85
10-28 10:56:26.366 1393-1651/system_process D/WifiNative-HAL: Inconsistent SSID on BSSID '88:25:93:60:27:1d': '401里屋' vs '401ÀïÎÝ': ie=0007343031c0efcedd010882848b960c12182403010b2a010032043048606c2d1aac011bffffff00000000000000000001000000000000000000003d160b0f06000000000000000000000000000000000000004a0e14000a002c01c8001400050019007f080100000000000040dd180050f2020101800003a4000027a4000042435e0062322f00dd0900037f01010000ff7f30140100000fac040100000fac040100000fac020000dd160050f20101000050f20401000050f20401000050f202dd0f00a0c600010000a70000000ec23c85
10-28 10:56:26.401 1393-1649/system_process D/WifiQualifiedNetworkSelector:: ==========start qualified Network Selection==========
10-28 10:56:26.402 1393-1649/system_process D/WifiQualifiedNetworkSelector:: Current network is: "kookong" ,ID is: 0
10-28 10:56:26.402 1393-1649/system_process D/WifiQualifiedNetworkSelector:: Quit qualified Network Selection since it is not forced and current network is qualified already
10-28 10:56:26.425 2792-4046/com.xiaomi.metoknlp D/GeoFencingWifi: handleWifiScanDoneLocked availableWifis size=27,wifiChanged=false,newConnected=false
10-28 10:56:28.898 1983-1983/? D/wpa_supplicant: wlan0: Control interface command 'SIGNAL_POLL'
10-28 10:56:29.145 812-812/? I/cnss-daemon: RTM_NEWNEIGH message received: 28
10-28 10:56:29.145 812-812/? E/cnss-daemon: Stale or unreachable neighbors, ndm state: 4
10-28 10:56:31.418 1729-1729/com.android.systemui D/BatteryController: action=android.intent.action.BATTERY_CHANGED; mCharging=true
10-28 10:56:31.425 1698-2210/com.android.bluetooth D/HeadsetStateMachine: Disconnected process message: 10, size: 0
10-28 10:56:31.427 2486-2642/.dataservices W/QCNEJ: |CORE| CNE received unexpected action: android.intent.action.BATTERY_CHANGED
10-28 10:56:31.431 1883-1883/com.android.phone E/QtiImsExtUtils: getConfigForPhoneId subId is invalid
10-28 10:56:31.431 1883-1883/com.android.phone E/QtiImsExtUtils: isCarrierConfigEnabled bundle is null
10-28 10:56:31.430 2624-2624/com.miui.securitycenter.remote I/BatteryInfoReceiver: ACTION_BATTERY_CHANGED
10-28 10:56:31.438 1393-2881/system_process E/LocSvc_libulp: I/int ulp_msg_process_system_update(const UlpSystemEvent): systemEvent:5 
10-28 10:56:31.438 1393-2881/system_process E/LocSvc_libulp: I/===> int ulp_brain_turn_onoff_dr_provider() line 848 
10-28 10:56:31.438 1393-2881/system_process E/LocSvc_libulp: I/===> int ulp_dr_stop_engine() line 235 
10-28 10:56:31.439 1393-2881/system_process E/LocSvc_libulp: I/int ulp_msg_process_start_req(), at ulp state = 1
10-28 10:56:31.439 1393-1860/system_process E/LocSvc_api_v02: I/---> locClientSendReq line 2069 QMI_LOC_GET_BEST_AVAILABLE_POSITION_REQ_V02
10-28 10:56:31.441 1393-1870/system_process E/LocSvc_ApiV02: I/<--- void globalRespCb(locClientHandleType, uint32_t, const locClientRespIndUnionType, uint32_t, void *) line 140 QMI_LOC_GET_BEST_AVAILABLE_POSITION_REQ_V02
10-28 10:56:31.442 1393-2881/system_process E/LocSvc_libulp: I/int ulp_brain_process_zpp_position_report(const enum loc_sess_status, LocPosTechMask, UlpLocation *), report ZPP position to providers,report_position = 1
10-28 10:56:31.442 1393-2881/system_process E/LocSvc_libulp: I/===> int ulp_brain_turn_onoff_dr_provider() line 848 
10-28 10:56:31.442 1393-2881/system_process E/LocSvc_libulp: I/===> int ulp_dr_stop_engine() line 235 
10-28 10:56:31.774 812-812/? I/cnss-daemon: RTM_NEWNEIGH message received: 28
10-28 10:56:31.775 812-812/? E/cnss-daemon: Stale or unreachable neighbors, ndm state: 4
10-28 10:56:31.920 1983-1983/? D/wpa_supplicant: wlan0: Control interface command 'SIGNAL_POLL'
10-28 10:56:34.944 1983-1983/? D/wpa_supplicant: wlan0: Control interface command 'SIGNAL_POLL'
10-28 10:56:37.265 851-1693/? I/fpc_fingerprint_hal: wait_wake_up (get_irq)
10-28 10:56:37.282 1393-1634/system_process D/BaseMiuiPhoneWindowManager: keyCode:23 down:true eventTime:6454502 downTime:6454502 policyFlags:22000002 deviceId:0 isScreenOn:true keyguardActive:false repeatCount:0
10-28 10:56:37.322 1393-1634/system_process D/BaseMiuiPhoneWindowManager: keyCode:23 down:false eventTime:6454543 downTime:6454502 policyFlags:22000002 deviceId:0 isScreenOn:true keyguardActive:false repeatCount:0
10-28 10:56:37.323 1393-1634/system_process D/BaseMiuiPhoneWindowManager: keyCode:3 down:true eventTime:6454544 downTime:6454544 policyFlags:2b000002 deviceId:-1 isScreenOn:true keyguardActive:false repeatCount:0
10-28 10:56:37.324 1393-1634/system_process D/BaseMiuiPhoneWindowManager: keyCode:3 down:false eventTime:6454544 downTime:6454544 policyFlags:2b000002 deviceId:-1 isScreenOn:true keyguardActive:false repeatCount:0
10-28 10:56:37.336 1393-1633/system_process I/SplashScreenServiceDelegate: None for com.miui.home
10-28 10:56:37.336 1393-1633/system_process I/ActivityManager: START u0 {act=android.intent.action.MAIN cat=[android.intent.category.HOME] flg=0x10200000 cmp=com.miui.home/.launcher.Launcher (has extras)} from uid 1000 on display 0
10-28 10:56:37.337 2568-2742/com.miui.whetstone I/WtEventController: dispatchSysInfoEvent AM_NEW_INTENT componentName:com.miui.home/.launcher.Launcher
10-28 10:56:37.337 2568-2742/com.miui.whetstone D/WhetstoneService: onAMNewIntent callback
10-28 10:56:37.339 1393-1633/system_process D/ActivityTrigger: ActivityTrigger activityPauseTrigger 
10-28 10:56:37.344 4671-4671/com.android.settings D/LocalBluetoothManager: setting foreground activity to null
10-28 10:56:37.350 1393-3286/system_process D/ui-boost: boost uithread for app=com.miui.home
10-28 10:56:37.350 1393-3286/system_process D/ui-boost: boost renderthread for app=com.miui.home, tid=2988
10-28 10:56:37.351 1393-3286/system_process D/ui-boost: reset uithread for app=com.android.settings
10-28 10:56:37.351 1393-3286/system_process D/ui-boost: reset renderthread for app=com.android.settings, tid=4696
10-28 10:56:37.352 1393-3286/system_process D/ui-boost: reset uithread for app=com.android.bluetooth
10-28 10:56:37.352 1393-3286/system_process D/ui-boost: reset renderthread for app=com.android.bluetooth, tid=17508
10-28 10:56:37.369 2850-3187/com.miui.powerkeeper:service D/PowerKeeper.Event: notifyForegroundCompomentChanged ComponentInfo{com.miui.home/com.miui.home.launcher.Launcher}
10-28 10:56:37.369 1393-3286/system_process I/Timeline: Timeline: App_transition_ready time:6454591
10-28 10:56:37.369 2568-2742/com.miui.whetstone I/WtProcessController: MOVE TO FOREGROUND: com.miui.home 10023
10-28 10:56:37.370 2568-2742/com.miui.whetstone I/StatusController: Last foreground:com.android.settings uid:1000 Current foreground:com.miui.home uid:10023
10-28 10:56:37.370 2568-2742/com.miui.whetstone I/WtProcessController: FOREGROUND INFO: name=com.miui.home uid=10023 pid=2386 TaskId:19
10-28 10:56:37.370 1393-1458/system_process V/UidProcStateHelper: process state changed:[2386,10023,2]
10-28 10:56:37.371 2850-3241/com.miui.powerkeeper:service D/PowerStateMachine: eventMessage id:100 name:foreground
10-28 10:56:37.371 2850-3241/com.miui.powerkeeper:service D/PowerStateMachine: normal_state exited
10-28 10:56:37.371 2850-3241/com.miui.powerkeeper:service D/PowerStateMachine: home_state entered
10-28 10:56:37.372 2327-2378/? I/octvm_power: power mode [home] start 1509159397
10-28 10:56:37.372 2327-2378/? I/octvm_power: Action: set_cpu_powermode(middle) for [foreground_change]
10-28 10:56:37.372 2327-2378/? I/octvm_drv: common drv: platform_set_power_profile -> platform not support
10-28 10:56:37.372 2327-2378/? I/octvm_power: Action: set_lcd_mode(default) for [foreground_change]
10-28 10:56:37.372 2327-2378/? I/octvm_drv: common drv: platform_set_lcd_mode -> platform not support
10-28 10:56:37.372 2327-2378/? I/octvm_power: Action: set_thermal_config(restore) for [foreground_change]
10-28 10:56:37.372 2327-2378/? I/octvm_drv: common drv: platform_set_thermal_mode -> platform not support
10-28 10:56:37.372 2327-2378/? I/octvm_power: onPowerModeChanged[home] called
10-28 10:56:37.373 2850-3120/com.miui.powerkeeper:service D/ProcessObserver: onScreenAppChanged, FgUid: 10023, FgPackageName: com.miui.home, foreground: true
10-28 10:56:37.373 2850-3120/com.miui.powerkeeper:service D/ProcessObserver: onScreenAppChanged, PreTaskUid: 1000, PreTaskPackageName: com.android.settings, foreground: true
10-28 10:56:37.373 2850-3120/com.miui.powerkeeper:service D/ProcessObserver: Uid: 10023 Foreground
10-28 10:56:37.376 2386-3026/com.miui.home I/RenderThread: RenderThread resumed
10-28 10:56:37.376 2386-3026/com.miui.home I/RenderThread: All controllers paused.
10-28 10:56:37.376 2386-3026/com.miui.home I/RenderThread: RenderThread paused, waiting for signal
10-28 10:56:37.378 2386-3026/com.miui.home I/RenderThread: RenderThread resumed
10-28 10:56:37.378 2386-3026/com.miui.home D/ScreenElementRoot: resume
10-28 10:56:37.380 1729-1729/com.android.systemui D/PhoneStatusBar: disable: 0x00000240 -> 0x00800240 (diff: 0x00800000)
10-28 10:56:37.380 1729-1729/com.android.systemui D/PhoneStatusBar: disable: < expand icons alerts ticker system_info back home recent CLOCK* full hide keyguard none float >
10-28 10:56:37.381 2386-3026/com.miui.home I/NotifierManager: onRegister: miui.maml.NotifierManager$MultiBroadcastNotifier@4b7871e
10-28 10:56:37.384 2850-3120/com.miui.powerkeeper:service D/ProcessObserver: onForegroundActivitiesChanged, pid: 2386 uid: 10023 foregroundActivities: true
10-28 10:56:37.384 2850-3120/com.miui.powerkeeper:service D/ProcessObserver: Uid: 10023 ForePreTask
10-28 10:56:37.384 2850-3176/com.miui.powerkeeper:service D/HideModeStateMachine: updateForForegroundUidChangedLocked: uid = 10023 foreground = true
10-28 10:56:37.384 2850-3176/com.miui.powerkeeper:service I/HideModeStateMachine: Uid: 10023 State: inactive_level_1st |-> setForegroundActive
10-28 10:56:37.384 2850-3176/com.miui.powerkeeper:service I/HideModeStateMachine: Uid: 10023 State: inactive_level_1st Feature: appIdle |-> setSubStateForegroundActive
10-28 10:56:37.384 2850-3176/com.miui.powerkeeper:service I/HideModeStateMachine: Uid: 10023 State: inactive_level_1st Feature: sensor |-> setSubStateForegroundActive
10-28 10:56:37.384 2850-3176/com.miui.powerkeeper:service I/HideModeStateMachine: Uid: 10023 State: inactive_level_1st Feature: location |-> setSubStateForegroundActive
10-28 10:56:37.384 2850-3176/com.miui.powerkeeper:service I/HideModeStateMachine: Uid: 10023 State: active |-> setForegroundActive
10-28 10:56:37.384 2850-3176/com.miui.powerkeeper:service D/HideModeStateMachine: updateForForegroundPreTaskUidChangedLocked: uid = 10023 foreground = true
10-28 10:56:37.384 2850-3714/com.miui.powerkeeper:service D/ActiveStateController: updateStateForFgUidChangedLocked: uid = 10023 foreground = true
10-28 10:56:37.386 1393-1938/system_process I/Timeline: Timeline: App_transition_ready time:6454608
10-28 10:56:37.387 1729-1729/com.android.systemui D/PhoneStatusBar: disable: 0x00800240 -> 0x00800000 (diff: 0x00000240)
10-28 10:56:37.387 1729-1729/com.android.systemui D/PhoneStatusBar: disable: < expand icons alerts ticker system_info back home recent CLOCK full hide keyguard none float >
10-28 10:56:37.387 1729-1729/com.android.systemui D/SimpleStatusBar: updateDarkMode() mDarkMode=false
10-28 10:56:37.387 1729-1729/com.android.systemui D/SimpleStatusBar: updateDarkMode() mIconsDarkArea=null
10-28 10:56:37.398 2850-3224/com.miui.powerkeeper:service D/PowerCheckerService: updateForFgUidChangedLocked, mScreenOn = true uid = 10023 foreground = true
10-28 10:56:37.399 2850-3224/com.miui.powerkeeper:service D/PowerChecker.BaStats: uid = 10023, uidForeground = true, lastBytes = 0, curBytes = 0, deltaBytes = 0
10-28 10:56:37.399 2850-3688/com.miui.powerkeeper:service D/AppActiveChecker: updateDownloadStateForFgUidChangedLocked, mScreenOn = true uid = 10023 foreground = true
10-28 10:56:37.400 2850-3688/com.miui.powerkeeper:service D/AppActiveChecker: updateAppActiveStateForUidLocked, uid = 10023 appActiveState = 0
10-28 10:56:37.406 2850-3696/com.miui.powerkeeper:service D/KillProcessAppRuleChecker: updateStateForInteractiveUidChangedLocked: uid = 10023 foreground = true
10-28 10:56:37.406 2850-3689/com.miui.powerkeeper:service D/DeviceIdleAppRuleChecker: updateStateForInteractiveUidChangedLocked: uid = 10023 foreground = true
10-28 10:56:37.410 1393-2385/system_process I/SplashScreenServiceDelegate: None for com.miui.home
10-28 10:56:37.414 1393-1472/system_process I/Timeline: Timeline: App_transition_ready time:6454635
10-28 10:56:37.414 1729-1729/com.android.systemui D/SimpleStatusBar: updateBatteryChargingIcon() mQuickCharging=false; mDarkMode=false
10-28 10:56:37.421 1729-1729/com.android.systemui V/PhoneStatusBarPolicy: updateManagedProfile mManagedProfileFocused: false mManagedProfileInQuietMode: false mKeyguardVisible: false mCurrentUserId:0 mCurrentProfileId:0 mSecondSpaceStatusIconVisible: true showIcon:false
10-28 10:56:37.650 459-2368/? E/ANDR-PERF-OPTSHANDLER: perf_lock_rel: updated /sys/class/scsi_host/host0/../../../clkscale_enable with 1
                                                        return value 2
10-28 10:56:37.711 1393-1634/system_process D/BaseMiuiPhoneWindowManager: keyCode:82 down:true eventTime:6454932 downTime:6454932 policyFlags:22000002 deviceId:9 isScreenOn:true keyguardActive:false repeatCount:0
10-28 10:56:37.724 1393-1472/system_process I/Timeline: Timeline: App_transition_stopped time:6454946
10-28 10:56:37.726 1393-1472/system_process I/Timeline: Timeline: Activity_windows_visible id: ActivityRecord{a692f0a u0 com.miui.home/.launcher.Launcher t19} time:6454948
10-28 10:56:37.727 1393-1457/system_process D/ActivityTrigger: ActivityTrigger activityStopTrigger 
10-28 10:56:37.727 1729-1729/com.android.systemui D/EventBus: [1729, u0] send(AppTransitionFinishedEvent)
10-28 10:56:37.727 1729-1729/com.android.systemui D/EventBus: [1729, u0]  -> ForcedResizableInfoActivityController [0xb41d5c9, P1] onBusEvent(AppTransitionFinishedEvent)
10-28 10:56:37.728 1729-1729/com.android.systemui D/EventBus: [1729, u0] onBusEvent(AppTransitionFinishedEvent) duration: 19 microseconds, avg: 325
10-28 10:56:37.731 1393-1457/system_process D/ui-boost: boost uithread for app=com.android.bluetooth
10-28 10:56:37.731 1393-1457/system_process D/ui-boost: boost renderthread for app=com.android.bluetooth, tid=17508
10-28 10:56:37.733 1393-1458/system_process V/UidProcStateHelper: process state changed:[4671,1000,13]
10-28 10:56:37.733 1393-1458/system_process V/UidProcStateHelper: process state changed:[1698,1002,6]
10-28 10:56:37.736 1729-1729/com.android.systemui D/EventBus: [1729, u0] send(AppTransitionFinishedEvent)
10-28 10:56:37.736 1729-1729/com.android.systemui D/EventBus: [1729, u0]  -> ForcedResizableInfoActivityController [0xb41d5c9, P1] onBusEvent(AppTransitionFinishedEvent)
10-28 10:56:37.736 1729-1729/com.android.systemui D/EventBus: [1729, u0] onBusEvent(AppTransitionFinishedEvent) duration: 22 microseconds, avg: 324
10-28 10:56:37.763 2850-3120/com.miui.powerkeeper:service D/ProcessObserver: onForegroundActivitiesChanged, pid: 4671 uid: 1000 foregroundActivities: false
10-28 10:56:37.763 2850-3120/com.miui.powerkeeper:service D/ProcessObserver: Uid: 1000 Background
10-28 10:56:37.764 2850-3176/com.miui.powerkeeper:service D/HideModeStateMachine: updateForForegroundUidChangedLocked: uid = 1000 foreground = false
10-28 10:56:37.764 2850-3224/com.miui.powerkeeper:service D/PowerCheckerService: updateForFgUidChangedLocked, mScreenOn = true uid = 1000 foreground = false
10-28 10:56:37.765 2850-3224/com.miui.powerkeeper:service D/PowerChecker.BaStats: uid = 1000, uidForeground = false, lastBytes = 1536545, curBytes = 1537791, deltaBytes = 1246
10-28 10:56:37.808 1393-1634/system_process D/BaseMiuiPhoneWindowManager: keyCode:82 down:false eventTime:6455030 downTime:6454932 policyFlags:22000002 deviceId:9 isScreenOn:true keyguardActive:false repeatCount:0
10-28 10:56:37.823 1729-1729/com.android.systemui D/RecentsImpl: runningTask: ComponentInfo{com.miui.home/com.miui.home.launcher.Launcher}
10-28 10:56:37.833 1393-2579/system_process I/SplashScreenServiceDelegate: None for com.android.systemui
10-28 10:56:37.834 1393-2579/system_process I/ActivityManager: START u0 {flg=0x10804000 cmp=com.android.systemui/.recents.RecentsActivity} from uid 1000 on display 0
10-28 10:56:37.843 2568-2742/com.miui.whetstone I/WtEventController: dispatchSysInfoEvent AM_NEW_INTENT componentName:com.android.systemui/.recents.RecentsActivity
10-28 10:56:37.843 2568-2742/com.miui.whetstone D/WhetstoneService: onAMNewIntent callback
10-28 10:56:37.850 1393-2579/system_process D/ActivityTrigger: ActivityTrigger activityPauseTrigger 
10-28 10:56:37.856 1393-2579/system_process D/ui-boost: reset uithread for app=com.miui.home
10-28 10:56:37.856 1393-2579/system_process D/ui-boost: reset renderthread for app=com.miui.home, tid=2988
10-28 10:56:37.856 2386-2386/com.miui.home D/ScreenElementRoot: pause
10-28 10:56:37.858 1393-2579/system_process D/ui-boost: boost uithread for app=com.android.systemui
10-28 10:56:37.858 1393-2579/system_process D/ui-boost: boost renderthread for app=com.android.systemui, tid=1866
10-28 10:56:37.859 2850-3187/com.miui.powerkeeper:service D/PowerKeeper.Event: notifyForegroundCompomentChanged ComponentInfo{com.android.systemui/com.android.systemui.recents.RecentsActivity}
10-28 10:56:37.859 2568-2742/com.miui.whetstone I/WtProcessController: FOREGROUND INFO: name=com.android.systemui uid=1000 pid=1729 TaskId:19
10-28 10:56:37.860 2850-3241/com.miui.powerkeeper:service D/PowerStateMachine: eventMessage id:100 name:foreground
10-28 10:56:37.860 1393-2579/system_process I/Timeline: Timeline: App_transition_ready time:6455082
10-28 10:56:37.860 2850-3241/com.miui.powerkeeper:service D/PowerStateMachine: home_state exited
10-28 10:56:37.860 2850-3241/com.miui.powerkeeper:service D/PowerStateMachine: normal_state entered
10-28 10:56:37.860 2568-2742/com.miui.whetstone I/WtProcessController: mCurTask:23
10-28 10:56:37.860 2327-2327/? I/octvm_power: power mode [normal] start 1509159397
10-28 10:56:37.860 1729-1729/com.android.systemui D/EventBus: [1729, u0] send(RecentsActivityStartingEvent)
10-28 10:56:37.860 2327-2327/? I/octvm_power: Action: set_cpu_powermode(middle) for [foreground_change]
10-28 10:56:37.860 1393-1457/system_process D/ActivityTrigger: ActivityTrigger activityStopTrigger 
10-28 10:56:37.860 2327-2327/? I/octvm_drv: common drv: platform_set_power_profile -> platform not support
10-28 10:56:37.861 1729-1729/com.android.systemui D/EventBus: [1729, u0]  -> DividerView [0x1e6c41f, P1] onBusEvent(RecentsActivityStartingEvent)
10-28 10:56:37.861 2327-2327/? I/octvm_power: Action: set_lcd_mode(default) for [foreground_change]
10-28 10:56:37.861 2327-2327/? I/octvm_drv: common drv: platform_set_lcd_mode -> platform not support
10-28 10:56:37.861 2327-2327/? I/octvm_power: Action: set_thermal_config(restore) for [foreground_change]
10-28 10:56:37.861 2327-2327/? I/octvm_drv: common drv: platform_set_thermal_mode -> platform not support
10-28 10:56:37.861 2327-2327/? I/octvm_power: onPowerModeChanged[normal] called
10-28 10:56:37.861 1729-1729/com.android.systemui D/EventBus: [1729, u0] onBusEvent(RecentsActivityStartingEvent) duration: 671 microseconds, avg: 325
10-28 10:56:37.861 1729-1729/com.android.systemui D/EventBus: [1729, u0]  -> Recents [0x8093562, P1] onBusEvent(RecentsActivityStartingEvent)
10-28 10:56:37.861 1729-1729/com.android.systemui D/EventBus: [1729, u0] onBusEvent(RecentsActivityStartingEvent) duration: 13 microseconds, avg: 324
10-28 10:56:37.862 1393-1458/system_process V/UidProcStateHelper: process state changed:[1729,1000,1]
10-28 10:56:37.862 1393-1458/system_process V/UidProcStateHelper: process state changed:[2386,10023,6]
10-28 10:56:37.862 2386-2386/com.miui.home I/NotifierManager: onUnregister: miui.maml.NotifierManager$MultiBroadcastNotifier@4b7871e
10-28 10:56:37.863 2386-3026/com.miui.home I/RenderThread: RenderThread paused, waiting for signal
10-28 10:56:37.864 1729-1729/com.android.systemui D/EventBus: [1729, u0] send(RecentsVisibilityChangedEvent)
10-28 10:56:37.864 1729-1729/com.android.systemui D/EventBus: [1729, u0]  -> TaskStackView [0x3141151, P3] onBusEvent(RecentsVisibilityChangedEvent)
10-28 10:56:37.865 1729-1729/com.android.systemui D/EventBus: [1729, u0] onBusEvent(RecentsVisibilityChangedEvent) duration: 13 microseconds, avg: 324
10-28 10:56:37.865 1729-1729/com.android.systemui D/EventBus: [1729, u0]  -> Recents [0x8093562, P1] onBusEvent(RecentsVisibilityChangedEvent)
10-28 10:56:37.865 1729-1729/com.android.systemui D/EventBus: [1729, u0] onBusEvent(RecentsVisibilityChangedEvent) duration: 13 microseconds, avg: 323
10-28 10:56:37.865 1729-1729/com.android.systemui D/RecentsActivity: getFreeMemory:4406942996
10-28 10:56:37.871 1729-2678/com.android.systemui D/SystemServicesProxy: send push event Bundle[{pkgname=com.android.systemui, data={"id":"1509159397868","content":"{\"taskCount\":0,\"taskLockedCount\":0,\"taskLockedList\":\"[]\"}"}, name=enterRecents, category=recents}]
10-28 10:56:37.871 2403-2403/com.xiaomi.xmsf W/PushService: 2017-10-28 10:56:37,871 - [WARN::PushService] - [Thread:1] TinyData cache data to file begin itemId:QwUrZ-91
10-28 10:56:37.881 2386-2988/com.miui.home W/OpenGLRenderer: cuilf destroyHardwareResources 545 RenderNode: 0x7f688d3000, layer: 0x7f67436800
10-28 10:56:37.882 1393-3291/system_process I/Timeline: Timeline: App_transition_ready time:6455104
10-28 10:56:37.885 1729-1729/com.android.systemui D/EventBus: [1729, u0] send(HideStackActionButtonEvent)
10-28 10:56:37.885 1729-1729/com.android.systemui D/EventBus: [1729, u0]  -> RecentsView [0xf9931c4, P3] onBusEvent(HideStackActionButtonEvent)
10-28 10:56:37.885 1729-1729/com.android.systemui D/EventBus: [1729, u0] onBusEvent(HideStackActionButtonEvent) duration: 9 microseconds, avg: 322
10-28 10:56:37.885 1729-1729/com.android.systemui D/EventBus: [1729, u0] post(RecentsDrawnEvent)
10-28 10:56:37.887 2403-2422/com.xiaomi.xmsf D/PushService: 2017-10-28 10:56:37,887 - [DEBUG::PushService] - com.xiaomi.joyoseis system app. StatService
10-28 10:56:37.889 1729-1729/com.android.systemui D/EventBus: [1729, u0]  -> DividerView [0x1e6c41f, P1] onBusEvent(RecentsDrawnEvent)
10-28 10:56:37.889 1729-1729/com.android.systemui D/EventBus: [1729, u0] onBusEvent(RecentsDrawnEvent) duration: 10 microseconds, avg: 321
10-28 10:56:37.889 1729-1729/com.android.systemui D/EventBus: [1729, u0]  -> Recents [0x8093562, P1] onBusEvent(RecentsDrawnEvent)
