10-28 13:53:12.582 1393-2349/system_process D/systemui_boost: thread tid=1866, priority is set to 0
10-28 13:53:12.582 1393-2349/system_process D/systemui_boost: ui thread and render thread are reset
10-28 13:53:12.582 1393-2349/system_process D/NotificationService: thread tid=1659, priority is set to 10
10-28 13:53:12.584 1729-2005/com.android.systemui E/NotificationSortHelper: insert or update Exception Attempt to invoke virtual method 'int java.lang.Integer.intValue()' on a null object reference
10-28 13:53:12.584 2403-4265/com.xiaomi.xmsf D/PushService: 2017-10-28 13:53:12,584 - [DEBUG::PushService] - com.xiaomi.joyoseis system app. StatService
10-28 13:53:12.586 2403-2403/com.xiaomi.xmsf W/PushService: 2017-10-28 13:53:12,585 - [WARN::PushService] - [Thread:1] TinyData cache data to file begin itemId:QwUrZ-164
10-28 13:53:12.609 1729-1729/com.android.systemui W/ProgressBarDelegate: Unknown Drawable subclass, src=android.graphics.drawable.ScaleDrawable@5fa7612
10-28 13:53:12.610 1729-1866/com.android.systemui W/OpenGLRenderer: cuilf destroyHardwareResources 545 RenderNode: 0x7f66aea800, layer: 0x7f5bd26e00
10-28 13:53:12.613 459-2368/? E/ANDR-PERF-OPTSHANDLER: perf_lock_rel: updated /sys/class/scsi_host/host0/../../../clkscale_enable with 1
                                                        return value 2
10-28 13:53:12.826 1393-1472/system_process I/Timeline: Timeline: App_transition_stopped time:17050048
10-28 13:53:12.839 1393-1472/system_process I/Timeline: Timeline: Activity_windows_visible id: ActivityRecord{bb38e4d u0 com.android.settings/.MiuiSettings t43} time:17050061
10-28 13:53:12.841 1393-1457/system_process D/ActivityTrigger: ActivityTrigger activityStopTrigger 
10-28 13:53:12.842 1729-1729/com.android.systemui D/EventBus: [1729, u0] send(AppTransitionFinishedEvent)
10-28 13:53:12.842 1729-1729/com.android.systemui D/EventBus: [1729, u0]  -> ForcedResizableInfoActivityController [0xb41d5c9, P1] onBusEvent(AppTransitionFinishedEvent)
10-28 13:53:12.842 1729-1729/com.android.systemui D/EventBus: [1729, u0] onBusEvent(AppTransitionFinishedEvent) duration: 29 microseconds, avg: 437
10-28 13:53:12.846 1393-1458/system_process V/UidProcStateHelper: process state changed:[2386,10023,6]
10-28 13:53:12.866 1393-1762/system_process I/WindowManager: Destroying surface Surface(name=com.miui.home/com.miui.home.launcher.Launcher) called by com.android.server.wm.WindowStateAnimator.destroySurface:2043 com.android.server.wm.WindowStateAnimator.destroySurfaceLocked:895 com.android.server.wm.WindowState.destroyOrSaveSurface:2125 com.android.server.wm.AppWindowToken.destroySurfaces:363 com.android.server.wm.AppWindowToken.notifyAppStopped:389 com.android.server.wm.WindowManagerService.notifyAppStopped:4657 com.android.server.am.ActivityStack.activityStoppedLocked:1301 com.android.server.am.ActivityManagerService.activityStopped:7304 
10-28 13:53:12.869 2850-3120/com.miui.powerkeeper:service D/ProcessObserver: onForegroundActivitiesChanged, pid: 2386 uid: 10023 foregroundActivities: false
10-28 13:53:12.870 2850-3120/com.miui.powerkeeper:service D/ProcessObserver: Uid: 10023 Background
10-28 13:53:12.870 2850-3224/com.miui.powerkeeper:service D/PowerCheckerService: updateForFgUidChangedLocked, mScreenOn = true uid = 10023 foreground = false
10-28 13:53:12.870 2850-3688/com.miui.powerkeeper:service D/AppActiveChecker: updateDownloadStateForFgUidChangedLocked, mScreenOn = true uid = 10023 foreground = false
10-28 13:53:12.870 2850-3120/com.miui.powerkeeper:service D/ProcessObserver: Uid: 10023 BackPreTask
10-28 13:53:12.871 2850-3688/com.miui.powerkeeper:service D/AppActiveChecker: updateAppActiveStateForUidLocked, uid = 10023 appActiveState = 1
10-28 13:53:12.871 2850-3689/com.miui.powerkeeper:service D/DeviceIdleAppRuleChecker: updateStateForInteractiveUidChangedLocked: uid = 10023 foreground = false
10-28 13:53:12.871 2850-3714/com.miui.powerkeeper:service D/ActiveStateController: updateStateForFgUidChangedLocked: uid = 10023 foreground = false
10-28 13:53:12.871 2850-3696/com.miui.powerkeeper:service D/KillProcessAppRuleChecker: updateStateForInteractiveUidChangedLocked: uid = 10023 foreground = false
10-28 13:53:12.871 2850-3176/com.miui.powerkeeper:service D/HideModeStateMachine: updateForForegroundUidChangedLocked: uid = 10023 foreground = false
10-28 13:53:12.871 2850-3176/com.miui.powerkeeper:service I/HideModeStateMachine: Uid: 10023 State: inactive_level_1st |-> startRun
10-28 13:53:12.871 2850-3176/com.miui.powerkeeper:service I/HideModeStateMachine: Uid: 10023 State: inactive_level_1st Feature: appIdle |-> startRun
10-28 13:53:12.871 2850-3176/com.miui.powerkeeper:service I/HideModeStateMachine: Uid: 10023 State: inactive_level_1st Feature: appIdle |-> setActive
10-28 13:53:12.871 2850-3176/com.miui.powerkeeper:service I/HideModeStateMachine: Uid: 10023 State: inactive_level_1st Feature: sensor |-> startRun
10-28 13:53:12.871 2850-3176/com.miui.powerkeeper:service I/HideModeStateMachine: Uid: 10023 State: inactive_level_1st Feature: sensor |-> setActive
10-28 13:53:12.872 2850-3176/com.miui.powerkeeper:service I/HideModeStateMachine: Uid: 10023 State: inactive_level_1st Feature: location |-> startRun
10-28 13:53:12.872 2850-3176/com.miui.powerkeeper:service I/HideModeStateMachine: Uid: 10023 State: inactive_level_1st Feature: location |-> setActive
10-28 13:53:12.872 2850-3176/com.miui.powerkeeper:service D/HideModeStateMachine: updateForForegroundPreTaskUidChangedLocked: uid = 10023 foreground = false
10-28 13:53:12.874 2850-3224/com.miui.powerkeeper:service D/PowerChecker.BaStats: uid = 10023, uidForeground = false, lastBytes = 0, curBytes = 0, deltaBytes = 0
10-28 13:53:13.561 1983-1983/? D/wpa_supplicant: wlan0: Control interface command 'SIGNAL_POLL'
10-28 13:53:14.033 2496-2496/? W/JDWP: type=1400 audit(0.0:1379): avc: denied { connectto } for path=006A6477702D636F6E74726F6C scontext=u:r:dataservice_app:s0 tcontext=u:r:su:s0 tclass=unix_stream_socket permissive=0
10-28 13:53:16.002 4880-4880/com.android.settings I/Timeline: Timeline: Activity_launch_request time:17053224
10-28 13:53:16.022 1393-2579/system_process I/SplashScreenServiceDelegate: None for com.android.settings
10-28 13:53:16.023 1393-2579/system_process I/ActivityManager: START u0 {act=android.intent.action.MAIN cmp=com.android.settings/.SubSettings (has extras)} from uid 1000 on display 0
10-28 13:53:16.041 1393-2579/system_process D/ActivityTrigger: ActivityTrigger activityPauseTrigger 
10-28 13:53:16.033 2496-2496/? W/JDWP: type=1400 audit(0.0:1380): avc: denied { connectto } for path=006A6477702D636F6E74726F6C scontext=u:r:dataservice_app:s0 tcontext=u:r:su:s0 tclass=unix_stream_socket permissive=0
10-28 13:53:16.053 2850-3187/com.miui.powerkeeper:service D/PowerKeeper.Event: notifyForegroundCompomentChanged ComponentInfo{com.android.settings/com.android.settings.SubSettings}
10-28 13:53:16.054 2850-3241/com.miui.powerkeeper:service D/PowerStateMachine: eventMessage id:100 name:foreground
10-28 13:53:16.054 1393-2384/system_process I/Timeline: Timeline: App_transition_ready time:17053276
10-28 13:53:16.054 2568-2742/com.miui.whetstone I/WtProcessController: MOVE TO FOREGROUND: com.android.settings 1000
10-28 13:53:16.054 2568-2742/com.miui.whetstone I/WtProcessController: FOREGROUND INFO: name=com.android.settings uid=1000 pid=4880 TaskId:43
10-28 13:53:16.062 4880-4880/com.android.settings V/BoostFramework: BoostFramework() : mPerf = com.qualcomm.qti.Performance@fc8bebe
10-28 13:53:16.062 4880-4880/com.android.settings V/BoostFramework: BoostFramework() : mPerf = com.qualcomm.qti.Performance@78b4b1f
10-28 13:53:16.062 4880-4880/com.android.settings V/BoostFramework: BoostFramework() : mPerf = com.qualcomm.qti.Performance@2c9e6c
10-28 13:53:16.062 4880-4880/com.android.settings V/BoostFramework: BoostFramework() : mPerf = com.qualcomm.qti.Performance@ecc8c35
10-28 13:53:16.068 4880-4880/com.android.settings D/SubSettings: Launching fragment com.android.settings.bluetooth.MiuiBluetoothSettings
10-28 13:53:16.073 1393-2554/system_process W/ActivityManager: Unable to start service Intent { act=miui.bluetooth.mible.DeviceManagerService cmp=com.xiaomi.bluetooth/com.android.bluetooth.ble.app.MiBleDeviceManagerService } U=0: not found
10-28 13:53:16.074 1393-2383/system_process W/ActivityManager: Unable to start service Intent { act=miui.bluetooth.mible.DeviceManagerService cmp=com.android.bluetooth/.ble.app.MiBleDeviceManagerService } U=0: not found
10-28 13:53:16.074 4880-4880/com.android.settings E/MiBleDeviceManager: bind manager service error: Intent { act=miui.bluetooth.mible.DeviceManagerService cmp=com.android.bluetooth/.ble.app.MiBleDeviceManagerService }
10-28 13:53:16.078 1393-1472/system_process I/Timeline: Timeline: App_transition_ready time:17053300
10-28 13:53:16.079 1393-1472/system_process I/Timeline: Timeline: App_transition_ready time:17053301
10-28 13:53:16.080 4880-4880/com.android.settings W/MiBleDeviceManager: Manager is not ready
10-28 13:53:16.089 1393-1472/system_process I/Timeline: Timeline: App_transition_ready time:17053311
10-28 13:53:16.096 1698-1718/com.android.bluetooth I/bt_btif: btif_set_adapter_property type: 1, len 7, 0xd888bbd0
10-28 13:53:16.097 1698-1718/com.android.bluetooth I/bt_btif: set property name : minote2
10-28 13:53:16.097 1698-1718/com.android.bluetooth D/bt_btif: btif_transfer_context event 2, len 27
10-28 13:53:16.097 1698-2200/com.android.bluetooth I/bt_btif: BTA got event 0x102
10-28 13:53:16.097 1698-1718/com.android.bluetooth I/bt_btif: btif_in_storage_request_copy_cb
10-28 13:53:16.097 1698-2200/com.android.bluetooth I/bt_btif: bta_dm_sm_execute event:0x2
10-28 13:53:16.097 1698-2200/com.android.bluetooth D/bt_btif: BTA is generating EIR
10-28 13:53:16.097 1698-2200/com.android.bluetooth I/bt_btm: Write Extended Inquiry Response to controller
10-28 13:53:16.097 1698-1840/com.android.bluetooth D/bt_btif: btif task fetched event a001
10-28 13:53:16.097 1698-1840/com.android.bluetooth D/bt_btif: btif_context_switched
10-28 13:53:16.097 1698-1840/com.android.bluetooth I/bt_btif: execute storage request event : 2
10-28 13:53:16.097 1698-1840/com.android.bluetooth I/bt_btif: type: 1, len 7, 0xd8417354
10-28 13:53:16.097 1698-1840/com.android.bluetooth D/bt_btif: in, bd addr:, prop type:1, len:7
10-28 13:53:16.097 1729-1729/com.android.systemui V/PhoneStatusBarPolicy: updateManagedProfile mManagedProfileFocused: false mManagedProfileInQuietMode: false mKeyguardVisible: false mCurrentUserId:0 mCurrentProfileId:0 mSecondSpaceStatusIconVisible: true showIcon:false
10-28 13:53:16.098 2142-2144/? I/WCNSS_FILTER: ibs_msm_serial_clock_vote: vote UART CLK ON using UART driver's ioctl()
10-28 13:53:16.099 2142-2144/? D/WCNSS_FILTER: wcnss_acquire_wakelock
10-28 13:53:16.100 2142-2144/? I/WCNSS_FILTER: vote=0,new_vote =1, old_tx_vote=0, old_rx_vote=0
10-28 13:53:16.100 2142-2144/? I/WCNSS_FILTER: ibs_bt_device_wakeup: Writing IBS_WAKE_IND
10-28 13:53:16.101 4880-4880/com.android.settings W/MiBleDeviceManager: Manager is not ready
10-28 13:53:16.103 2142-2142/? I/WCNSS_FILTER: ibs_recv_ibs_cmd: Received IBS_WAKE_ACK: 0xFC
10-28 13:53:16.107 1698-2246/com.android.bluetooth D/A2dpService: getA2DPService(): returning com.android.bluetooth.a2dp.A2dpService@e4d330e
10-28 13:53:16.107 1698-2246/com.android.bluetooth I/A2dpService: audio isMusicActive is false
10-28 13:53:16.107 1698-2246/com.android.bluetooth I/bt_btif: btif_dm_start_discovery : pairing_cb.state: 0x0
10-28 13:53:16.107 1698-2246/com.android.bluetooth I/bt_btif: BTA_DmBleScanFilterSetup: 1
10-28 13:53:16.107 1698-2246/com.android.bluetooth I/bt_btif: BTA_DmBleScanFilterSetup: 0
10-28 13:53:16.107 1698-2200/com.android.bluetooth I/bt_btif: BTA got event 0x123
10-28 13:53:16.107 1698-2200/com.android.bluetooth I/bt_btif: bta_dm_sm_execute event:0x23
10-28 13:53:16.107 1698-2200/com.android.bluetooth D/bt_btif: bta_dm_scan_filter_param_setup
10-28 13:53:16.107 1698-2200/com.android.bluetooth D/bt_btm: BTM_BleGetVendorCapabilities
10-28 13:53:16.107 1698-2200/com.android.bluetooth D/bt_btm: BTM_BleGetVendorCapabilities
10-28 13:53:16.107 1698-2200/com.android.bluetooth I/bt_btm:  BTM_BleAdvFilterParamSetup
10-28 13:53:16.107 1698-2200/com.android.bluetooth I/bt_btm: BTM: BTM_VendorSpecificCommand: Opcode: 0xFD57, ParamLen: 3.
10-28 13:53:16.107 1698-2200/com.android.bluetooth D/bt_btm: btm_ble_advfilt_enq_op_q: act_ocf:17, action:1, ocf:1,cb_evt;3, cback:0
10-28 13:53:16.107 1698-2200/com.android.bluetooth I/bt_btif: BTA got event 0x123
10-28 13:53:16.107 1698-2200/com.android.bluetooth I/bt_btif: bta_dm_sm_execute event:0x23
10-28 13:53:16.107 1698-2200/com.android.bluetooth D/bt_btif: bta_dm_scan_filter_param_setup
10-28 13:53:16.107 1698-2200/com.android.bluetooth D/bt_btm: BTM_BleGetVendorCapabilities
10-28 13:53:16.107 1698-2200/com.android.bluetooth D/bt_btm: BTM_BleGetVendorCapabilities
10-28 13:53:16.107 1698-2200/com.android.bluetooth I/bt_btm:  BTM_BleAdvFilterParamSetup
10-28 13:53:16.107 1698-2200/com.android.bluetooth D/bt_btm: BTM_BleAdvFilterParamSetup : Feat mask:0
10-28 13:53:16.107 1698-2200/com.android.bluetooth I/bt_btm: BTM: BTM_VendorSpecificCommand: Opcode: 0xFD57, ParamLen: 18.
10-28 13:53:16.107 1698-2200/com.android.bluetooth D/bt_btm: btm_ble_advfilt_enq_op_q: act_ocf:16, action:0, ocf:1,cb_evt;3, cback:0
10-28 13:53:16.107 1698-2200/com.android.bluetooth I/bt_btif: BTA got event 0x200
10-28 13:53:16.107 1698-2200/com.android.bluetooth I/bt_btif: bta_dm_search_sm_execute state:0, event:0x200
10-28 13:53:16.108 1698-2200/com.android.bluetooth D/bt_btif: bta_dm_search_start avoid_scatter=1
10-28 13:53:16.108 1698-2200/com.android.bluetooth W/bt_btif: bta_dm_check_av:0
10-28 13:53:16.108 1698-2200/com.android.bluetooth I/bt_btm: BTM_StartInquiry: mode: 17, dur: 10, rsps: 0, flt: 0
10-28 13:53:16.108 1698-2200/com.android.bluetooth D/bt_btm: BTM_StartInquiry: p_inq->inq_active = 0x11
10-28 13:53:16.108 1698-2200/com.android.bluetooth D/bt_btm: btm_ble_start_inquiry: mode = 10 inq_active = 0x11
10-28 13:53:16.108 1698-1840/com.android.bluetooth D/bt_btif: Remote device:, no link key or ble key found
10-28 13:53:16.108 1698-2200/com.android.bluetooth D/bt_btm: btm_ble_start_inquiry inq_active = 0x11
10-28 13:53:16.108 1698-1840/com.android.bluetooth I/bt_btif: HAL bt_hal_cbacks->adapter_properties_cb
10-28 13:53:16.108 1698-2200/com.android.bluetooth D/bt_btm: BTM_StartInquiry: mode = 01
10-28 13:53:16.108 1698-2200/com.android.bluetooth I/bt_btif: bta_dm_search_start status=1
10-28 13:53:16.108 1698-1840/com.android.bluetooth D/BluetoothAdapterProperties: Name is: minote2
10-28 13:53:16.109 1393-1393/system_process D/BluetoothManagerService: Bluetooth Adapter name changed to minote2
10-28 13:53:16.109 1393-1393/system_process D/BluetoothManagerService: Stored Bluetooth name: minote2
10-28 13:53:16.109 1698-2200/com.android.bluetooth D/bt_btm: btm_ble_advfilt_deq_op_q: ocf:1, action:1, ref_value:0, cb_evt:3
10-28 13:53:16.109 1698-2200/com.android.bluetooth D/bt_btm: btm_ble_scan_pf_cmpl_cback-Feat sel event: 1, 23, 0, 16
10-28 13:53:16.109 1698-2200/com.android.bluetooth E/bt_btif: bte_scan_filt_param_cfg_evt, 23
10-28 13:53:16.110 1698-2200/com.android.bluetooth D/bt_btm: btm_ble_advfilt_deq_op_q: ocf:1, action:0, ref_value:0, cb_evt:3
10-28 13:53:16.110 1698-2200/com.android.bluetooth D/bt_btm: btm_ble_scan_pf_cmpl_cback-Feat sel event: 0, 0, 0, 15
10-28 13:53:16.110 1698-2200/com.android.bluetooth D/bt_btif: bte_scan_filt_param_cfg_evt
10-28 13:53:16.111 1698-5015/com.android.bluetooth D/A2dpService: getA2DPService(): returning com.android.bluetooth.a2dp.A2dpService@e4d330e
10-28 13:53:16.111 1698-5015/com.android.bluetooth I/A2dpService: audio isMusicActive is false
10-28 13:53:16.112 1698-5015/com.android.bluetooth I/BluetoothAdapterService: setScanMode: prev mode: 23 new mode: 23
10-28 13:53:16.112 1698-5015/com.android.bluetooth I/bt_btif: btif_set_adapter_property type: 9, len 4, 0xc5d7d228
10-28 13:53:16.112 1698-5015/com.android.bluetooth D/bt_btif: btif_transfer_context event 2, len 24
10-28 13:53:16.112 1698-5015/com.android.bluetooth I/bt_btif: btif_in_storage_request_copy_cb
10-28 13:53:16.112 1698-1840/com.android.bluetooth D/bt_btif: btif_set_adapter_property type: 7n 24
10-28 13:53:16.112 1698-5015/com.android.bluetooth I/bt_btif: btif_set_adapter_property type: 7, len 4, 0xc5d7d228
10-28 13:53:16.112 1698-5015/com.android.bluetooth I/bt_btif: set property scan mode : 2
10-28 13:53:16.112 1698-1840/com.android.bluetooth D/bt_btif: btif_context_switched
10-28 13:53:16.113 1698-1840/com.android.bluetooth I/bt_btif: execute storage request event : 2
10-28 13:53:16.113 1698-5015/com.android.bluetooth D/bt_btif: btif_transfer_context event 2, len 24
10-28 13:53:16.113 1698-2200/com.android.bluetooth I/bt_btif: BTA got event 0x103
10-28 13:53:16.113 1698-5015/com.android.bluetooth I/bt_btif: btif_in_storage_request_copy_cb
10-28 13:53:16.113 1698-2200/com.android.bluetooth I/bt_btif: bta_dm_sm_execute event:0x3
10-28 13:53:16.113 1698-2200/com.android.bluetooth I/bt_btm: BTM_BleReadDiscoverability
10-28 13:53:16.113 1698-2200/com.android.bluetooth I/bt_btm: BTM_BleReadConnectability
10-28 13:53:16.113 1698-2200/com.android.bluetooth I/bt_btm: BTM_ReadDiscoverability
10-28 13:53:16.113 1698-2200/com.android.bluetooth I/bt_btm: BTM_ReadConnectability
10-28 13:53:16.113 1698-2200/com.android.bluetooth I/bt_btm: BTM_SetDiscoverability
10-28 13:53:16.113 1698-2200/com.android.bluetooth I/bt_btm: btm_ble_set_discoverability mode=0x0 combined_mode=0x2
10-28 13:53:16.113 1698-2200/com.android.bluetooth I/bt_btm: btm_set_conn_mode_adv_init_addr connectable mode=0x0 scan_rsp=0x0
10-28 13:53:16.113 1698-2200/com.android.bluetooth I/bt_btm: evt_type=0x3 p-cb->evt_type=0x3 
10-28 13:53:16.113 1698-2200/com.android.bluetooth I/bt_btm: BTM_SetDiscoverability: mode 2 [NonDisc-0, Lim-1, Gen-2], window 0x0012, interval 0x0800
10-28 13:53:16.113 1698-2200/com.android.bluetooth I/bt_btm: BTM_SetConnectability
10-28 13:53:16.113 1698-2200/com.android.bluetooth I/bt_btm: btm_ble_set_connectability mode=0x0 combined_mode=0x1
10-28 13:53:16.113 1698-2200/com.android.bluetooth I/bt_btm: btm_set_conn_mode_adv_init_addr connectable mode=0x0 scan_rsp=0x0
10-28 13:53:16.113 1698-2200/com.android.bluetooth I/bt_btm: BTM_SetConnectability: mode 1 [NonConn-0, Conn-1], window 0x0012, interval 0x0800
10-28 13:53:16.113 1698-1840/com.android.bluetooth I/bt_btif: type: 9, len 4, 0xc5d5f074
10-28 13:53:16.113 1698-1840/com.android.bluetooth D/bt_btif: in, bd addr:, prop type:9, len:4
10-28 13:53:16.113 1698-1840/com.android.bluetooth D/bt_btif: Remote device:, no link key or ble key found
10-28 13:53:16.113 1698-1840/com.android.bluetooth I/bt_btif: HAL bt_hal_cbacks->adapter_properties_cb
10-28 13:53:16.114 1698-1840/com.android.bluetooth D/BluetoothAdapterProperties: Discoverable Timeout:120
10-28 13:53:16.114 1698-1840/com.android.bluetooth D/bt_btif: btif task fetched event a001
10-28 13:53:16.114 1698-1840/com.android.bluetooth D/bt_btif: btif_context_switched
10-28 13:53:16.114 1698-1840/com.android.bluetooth I/bt_btif: execute storage request event : 2
10-28 13:53:16.114 1698-1840/com.android.bluetooth I/bt_btif: type: 7, len 4, 0xc5d5f114
10-28 13:53:16.114 1698-1840/com.android.bluetooth D/bt_btif: in, bd addr:, prop type:7, len:4
10-28 13:53:16.114 1698-1840/com.android.bluetooth D/bt_btif: Remote device:, no link key or ble key found
10-28 13:53:16.114 1698-1840/com.android.bluetooth I/bt_btif: HAL bt_hal_cbacks->adapter_properties_cb
10-28 13:53:16.114 1698-2200/com.android.bluetooth D/bt_btm: btm_acl_update_busy_level
10-28 13:53:16.114 1698-2200/com.android.bluetooth D/bt_btm: BTM_BLI_INQ_EVT
10-28 13:53:16.114 1698-2200/com.android.bluetooth I/bt_btif: BTA got event 0x104
10-28 13:53:16.114 1698-2200/com.android.bluetooth I/bt_btif: bta_dm_sm_execute event:0x4
10-28 13:53:16.114 1698-2200/com.android.bluetooth D/bt_btif: btif_transfer_context event 8, len 280
10-28 13:53:16.115 1698-1840/com.android.bluetooth D/BluetoothAdapterProperties: Scan Mode:23
10-28 13:53:16.115 1698-1840/com.android.bluetooth D/bt_btif: btif task fetched event a001
10-28 13:53:16.115 1698-1840/com.android.bluetooth D/bt_btif: btif_context_switched
10-28 13:53:16.115 1698-1840/com.android.bluetooth I/bt_btif: btif_dm_upstreams_cback  ev: BTA_DM_BUSY_LEVEL_EVT
10-28 13:53:16.115 1698-1840/com.android.bluetooth I/bt_btif: HAL bt_hal_cbacks->discovery_state_changed_cb
10-28 13:53:16.118 4880-4880/com.android.settings D/LocalBluetoothManager: setting foreground activity to non-null context
10-28 13:53:16.124 4880-4880/com.android.settings D/ActivityThreadInjector: clearCachedDrawables.
10-28 13:53:16.126 4880-4880/com.android.settings V/BluetoothDiscoveryReceiver: Received: android.bluetooth.adapter.action.DISCOVERY_STARTED
10-28 13:53:16.173 3770-3888/com.yidian.xiaomi I/YDLog: No new data found!
10-28 13:53:16.187 1393-1472/system_process I/ActivityManager: Displayed com.android.settings/.SubSettings: +135ms
10-28 13:53:16.353 459-2368/? E/ANDR-PERF-OPTSHANDLER: perf_lock_rel: updated /sys/class/scsi_host/host0/../../../clkscale_enable with 1
                                                        return value 2
10-28 13:53:16.363 1698-2200/com.android.bluetooth I/bt_hci: BLE HCI(id=62) event = 0x02)
10-28 13:53:16.364 1698-2200/com.android.bluetooth I/bt_hci: btu_ble_process_adv_pkt
10-28 13:53:16.364 1698-2200/com.android.bluetooth I/bt_btm: btm_identity_addr_to_random_pseudo
10-28 13:53:16.364 1698-2200/com.android.bluetooth D/bt_btm: btm_ble_process_adv_pkt:bda= 19:18:fa:7:f6:bc
10-28 13:53:16.364 1698-2200/com.android.bluetooth D/bt_btm: btm_ble_update_inq_result scan_rsp=false, to_report=false,                              scan_type_active=1
10-28 13:53:16.364 1698-2200/com.android.bluetooth I/bt_btm: BTM_CheckAdvData: type=0x01
10-28 13:53:16.364 1698-2200/com.android.bluetooth I/bt_btm: BTM_CheckAdvData: type=0x19
10-28 13:53:16.365 1698-2200/com.android.bluetooth I/bt_btm: BTM_CheckAdvData: type=0x03
10-28 13:53:16.365 1698-2200/com.android.bluetooth D/bt_btm: BR/EDR NOT SUPPORT bit set, LE only device
10-28 13:53:16.365 1698-2200/com.android.bluetooth I/bt_hci: BLE HCI(id=62) event = 0x02)
10-28 13:53:16.365 1698-2200/com.android.bluetooth I/bt_hci: btu_ble_process_adv_pkt
10-28 13:53:16.365 1698-2200/com.android.bluetooth I/bt_btm: btm_identity_addr_to_random_pseudo
10-28 13:53:16.365 1393-1472/system_process I/Timeline: Timeline: Activity_windows_visible id: ActivityRecord{41b5548 u0 com.android.settings/.SubSettings t43} time:17053587
10-28 13:53:16.365 1698-2200/com.android.bluetooth D/bt_btm: btm_ble_process_adv_pkt:bda= 5c:31:3e:8:28:13
10-28 13:53:16.365 1698-2200/com.android.bluetooth I/bt_btm: btm_ble_resolve_random_addr
10-28 13:53:16.365 1698-2200/com.android.bluetooth I/bt_btm: btm_ble_match_random_bda next iteration
10-28 13:53:16.366 1698-2200/com.android.bluetooth D/bt_btm: sec_flags = 00 device_type = 2
10-28 13:53:16.366 1698-2200/com.android.bluetooth I/bt_btm: btm_ble_match_random_bda next iteration
10-28 13:53:16.366 1698-2200/com.android.bluetooth D/bt_btm: sec_flags = b8 device_type = 1
10-28 13:53:16.366 1698-2200/com.android.bluetooth I/bt_btm: btm_ble_match_random_bda next iteration
10-28 13:53:16.366 1698-2200/com.android.bluetooth D/bt_btm: sec_flags = 88 device_type = 1
10-28 13:53:16.366 1698-2200/com.android.bluetooth I/bt_btm: btm_ble_match_random_bda next iteration
10-28 13:53:16.366 1698-2200/com.android.bluetooth D/bt_btm: sec_flags = 00 device_type = 2
10-28 13:53:16.367 1698-2200/com.android.bluetooth I/bt_btm: btm_ble_match_random_bda next iteration
10-28 13:53:16.367 1698-2200/com.android.bluetooth D/bt_btm: sec_flags = 80 device_type = 2
10-28 13:53:16.367 1698-2200/com.android.bluetooth I/bt_btm: btm_ble_resolve_random_addr:  not resolved
10-28 13:53:16.367 1729-1729/com.android.systemui D/EventBus: [1729, u0] send(AppTransitionFinishedEvent)
10-28 13:53:16.367 1698-2200/com.android.bluetooth I/bt_btm: btm_ble_resolve_random_addr_on_adv 
10-28 13:53:16.367 1698-2200/com.android.bluetooth D/bt_btm: btm_ble_update_inq_result scan_rsp=false, to_report=false,                              scan_type_active=1
10-28 13:53:16.367 1729-1729/com.android.systemui D/EventBus: [1729, u0]  -> ForcedResizableInfoActivityController [0xb41d5c9, P1] onBusEvent(AppTransitionFinishedEvent)
10-28 13:53:16.367 1698-2200/com.android.bluetooth I/bt_btm: BTM_CheckAdvData: type=0x01
10-28 13:53:16.367 1698-2200/com.android.bluetooth I/bt_btm: BTM_CheckAdvData: type=0x19
10-28 13:53:16.367 1729-1729/com.android.systemui D/EventBus: [1729, u0] onBusEvent(AppTransitionFinishedEvent) duration: 40 microseconds, avg: 437
10-28 13:53:16.367 1698-2200/com.android.bluetooth I/bt_btm: BTM_CheckAdvData: type=0x03
10-28 13:53:16.368 1698-2200/com.android.bluetooth D/bt_btm: BR/EDR NOT SUPPORT bit set, LE only device
10-28 13:53:16.368 1698-2200/com.android.bluetooth I/bt_hci: BLE HCI(id=62) event = 0x02)
10-28 13:53:16.368 1698-2200/com.android.bluetooth I/bt_hci: btu_ble_process_adv_pkt
10-28 13:53:16.368 1698-2200/com.android.bluetooth I/bt_btm: btm_identity_addr_to_random_pseudo
10-28 13:53:16.368 1698-2200/com.android.bluetooth D/bt_btm: btm_ble_process_adv_pkt:bda= 5c:31:3e:8:28:13
10-28 13:53:16.369 1698-2200/com.android.bluetooth I/bt_btm: btm_ble_resolve_random_addr
10-28 13:53:16.369 1698-2200/com.android.bluetooth I/bt_btm: btm_ble_match_random_bda next iteration
10-28 13:53:16.369 1698-2200/com.android.bluetooth D/bt_btm: sec_flags = 00 device_type = 2
10-28 13:53:16.369 1698-2200/com.android.bluetooth I/bt_btm: btm_ble_match_random_bda next iteration
10-28 13:53:16.369 1698-2200/com.android.bluetooth D/bt_btm: sec_flags = b8 device_type = 1
10-28 13:53:16.369 1698-2200/com.android.bluetooth I/bt_btm: btm_ble_match_random_bda next iteration
10-28 13:53:16.369 1698-2200/com.android.bluetooth D/bt_btm: sec_flags = 88 device_type = 1
10-28 13:53:16.369 1698-2200/com.android.bluetooth I/bt_btm: btm_ble_match_random_bda next iteration
10-28 13:53:16.369 1698-2200/com.android.bluetooth D/bt_btm: sec_flags = 00 device_type = 2
10-28 13:53:16.370 1698-2200/com.android.bluetooth I/bt_btm: btm_ble_match_random_bda next iteration
10-28 13:53:16.370 1698-2200/com.android.bluetooth D/bt_btm: sec_flags = 80 device_type = 2
10-28 13:53:16.370 1698-2200/com.android.bluetooth I/bt_btm: btm_ble_resolve_random_addr:  not resolved
10-28 13:53:16.370 1698-2200/com.android.bluetooth I/bt_btm: btm_ble_resolve_random_addr_on_adv 
10-28 13:53:16.370 1698-2200/com.android.bluetooth I/bt_btm: BTM_CheckAdvData: type=0x01
10-28 13:53:16.370 1698-2200/com.android.bluetooth I/bt_btm: BTM_CheckAdvData: type=0x19
10-28 13:53:16.370 1698-2200/com.android.bluetooth I/bt_btm: BTM_CheckAdvData: type=0x03
10-28 13:53:16.370 1698-2200/com.android.bluetooth D/bt_btm: BR/EDR NOT SUPPORT bit set, LE only device
10-28 13:53:16.371 1698-2200/com.android.bluetooth I/bt_btm: BTM_CheckAdvData: type=0x01
10-28 13:53:16.371 1698-2200/com.android.bluetooth D/bt_btm: Find Generable Discoverable device
10-28 13:53:16.371 1698-2200/com.android.bluetooth I/bt_btm: BTM_InqDbRead: bd addr [5c313e082813]
10-28 13:53:16.371 1698-2200/com.android.bluetooth D/bt_btif: bte_search_devices_evt event=BTA_DM_INQ_RES_EVT param_len=524
10-28 13:53:16.371 1698-2200/com.android.bluetooth I/bt_btm: BTM_CheckEirData type=0x09
10-28 13:53:16.371 1698-2200/com.android.bluetooth D/bt_btif: btif_transfer_context event 0, len 524
10-28 13:53:16.371 1698-2200/com.android.bluetooth D/bt_btif: search_devices_copy_cb: event=BTA_DM_INQ_RES_EVT
10-28 13:53:16.372 1698-1840/com.android.bluetooth D/bt_btif: btif task fetched event a001
10-28 13:53:16.372 1698-1840/com.android.bluetooth D/bt_btif: btif_context_switched
10-28 13:53:16.372 1698-1840/com.android.bluetooth I/bt_btif: btif_dm_search_devices_evt event=BTA_DM_INQ_RES_EVT
10-28 13:53:16.372 1698-1840/com.android.bluetooth D/bt_btif: btif_dm_search_devices_evt() 5c:31:3e:08:28:13 device_type = 0x2
10-28 13:53:16.372 1698-1840/com.android.bluetooth D/bt_btif_dm: btif_dm_search_devices_evt cod is 0, set as unclassified
10-28 13:53:16.372 1698-1840/com.android.bluetooth I/bt_btm: BTM_CheckEirData type=0x09
10-28 13:53:16.372 1698-1840/com.android.bluetooth I/bt_btm: BTM_CheckEirData type=0x03
10-28 13:53:16.372 1698-1840/com.android.bluetooth I/bt_btm: BTM_CheckEirData type=0x02
10-28 13:53:16.372 1698-1840/com.android.bluetooth D/bt_btif: btif_dm_search_devices_evt()EIR BTA services = 00000000
10-28 13:53:16.373 1698-1840/com.android.bluetooth D/bt_btif: in, bd addr:5c:31:3e:08:28:13, prop type:10, len:249
10-28 13:53:16.373 1698-1840/com.android.bluetooth I/bt_btm: BTM_CheckEirData type=0x08
10-28 13:53:16.373 1698-1840/com.android.bluetooth D/bt_btif_config: btif_get_device_type: Device [5c:31:3e:08:28:13] type 2
10-28 13:53:16.373 1698-1840/com.android.bluetooth D/bt_btif: in, bd addr:5c:31:3e:08:28:13, prop type:255, len:6
10-28 13:53:16.373 1698-1840/com.android.bluetooth D/bt_btif: btif_in_fetch_bonded_ble_device Found a LE device: 5c:31:3e:08:28:13
10-28 13:53:16.373 1698-1840/com.android.bluetooth D/bt_btif: Remote device:5c:31:3e:08:28:13, no link key or ble key found
10-28 13:53:16.373 1698-1840/com.android.bluetooth D/bt_btif: in, bd addr:5c:31:3e:08:28:13, prop type:1, len:6
10-28 13:53:16.373 1698-1840/com.android.bluetooth D/bt_btif: btif_in_fetch_bonded_ble_device Found a LE device: 5c:31:3e:08:28:13
10-28 13:53:16.373 1698-1840/com.android.bluetooth D/bt_btif: Remote device:5c:31:3e:08:28:13, no link key or ble key found
10-28 13:53:16.374 1698-1840/com.android.bluetooth D/bt_btif: in, bd addr:5c:31:3e:08:28:13, prop type:4, len:4
10-28 13:53:16.374 1698-1840/com.android.bluetooth D/bt_btif: btif_in_fetch_bonded_ble_device Found a LE device: 5c:31:3e:08:28:13
10-28 13:53:16.374 1698-1840/com.android.bluetooth D/bt_btif: Remote device:5c:31:3e:08:28:13, no link key or ble key found
10-28 13:53:16.374 1698-1840/com.android.bluetooth D/bt_btif: in, bd addr:5c:31:3e:08:28:13, prop type:5, len:4
10-28 13:53:16.374 1698-1840/com.android.bluetooth D/bt_btif: btif_in_fetch_bonded_ble_device Found a LE device: 5c:31:3e:08:28:13
10-28 13:53:16.374 1698-1840/com.android.bluetooth D/bt_btif: Remote device:5c:31:3e:08:28:13, no link key or ble key found
10-28 13:53:16.374 1698-1840/com.android.bluetooth D/bt_btif: btif_dm_search_devices_evt(),eir_data []= 0x2, []= 0x1, []= 0x6, []= 0x11
10-28 13:53:16.374 1698-1840/com.android.bluetooth D/bt_btif: btif_dm_search_devices_evt(),eir_data []= 0x7, []= 0x1b, []= 0xc5, []= 0xd5
10-28 13:53:16.374 1698-1840/com.android.bluetooth D/bt_btif: btif_dm_search_devices_evt(),eir_data []= 0xa5, []= 0x2, []= 0x0, []= 0xa2
10-28 13:53:16.374 1698-1840/com.android.bluetooth D/bt_btif: btif_dm_search_devices_evt(),eir_data []= 0xb2, []= 0xe1, []= 0x11, []= 0x2c
10-28 13:53:16.375 1698-1840/com.android.bluetooth D/bt_btif: btif_dm_search_devices_evt(),eir_data []= 0xc4, []= 0x40, []= 0x91, []= 0x22
10-28 13:53:16.375 1698-1840/com.android.bluetooth D/bt_btif: btif_dm_search_devices_evt(),eir_data []= 0xab, []= 0x7, []= 0xff, []= 0x71
10-28 13:53:16.375 1698-1840/com.android.bluetooth D/bt_btif: btif_dm_search_devices_evt(),eir_data []= 0x4, []= 0x0, []= 0x13, []= 0x28
10-28 13:53:16.375 1698-1840/com.android.bluetooth D/bt_btif: btif_dm_search_devices_evt(),eir_data []= 0x8, []= 0x2, []= 0xa, []= 0x0
10-28 13:53:16.375 1698-1840/com.android.bluetooth D/bt_btif: btif_dm_search_devices_evt(),eir_data []= 0x7, []= 0x9, []= 0x50, []= 0x72
10-28 13:53:16.375 1698-1840/com.android.bluetooth D/bt_btif: btif_dm_search_devices_evt(),eir_data []= 0x6f, []= 0x6e, []= 0x74, []= 0x6f
10-28 13:53:16.375 1698-1840/com.android.bluetooth D/bt_btif: btif_dm_search_devices_evt(),eir_data []= 0x0, []= 0x0, []= 0x0, []= 0x0
10-28 13:53:16.375 1698-1840/com.android.bluetooth D/bt_btif: btif_dm_search_devices_evt(),eir_data []= 0x0, []= 0x0, []= 0x0, []= 0x0
10-28 13:53:16.375 1698-1840/com.android.bluetooth D/bt_btif: btif_dm_search_devices_evt(),eir_data []= 0x0, []= 0x0, []= 0x0, []= 0x0
10-28 13:53:16.375 1698-1840/com.android.bluetooth D/bt_btif: btif_dm_search_devices_evt(),eir_data []= 0x0, []= 0x0, []= 0x0, []= 0x0
10-28 13:53:16.375 1698-1840/com.android.bluetooth D/bt_btif: btif_dm_search_devices_evt(),eir_data []= 0x0, []= 0x0, []= 0x0, []= 0x0
10-28 13:53:16.375 1698-1840/com.android.bluetooth D/bt_btif: btif_dm_search_devices_evt(),eir_data []= 0x0, []= 0x0
10-28 13:53:16.375 1698-1840/com.android.bluetooth I/bt_btif: HAL bt_hal_cbacks->device_found_cb
10-28 13:53:16.377 1698-1840/com.android.bluetooth D/BluetoothRemoteDevices: Remote Address is:5C:31:3E:08:28:13
10-28 13:53:16.383 1698-1840/com.android.bluetooth D/BluetoothRemoteDevices: Remote Device name is: Pronto
10-28 13:53:16.385 1698-1840/com.android.bluetooth D/BluetoothRemoteDevices: Remote class is:7936
10-28 13:53:16.389 1698-1840/com.android.bluetooth D/BluetoothRemoteDevices: deviceFoundCallback: Remote Address is:5C:31:3E:08:28:13
10-28 13:53:16.391 1393-1472/system_process I/WindowManager: Destroying surface Surface(name=Starting com.android.settings) called by com.android.server.wm.WindowStateAnimator.destroySurface:2043 com.android.server.wm.WindowStateAnimator.destroySurfaceLocked:895 com.android.server.wm.WindowState.destroyOrSaveSurface:2125 com.android.server.wm.AppWindowToken.destroySurfaces:363 com.android.server.wm.WindowStateAnimator.finishExit:565 com.android.server.wm.WindowStateAnimator.stepAnimationLocked:491 com.android.server.wm.WindowAnimator.updateWindowsLocked:313 com.android.server.wm.WindowAnimator.animateLocked:714 
10-28 13:53:16.411 1729-1729/com.android.systemui D/EventBus: [1729, u0] send(AppTransitionFinishedEvent)
10-28 13:53:16.411 1729-1729/com.android.systemui D/EventBus: [1729, u0]  -> ForcedResizableInfoActivityController [0xb41d5c9, P1] onBusEvent(AppTransitionFinishedEvent)
10-28 13:53:16.412 1729-1729/com.android.systemui D/EventBus: [1729, u0] onBusEvent(AppTransitionFinishedEvent) duration: 49 microseconds, avg: 436
10-28 13:53:16.415 1393-1472/system_process I/Timeline: Timeline: App_transition_stopped time:17053637
10-28 13:53:16.428 4880-4880/com.android.settings D/BluetoothEventManager: DeviceFoundHandler created new CachedBluetoothDevice: 5C:31:3E:08:28:13
10-28 13:53:16.592 1983-1983/? D/wpa_supplicant: wlan0: Control interface command 'SIGNAL_POLL'
10-28 13:53:16.616 1393-2349/system_process I/SplashScreenServiceDelegate: None for com.android.settings
10-28 13:53:16.619 1393-2349/system_process D/ActivityTrigger: ActivityTrigger activityStopTrigger 
10-28 13:53:16.654 1393-2348/system_process I/WindowManager: Destroying surface Surface(name=com.android.settings/com.android.settings.MiuiSettings) called by com.android.server.wm.WindowStateAnimator.destroySurface:2043 com.android.server.wm.WindowStateAnimator.destroySurfaceLocked:895 com.android.server.wm.WindowState.destroyOrSaveSurface:2125 com.android.server.wm.AppWindowToken.destroySurfaces:363 com.android.server.wm.AppWindowToken.notifyAppStopped:389 com.android.server.wm.WindowManagerService.notifyAppStopped:4657 com.android.server.am.ActivityStack.activityStoppedLocked:1301 com.android.server.am.ActivityManagerService.activityStopped:7304 
10-28 13:53:17.139 2142-2195/? I/WCNSS_FILTER: ibs_wcnss_bt_device_sleep: TX Awake, Sending SLEEP_IND
10-28 13:53:17.140 2142-2195/? I/WCNSS_FILTER: ibs_msm_serial_clock_vote: vote UART CLK OFF using UART driver's ioctl()
10-28 13:53:17.141 2142-2195/? D/WCNSS_FILTER: wcnss_release_wakelock
10-28 13:53:17.141 2142-2195/? I/WCNSS_FILTER: vote=1,new_vote =0, old_tx_vote=1, old_rx_vote=0
10-28 13:53:17.173 2142-2142/? I/WCNSS_FILTER: ibs_msm_serial_clock_vote: vote UART CLK ON using UART driver's ioctl()
10-28 13:53:17.174 2142-2142/? D/WCNSS_FILTER: wcnss_acquire_wakelock
10-28 13:53:17.174 2142-2142/? I/WCNSS_FILTER: vote=2,new_vote =1, old_tx_vote=0, old_rx_vote=0
10-28 13:53:17.179 1698-2200/com.android.bluetooth W/bt_btm: btm_process_inq_results: BDA: 22-22-77-94-51-18
10-28 13:53:17.179 1698-2200/com.android.bluetooth W/bt_btm: btm_process_inq_results: Dev class: 08-04-3c
10-28 13:53:17.180 1698-2200/com.android.bluetooth I/bt_btm: BTM_CheckEirData type=0x03
10-28 13:53:17.180 1698-2200/com.android.bluetooth I/bt_btm: BTM_CheckEirData type=0x02
10-28 13:53:17.180 1698-2200/com.android.bluetooth I/bt_btm: btm_set_eir_uuid eir_complete_list=0x00
10-28 13:53:17.180 1698-2200/com.android.bluetooth I/bt_btm: BTM_CheckEirData type=0x05
10-28 13:53:17.180 1698-2200/com.android.bluetooth I/bt_btm: BTM_CheckEirData type=0x04
10-28 13:53:17.180 1698-2200/com.android.bluetooth I/bt_btm: BTM_CheckEirData type=0x07
10-28 13:53:17.180 1698-2200/com.android.bluetooth I/bt_btm: BTM_CheckEirData type=0x06
10-28 13:53:17.180 1698-2200/com.android.bluetooth I/bt_btm: BTM_InqDbRead: bd addr [222277945118]
10-28 13:53:17.180 1698-2200/com.android.bluetooth D/bt_btif: bte_search_devices_evt event=BTA_DM_INQ_RES_EVT param_len=524
10-28 13:53:17.180 1698-2200/com.android.bluetooth I/bt_btm: BTM_CheckEirData type=0x09
10-28 13:53:17.180 1698-2200/com.android.bluetooth I/bt_btm: BTM_CheckEirData type=0x08
10-28 13:53:17.180 1698-2200/com.android.bluetooth D/bt_btif: btif_transfer_context event 0, len 524
10-28 13:53:17.180 1698-2200/com.android.bluetooth D/bt_btif: search_devices_copy_cb: event=BTA_DM_INQ_RES_EVT
10-28 13:53:17.181 1698-1840/com.android.bluetooth D/bt_btif: btif task fetched event a001
10-28 13:53:17.181 1698-1840/com.android.bluetooth D/bt_btif: btif_context_switched
10-28 13:53:17.181 1698-1840/com.android.bluetooth I/bt_btif: btif_dm_search_devices_evt event=BTA_DM_INQ_RES_EVT
10-28 13:53:17.181 1698-1840/com.android.bluetooth D/bt_btif: btif_dm_search_devices_evt() 22:22:77:94:51:18 device_type = 0x1
10-28 13:53:17.181 1698-1840/com.android.bluetooth I/bt_btm: BTM_CheckEirData type=0x09
10-28 13:53:17.181 1698-1840/com.android.bluetooth I/bt_btm: BTM_CheckEirData type=0x08
10-28 13:53:17.182 1698-1840/com.android.bluetooth D/bt_btif: in, bd addr:22:22:77:94:51:18, prop type:1, len:249
10-28 13:53:17.182 1698-1840/com.android.bluetooth I/bt_btm: BTM_CheckEirData type=0x03
10-28 13:53:17.182 1698-1840/com.android.bluetooth I/bt_btm: BTM_CheckEirData type=0x02
10-28 13:53:17.182 1698-1840/com.android.bluetooth D/bt_btif: btif_dm_search_devices_evt()EIR BTA services = 00000000
10-28 13:53:17.182 1698-1840/com.android.bluetooth D/bt_btif: in, bd addr:22:22:77:94:51:18, prop type:10, len:249
10-28 13:53:17.183 1698-1840/com.android.bluetooth I/bt_btm: BTM_CheckEirData type=0x08
10-28 13:53:17.183 1698-1840/com.android.bluetooth D/bt_btif_config: btif_get_device_type: Device [22:22:77:94:51:18] type 1
10-28 13:53:17.183 1698-1840/com.android.bluetooth D/bt_btif: in, bd addr:22:22:77:94:51:18, prop type:255, len:6
10-28 13:53:17.183 1698-1840/com.android.bluetooth D/bt_btif: Remote device:22:22:77:94:51:18, no link key or ble key found
10-28 13:53:17.184 1698-1840/com.android.bluetooth D/bt_btif: in, bd addr:22:22:77:94:51:18, prop type:1, len:13
10-28 13:53:17.184 1698-1840/com.android.bluetooth D/bt_btif: Remote device:22:22:77:94:51:18, no link key or ble key found
10-28 13:53:17.184 1698-1840/com.android.bluetooth D/bt_btif: in, bd addr:22:22:77:94:51:18, prop type:4, len:4
10-28 13:53:17.184 1698-1840/com.android.bluetooth D/bt_btif: Remote device:22:22:77:94:51:18, no link key or ble key found
10-28 13:53:17.185 1698-1840/com.android.bluetooth D/bt_btif: in, bd addr:22:22:77:94:51:18, prop type:5, len:4
10-28 13:53:17.185 1698-1840/com.android.bluetooth D/bt_btif: Remote device:22:22:77:94:51:18, no link key or ble key found
10-28 13:53:17.185 1698-1840/com.android.bluetooth I/bt_btif: HAL bt_hal_cbacks->device_found_cb
10-28 13:53:17.187 1698-1840/com.android.bluetooth D/BluetoothRemoteDevices: Remote Address is:22:22:77:94:51:18
10-28 13:53:17.192 1698-1840/com.android.bluetooth D/BluetoothRemoteDevices: Remote Device name is: 超3 X55-5118
10-28 13:53:17.195 1698-1840/com.android.bluetooth D/BluetoothRemoteDevices: Remote class is:525372
10-28 13:53:17.197 1698-1840/com.android.bluetooth D/BluetoothRemoteDevices: deviceFoundCallback: Remote Address is:22:22:77:94:51:18
10-28 13:53:17.216 2142-2142/? I/WCNSS_FILTER: ibs_msm_serial_clock_vote: vote UART CLK OFF using UART driver's ioctl()
10-28 13:53:17.216 2142-2142/? D/WCNSS_FILTER: wcnss_release_wakelock
10-28 13:53:17.217 2142-2142/? I/WCNSS_FILTER: vote=3,new_vote =0, old_tx_vote=0, old_rx_vote=1
10-28 13:53:17.223 4880-4880/com.android.settings D/BluetoothEventManager: DeviceFoundHandler created new CachedBluetoothDevice: 22:22:77:94:51:18
10-28 13:53:17.407 1393-1634/system_process D/BaseMiuiPhoneWindowManager: keyCode:82 down:true eventTime:17054627 downTime:17054627 policyFlags:22000002 deviceId:9 isScreenOn:true keyguardActive:false repeatCount:0
10-28 13:53:17.473 1393-1634/system_process D/BaseMiuiPhoneWindowManager: keyCode:82 down:false eventTime:17054695 downTime:17054627 policyFlags:22000002 deviceId:9 isScreenOn:true keyguardActive:false repeatCount:0
10-28 13:53:17.488 1729-1729/com.android.systemui D/RecentsImpl: runningTask: ComponentInfo{com.android.settings/com.android.settings.MiuiSettings}
10-28 13:53:17.495 1393-3291/system_process I/SplashScreenServiceDelegate: None for com.android.systemui
10-28 13:53:17.496 1393-3291/system_process I/ActivityManager: START u0 {flg=0x10804000 cmp=com.android.systemui/.recents.RecentsActivity} from uid 1000 on display 0
10-28 13:53:17.501 2568-2742/com.miui.whetstone I/WtEventController: dispatchSysInfoEvent AM_NEW_INTENT componentName:com.android.systemui/.recents.RecentsActivity
10-28 13:53:17.501 2568-2742/com.miui.whetstone D/WhetstoneService: onAMNewIntent callback
10-28 13:53:17.503 1393-3291/system_process D/ActivityTrigger: ActivityTrigger activityPauseTrigger 
10-28 13:53:17.507 4880-4880/com.android.settings D/LocalBluetoothManager: setting foreground activity to null
10-28 13:53:17.521 1393-3291/system_process D/ui-boost: reset uithread for app=com.android.settings
10-28 13:53:17.522 1393-3291/system_process D/ui-boost: reset renderthread for app=com.android.settings, tid=4914
10-28 13:53:17.523 1393-3291/system_process D/ui-boost: reset uithread for app=com.android.bluetooth
10-28 13:53:17.523 1393-3291/system_process D/ui-boost: reset renderthread for app=com.android.bluetooth, tid=17508
10-28 13:53:17.525 1393-3291/system_process D/ui-boost: boost uithread for app=com.android.systemui
10-28 13:53:17.525 1393-3291/system_process D/ui-boost: boost renderthread for app=com.android.systemui, tid=1866
10-28 13:53:17.527 2850-3187/com.miui.powerkeeper:service D/PowerKeeper.Event: notifyForegroundCompomentChanged ComponentInfo{com.android.systemui/com.android.systemui.recents.RecentsActivity}
10-28 13:53:17.527 2568-2742/com.miui.whetstone I/WtProcessController: FOREGROUND INFO: name=com.android.systemui uid=1000 pid=1729 TaskId:43
10-28 13:53:17.527 1393-3291/system_process I/Timeline: Timeline: App_transition_ready time:17054749
10-28 13:53:17.527 2568-2742/com.miui.whetstone I/WtProcessController: mCurTask:23
10-28 13:53:17.528 1729-1729/com.android.systemui D/EventBus: [1729, u0] send(RecentsActivityStartingEvent)
10-28 13:53:17.528 1729-1729/com.android.systemui D/EventBus: [1729, u0]  -> DividerView [0x1e6c41f, P1] onBusEvent(RecentsActivityStartingEvent)
10-28 13:53:17.528 1393-1458/system_process V/UidProcStateHelper: process state changed:[1729,1000,1]
10-28 13:53:17.528 1729-1729/com.android.systemui D/EventBus: [1729, u0] onBusEvent(RecentsActivityStartingEvent) duration: 197 microseconds, avg: 436
10-28 13:53:17.528 1729-1729/com.android.systemui D/EventBus: [1729, u0]  -> Recents [0x8093562, P1] onBusEvent(RecentsActivityStartingEvent)
10-28 13:53:17.529 1729-1729/com.android.systemui D/EventBus: [1729, u0] onBusEvent(RecentsActivityStartingEvent) duration: 11 microseconds, avg: 436
10-28 13:53:17.529 1393-1457/system_process D/ActivityTrigger: ActivityTrigger activityStopTrigger 
10-28 13:53:17.528 2850-3241/com.miui.powerkeeper:service D/PowerStateMachine: eventMessage id:100 name:foreground
10-28 13:53:17.533 1393-1457/system_process D/ui-boost: boost uithread for app=com.android.bluetooth
10-28 13:53:17.534 1393-1457/system_process D/ui-boost: boost renderthread for app=com.android.bluetooth, tid=17508
10-28 13:53:17.535 1393-1458/system_process V/UidProcStateHelper: process state changed:[4880,1000,13]
10-28 13:53:17.535 1393-1458/system_process V/UidProcStateHelper: process state changed:[1698,1002,6]
10-28 13:53:17.535 1393-1458/system_process V/UidProcStateHelper: process state changed:[2624,1000,3]
10-28 13:53:17.537 1729-1729/com.android.systemui D/EventBus: [1729, u0] send(RecentsVisibilityChangedEvent)
10-28 13:53:17.537 1729-1729/com.android.systemui D/EventBus: [1729, u0]  -> TaskStackView [0x3141151, P3] onBusEvent(RecentsVisibilityChangedEvent)
10-28 13:53:17.537 1729-1729/com.android.systemui D/EventBus: [1729, u0] onBusEvent(RecentsVisibilityChangedEvent) duration: 13 microseconds, avg: 435
10-28 13:53:17.537 1729-1729/com.android.systemui D/EventBus: [1729, u0]  -> Recents [0x8093562, P1] onBusEvent(RecentsVisibilityChangedEvent)
10-28 13:53:17.537 1729-1729/com.android.systemui D/EventBus: [1729, u0] onBusEvent(RecentsVisibilityChangedEvent) duration: 14 microseconds, avg: 435
10-28 13:53:17.538 1729-1729/com.android.systemui D/RecentsActivity: getFreeMemory:4148280460
10-28 13:53:17.544 1729-2678/com.android.systemui D/SystemServicesProxy: send push event Bundle[{pkgname=com.android.systemui, data={"id":"1509169997542","content":"{\"taskCount\":2,\"taskLockedCount\":0,\"taskLockedList\":\"[]\"}"}, name=enterRecents, category=recents}]
10-28 13:53:17.545 2403-2403/com.xiaomi.xmsf W/PushService: 2017-10-28 13:53:17,545 - [WARN::PushService] - [Thread:1] TinyData cache data to file begin itemId:QwUrZ-165
10-28 13:53:17.546 1698-1728/com.android.bluetooth I/bt_btif: btif_dm_cancel_discovery
10-28 13:53:17.546 1698-2200/com.android.bluetooth I/bt_btif: BTA got event 0x201
10-28 13:53:17.546 1698-2200/com.android.bluetooth I/bt_btif: bta_dm_search_sm_execute state:1, event:0x201
10-28 13:53:17.546 1698-2200/com.android.bluetooth I/bt_btm: BTM_IsInquiryActive
10-28 13:53:17.546 1698-2200/com.android.bluetooth I/bt_btm: BTM_CancelInquiry called
10-28 13:53:17.546 1698-2200/com.android.bluetooth I/bt_btm: btm_ble_stop_scan 
10-28 13:53:17.546 1698-2200/com.android.bluetooth I/bt_btm: btm_update_scanner_filter_policy
10-28 13:53:17.546 1698-2200/com.android.bluetooth D/bt_btm: btm_ble_send_extended_scan_params, 18, 18
10-28 13:53:17.546 1698-2200/com.android.bluetooth I/bt_btm: BTM: BTM_VendorSpecificCommand: Opcode: 0xFD5A, ParamLen: 11.
10-28 13:53:17.546 1698-2200/com.android.bluetooth D/bt_btm: BTM Inq Compl Callback: status 0x00, num results 3
10-28 13:53:17.546 1698-2200/com.android.bluetooth D/bt_btm: btm_acl_update_busy_level
10-28 13:53:17.546 1698-2200/com.android.bluetooth D/bt_btm: BTM_BLI_INQ_DONE_EVT
10-28 13:53:17.546 1698-2200/com.android.bluetooth D/bt_btif: bte_search_devices_evt event=BTA_DM_SEARCH_CANCEL_CMPL_EVT param_len=0
10-28 13:53:17.546 1698-2200/com.android.bluetooth D/bt_btif: btif_transfer_context event 6, len 0
10-28 13:53:17.546 1698-2200/com.android.bluetooth I/bt_btif: BTA got event 0x104
10-28 13:53:17.546 1698-2200/com.android.bluetooth I/bt_btif: bta_dm_sm_execute event:0x4
10-28 13:53:17.546 1698-2200/com.android.bluetooth D/bt_btif: btif_transfer_context event 8, len 280
10-28 13:53:17.546 1698-2200/com.android.bluetooth I/bt_btif: BTA got event 0x206
10-28 13:53:17.546 1698-2200/com.android.bluetooth I/bt_btif: bta_dm_search_sm_execute state:2, event:0x206
10-28 13:53:17.546 1698-2200/com.android.bluetooth D/bt_btif: bte_search_devices_evt event=BTA_DM_SEARCH_CANCEL_CMPL_EVT param_len=0
10-28 13:53:17.546 1698-2200/com.android.bluetooth D/bt_btif: btif_transfer_context event 6, len 0
10-28 13:53:17.558 1698-1840/com.android.bluetooth D/bt_btif: btif task fetched event a001
10-28 13:53:17.558 1698-1840/com.android.bluetooth D/bt_btif: btif_context_switched
10-28 13:53:17.558 1698-1840/com.android.bluetooth I/bt_btif: btif_dm_search_devices_evt event=BTA_DM_SEARCH_CANCEL_CMPL_EVT
10-28 13:53:17.558 1698-1840/com.android.bluetooth D/bt_btif: btif task fetched event a001
10-28 13:53:17.558 1698-1840/com.android.bluetooth D/bt_btif: btif_context_switched
10-28 13:53:17.558 2142-2144/? I/WCNSS_FILTER: ibs_msm_serial_clock_vote: vote UART CLK ON using UART driver's ioctl()
10-28 13:53:17.558 1698-1840/com.android.bluetooth I/bt_btif: btif_dm_upstreams_cback  ev: BTA_DM_BUSY_LEVEL_EVT
10-28 13:53:17.558 1698-1840/com.android.bluetooth D/bt_btif: btif task fetched event a001
10-28 13:53:17.558 1698-1840/com.android.bluetooth D/bt_btif: btif_context_switched
10-28 13:53:17.558 1698-1840/com.android.bluetooth I/bt_btif: btif_dm_search_devices_evt event=BTA_DM_SEARCH_CANCEL_CMPL_EVT
10-28 13:53:17.558 1698-1840/com.android.bluetooth I/bt_btif: BTA_DmBleScanFilterSetup: 1
10-28 13:53:17.558 1698-1840/com.android.bluetooth I/bt_btif: HAL bt_hal_cbacks->discovery_state_changed_cb
10-28 13:53:17.558 1698-2200/com.android.bluetooth I/bt_btif: BTA got event 0x123
10-28 13:53:17.558 1698-2200/com.android.bluetooth I/bt_btif: bta_dm_sm_execute event:0x23
10-28 13:53:17.558 1698-2200/com.android.bluetooth D/bt_btif: bta_dm_scan_filter_param_setup
10-28 13:53:17.558 1698-2200/com.android.bluetooth D/bt_btm: BTM_BleGetVendorCapabilities
10-28 13:53:17.558 1698-2200/com.android.bluetooth D/bt_btm: BTM_BleGetVendorCapabilities
10-28 13:53:17.558 1698-2200/com.android.bluetooth I/bt_btm:  BTM_BleAdvFilterParamSetup
10-28 13:53:17.558 1698-2200/com.android.bluetooth I/bt_btm: BTM: BTM_VendorSpecificCommand: Opcode: 0xFD57, ParamLen: 3.
