10-28 11:52:31.221 15245-15347/com.mi.liveassistant V/WatchSdk_com.mi.liveassistant: ╔════════════════════════════════════════════════════════════════════════════════════════
10-28 11:52:31.228 15245-15347/com.mi.liveassistant V/WatchSdk_com.mi.liveassistant: ║ a$4.a  (GetConfigManager.java:381)
10-28 11:52:31.228 15245-15347/com.mi.liveassistant V/WatchSdk_com.mi.liveassistant: ╟────────────────────────────────────────────────────────────────────────────────────────
10-28 11:52:31.229 15245-15347/com.mi.liveassistant V/WatchSdk_com.mi.liveassistant: ║ a (9) 111 130 http://zbtupian.zb.mi.com/pic_75c97920994038a61ce5f083ec8d0ec3_1467684074711.png http://zbtupian.zb.mi.com/pic_841ff6305376a774c04ac42344fc9f41_1467799687553.png #ff603d
10-28 11:52:31.229 15245-15347/com.mi.liveassistant V/WatchSdk_com.mi.liveassistant: ╚════════════════════════════════════════════════════════════════════════════════════════
10-28 11:52:31.240 15245-15279/com.mi.liveassistant W/SessionManagerForSimpleChannel(MiLinkSDK)(WALI_LIVE_SDK): SessionManagerForSimpleChannel=>Session No:8 is AbandonSession return 
10-28 11:52:31.241 15245-15279/com.mi.liveassistant W/SessionManagerForSimpleChannel(MiLinkSDK)(WALI_LIVE_SDK): SessionManagerForSimpleChannel=>SessionOtherEvent RequestMapIsEmpty
10-28 11:52:31.243 15245-15279/com.mi.liveassistant W/SessionManagerForSimpleChannel(MiLinkSDK)(WALI_LIVE_SDK): SessionManagerForSimpleChannel=>SessionConnectEvent SessionBuildSuccess
10-28 11:52:31.245 15245-15279/com.mi.liveassistant W/SessionManagerForSimpleChannel(MiLinkSDK)(WALI_LIVE_SDK): SessionManagerForSimpleChannel=>Session No:2 is AbandonSession return 
10-28 11:52:31.251 15245-15347/com.mi.liveassistant V/WatchSdk_com.mi.liveassistant: ╔════════════════════════════════════════════════════════════════════════════════════════
10-28 11:52:31.252 15245-15347/com.mi.liveassistant V/WatchSdk_com.mi.liveassistant: ║ a$4.a  (GetConfigManager.java:381)
10-28 11:52:31.252 15245-15347/com.mi.liveassistant V/WatchSdk_com.mi.liveassistant: ╟────────────────────────────────────────────────────────────────────────────────────────
10-28 11:52:31.252 15245-15347/com.mi.liveassistant V/WatchSdk_com.mi.liveassistant: ║ a (9) 131 150 http://zbtupian.zb.mi.com/pic_8bb001796ff4f2c857cbfe2089e1190c_1467684074866.png http://zbtupian.zb.mi.com/pic_b5dc421bace20dd5faa6db7f84d6cf8f_1467799687662.png #fe5733
10-28 11:52:31.252 15245-15347/com.mi.liveassistant V/WatchSdk_com.mi.liveassistant: ╚════════════════════════════════════════════════════════════════════════════════════════
10-28 11:52:31.253 15245-15347/com.mi.liveassistant W/WatchSdk_com.mi.liveassistant: ╔════════════════════════════════════════════════════════════════════════════════════════
10-28 11:52:31.253 15245-15347/com.mi.liveassistant W/WatchSdk_com.mi.liveassistant: ║ a$4.a  (GetConfigManager.java:404)
10-28 11:52:31.253 15245-15347/com.mi.liveassistant W/WatchSdk_com.mi.liveassistant: ╟────────────────────────────────────────────────────────────────────────────────────────
10-28 11:52:31.254 15245-15347/com.mi.liveassistant W/WatchSdk_com.mi.liveassistant: ║ a: linkDeviceOn=0
10-28 11:52:31.254 15245-15347/com.mi.liveassistant W/WatchSdk_com.mi.liveassistant: ╚════════════════════════════════════════════════════════════════════════════════════════
10-28 11:52:31.254 15245-15347/com.mi.liveassistant W/WatchSdk_com.mi.liveassistant: ╔════════════════════════════════════════════════════════════════════════════════════════
10-28 11:52:31.254 15245-15347/com.mi.liveassistant W/WatchSdk_com.mi.liveassistant: ║ a$4.a  (GetConfigManager.java:416)
10-28 11:52:31.254 15245-15347/com.mi.liveassistant W/WatchSdk_com.mi.liveassistant: ╟────────────────────────────────────────────────────────────────────────────────────────
10-28 11:52:31.254 15245-15347/com.mi.liveassistant W/WatchSdk_com.mi.liveassistant: ║ a: useFilter=0
10-28 11:52:31.255 15245-15347/com.mi.liveassistant W/WatchSdk_com.mi.liveassistant: ╚════════════════════════════════════════════════════════════════════════════════════════
10-28 11:52:31.274 15245-15327/com.mi.liveassistant W/SessionForSimpleChannel(MiLinkSDK)(WALI_LIVE_SDK): Thread-8=>userId=1463465504071072,accountManager.getCurrentAccount():com.mi.milink.sdk.a.b@e0157e0
10-28 11:52:31.276 15245-15276/com.mi.liveassistant V/WatchSdk_com.mi.liveassistant: ╔════════════════════════════════════════════════════════════════════════════════════════
10-28 11:52:31.276 15245-15276/com.mi.liveassistant V/WatchSdk_com.mi.liveassistant: ║ c.a  (MiLinkPacketDispatcher.java:102)
10-28 11:52:31.276 15245-15276/com.mi.liveassistant V/WatchSdk_com.mi.liveassistant: ╟────────────────────────────────────────────────────────────────────────────────────────
10-28 11:52:31.276 15245-15276/com.mi.liveassistant V/WatchSdk_com.mi.liveassistant: ║ c  processReceivePacket dataList.size=1
10-28 11:52:31.277 15245-15276/com.mi.liveassistant V/WatchSdk_com.mi.liveassistant: ╚════════════════════════════════════════════════════════════════════════════════════════
10-28 11:52:31.277 15245-15272/com.mi.liveassistant W/WatchSdk_com.mi.liveassistant: ╔════════════════════════════════════════════════════════════════════════════════════════
10-28 11:52:31.278 15245-15272/com.mi.liveassistant W/WatchSdk_com.mi.liveassistant: ║ a.a  (ExtraDataHandler.java:58)
10-28 11:52:31.278 15245-15272/com.mi.liveassistant W/WatchSdk_com.mi.liveassistant: ╟────────────────────────────────────────────────────────────────────────────────────────
10-28 11:52:31.278 15245-15272/com.mi.liveassistant W/WatchSdk_com.mi.liveassistant: ║ ExtraDataHandler': DATA_CHANNEL_ANONYMOUSWID_EXTRA_CMD
10-28 11:52:31.278 15245-15272/com.mi.liveassistant W/WatchSdk_com.mi.liveassistant: ╚════════════════════════════════════════════════════════════════════════════════════════
10-28 11:52:31.279 15245-15272/com.mi.liveassistant D/EventBus: No subscribers registered for event class com.mi.live.data.account.b.c
10-28 11:52:31.280 15245-15272/com.mi.liveassistant D/EventBus: No subscribers registered for event class org.greenrobot.eventbus.NoSubscriberEvent
10-28 11:52:31.280 15245-15272/com.mi.liveassistant W/WatchSdk_com.mi.liveassistant: ╔════════════════════════════════════════════════════════════════════════════════════════
10-28 11:52:31.280 15245-15272/com.mi.liveassistant W/WatchSdk_com.mi.liveassistant: ║ a.a  (ExtraDataHandler.java:64)
10-28 11:52:31.281 15245-15272/com.mi.liveassistant W/WatchSdk_com.mi.liveassistant: ╟────────────────────────────────────────────────────────────────────────────────────────
10-28 11:52:31.281 15245-15272/com.mi.liveassistant W/WatchSdk_com.mi.liveassistant: ║ ExtraDataHandler': channel anonymousId:1463465504071072
10-28 11:52:31.281 15245-15272/com.mi.liveassistant W/WatchSdk_com.mi.liveassistant: ╚════════════════════════════════════════════════════════════════════════════════════════
10-28 11:52:31.282 15245-15327/com.mi.liveassistant W/SessionForSimpleChannel(MiLinkSDK)(WALI_LIVE_SDK): Thread-8=>wid=1463465504071072
10-28 11:52:31.301 15245-15347/com.mi.liveassistant W/WatchSdk_com.mi.liveassistant: ╔════════════════════════════════════════════════════════════════════════════════════════
10-28 11:52:31.301 15245-15347/com.mi.liveassistant W/WatchSdk_com.mi.liveassistant: ║ a$4.a  (GetConfigManager.java:627)
10-28 11:52:31.302 15245-15347/com.mi.liveassistant W/WatchSdk_com.mi.liveassistant: ╟────────────────────────────────────────────────────────────────────────────────────────
10-28 11:52:31.302 15245-15347/com.mi.liveassistant W/WatchSdk_com.mi.liveassistant: ║ a: zhibo_comm={"enable_udp_stream":1,"endlive_recommend_time":5,"exchange_h5_url":"http:\/\/weixin.zb.mi.com\/wechat-cgi\/exchange\/h5page","fg_global_open":0,"fg_white_list":"3254120;100004;100013;100069;4177891;4177958;4234446;100205;1807630;100267;100279;100276;28812687;29094575;4237847;29214365;29171544;19755517;19762196;29214717;28800954;29214808;29214950;29092522;28595975;29372153;100053;19891402;19913122;30743428;30600619;30735937;30740839;30638144","game_follow_start_time":120,"is_exchange_h5":1,"magic_emotion_and":1,"magic_emotion_ios":1,"st_barrage":"gbitl:3000;seitl:3000;olvcot:600;tlvcot:2000","ticket_exchange_notice":1,"ticket_exchange_type":1,"upgrade_flag":1,"zhibo_ai_trigger_sum":100,"zhibo_ai_trigger_time":60}
10-28 11:52:31.302 15245-15347/com.mi.liveassistant W/WatchSdk_com.mi.liveassistant: ╚════════════════════════════════════════════════════════════════════════════════════════
10-28 11:52:31.304 15245-15344/com.mi.liveassistant I/com.base.l.g.c: http POST Response Code: 200
10-28 11:52:31.305 15245-15347/com.mi.liveassistant V/WatchSdk_com.mi.liveassistant: ╔════════════════════════════════════════════════════════════════════════════════════════
10-28 11:52:31.307 15245-15347/com.mi.liveassistant V/WatchSdk_com.mi.liveassistant: ║ a$4.a  (GetConfigManager.java:650)
10-28 11:52:31.307 15245-15347/com.mi.liveassistant V/WatchSdk_com.mi.liveassistant: ╟────────────────────────────────────────────────────────────────────────────────────────
10-28 11:52:31.307 15245-15347/com.mi.liveassistant V/WatchSdk_com.mi.liveassistant: ║ a (1) http://zbtupian.zb.mi.com/certification_type_1.png
10-28 11:52:31.307 15245-15347/com.mi.liveassistant V/WatchSdk_com.mi.liveassistant: ╚════════════════════════════════════════════════════════════════════════════════════════
10-28 11:52:31.311 15245-15344/com.mi.liveassistant W/WatchSdk_com.mi.liveassistant: ╔════════════════════════════════════════════════════════════════════════════════════════
10-28 11:52:31.312 15245-15344/com.mi.liveassistant W/WatchSdk_com.mi.liveassistant: ║ a.a  (DnsPodUtils.java:39)
10-28 11:52:31.312 15245-15344/com.mi.liveassistant W/WatchSdk_com.mi.liveassistant: ╟────────────────────────────────────────────────────────────────────────────────────────
10-28 11:52:31.312 15245-15344/com.mi.liveassistant W/WatchSdk_com.mi.liveassistant: ║ com.base.l.g.a http://119.29.29.29/d?dn=23134be0687e2a40e76e630ef9db8bb9&id=131&ttl=1 result=1c08e9cf295ba32c5dcd311e3022ea2d543fa401264d9556803903dfd0ad9e6f39d82c20aeb1d1741c9b2b88bbeb6133
10-28 11:52:31.312 15245-15344/com.mi.liveassistant W/WatchSdk_com.mi.liveassistant: ╚════════════════════════════════════════════════════════════════════════════════════════
10-28 11:52:31.316 15245-15352/com.mi.liveassistant W/WatchSdk_com.mi.liveassistant: ╔════════════════════════════════════════════════════════════════════════════════════════
10-28 11:52:31.317 15245-15352/com.mi.liveassistant W/WatchSdk_com.mi.liveassistant: ║ d$2.run  (PreDnsManager.java:125)
10-28 11:52:31.317 15245-15352/com.mi.liveassistant W/WatchSdk_com.mi.liveassistant: ╟────────────────────────────────────────────────────────────────────────────────────────
10-28 11:52:31.317 15245-15352/com.mi.liveassistant W/WatchSdk_com.mi.liveassistant: ║ PreDnsManager: onEvent DomainPortUpdateEvent
10-28 11:52:31.317 15245-15352/com.mi.liveassistant W/WatchSdk_com.mi.liveassistant: ╚════════════════════════════════════════════════════════════════════════════════════════
10-28 11:52:31.320 15245-15279/com.mi.liveassistant W/SessionManagerForSimpleChannel(MiLinkSDK)(WALI_LIVE_SDK): SessionManagerForSimpleChannel=>Session No:2 is AbandonSession return 
10-28 11:52:31.321 15245-15279/com.mi.liveassistant W/SessionManagerForSimpleChannel(MiLinkSDK)(WALI_LIVE_SDK): SessionManagerForSimpleChannel=>SessionLoginEvent LoginSuccess
10-28 11:52:31.323 15245-15279/com.mi.liveassistant W/WatchSdk_com.mi.liveassistant: ╔════════════════════════════════════════════════════════════════════════════════════════
10-28 11:52:31.323 15245-15279/com.mi.liveassistant W/WatchSdk_com.mi.liveassistant: ║ a.a  (MiLinkChannelStatusObserver.java:21)
10-28 11:52:31.323 15245-15279/com.mi.liveassistant W/WatchSdk_com.mi.liveassistant: ╟────────────────────────────────────────────────────────────────────────────────────────
10-28 11:52:31.323 15245-15279/com.mi.liveassistant W/WatchSdk_com.mi.liveassistant: ║ MiLinkChannelStatusObserver onLoginStateUpdate ,i=2
10-28 11:52:31.324 15245-15279/com.mi.liveassistant W/WatchSdk_com.mi.liveassistant: ╚════════════════════════════════════════════════════════════════════════════════════════
10-28 11:52:31.325 15245-15279/com.mi.liveassistant W/SessionManagerForSimpleChannel(MiLinkSDK)(WALI_LIVE_SDK): SessionManagerForSimpleChannel=>SessionOtherEvent RequestMapIsEmpty
10-28 11:52:31.326 15245-15352/com.mi.liveassistant W/WatchSdk_com.mi.liveassistant: ╔════════════════════════════════════════════════════════════════════════════════════════
10-28 11:52:31.326 15245-15352/com.mi.liveassistant W/WatchSdk_com.mi.liveassistant: ║ d$2.run  (PreDnsManager.java:159)
10-28 11:52:31.326 15245-15352/com.mi.liveassistant W/WatchSdk_com.mi.liveassistant: ╟────────────────────────────────────────────────────────────────────────────────────────
10-28 11:52:31.327 15245-15352/com.mi.liveassistant W/WatchSdk_com.mi.liveassistant: ║ PreDnsManager: onEvent DomainPortUpdateEvent key=v2.zb.mi.com_http, needSetHost=false, port=[80]
10-28 11:52:31.327 15245-15352/com.mi.liveassistant W/WatchSdk_com.mi.liveassistant: ╚════════════════════════════════════════════════════════════════════════════════════════
10-28 11:52:31.327 15245-15352/com.mi.liveassistant W/WatchSdk_com.mi.liveassistant: ╔════════════════════════════════════════════════════════════════════════════════════════
10-28 11:52:31.328 15245-15352/com.mi.liveassistant W/WatchSdk_com.mi.liveassistant: ║ d$2.run  (PreDnsManager.java:159)
10-28 11:52:31.330 15245-15352/com.mi.liveassistant W/WatchSdk_com.mi.liveassistant: ╟────────────────────────────────────────────────────────────────────────────────────────
10-28 11:52:31.330 15245-15352/com.mi.liveassistant W/WatchSdk_com.mi.liveassistant: ║ PreDnsManager: onEvent DomainPortUpdateEvent key=v2.pandora.zb.mi.com_http, needSetHost=false, port=[80]
10-28 11:52:31.330 15245-15352/com.mi.liveassistant W/WatchSdk_com.mi.liveassistant: ╚════════════════════════════════════════════════════════════════════════════════════════
10-28 11:52:31.330 15245-15352/com.mi.liveassistant W/WatchSdk_com.mi.liveassistant: ╔════════════════════════════════════════════════════════════════════════════════════════
10-28 11:52:31.331 15245-15352/com.mi.liveassistant W/WatchSdk_com.mi.liveassistant: ║ d$2.run  (PreDnsManager.java:159)
10-28 11:52:31.331 15245-15352/com.mi.liveassistant W/WatchSdk_com.mi.liveassistant: ╟────────────────────────────────────────────────────────────────────────────────────────
10-28 11:52:31.331 15245-15352/com.mi.liveassistant W/WatchSdk_com.mi.liveassistant: ║ PreDnsManager: onEvent DomainPortUpdateEvent key=playback.ks.zb.mi.com_http, needSetHost=false, port=[80]
10-28 11:52:31.331 15245-15352/com.mi.liveassistant W/WatchSdk_com.mi.liveassistant: ╚════════════════════════════════════════════════════════════════════════════════════════
10-28 11:52:31.332 15245-15352/com.mi.liveassistant W/WatchSdk_com.mi.liveassistant: ╔════════════════════════════════════════════════════════════════════════════════════════
10-28 11:52:31.332 15245-15352/com.mi.liveassistant W/WatchSdk_com.mi.liveassistant: ║ d$2.run  (PreDnsManager.java:159)
10-28 11:52:31.332 15245-15352/com.mi.liveassistant W/WatchSdk_com.mi.liveassistant: ╟────────────────────────────────────────────────────────────────────────────────────────
10-28 11:52:31.332 15245-15352/com.mi.liveassistant W/WatchSdk_com.mi.liveassistant: ║ PreDnsManager: onEvent DomainPortUpdateEvent key=v2.ks.zb.mi.com_http, needSetHost=false, port=[80]
10-28 11:52:31.332 15245-15352/com.mi.liveassistant W/WatchSdk_com.mi.liveassistant: ╚════════════════════════════════════════════════════════════════════════════════════════
10-28 11:52:31.333 15245-15352/com.mi.liveassistant W/WatchSdk_com.mi.liveassistant: ╔════════════════════════════════════════════════════════════════════════════════════════
10-28 11:52:31.333 15245-15352/com.mi.liveassistant W/WatchSdk_com.mi.liveassistant: ║ d$2.run  (PreDnsManager.java:159)
10-28 11:52:31.333 15245-15352/com.mi.liveassistant W/WatchSdk_com.mi.liveassistant: ╟────────────────────────────────────────────────────────────────────────────────────────
10-28 11:52:31.333 15245-15352/com.mi.liveassistant W/WatchSdk_com.mi.liveassistant: ║ PreDnsManager: onEvent DomainPortUpdateEvent key=v2.by.zb.mi.com_http, needSetHost=false, port=[80]
10-28 11:52:31.334 15245-15352/com.mi.liveassistant W/WatchSdk_com.mi.liveassistant: ╚════════════════════════════════════════════════════════════════════════════════════════
10-28 11:52:31.334 15245-15352/com.mi.liveassistant W/WatchSdk_com.mi.liveassistant: ╔════════════════════════════════════════════════════════════════════════════════════════
10-28 11:52:31.334 15245-15352/com.mi.liveassistant W/WatchSdk_com.mi.liveassistant: ║ d$2.run  (PreDnsManager.java:156)
10-28 11:52:31.335 15245-15352/com.mi.liveassistant W/WatchSdk_com.mi.liveassistant: ╟────────────────────────────────────────────────────────────────────────────────────────
10-28 11:52:31.335 15245-15352/com.mi.liveassistant W/WatchSdk_com.mi.liveassistant: ║ PreDnsManager: onEvent DomainPortUpdateEvent parse needSetHost failed, domainPort=r2.zb.mi.com:rtmp:80,1935
10-28 11:52:31.335 15245-15352/com.mi.liveassistant W/WatchSdk_com.mi.liveassistant: ╚════════════════════════════════════════════════════════════════════════════════════════
10-28 11:52:31.335 15245-15352/com.mi.liveassistant W/WatchSdk_com.mi.liveassistant: ╔════════════════════════════════════════════════════════════════════════════════════════
10-28 11:52:31.335 15245-15352/com.mi.liveassistant W/WatchSdk_com.mi.liveassistant: ║ d$2.run  (PreDnsManager.java:159)
10-28 11:52:31.336 15245-15352/com.mi.liveassistant W/WatchSdk_com.mi.liveassistant: ╟────────────────────────────────────────────────────────────────────────────────────────
10-28 11:52:31.336 15245-15352/com.mi.liveassistant W/WatchSdk_com.mi.liveassistant: ║ PreDnsManager: onEvent DomainPortUpdateEvent key=r2.zb.mi.com_rtmp, needSetHost=false, port=[80, 1935]
10-28 11:52:31.336 15245-15352/com.mi.liveassistant W/WatchSdk_com.mi.liveassistant: ╚════════════════════════════════════════════════════════════════════════════════════════
10-28 11:52:31.336 15245-15352/com.mi.liveassistant W/WatchSdk_com.mi.liveassistant: ╔════════════════════════════════════════════════════════════════════════════════════════
10-28 11:52:31.336 15245-15352/com.mi.liveassistant W/WatchSdk_com.mi.liveassistant: ║ d$2.run  (PreDnsManager.java:156)
10-28 11:52:31.337 15245-15352/com.mi.liveassistant W/WatchSdk_com.mi.liveassistant: ╟────────────────────────────────────────────────────────────────────────────────────────
10-28 11:52:31.337 15245-15352/com.mi.liveassistant W/WatchSdk_com.mi.liveassistant: ║ PreDnsManager: onEvent DomainPortUpdateEvent parse needSetHost failed, domainPort=r2.in.zb.mi.com:rtmp:80,1935
10-28 11:52:31.337 15245-15352/com.mi.liveassistant W/WatchSdk_com.mi.liveassistant: ╚════════════════════════════════════════════════════════════════════════════════════════
10-28 11:52:31.337 15245-15352/com.mi.liveassistant W/WatchSdk_com.mi.liveassistant: ╔════════════════════════════════════════════════════════════════════════════════════════
10-28 11:52:31.338 15245-15352/com.mi.liveassistant W/WatchSdk_com.mi.liveassistant: ║ d$2.run  (PreDnsManager.java:159)
10-28 11:52:31.339 15245-15344/com.mi.liveassistant W/WatchSdk_com.mi.liveassistant: ╔════════════════════════════════════════════════════════════════════════════════════════
10-28 11:52:31.340 15245-15344/com.mi.liveassistant W/WatchSdk_com.mi.liveassistant: ║ a.a  (DnsPodUtils.java:43)
10-28 11:52:31.340 15245-15344/com.mi.liveassistant W/WatchSdk_com.mi.liveassistant: ╟────────────────────────────────────────────────────────────────────────────────────────
10-28 11:52:31.340 15245-15344/com.mi.liveassistant W/WatchSdk_com.mi.liveassistant: ║ com.base.l.g.a decryptedString=123.133.76.16;218.59.209.20;60.210.18.139,28
10-28 11:52:31.340 15245-15344/com.mi.liveassistant W/WatchSdk_com.mi.liveassistant: ╚════════════════════════════════════════════════════════════════════════════════════════
10-28 11:52:31.341 15245-15344/com.mi.liveassistant W/WatchSdk_com.mi.liveassistant: ╔════════════════════════════════════════════════════════════════════════════════════════
10-28 11:52:31.342 15245-15344/com.mi.liveassistant W/WatchSdk_com.mi.liveassistant: ║ d.d  (PreDnsManager.java:327)
10-28 11:52:31.342 15245-15344/com.mi.liveassistant W/WatchSdk_com.mi.liveassistant: ╟────────────────────────────────────────────────────────────────────────────────────────
10-28 11:52:31.342 15245-15344/com.mi.liveassistant W/WatchSdk_com.mi.liveassistant: ║ PreDnsManager: getHttpDnsIpSet domain=v2.zb.mi.com, ipList=[123.133.76.16, 218.59.209.20, 60.210.18.139]
10-28 11:52:31.342 15245-15344/com.mi.liveassistant W/WatchSdk_com.mi.liveassistant: ╚════════════════════════════════════════════════════════════════════════════════════════
10-28 11:52:31.343 15245-15344/com.mi.liveassistant W/WatchSdk_com.mi.liveassistant: ╔════════════════════════════════════════════════════════════════════════════════════════
10-28 11:52:31.343 15245-15344/com.mi.liveassistant W/WatchSdk_com.mi.liveassistant: ║ d.c  (PreDnsManager.java:281)
10-28 11:52:31.343 15245-15344/com.mi.liveassistant W/WatchSdk_com.mi.liveassistant: ╟────────────────────────────────────────────────────────────────────────────────────────
10-28 11:52:31.344 15245-15344/com.mi.liveassistant W/WatchSdk_com.mi.liveassistant: ║ PreDnsManager: getLocalDnsIpSet domain=v2.zb.mi.com
10-28 11:52:31.344 15245-15344/com.mi.liveassistant W/WatchSdk_com.mi.liveassistant: ╚════════════════════════════════════════════════════════════════════════════════════════
10-28 11:52:31.358 15245-15347/com.mi.liveassistant V/WatchSdk_com.mi.liveassistant: ╔════════════════════════════════════════════════════════════════════════════════════════
10-28 11:52:31.359 15245-15347/com.mi.liveassistant V/WatchSdk_com.mi.liveassistant: ║ a$4.a  (GetConfigManager.java:650)
10-28 11:52:31.359 15245-15347/com.mi.liveassistant V/WatchSdk_com.mi.liveassistant: ╟────────────────────────────────────────────────────────────────────────────────────────
10-28 11:52:31.359 15245-15347/com.mi.liveassistant V/WatchSdk_com.mi.liveassistant: ║ a (2) http://zbtupian.zb.mi.com/certification_type_2.png
10-28 11:52:31.359 15245-15347/com.mi.liveassistant V/WatchSdk_com.mi.liveassistant: ╚════════════════════════════════════════════════════════════════════════════════════════
10-28 11:52:31.362 15245-15352/com.mi.liveassistant W/WatchSdk_com.mi.liveassistant: ╟────────────────────────────────────────────────────────────────────────────────────────
10-28 11:52:31.362 15245-15352/com.mi.liveassistant W/WatchSdk_com.mi.liveassistant: ║ PreDnsManager: onEvent DomainPortUpdateEvent key=r2.in.zb.mi.com_rtmp, needSetHost=false, port=[80, 1935]
10-28 11:52:31.362 15245-15352/com.mi.liveassistant W/WatchSdk_com.mi.liveassistant: ╚════════════════════════════════════════════════════════════════════════════════════════
10-28 11:52:31.364 15245-15352/com.mi.liveassistant W/WatchSdk_com.mi.liveassistant: ╔════════════════════════════════════════════════════════════════════════════════════════
10-28 11:52:31.365 15245-15352/com.mi.liveassistant W/WatchSdk_com.mi.liveassistant: ║ d$2.run  (PreDnsManager.java:156)
10-28 11:52:31.365 15245-15352/com.mi.liveassistant W/WatchSdk_com.mi.liveassistant: ╟────────────────────────────────────────────────────────────────────────────────────────
10-28 11:52:31.365 15245-15352/com.mi.liveassistant W/WatchSdk_com.mi.liveassistant: ║ PreDnsManager: onEvent DomainPortUpdateEvent parse needSetHost failed, domainPort=r2.int.zb.mi.com:rtmp:80,1935
10-28 11:52:31.365 15245-15352/com.mi.liveassistant W/WatchSdk_com.mi.liveassistant: ╚════════════════════════════════════════════════════════════════════════════════════════
10-28 11:52:31.366 15245-15352/com.mi.liveassistant W/WatchSdk_com.mi.liveassistant: ╔════════════════════════════════════════════════════════════════════════════════════════
10-28 11:52:31.366 15245-15352/com.mi.liveassistant W/WatchSdk_com.mi.liveassistant: ║ d$2.run  (PreDnsManager.java:159)
10-28 11:52:31.366 15245-15352/com.mi.liveassistant W/WatchSdk_com.mi.liveassistant: ╟────────────────────────────────────────────────────────────────────────────────────────
10-28 11:52:31.367 15245-15352/com.mi.liveassistant W/WatchSdk_com.mi.liveassistant: ║ PreDnsManager: onEvent DomainPortUpdateEvent key=r2.int.zb.mi.com_rtmp, needSetHost=false, port=[80, 1935]
10-28 11:52:31.367 15245-15352/com.mi.liveassistant W/WatchSdk_com.mi.liveassistant: ╚════════════════════════════════════════════════════════════════════════════════════════
10-28 11:52:31.367 15245-15352/com.mi.liveassistant W/WatchSdk_com.mi.liveassistant: ╔════════════════════════════════════════════════════════════════════════════════════════
10-28 11:52:31.368 15245-15352/com.mi.liveassistant W/WatchSdk_com.mi.liveassistant: ║ d$2.run  (PreDnsManager.java:156)
10-28 11:52:31.370 15245-15347/com.mi.liveassistant V/WatchSdk_com.mi.liveassistant: ╔════════════════════════════════════════════════════════════════════════════════════════
10-28 11:52:31.371 15245-15347/com.mi.liveassistant V/WatchSdk_com.mi.liveassistant: ║ a$4.a  (GetConfigManager.java:650)
10-28 11:52:31.371 15245-15347/com.mi.liveassistant V/WatchSdk_com.mi.liveassistant: ╟────────────────────────────────────────────────────────────────────────────────────────
10-28 11:52:31.371 15245-15347/com.mi.liveassistant V/WatchSdk_com.mi.liveassistant: ║ a (3) http://zbtupian.zb.mi.com/pic_cdd436f200f75b8b85ab00babe158cbd_1467775069490.png
10-28 11:52:31.371 15245-15347/com.mi.liveassistant V/WatchSdk_com.mi.liveassistant: ╚════════════════════════════════════════════════════════════════════════════════════════
10-28 11:52:31.372 15245-15352/com.mi.liveassistant W/WatchSdk_com.mi.liveassistant: ╟────────────────────────────────────────────────────────────────────────────────────────
10-28 11:52:31.372 15245-15352/com.mi.liveassistant W/WatchSdk_com.mi.liveassistant: ║ PreDnsManager: onEvent DomainPortUpdateEvent parse needSetHost failed, domainPort=r2.by.zb.mi.com:rtmp:1935
10-28 11:52:31.373 15245-15352/com.mi.liveassistant W/WatchSdk_com.mi.liveassistant: ╚════════════════════════════════════════════════════════════════════════════════════════
10-28 11:52:31.373 15245-15352/com.mi.liveassistant W/WatchSdk_com.mi.liveassistant: ╔════════════════════════════════════════════════════════════════════════════════════════
10-28 11:52:31.373 15245-15352/com.mi.liveassistant W/WatchSdk_com.mi.liveassistant: ║ d$2.run  (PreDnsManager.java:159)
10-28 11:52:31.373 15245-15352/com.mi.liveassistant W/WatchSdk_com.mi.liveassistant: ╟────────────────────────────────────────────────────────────────────────────────────────
10-28 11:52:31.373 15245-15352/com.mi.liveassistant W/WatchSdk_com.mi.liveassistant: ║ PreDnsManager: onEvent DomainPortUpdateEvent key=r2.by.zb.mi.com_rtmp, needSetHost=false, port=[1935]
10-28 11:52:31.374 15245-15352/com.mi.liveassistant W/WatchSdk_com.mi.liveassistant: ╚════════════════════════════════════════════════════════════════════════════════════════
10-28 11:52:31.374 15245-15352/com.mi.liveassistant W/WatchSdk_com.mi.liveassistant: ╔════════════════════════════════════════════════════════════════════════════════════════
10-28 11:52:31.374 15245-15352/com.mi.liveassistant W/WatchSdk_com.mi.liveassistant: ║ d$2.run  (PreDnsManager.java:156)
10-28 11:52:31.375 15245-15352/com.mi.liveassistant W/WatchSdk_com.mi.liveassistant: ╟────────────────────────────────────────────────────────────────────────────────────────
10-28 11:52:31.375 15245-15352/com.mi.liveassistant W/WatchSdk_com.mi.liveassistant: ║ PreDnsManager: onEvent DomainPortUpdateEvent parse needSetHost failed, domainPort=udp.r2.zb.mi.com:rtmp-udp:8080,443
10-28 11:52:31.375 15245-15352/com.mi.liveassistant W/WatchSdk_com.mi.liveassistant: ╚════════════════════════════════════════════════════════════════════════════════════════
10-28 11:52:31.375 15245-15352/com.mi.liveassistant W/WatchSdk_com.mi.liveassistant: ╔════════════════════════════════════════════════════════════════════════════════════════
10-28 11:52:31.376 15245-15352/com.mi.liveassistant W/WatchSdk_com.mi.liveassistant: ║ d$2.run  (PreDnsManager.java:159)
10-28 11:52:31.376 15245-15352/com.mi.liveassistant W/WatchSdk_com.mi.liveassistant: ╟────────────────────────────────────────────────────────────────────────────────────────
10-28 11:52:31.376 15245-15352/com.mi.liveassistant W/WatchSdk_com.mi.liveassistant: ║ PreDnsManager: onEvent DomainPortUpdateEvent key=udp.r2.zb.mi.com_rtmp-udp, needSetHost=false, port=[8080, 443]
10-28 11:52:31.376 15245-15352/com.mi.liveassistant W/WatchSdk_com.mi.liveassistant: ╚════════════════════════════════════════════════════════════════════════════════════════
10-28 11:52:31.390 15245-15245/com.mi.liveassistant W/WatchSdk_com.mi.liveassistant: ╔════════════════════════════════════════════════════════════════════════════════════════
10-28 11:52:31.390 15245-15245/com.mi.liveassistant W/WatchSdk_com.mi.liveassistant: ║ d.a  (PreDnsManager.java:231)
10-28 11:52:31.390 15245-15245/com.mi.liveassistant W/WatchSdk_com.mi.liveassistant: ╟────────────────────────────────────────────────────────────────────────────────────────
10-28 11:52:31.390 15245-15245/com.mi.liveassistant W/WatchSdk_com.mi.liveassistant: ║ PreDnsManager: fetchIpSetForDomainList domainSet=[v2.zb.mi.com, v2.pandora.zb.mi.com, playback.ks.zb.mi.com, v2.ks.zb.mi.com, v2.by.zb.mi.com, r2.zb.mi.com, r2.in.zb.mi.com, r2.int.zb.mi.com, r2.by.zb.mi.com, udp.r2.zb.mi.com]
10-28 11:52:31.391 15245-15245/com.mi.liveassistant W/WatchSdk_com.mi.liveassistant: ╚════════════════════════════════════════════════════════════════════════════════════════
10-28 11:52:31.395 15245-15347/com.mi.liveassistant V/WatchSdk_com.mi.liveassistant: ╔════════════════════════════════════════════════════════════════════════════════════════
10-28 11:52:31.396 15245-15347/com.mi.liveassistant V/WatchSdk_com.mi.liveassistant: ║ a$4.a  (GetConfigManager.java:650)
10-28 11:52:31.396 15245-15347/com.mi.liveassistant V/WatchSdk_com.mi.liveassistant: ╟────────────────────────────────────────────────────────────────────────────────────────
10-28 11:52:31.396 15245-15347/com.mi.liveassistant V/WatchSdk_com.mi.liveassistant: ║ a (4) http://zbtupian.zb.mi.com/certification_type_4.png
10-28 11:52:31.396 15245-15347/com.mi.liveassistant V/WatchSdk_com.mi.liveassistant: ╚════════════════════════════════════════════════════════════════════════════════════════
10-28 11:52:31.408 2486-2642/.dataservices W/QCNEJ: |CORE| CNE received unexpected action: android.intent.action.BATTERY_CHANGED
10-28 11:52:31.408 1698-2210/com.android.bluetooth D/HeadsetStateMachine: Disconnected process message: 10, size: 0
10-28 11:52:31.409 1729-1729/com.android.systemui D/BatteryController: action=android.intent.action.BATTERY_CHANGED; mCharging=true
10-28 11:52:31.414 812-812/? I/cnss-daemon: RTM_NEWNEIGH message received: 28
10-28 11:52:31.414 812-812/? E/cnss-daemon: Stale or unreachable neighbors, ndm state: 4
10-28 11:52:31.415 15245-15347/com.mi.liveassistant V/WatchSdk_com.mi.liveassistant: ╔════════════════════════════════════════════════════════════════════════════════════════
10-28 11:52:31.415 15245-15347/com.mi.liveassistant V/WatchSdk_com.mi.liveassistant: ║ a$4.a  (GetConfigManager.java:650)
10-28 11:52:31.416 15245-15347/com.mi.liveassistant V/WatchSdk_com.mi.liveassistant: ╟────────────────────────────────────────────────────────────────────────────────────────
10-28 11:52:31.416 15245-15347/com.mi.liveassistant V/WatchSdk_com.mi.liveassistant: ║ a (5) http://zbtupian.zb.mi.com/pic_82d8bd867e018f878530a06641cd0e25_1467775070144.png
10-28 11:52:31.416 15245-15347/com.mi.liveassistant V/WatchSdk_com.mi.liveassistant: ╚════════════════════════════════════════════════════════════════════════════════════════
10-28 11:52:31.417 2624-2624/com.miui.securitycenter.remote I/BatteryInfoReceiver: ACTION_BATTERY_CHANGED
10-28 11:52:31.418 1883-1883/com.android.phone E/QtiImsExtUtils: getConfigForPhoneId subId is invalid
10-28 11:52:31.418 1883-1883/com.android.phone E/QtiImsExtUtils: isCarrierConfigEnabled bundle is null
10-28 11:52:31.420 15245-15344/com.mi.liveassistant W/WatchSdk_com.mi.liveassistant: ╔════════════════════════════════════════════════════════════════════════════════════════
10-28 11:52:31.420 15245-15344/com.mi.liveassistant W/WatchSdk_com.mi.liveassistant: ║ d.c  (PreDnsManager.java:296)
10-28 11:52:31.421 15245-15344/com.mi.liveassistant W/WatchSdk_com.mi.liveassistant: ╟────────────────────────────────────────────────────────────────────────────────────────
10-28 11:52:31.421 15245-15344/com.mi.liveassistant W/WatchSdk_com.mi.liveassistant: ║ PreDnsManager: getLocalDnsIpSet domain=v2.zb.mi.com, ipList=[123.128.14.232, 61.156.243.243, 61.156.243.245, 218.59.209.20]
10-28 11:52:31.421 15245-15344/com.mi.liveassistant W/WatchSdk_com.mi.liveassistant: ╚════════════════════════════════════════════════════════════════════════════════════════
10-28 11:52:31.423 2850-3224/com.miui.powerkeeper:service D/PowerCheckerService: onBatteryChanged, mBatteryLevel = 72, status = 2, level = 72, plug = 2
10-28 11:52:31.424 15245-15344/com.mi.liveassistant E/WatchSdk_com.mi.liveassistant: ╔════════════════════════════════════════════════════════════════════════════════════════
10-28 11:52:31.425 15245-15344/com.mi.liveassistant E/WatchSdk_com.mi.liveassistant: ║ a.a  (AppNetworkUtils.java:67)
10-28 11:52:31.425 15245-15344/com.mi.liveassistant E/WatchSdk_com.mi.liveassistant: ╟────────────────────────────────────────────────────────────────────────────────────────
10-28 11:52:31.425 15245-15344/com.mi.liveassistant E/WatchSdk_com.mi.liveassistant: ║  : java.lang.InterruptedException
10-28 11:52:31.426 15245-15344/com.mi.liveassistant E/WatchSdk_com.mi.liveassistant: ║ 	at java.util.concurrent.FutureTask.awaitDone(FutureTask.java:391)
10-28 11:52:31.426 15245-15344/com.mi.liveassistant E/WatchSdk_com.mi.liveassistant: ║ 	at java.util.concurrent.FutureTask.get(FutureTask.java:176)
10-28 11:52:31.426 15245-15344/com.mi.liveassistant E/WatchSdk_com.mi.liveassistant: ║ 	at com.wali.live.l.a.a(AppNetworkUtils.java:59)
10-28 11:52:31.426 15245-15344/com.mi.liveassistant E/WatchSdk_com.mi.liveassistant: ║ 	at com.wali.live.b.d$4.a(PreDnsManager.java:246)
10-28 11:52:31.426 15245-15344/com.mi.liveassistant E/WatchSdk_com.mi.liveassistant: ║ 	at com.wali.live.b.d$4.call(PreDnsManager.java:238)
10-28 11:52:31.426 15245-15344/com.mi.liveassistant E/WatchSdk_com.mi.liveassistant: ║ 	at rx.internal.operators.OperatorMap$1.onNext(OperatorMap.java:54)
10-28 11:52:31.426 15245-15344/com.mi.liveassistant E/WatchSdk_com.mi.liveassistant: ║ 	at rx.internal.operators.OnSubscribeFromIterable$IterableProducer.slowpath(OnSubscribeFromIterable.java:97)
10-28 11:52:31.426 15245-15344/com.mi.liveassistant E/WatchSdk_com.mi.liveassistant: ║ 	at rx.internal.operators.OnSubscribeFromIterable$IterableProducer.request(OnSubscribeFromIterable.java:73)
10-28 11:52:31.427 15245-15344/com.mi.liveassistant E/WatchSdk_com.mi.liveassistant: ║ 	at rx.internal.operators.OperatorSubscribeOn$1$1$1$1.request(OperatorSubscribeOn.java:88)
10-28 11:52:31.427 15245-15344/com.mi.liveassistant E/WatchSdk_com.mi.liveassistant: ║ 	at rx.Subscriber.setProducer(Subscriber.java:211)
10-28 11:52:31.427 15245-15344/com.mi.liveassistant E/WatchSdk_com.mi.liveassistant: ║ 	at rx.internal.operators.OperatorSubscribeOn$1$1$1.setProducer(OperatorSubscribeOn.java:81)
10-28 11:52:31.427 15245-15344/com.mi.liveassistant E/WatchSdk_com.mi.liveassistant: ║ 	at rx.Subscriber.setProducer(Subscriber.java:205)
10-28 11:52:31.427 15245-15344/com.mi.liveassistant E/WatchSdk_com.mi.liveassistant: ║ 	at rx.internal.operators.OnSubscribeFromIterable.call(OnSubscribeFromIterable.java:49)
10-28 11:52:31.427 15245-15344/com.mi.liveassistant E/WatchSdk_com.mi.liveassistant: ║ 	at rx.internal.operators.OnSubscribeFromIterable.call(OnSubscribeFromIterable.java:32)
10-28 11:52:31.427 15245-15344/com.mi.liveassistant E/WatchSdk_com.mi.liveassistant: ║ 	at rx.Observable$2.call(Observable.java:162)
10-28 11:52:31.427 15245-15344/com.mi.liveassistant E/WatchSdk_com.mi.liveassistant: ║ 	at rx.Observable$2.call(Observable.java:154)
10-28 11:52:31.427 15245-15344/com.mi.liveassistant E/WatchSdk_com.mi.liveassistant: ║ 	at rx.Observable.unsafeSubscribe(Observable.java:8098)
10-28 11:52:31.427 15245-15344/com.mi.liveassistant E/WatchSdk_com.mi.liveassistant: ║ 	at rx.internal.operators.OperatorSubscribeOn$1$1.call(OperatorSubscribeOn.java:62)
10-28 11:52:31.428 2850-3322/com.miui.powerkeeper:service D/ThermalManager$ThermalTempInfoHelper: thermal sensor28 temp is 32
10-28 11:52:31.429 2850-3322/com.miui.powerkeeper:service D/PowerKeeper.Thermal: current battery temperature:29 xo_thermal 32 valid true
10-28 11:52:31.437 15245-15344/com.mi.liveassistant E/WatchSdk_com.mi.liveassistant: ║ 	at rx.internal.schedulers.ScheduledAction.run(ScheduledAction.java:55)
10-28 11:52:31.439 15245-15344/com.mi.liveassistant E/WatchSdk_com.mi.liveassistant: ║ 	at java.util.concurrent.Executors$RunnableAdapter.call(Executors.java:428)
10-28 11:52:31.439 15245-15344/com.mi.liveassistant E/WatchSdk_com.mi.liveassistant: ║ 	at java.util.concurrent.FutureTask.run(FutureTask.java:237)
10-28 11:52:31.439 15245-15344/com.mi.liveassistant E/WatchSdk_com.mi.liveassistant: ║ 	at java.util.concurrent.ScheduledThreadPoolExecutor$ScheduledFutureTask.run(ScheduledThreadPoolExecutor.java:272)
10-28 11:52:31.439 15245-15344/com.mi.liveassistant E/WatchSdk_com.mi.liveassistant: ║ 	at java.util.concurrent.ThreadPoolExecutor.runWorker(ThreadPoolExecutor.java:1133)
10-28 11:52:31.439 15245-15344/com.mi.liveassistant E/WatchSdk_com.mi.liveassistant: ║ 	at java.util.concurrent.ThreadPoolExecutor$Worker.run(ThreadPoolExecutor.java:607)
10-28 11:52:31.439 15245-15344/com.mi.liveassistant E/WatchSdk_com.mi.liveassistant: ║ 	at java.lang.Thread.run(Thread.java:760)
10-28 11:52:31.439 15245-15344/com.mi.liveassistant E/WatchSdk_com.mi.liveassistant: ╚════════════════════════════════════════════════════════════════════════════════════════
10-28 11:52:31.441 15245-15347/com.mi.liveassistant V/WatchSdk_com.mi.liveassistant: ╔════════════════════════════════════════════════════════════════════════════════════════
10-28 11:52:31.442 15245-15347/com.mi.liveassistant V/WatchSdk_com.mi.liveassistant: ║ a$4.a  (GetConfigManager.java:667)
10-28 11:52:31.442 15245-15347/com.mi.liveassistant V/WatchSdk_com.mi.liveassistant: ╟────────────────────────────────────────────────────────────────────────────────────────
10-28 11:52:31.442 15245-15347/com.mi.liveassistant V/WatchSdk_com.mi.liveassistant: ║ a wall (1) http://zbtupian.zb.mi.com/pic_432682fc19840208e0f55fe0dd2710b9_1465716751047.jpg
10-28 11:52:31.442 15245-15347/com.mi.liveassistant V/WatchSdk_com.mi.liveassistant: ╚════════════════════════════════════════════════════════════════════════════════════════
10-28 11:52:31.443 15245-15347/com.mi.liveassistant V/WatchSdk_com.mi.liveassistant: ╔════════════════════════════════════════════════════════════════════════════════════════
10-28 11:52:31.444 15245-15347/com.mi.liveassistant V/WatchSdk_com.mi.liveassistant: ║ a$4.a  (GetConfigManager.java:667)
10-28 11:52:31.444 15245-15347/com.mi.liveassistant V/WatchSdk_com.mi.liveassistant: ╟────────────────────────────────────────────────────────────────────────────────────────
10-28 11:52:31.444 15245-15347/com.mi.liveassistant V/WatchSdk_com.mi.liveassistant: ║ a wall (2) http://zbtupian.zb.mi.com/pic_5faf4f7dd93482a5ece59d2395a1b64f_1465716963300.jpg
10-28 11:52:31.444 15245-15347/com.mi.liveassistant V/WatchSdk_com.mi.liveassistant: ╚════════════════════════════════════════════════════════════════════════════════════════
10-28 11:52:31.444 15245-15347/com.mi.liveassistant V/WatchSdk_com.mi.liveassistant: ╔════════════════════════════════════════════════════════════════════════════════════════
10-28 11:52:31.448 15245-15347/com.mi.liveassistant V/WatchSdk_com.mi.liveassistant: ║ a$4.a  (GetConfigManager.java:667)
10-28 11:52:31.448 15245-15347/com.mi.liveassistant V/WatchSdk_com.mi.liveassistant: ╟────────────────────────────────────────────────────────────────────────────────────────
10-28 11:52:31.448 15245-15347/com.mi.liveassistant V/WatchSdk_com.mi.liveassistant: ║ a wall (3) http://zbtupian.zb.mi.com/pic_37dab1319b1df5adab85f1f3c06b71af_1465716973976.jpg
10-28 11:52:31.448 15245-15347/com.mi.liveassistant V/WatchSdk_com.mi.liveassistant: ╚════════════════════════════════════════════════════════════════════════════════════════
10-28 11:52:31.449 15245-15347/com.mi.liveassistant V/WatchSdk_com.mi.liveassistant: ╔════════════════════════════════════════════════════════════════════════════════════════
10-28 11:52:31.449 15245-15347/com.mi.liveassistant V/WatchSdk_com.mi.liveassistant: ║ a$4.a  (GetConfigManager.java:667)
10-28 11:52:31.449 1393-2881/system_process E/LocSvc_libulp: I/int ulp_msg_process_system_update(const UlpSystemEvent): systemEvent:5 
10-28 11:52:31.449 1393-2881/system_process E/LocSvc_libulp: I/===> int ulp_brain_turn_onoff_dr_provider() line 848 
10-28 11:52:31.449 15245-15347/com.mi.liveassistant V/WatchSdk_com.mi.liveassistant: ╟────────────────────────────────────────────────────────────────────────────────────────
10-28 11:52:31.449 1393-2881/system_process E/LocSvc_libulp: I/===> int ulp_dr_stop_engine() line 235 
10-28 11:52:31.449 1393-1860/system_process E/LocSvc_api_v02: I/---> locClientSendReq line 2069 QMI_LOC_GET_BEST_AVAILABLE_POSITION_REQ_V02
10-28 11:52:31.449 15245-15347/com.mi.liveassistant V/WatchSdk_com.mi.liveassistant: ║ a wall (4) http://zbtupian.zb.mi.com/pic_43ac768697cd7fd9f6b69a53a6871e5b_1465717150643.jpg
10-28 11:52:31.450 15245-15347/com.mi.liveassistant V/WatchSdk_com.mi.liveassistant: ╚════════════════════════════════════════════════════════════════════════════════════════
10-28 11:52:31.450 1393-2881/system_process E/LocSvc_libulp: I/int ulp_msg_process_start_req(), at ulp state = 1
10-28 11:52:31.450 15245-15347/com.mi.liveassistant V/WatchSdk_com.mi.liveassistant: ╔════════════════════════════════════════════════════════════════════════════════════════
10-28 11:52:31.450 15245-15347/com.mi.liveassistant V/WatchSdk_com.mi.liveassistant: ║ a$4.a  (GetConfigManager.java:667)
10-28 11:52:31.450 15245-15347/com.mi.liveassistant V/WatchSdk_com.mi.liveassistant: ╟────────────────────────────────────────────────────────────────────────────────────────
10-28 11:52:31.450 15245-15347/com.mi.liveassistant V/WatchSdk_com.mi.liveassistant: ║ a wall (5) http://zbtupian.zb.mi.com/pic_0c4f707745ba80a1bcabfcc1f939a1e4_1465717053278.jpg
10-28 11:52:31.450 15245-15347/com.mi.liveassistant V/WatchSdk_com.mi.liveassistant: ╚════════════════════════════════════════════════════════════════════════════════════════
10-28 11:52:31.451 15245-15347/com.mi.liveassistant V/WatchSdk_com.mi.liveassistant: ╔════════════════════════════════════════════════════════════════════════════════════════
10-28 11:52:31.451 15245-15347/com.mi.liveassistant V/WatchSdk_com.mi.liveassistant: ║ a$4.a  (GetConfigManager.java:667)
10-28 11:52:31.452 15245-15347/com.mi.liveassistant V/WatchSdk_com.mi.liveassistant: ╟────────────────────────────────────────────────────────────────────────────────────────
10-28 11:52:31.452 15245-15347/com.mi.liveassistant V/WatchSdk_com.mi.liveassistant: ║ a wall (6) http://zbtupian.zb.mi.com/pic_bcf8b1e9e07986b98564ddf2b49c126d_1465717061608.jpg
10-28 11:52:31.452 1393-1870/system_process E/LocSvc_ApiV02: I/<--- void globalRespCb(locClientHandleType, uint32_t, const locClientRespIndUnionType, uint32_t, void *) line 140 QMI_LOC_GET_BEST_AVAILABLE_POSITION_REQ_V02
10-28 11:52:31.452 15245-15347/com.mi.liveassistant V/WatchSdk_com.mi.liveassistant: ╚════════════════════════════════════════════════════════════════════════════════════════
10-28 11:52:31.452 1393-2881/system_process E/LocSvc_libulp: I/int ulp_brain_process_zpp_position_report(const enum loc_sess_status, LocPosTechMask, UlpLocation *), report ZPP position to providers,report_position = 1
10-28 11:52:31.452 1393-2881/system_process E/LocSvc_libulp: I/===> int ulp_brain_turn_onoff_dr_provider() line 848 
10-28 11:52:31.452 1393-2881/system_process E/LocSvc_libulp: I/===> int ulp_dr_stop_engine() line 235 
10-28 11:52:31.452 15245-15347/com.mi.liveassistant V/WatchSdk_com.mi.liveassistant: ╔════════════════════════════════════════════════════════════════════════════════════════
10-28 11:52:31.453 15245-15347/com.mi.liveassistant V/WatchSdk_com.mi.liveassistant: ║ a$4.a  (GetConfigManager.java:667)
10-28 11:52:31.453 15245-15347/com.mi.liveassistant V/WatchSdk_com.mi.liveassistant: ╟────────────────────────────────────────────────────────────────────────────────────────
10-28 11:52:31.453 15245-15347/com.mi.liveassistant V/WatchSdk_com.mi.liveassistant: ║ a wall (7) http://zbtupian.zb.mi.com/pic_95030f857476beb6ca361f6cae512bd4_1465717070786.jpg
10-28 11:52:31.454 15245-15347/com.mi.liveassistant V/WatchSdk_com.mi.liveassistant: ╚════════════════════════════════════════════════════════════════════════════════════════
10-28 11:52:31.454 15245-15347/com.mi.liveassistant V/WatchSdk_com.mi.liveassistant: ╔════════════════════════════════════════════════════════════════════════════════════════
10-28 11:52:31.454 15245-15347/com.mi.liveassistant V/WatchSdk_com.mi.liveassistant: ║ a$4.a  (GetConfigManager.java:667)
10-28 11:52:31.455 15245-15347/com.mi.liveassistant V/WatchSdk_com.mi.liveassistant: ╟────────────────────────────────────────────────────────────────────────────────────────
10-28 11:52:31.455 15245-15347/com.mi.liveassistant V/WatchSdk_com.mi.liveassistant: ║ a wall (8) http://zbtupian.zb.mi.com/pic_5005721c4f6c9804febbbeb6efb1ad12_1465717079924.jpg
10-28 11:52:31.455 15245-15347/com.mi.liveassistant V/WatchSdk_com.mi.liveassistant: ╚════════════════════════════════════════════════════════════════════════════════════════
10-28 11:52:31.455 15245-15347/com.mi.liveassistant V/WatchSdk_com.mi.liveassistant: ╔════════════════════════════════════════════════════════════════════════════════════════
10-28 11:52:31.456 15245-15347/com.mi.liveassistant V/WatchSdk_com.mi.liveassistant: ║ a$4.a  (GetConfigManager.java:667)
10-28 11:52:31.456 15245-15347/com.mi.liveassistant V/WatchSdk_com.mi.liveassistant: ╟────────────────────────────────────────────────────────────────────────────────────────
10-28 11:52:31.456 15245-15347/com.mi.liveassistant V/WatchSdk_com.mi.liveassistant: ║ a wall (9) http://zbtupian.zb.mi.com/pic_51553d8c19398a6df23c0472e846b35a_1465717092825.jpg
10-28 11:52:31.456 15245-15347/com.mi.liveassistant V/WatchSdk_com.mi.liveassistant: ╚════════════════════════════════════════════════════════════════════════════════════════
10-28 11:52:31.480 763-1547/? E/Parcel: Reading a NULL string not supported here.
10-28 11:52:31.482 763-1547/? E/Parcel: Reading a NULL string not supported here.
10-28 11:52:31.503 763-1547/? E/Parcel: Reading a NULL string not supported here.
10-28 11:52:31.684 15245-15279/com.mi.liveassistant W/SessionManagerForSimpleChannel(MiLinkSDK)(WALI_LIVE_SDK): SessionManagerForSimpleChannel=>Session No:4 is AbandonSession return 
10-28 11:52:31.703 15245-15323/com.mi.liveassistant E/[No:4]SessionForSimpleChannel(MiLinkSDK)(WALI_LIVE_SDK): Thread-7=>Const.InternalErrorCode.CONNECT_FAIL, seq=5,cmd=milink.handshake
10-28 11:52:31.704 15245-15323/com.mi.liveassistant D/EventBus: No subscribers registered for event class com.mi.milink.sdk.e.a$d
10-28 11:52:31.705 15245-15323/com.mi.liveassistant D/EventBus: No subscribers registered for event class org.greenrobot.eventbus.NoSubscriberEvent
10-28 11:52:31.907 812-812/? I/cnss-daemon: RTM_NEWNEIGH message received: 28
10-28 11:52:31.907 812-812/? E/cnss-daemon: Stale or unreachable neighbors, ndm state: 4
10-28 11:52:31.955 1393-1457/system_process I/ActiveServicesInjector: Low priority start of: ServiceRecord{16edc34 u0 com.xiaomi.gamecenter/com.xiaomi.mipush.sdk.MessageHandleService}
10-28 11:52:31.964 1393-1458/system_process V/UidProcStateHelper: process state changed:[15161,10062,10]
10-28 11:52:31.988 1393-1458/system_process V/UidProcStateHelper: process state changed:[15161,10062,16]
10-28 11:52:32.106 1393-1457/system_process I/ActiveServicesInjector: Low priority start of: ServiceRecord{b6860c1 u0 com.xiaomi.xmsf/com.xiaomi.push.service.XMPushService}
10-28 11:52:32.108 2403-2403/com.xiaomi.xmsf W/PushService: 2017-10-28 11:52:32,107 - [WARN::PushService] - [Thread:1] onStart() with intent.Action = null, chid = null
10-28 11:52:32.419 812-812/? I/cnss-daemon: RTM_NEWNEIGH message received: 28
10-28 11:52:32.425 812-812/? E/cnss-daemon: Stale or unreachable neighbors, ndm state: 4
10-28 11:52:32.765 15245-15318/com.mi.liveassistant I/Crasheye: net send status code 200
10-28 11:52:32.770 15245-15318/com.mi.liveassistant W/Crasheye: NetSender: Transmitting result {"ret":0,"msg":"","data":{"appkeyvalid":true}}
10-28 11:52:33.054 812-812/? I/cnss-daemon: RTM_NEWNEIGH message received: 28
10-28 11:52:33.055 812-812/? E/cnss-daemon: Stale or unreachable neighbors, ndm state: 4
10-28 11:52:33.238 812-812/? I/cnss-daemon: RTM_NEWNEIGH message received: 28
10-28 11:52:33.239 812-812/? E/cnss-daemon: Stale or unreachable neighbors, ndm state: 4
10-28 11:52:33.439 15245-15344/com.mi.liveassistant W/WatchSdk_com.mi.liveassistant: [15245] 158. (AppNetworkUtils.java:85)     NetWorkHorse resultList[60.210.18.139=230.66, 218.59.209.20=411.5]
