                                                           [ 10-28 10:58:30.964  2509: 2780 D/         ]
                                                           SyncEventGuard: lock on 0x7f681fb110
10-28 10:58:30.964 2509-2774/com.android.nfc D/BrcmNfcJni: SyncEventGuard: lock on 0x7f685feac0
10-28 10:58:30.964 2509-2774/com.android.nfc I/BrcmNfcNfa: NFA_CeConfigureUiccListenTech () ee_handle = 0x402
10-28 10:58:30.964 2850-3224/com.miui.powerkeeper:service D/PowerCheckerService: foreground, uid = 1000, app = com.android.settings
10-28 10:58:30.964 2509-2780/com.android.nfc I/BrcmNfcNfa: NFA got event 0x0701
10-28 10:58:30.965 2509-2780/com.android.nfc I/BrcmNfcNfa: nfa_ce_handle_event event: NFA_CE_API_REG_LISTEN_EVT (0x701), flags: 00000000
10-28 10:58:30.965 2509-2780/com.android.nfc I/BrcmNfcNfa: Registering UICC/ESE/Felica/Type-4 tag listener. Type=3
10-28 10:58:30.965 2509-2780/com.android.nfc I/BrcmNfcNfa: NFA_CE: adding listen_info entry 2
10-28 10:58:30.965 2509-2780/com.android.nfc E/BrcmNfcNfa: UICC/ESE[0x402] is not activated
10-28 10:58:30.965 2509-2780/com.android.nfc D/BrcmNfcJni: nfaConnectionCallback: event= 29
10-28 10:58:30.965 2509-2780/com.android.nfc D/BrcmNfcJni: nfaConnectionCallback: NFA_CE_UICC_LISTEN_CONFIGURED_EVT : status=0x0
                                                           
                                                           [ 10-28 10:58:30.965  2509: 2780 D/         ]
                                                           SyncEventGuard: lock on 0x7f681fb1e0
10-28 10:58:30.965 2509-2774/com.android.nfc D/BrcmNfcJni: PeerToPeer::enableP2pListening: enter isEnable: 0  mIsP2pListening: 0
10-28 10:58:30.965 2509-2774/com.android.nfc D/BrcmNfcJni: PeerToPeer::enableP2pListening: exit; mIsP2pListening: 0
10-28 10:58:30.965 2509-2774/com.android.nfc D/BrcmNfcJni: SyncEventGuard: lock on 0x7f685fea50
10-28 10:58:30.965 2509-2774/com.android.nfc D/BrcmNfcJni: startRfDiscovery: is start = 1, sRfEnabled = 0
10-28 10:58:30.965 2509-2774/com.android.nfc D/BrcmNfcJni: SyncEventGuard: lock on 0x7f685fea48
10-28 10:58:30.965 2509-2774/com.android.nfc I/BrcmNfcNfa: NFA_StartRfDiscovery ()
10-28 10:58:30.965 2509-2780/com.android.nfc I/BrcmNfcNfa: NFA got event 0x010E
10-28 10:58:30.965 2509-2780/com.android.nfc I/BrcmNfcNfa: nfa_dm_evt_hdlr event: NFA_DM_API_START_RF_DISCOVERY_EVT (0x0e)
10-28 10:58:30.965 2509-2780/com.android.nfc I/BrcmNfcNfa: nfa_dm_act_start_rf_discovery ()
10-28 10:58:30.965 2509-2780/com.android.nfc I/BrcmNfcNfa: nfa_dm_start_rf_discover ()
10-28 10:58:30.965 2509-2780/com.android.nfc I/BrcmNfcNfa: nfa_ee_get_tech_route(): power state : 1
10-28 10:58:30.965 2509-2780/com.android.nfc I/BrcmNfcNfa: TechA route: 0xc0, TechB route: 0xc0, TechF route: 0x0, TechB' route: 0x0
10-28 10:58:30.965 2509-2780/com.android.nfc I/BrcmNfcNfa: requested_disc_mask = 0x140000, xx=0
10-28 10:58:30.965 2509-2780/com.android.nfc I/BrcmNfcNfa: listen_mask value after NFC-A = 0x40000
10-28 10:58:30.965 2509-2780/com.android.nfc I/BrcmNfcNfa: listen_mask value after NFC-B = 0x140000
10-28 10:58:30.965 2509-2780/com.android.nfc I/BrcmNfcNfa: listen_mask value after NFC-F = 0x140000
10-28 10:58:30.965 2509-2780/com.android.nfc I/BrcmNfcNfa: listen_mask value after NFC-B Prime = 0x140000
10-28 10:58:30.965 2509-2780/com.android.nfc I/BrcmNfcNfa: dm_disc_mask = 0x0
10-28 10:58:30.965 2509-2780/com.android.nfc I/BrcmNfcNfa: listen_mask value after T1T and T2T = 0x140000
10-28 10:58:30.965 2509-2780/com.android.nfc I/BrcmNfcNfa: listen_mask value after NFC-DEP = 0x140000
10-28 10:58:30.965 2509-2780/com.android.nfc I/BrcmNfcNfa: listen_mask value after setting from higher layer = 0xc000000
10-28 10:58:30.965 2509-2780/com.android.nfc I/BrcmNfcNfa: nfa_dm_cb.disc_cb.entry[0].selected_disc_mask = 0xc000000
10-28 10:58:30.965 2509-2780/com.android.nfc I/BrcmNfcNfa: dm_disc_mask finally : 0xc000000
10-28 10:58:30.965 2509-2780/com.android.nfc I/BrcmNfcNfa: nfa_dm_start_rf_discover:NXP_FWD_FUNCTIONALITY_ENABLE=0x01;
10-28 10:58:30.965 2509-2780/com.android.nfc D/NfcAdaptation: const CNfcParam *CNfcConfig::find(const char *) const found HOST_LISTEN_TECH_MASK=(0x3)
10-28 10:58:30.965 2509-2780/com.android.nfc I/BrcmNfcNfa: nfa_dm_start_rf_discover : override_hostListenMask = 0x1, HOST_LISTEN_TECH_MASK = 0x0;
10-28 10:58:30.965 2509-2780/com.android.nfc D/NfcAdaptation: const CNfcParam *CNfcConfig::find(const char *) const found UICC_LISTEN_TECH_MASK=(0x83)
10-28 10:58:30.965 2509-2780/com.android.nfc I/BrcmNfcNfa: nfa_dm_start_rf_discover:UICC_LISTEN_TECH_MASK = 0x0131;
10-28 10:58:30.965 2509-2780/com.android.nfc I/BrcmNfcNfa: nfa_ee_find_ecb ()
10-28 10:58:30.965 2509-2780/com.android.nfc I/BrcmNfcNfa: Cannot find cb for given nfcee_id: 0x2
10-28 10:58:30.965 2509-2780/com.android.nfc I/BrcmNfcNfa: supported tech list is 0x00 for given nfcee_id: 0x2 
10-28 10:58:30.965 2509-2780/com.android.nfc I/BrcmNfcNfa: nfa_p2p_set_config ()
10-28 10:58:30.965 2509-2780/com.android.nfc I/BrcmNfcNfa: LLCP_GetDiscoveryConfig ()
10-28 10:58:30.965 2509-2780/com.android.nfc I/BrcmNfcNfa: nfa_dm_check_set_config () tlv_len=25
10-28 10:58:30.965 2509-2780/com.android.nfc I/BrcmNfcNfa: dm_disc_mask = 0xc000000
10-28 10:58:30.965 2509-2780/com.android.nfc I/BrcmNfcNfa: nfa_dm_get_rf_discover_config : dm_disc_mask = 0x0C000000
10-28 10:58:30.965 2509-2780/com.android.nfc I/BrcmNfcNfa: nfa_dm_set_hce_config : tech_proto_mask = 0x0C000000
10-28 10:58:30.966 2509-2780/com.android.nfc D/NfcAdaptation: const CNfcParam *CNfcConfig::find(const char *) const found HOST_LISTEN_TECH_MASK=(0x3)
10-28 10:58:30.966 2509-2780/com.android.nfc I/BrcmNfcNfa: nfa_dm_set_hce_config : override_hostListenMask = 0x1, HOST_LISTEN_TECH_MASK = 0x0;
10-28 10:58:30.966 2509-2780/com.android.nfc I/BrcmNfcNfa: nfa_dm_set_hce_config : LA_SEL_INFO = 0x0;
10-28 10:58:30.966 2509-2780/com.android.nfc I/BrcmNfcNfa: nfa_dm_set_hce_config : LB_SENSB_INFO = 0x0;
10-28 10:58:30.966 2509-2780/com.android.nfc I/BrcmNfcNfa: nfa_dm_check_set_config () tlv_len=6
10-28 10:58:30.966 2509-2780/com.android.nfc I/BrcmNfcNfa: nfa_dm_check_set_config () updated_len=0
10-28 10:58:30.966 2509-2780/com.android.nfc I/BrcmNfcNfa: nfa_dm_set_total_duration ()
10-28 10:58:30.969 2509-2780/com.android.nfc I/BrcmNfcNfa: nfa_dm_check_set_config () tlv_len=4
10-28 10:58:30.969 2509-2780/com.android.nfc I/BrcmNfcNfa: NFC_DiscoveryStart
10-28 10:58:30.969 2509-2780/com.android.nfc D/NfcAdaptation: NfcAdaptation::HalPrediscover
10-28 10:58:30.969 2509-2780/com.android.nfc I/BrcmNfcNfa: nfc_ncif_send_cmd.
10-28 10:58:30.969 2509-2780/com.android.nfc D/NfcAdaptation: NfcAdaptation::HalWrite
10-28 10:58:30.969 2509-2780/com.android.nfc D/NxpExtns: const nxp::CNfcParam *nxp::CNfcConfig::find(const char *) const found MIFARE_READER_ENABLE=(0x1)
10-28 10:58:30.969 2509-2780/com.android.nfc D/NxpHal: > Polling Loop Started
10-28 10:58:30.969 2509-2823/com.android.nfc D/NxpTml: PN54X - Write requested.....
10-28 10:58:30.969 2509-2823/com.android.nfc D/NxpTml: PN54X - Invoking I2C Write.....
10-28 10:58:30.969 2509-2823/com.android.nfc D/NxpNciX: len =   8 > 2103050283018501
10-28 10:58:30.969 2509-2823/com.android.nfc D/NxpTml: PN54X - I2C Write successful.....
10-28 10:58:30.969 2509-2823/com.android.nfc D/NxpTml: PN54X - Posting Fresh Write message.....
10-28 10:58:30.969 2509-2823/com.android.nfc D/NxpTml: PN54X - Tml Writer Thread Running................
10-28 10:58:30.969 2509-2825/com.android.nfc D/NxpHal: write successful status = 0x0
10-28 10:58:30.969 2509-2780/com.android.nfc I/BrcmNfcNfa: NFC_DiscoveryStart status: 0xe3
10-28 10:58:30.971 2509-2822/com.android.nfc D/NxpTml: PN54X - I2C Read successful.....
10-28 10:58:30.971 2509-2822/com.android.nfc D/NxpNciR: len =   4 < 41030100
10-28 10:58:30.971 2509-2822/com.android.nfc D/NxpTml: PN54X - Posting read message.....
10-28 10:58:30.971 2509-2825/com.android.nfc D/NxpHal: read successful status = 0x0
10-28 10:58:30.971 2509-2825/com.android.nfc D/NfcAdaptation: NfcAdaptation::HalDeviceContextDataCallback: len=4
10-28 10:58:30.971 2509-2822/com.android.nfc D/NxpTml: PN54X - Read requested.....
10-28 10:58:30.971 2509-2822/com.android.nfc D/NxpTml: PN54X - Invoking I2C Read.....
10-28 10:58:30.971 2509-2780/com.android.nfc I/BrcmNfcNfa: NFC received rsp gid:1
10-28 10:58:30.971 2509-2780/com.android.nfc I/BrcmNfcNfa: returning TRUE
10-28 10:58:30.971 2509-2780/com.android.nfc I/BrcmNfcNfa: nfa_dm_disc_discovery_cback (): event:0x4000
10-28 10:58:30.971 2509-2780/com.android.nfc I/BrcmNfcNfa: nfa_dm_disc_sm_execute (): state: IDLE (0), event: DISCOVER_RSP(1) disc_flags: 0x31
10-28 10:58:30.971 2509-2780/com.android.nfc I/BrcmNfcNfa: nfa_dm_disc_new_state (): old_state: IDLE (0), new_state: DISCOVERY (1) disc_flags: 0x11
10-28 10:58:30.971 2509-2780/com.android.nfc D/BrcmNfcJni: nfaConnectionCallback: event= 30
10-28 10:58:30.971 2509-2780/com.android.nfc D/BrcmNfcJni: nfaConnectionCallback: NFA_RF_DISCOVERY_STARTED_EVT: status = 0
10-28 10:58:30.971 2509-2780/com.android.nfc D/BrcmNfcJni: SyncEventGuard: lock on 0x7f681faef0
10-28 10:58:30.971 2509-2780/com.android.nfc I/BrcmNfcNfa: nfa_dm_disc_sm_execute (): new state: DISCOVERY (1), disc_flags: 0x1
10-28 10:58:30.971 2509-2774/com.android.nfc D/BrcmNfcJni: SecureElement::resetRfFieldStatus`: enter;
10-28 10:58:30.971 2509-2774/com.android.nfc D/BrcmNfcJni: SecureElement::resetRfFieldStatus`: exit
10-28 10:58:30.971 2509-2774/com.android.nfc D/BrcmNfcJni: releaseRfInterfaceMutexLock: sRfInterfaceMutex unlock
10-28 10:58:30.971 2509-2774/com.android.nfc D/BrcmNfcJni: nfcManager_disableDiscovery: exit
10-28 10:58:30.974 2850-3224/com.miui.powerkeeper:service D/PowerChecker.BaStats: uid = 1000, uidForeground = false, lastBytes = 1537791, curBytes = 1537831, deltaBytes = 40
10-28 10:58:30.977 2585-2585/com.qualcomm.qti.services.secureui:sui_service E/LibSecureUISvc: svc_sock_send_message(suisvc): Error sending data, -1 vs 4: Connection refused
10-28 10:58:30.985 1729-1729/com.android.systemui D/SimpleStatusBar: updateDarkMode() mDarkMode=false
10-28 10:58:30.986 1729-1729/com.android.systemui D/SimpleStatusBar: updateDarkMode() mIconsDarkArea=null
10-28 10:58:30.993 2624-3077/com.miui.securitycenter.remote D/BatteryHistoryLoadMgr: getHistoryInfo end
10-28 10:58:30.994 2624-3077/com.miui.securitycenter.remote I/PowerUtils: Device name:scorpio
10-28 10:58:30.994 2624-3077/com.miui.securitycenter.remote I/PowerUtils: Device name:scorpio
10-28 10:58:30.995 2624-3077/com.miui.securitycenter.remote I/BatteryChargeTimeHelper: Use default time,  0.36 2h32m46s892ms
10-28 10:58:30.995 2624-3077/com.miui.securitycenter.remote I/PowerUtils: Device name:scorpio
10-28 10:58:30.995 2624-3077/com.miui.securitycenter.remote D/BatteryLeftUsageTime: Use theory time, history 0 theory 37497600
10-28 10:58:31.002 1729-1729/com.android.systemui D/SimpleStatusBar: updateBatteryChargingIcon() mQuickCharging=false; mDarkMode=false
10-28 10:58:31.005 28519-28519/com.android.updater D/d: UserLeftTime: 0
10-28 10:58:31.031 1393-3280/system_process I/ActivityManager: Start proc 5034:com.miui.systemAdSolution:ui/u0a91 for service com.miui.systemAdSolution/com.xiaomi.ad.internal.splash.uiprocess.SplashUIService caller=com.miui.systemAdSolution
10-28 10:58:31.043 5034-5034/? V/BoostFramework: BoostFramework() : mPerf = com.qualcomm.qti.Performance@335cf0a
10-28 10:58:31.054 1393-1458/system_process V/UidProcStateHelper: process state changed:[5034,10091,3]
10-28 10:58:31.063 5034-5034/com.miui.systemAdSolution:ui W/System: ClassLoader referenced unknown path: /data/app/com.miui.systemAdSolution-1/lib/arm64
10-28 10:58:31.073 5034-5034/com.miui.systemAdSolution:ui I/AD-PLUGIN-SdkConfig: DebugBuild: false
10-28 10:58:31.079 1393-1458/system_process V/UidProcStateHelper: process state changed:[5034,10091,10]
10-28 10:58:31.081 1393-1458/system_process V/UidProcStateHelper: process state changed:[5034,10091,16]
10-28 10:58:31.417 1698-2210/com.android.bluetooth D/HeadsetStateMachine: Disconnected process message: 10, size: 0
10-28 10:58:31.421 1883-1883/com.android.phone E/QtiImsExtUtils: getConfigForPhoneId subId is invalid
10-28 10:58:31.422 1883-1883/com.android.phone E/QtiImsExtUtils: isCarrierConfigEnabled bundle is null
10-28 10:58:31.421 2486-2642/.dataservices W/QCNEJ: |CORE| CNE received unexpected action: android.intent.action.BATTERY_CHANGED
10-28 10:58:31.422 2624-2624/com.miui.securitycenter.remote I/BatteryInfoReceiver: ACTION_BATTERY_CHANGED
10-28 10:58:31.427 1729-1729/com.android.systemui D/BatteryController: action=android.intent.action.BATTERY_CHANGED; mCharging=true
10-28 10:58:31.431 2624-2660/com.miui.securitycenter.remote I/PowerCenterProvider: call METHOD_GET_POWER_SUPPLY_INFO
10-28 10:58:31.438 1393-2881/system_process E/LocSvc_libulp: I/int ulp_msg_process_system_update(const UlpSystemEvent): systemEvent:5 
10-28 10:58:31.438 1393-2881/system_process E/LocSvc_libulp: I/===> int ulp_brain_turn_onoff_dr_provider() line 848 
10-28 10:58:31.438 1393-2881/system_process E/LocSvc_libulp: I/===> int ulp_dr_stop_engine() line 235 
10-28 10:58:31.438 1393-2881/system_process E/LocSvc_libulp: I/int ulp_msg_process_start_req(), at ulp state = 1
10-28 10:58:31.439 1393-1860/system_process E/LocSvc_api_v02: I/---> locClientSendReq line 2069 QMI_LOC_GET_BEST_AVAILABLE_POSITION_REQ_V02
10-28 10:58:31.442 1393-1870/system_process E/LocSvc_ApiV02: I/<--- void globalRespCb(locClientHandleType, uint32_t, const locClientRespIndUnionType, uint32_t, void *) line 140 QMI_LOC_GET_BEST_AVAILABLE_POSITION_REQ_V02
10-28 10:58:31.442 1393-2881/system_process E/LocSvc_libulp: I/int ulp_brain_process_zpp_position_report(const enum loc_sess_status, LocPosTechMask, UlpLocation *), report ZPP position to providers,report_position = 1
10-28 10:58:31.443 1393-2881/system_process E/LocSvc_libulp: I/===> int ulp_brain_turn_onoff_dr_provider() line 848 
10-28 10:58:31.443 1393-2881/system_process E/LocSvc_libulp: I/===> int ulp_dr_stop_engine() line 235 
10-28 10:58:31.447 2403-3902/com.xiaomi.xmsf D/PushService: 2017-10-28 10:58:31,446 - [DEBUG::PushService] - com.xiaomi.joyoseis system app. StatService
10-28 10:58:31.921 2142-2195/? I/WCNSS_FILTER: ibs_wcnss_bt_device_sleep: TX Awake, Sending SLEEP_IND
10-28 10:58:31.922 2142-2195/? I/WCNSS_FILTER: ibs_msm_serial_clock_vote: vote UART CLK OFF using UART driver's ioctl()
10-28 10:58:31.923 2142-2195/? D/WCNSS_FILTER: wcnss_release_wakelock
10-28 10:58:31.923 2142-2195/? I/WCNSS_FILTER: vote=1,new_vote =0, old_tx_vote=1, old_rx_vote=0
10-28 10:59:00.851 2850-2850/com.miui.powerkeeper:service D/PowerKeeper.Event: EventHandler handleMessage
10-28 10:59:00.853 2850-3241/com.miui.powerkeeper:service D/PowerStateMachine: eventMessage id:13 name:screen_off_timeout_30
10-28 10:59:30.718 1983-1983/? D/wpa_supplicant: wlan0: BSS: Remove id 579 BSSID 88:25:93:60:27:1c SSID 'TP-LINK_5G_271C' due to wpa_bss_flush_by_age
10-28 10:59:30.738 2403-2419/com.xiaomi.xmsf D/com.xiaomi.common.Network: Http POST Response Code: 200
10-28 10:59:30.851 2850-2850/com.miui.powerkeeper:service D/PowerKeeper.Event: EventHandler handleMessage
10-28 10:59:30.852 2850-3241/com.miui.powerkeeper:service D/PowerStateMachine: eventMessage id:13 name:screen_off_timeout_60
10-28 10:59:31.417 1729-1729/com.android.systemui D/BatteryController: action=android.intent.action.BATTERY_CHANGED; mCharging=true
10-28 10:59:31.422 1698-2210/com.android.bluetooth D/HeadsetStateMachine: Disconnected process message: 10, size: 0
10-28 10:59:31.422 2486-2642/.dataservices W/QCNEJ: |CORE| CNE received unexpected action: android.intent.action.BATTERY_CHANGED
10-28 10:59:31.427 1883-1883/com.android.phone E/QtiImsExtUtils: getConfigForPhoneId subId is invalid
10-28 10:59:31.427 1883-1883/com.android.phone E/QtiImsExtUtils: isCarrierConfigEnabled bundle is null
10-28 10:59:31.429 2624-2624/com.miui.securitycenter.remote I/BatteryInfoReceiver: ACTION_BATTERY_CHANGED
10-28 10:59:31.431 2624-3075/com.miui.securitycenter.remote I/PowerCenterProvider: call METHOD_GET_POWER_SUPPLY_INFO
10-28 10:59:31.438 1393-2881/system_process E/LocSvc_libulp: I/int ulp_msg_process_system_update(const UlpSystemEvent): systemEvent:5 
10-28 10:59:31.439 1393-2881/system_process E/LocSvc_libulp: I/===> int ulp_brain_turn_onoff_dr_provider() line 848 
10-28 10:59:31.439 1393-2881/system_process E/LocSvc_libulp: I/===> int ulp_dr_stop_engine() line 235 
10-28 10:59:31.439 1393-2881/system_process E/LocSvc_libulp: I/int ulp_msg_process_start_req(), at ulp state = 1
10-28 10:59:31.439 1393-1860/system_process E/LocSvc_api_v02: I/---> locClientSendReq line 2069 QMI_LOC_GET_BEST_AVAILABLE_POSITION_REQ_V02
10-28 10:59:31.442 1393-1870/system_process E/LocSvc_ApiV02: I/<--- void globalRespCb(locClientHandleType, uint32_t, const locClientRespIndUnionType, uint32_t, void *) line 140 QMI_LOC_GET_BEST_AVAILABLE_POSITION_REQ_V02
10-28 10:59:31.443 1393-2881/system_process E/LocSvc_libulp: I/int ulp_brain_process_zpp_position_report(const enum loc_sess_status, LocPosTechMask, UlpLocation *), report ZPP position to providers,report_position = 1
10-28 10:59:31.443 1393-2881/system_process E/LocSvc_libulp: I/===> int ulp_brain_turn_onoff_dr_provider() line 848 
10-28 10:59:31.443 1393-2881/system_process E/LocSvc_libulp: I/===> int ulp_dr_stop_engine() line 235 
10-28 10:59:31.815 812-812/? I/cnss-daemon: RTM_NEWNEIGH message received: 28
10-28 10:59:31.816 812-812/? E/cnss-daemon: Stale or unreachable neighbors, ndm state: 4
10-28 10:59:39.783 2327-2372/? I/octvm_klo: battery level changed:[batterylevel,voltage,temp]:[65,4058,272]
10-28 10:59:39.789 1729-1729/com.android.systemui D/BatteryController: action=android.intent.action.BATTERY_CHANGED; mCharging=true
10-28 10:59:39.791 2327-2372/? I/octvm_klo: update system cpu stats called
10-28 10:59:39.797 1698-2210/com.android.bluetooth D/HeadsetStateMachine: Disconnected process message: 10, size: 0
10-28 10:59:39.799 2624-2624/com.miui.securitycenter.remote I/BatteryInfoReceiver: ACTION_BATTERY_CHANGED
10-28 10:59:39.801 2624-5069/com.miui.securitycenter.remote D/BatteryHistoryLoadMgr: getHistoryInfo begin
10-28 10:59:39.803 2486-2642/.dataservices W/QCNEJ: |CORE| CNE received unexpected action: android.intent.action.BATTERY_CHANGED
10-28 10:59:39.803 2850-3224/com.miui.powerkeeper:service D/PowerCheckerService: onBatteryChanged, mBatteryLevel = 64, status = 2, level = 65, plug = 2
10-28 10:59:39.805 1883-1883/com.android.phone E/QtiImsExtUtils: getConfigForPhoneId subId is invalid
10-28 10:59:39.805 1883-1883/com.android.phone E/QtiImsExtUtils: isCarrierConfigEnabled bundle is null
10-28 10:59:39.811 2850-3322/com.miui.powerkeeper:service D/ThermalManager$ThermalTempInfoHelper: thermal sensor28 temp is 28
10-28 10:59:39.811 2850-3322/com.miui.powerkeeper:service D/PowerKeeper.Thermal: current battery temperature:27 xo_thermal 28 valid true
10-28 10:59:39.812 2142-2144/? I/WCNSS_FILTER: ibs_msm_serial_clock_vote: vote UART CLK ON using UART driver's ioctl()
10-28 10:59:39.812 2624-2660/com.miui.securitycenter.remote I/PowerCenterProvider: call METHOD_GET_BATTERY_INFO
10-28 10:59:39.813 2624-2661/com.miui.securitycenter.remote I/PowerCenterProvider: call METHOD_GET_POWER_SUPPLY_INFO
10-28 10:59:39.815 1393-1762/system_process E/BatteryStatsService: power: Missing API
10-28 10:59:39.815 2142-2144/? D/WCNSS_FILTER: wcnss_acquire_wakelock
10-28 10:59:39.816 2142-2144/? I/WCNSS_FILTER: vote=0,new_vote =1, old_tx_vote=0, old_rx_vote=0
10-28 10:59:39.816 2142-2144/? I/WCNSS_FILTER: ibs_bt_device_wakeup: Writing IBS_WAKE_IND
10-28 10:59:39.820 2142-2142/? I/WCNSS_FILTER: ibs_recv_ibs_cmd: Received IBS_WAKE_ACK: 0xFC
10-28 10:59:39.821 1393-1658/system_process I/ActivityManager: Start proc 5072:com.android.mms/u0a88 for service com.miui.smsextra/.internal.stat.JobSchedulerService caller=android
10-28 10:59:39.825 2624-2660/com.miui.securitycenter.remote D/BatteryHistoryLoadMgr: getHistoryInfo begin
10-28 10:59:39.832 1393-1463/system_process E/BatteryStatsService: modem info is invalid: ModemActivityInfo{ mTimestamp=0 mSleepTimeMs=0 mIdleTimeMs=0 mTxTimeMs[]=[0, 0, 0, 0, 0] mRxTimeMs=0 mEnergyUsed=0}
10-28 10:59:39.847 2850-3187/com.miui.powerkeeper:service D/PowerKeeper.Event: notifyCpuStatsUpdate
10-28 10:59:39.857 1393-3291/system_process E/BatteryStatsService: modem info is invalid: ModemActivityInfo{ mTimestamp=0 mSleepTimeMs=0 mIdleTimeMs=0 mTxTimeMs[]=[0, 0, 0, 0, 0] mRxTimeMs=0 mEnergyUsed=0}
10-28 10:59:39.868 5072-5072/? V/BoostFramework: BoostFramework() : mPerf = com.qualcomm.qti.Performance@eba637b
10-28 10:59:39.868 5085-5085/? V/BoostFramework: BoostFramework() : mPerf = com.qualcomm.qti.Performance@335cf0a
10-28 10:59:39.869 1393-1658/system_process I/ActivityManager: Start proc 5085:com.miui.video/u0a27 for service com.miui.video/.schedule.AndroidJobService caller=android
10-28 10:59:39.893 2624-5069/com.miui.securitycenter.remote D/BatteryHistoryLoadMgr: getHistoryInfo end
10-28 10:59:39.893 2624-5069/com.miui.securitycenter.remote I/BatteryInfoReceiver: update charge detail 41
10-28 10:59:39.894 1393-1393/system_process V/BackupManagerService: Scheduling immediate backup pass
10-28 10:59:39.898 1393-1458/system_process V/UidProcStateHelper: process state changed:[5085,10027,7]
10-28 10:59:39.898 1393-1458/system_process V/UidProcStateHelper: process state changed:[5072,10088,7]
10-28 10:59:39.900 2624-5069/com.miui.securitycenter.remote I/PowerUtils: Device name:scorpio
10-28 10:59:39.901 1393-1393/system_process W/BackupManagerService: Backup pass but e=false p=true
10-28 10:59:39.901 2624-5069/com.miui.securitycenter.remote I/PowerUtils: Device name:scorpio
10-28 10:59:39.902 2624-5069/com.miui.securitycenter.remote I/BatteryChargeTimeHelper: Use default time,  0.35 2h28m32s256ms
10-28 10:59:39.915 1393-2726/system_process E/BatteryStatsService: modem info is invalid: ModemActivityInfo{ mTimestamp=0 mSleepTimeMs=0 mIdleTimeMs=0 mTxTimeMs[]=[0, 0, 0, 0, 0] mRxTimeMs=0 mEnergyUsed=0}
10-28 10:59:39.920 5072-5072/com.android.mms W/System: ClassLoader referenced unknown path: /system/app/SmsExtra/lib/arm64
10-28 10:59:39.921 5085-5085/com.miui.video I/art: Starting a blocking GC AddRemoveAppImageSpace
10-28 10:59:39.942 2624-2660/com.miui.securitycenter.remote D/BatteryHistoryLoadMgr: getHistoryInfo end
10-28 10:59:39.944 2624-2660/com.miui.securitycenter.remote I/PowerUtils: Device name:scorpio
10-28 10:59:39.945 2624-2660/com.miui.securitycenter.remote I/PowerUtils: Device name:scorpio
10-28 10:59:39.945 2624-2660/com.miui.securitycenter.remote I/BatteryChargeTimeHelper: Use default time,  0.35 2h28m32s256ms
10-28 10:59:39.946 2624-2660/com.miui.securitycenter.remote I/PowerUtils: Device name:scorpio
10-28 10:59:39.946 2624-2660/com.miui.securitycenter.remote D/BatteryLeftUsageTime: Use theory time, history 0 theory 38088000
10-28 10:59:39.955 5072-5072/com.android.mms D/miuisdk: current sdk level is 11
                                                        
                                                        [ 10-28 10:59:39.955  5072: 5072 D/         ]
                                                        InitMiuiSdkHookClasses
                                                        
                                                        [ 10-28 10:59:39.955  5072: 5072 I/         ]
                                                        create_mem miui-classproxy page:0x7f87fb0000, size:4096
                                                        
                                                        [ 10-28 10:59:39.958  5072: 5072 I/         ]
                                                        Never hook EnableMethodTracing
                                                        
                                                        [ 10-28 10:59:39.958  5072: 5072 I/         ]
                                                        Never hook DisableMethodTracing
                                                        
                                                        [ 10-28 10:59:39.958  5072: 5072 I/         ]
                                                        sConfigureStubsHookFlag is 0x3, so we must hook ConfigureStubs for methodtracing
                                                        
                                                        [ 10-28 10:59:39.959  5072: 5072 I/         ]
                                                        Hook ConfigureStubs
                                                        
                                                        [ 10-28 10:59:39.959  5072: 5072 I/         ]
                                                        create_mem miui-classproxy page:0x7f830e6000, size:4096
10-28 10:59:39.976 5072-5072/com.android.mms I/LoadedApk: No resource references to update in package com.miui.smsextra
10-28 10:59:39.982 5072-5072/com.android.mms D/MI_STAT: initialize com.miui.smsextra, 2882303761517537370, com.miui.smsextra, false
10-28 10:59:39.985 5072-5072/com.android.mms V/Sms:Loader: getInstance
10-28 10:59:39.987 5072-5110/com.android.mms V/Sms:Loader:  handleMessage: 1
10-28 10:59:39.988 5072-5110/com.android.mms V/Sms:Factory: unzipFiles root exists
10-28 10:59:39.997 5072-5110/com.android.mms V/Sms:Factory: getVersion ver is 83
10-28 10:59:40.001 5085-5085/com.miui.video D/DeviceUtils: [ init ] ==========Device Info==========
10-28 10:59:40.004 5085-5085/com.miui.video D/DeviceUtils: [ uuid ] null
10-28 10:59:40.004 5085-5085/com.miui.video D/DeviceUtils: [ androidSDK ] 24
10-28 10:59:40.004 5085-5085/com.miui.video D/DeviceUtils: [ phoneBoard ] QC_Reference_Phone
10-28 10:59:40.004 5085-5085/com.miui.video D/DeviceUtils: [ phoneBrand ] Xiaomi
10-28 10:59:40.004 5085-5085/com.miui.video D/DeviceUtils: [ phoneCPU_ABT ] armeabi-v7a
10-28 10:59:40.004 5085-5085/com.miui.video D/DeviceUtils: [ phoneDevice ] scorpio
10-28 10:59:40.005 5085-5085/com.miui.video D/DeviceUtils: [ phoneDisplay ] NRD90M
10-28 10:59:40.005 5085-5085/com.miui.video D/DeviceUtils: [ phoneFingerprint ] Xiaomi/scorpio/scorpio:7.0/NRD90M/7.10.19:user/release-keys
10-28 10:59:40.005 5085-5085/com.miui.video D/DeviceUtils: [ phoneHost ] c3-miui-ota-bd25.bj
10-28 10:59:40.005 5085-5085/com.miui.video D/DeviceUtils: [ phoneID ] NRD90M
10-28 10:59:40.005 5085-5085/com.miui.video D/DeviceUtils: [ phoneManufacturer ] Xiaomi
10-28 10:59:40.005 5085-5085/com.miui.video D/DeviceUtils: [ phoneModel ] Mi Note 2
10-28 10:59:40.005 5085-5085/com.miui.video D/DeviceUtils: [ phoneVersion ] 7.0
10-28 10:59:40.005 5085-5085/com.miui.video D/DeviceUtils: [ phoneProduct ] scorpio
10-28 10:59:40.005 5085-5085/com.miui.video D/DeviceUtils: [ phoneTags ] release-keys
10-28 10:59:40.005 5085-5085/com.miui.video D/DeviceUtils: [ phoneTime ] Thu Oct 19 09:20:23 GMT+08:00 2017
10-28 10:59:40.005 5085-5085/com.miui.video D/DeviceUtils: [ phoneType ] user
10-28 10:59:40.006 5085-5085/com.miui.video D/DeviceUtils: [ phoneUser ] builder
10-28 10:59:40.006 5085-5085/com.miui.video D/DeviceUtils: [ screenDensity ] 2.75
10-28 10:59:40.006 5085-5085/com.miui.video D/DeviceUtils: [ screenScaledDensity ] 2.75
10-28 10:59:40.006 5085-5085/com.miui.video D/DeviceUtils: [ screenWidthPixels ] 1080
10-28 10:59:40.006 5085-5085/com.miui.video D/DeviceUtils: [ wcreenHeightPixels ] 1920
10-28 10:59:40.006 5085-5085/com.miui.video D/DeviceUtils: [ screenStatusBarHeight ] 55
10-28 10:59:40.006 5085-5085/com.miui.video D/DeviceUtils: [ init ] ===============================
10-28 10:59:40.008 1393-1457/system_process I/ActiveServicesInjector: Low priority start of: ServiceRecord{6818f0c u0 com.miui.core/com.miui.internal.server.CoreService}
10-28 10:59:40.011 5085-5085/com.miui.video D/ThemeUtils: [ createPackageContext ] isTheme= false   mThemeId= com.miui.video.theme.01
10-28 10:59:40.012 5072-5072/com.android.mms I/Stat:D:JobScheduler: abort job, Mms is not allowed to access network
10-28 10:59:40.016 5085-5085/com.miui.video D/mivideo: [ ThreadPoolManager ]   init() 　
10-28 10:59:40.016 5085-5085/com.miui.video D/mivideo: [ ThreadPoolManager ] initThreadPool 耗时　0
10-28 10:59:40.016 5085-5085/com.miui.video D/mivideo: [ initBase ] 
10-28 10:59:40.018 5085-5085/com.miui.video D/mivideo: [ VideoDataORM ] cacheToMemory : start on 1509159580018
10-28 10:59:40.024 5085-5085/com.miui.video D/mivideo: [ VideoDataORM ] cacheToMemory : cursor get count = 11
10-28 10:59:40.025 5085-5085/com.miui.video D/mivideo: [ VideoDataORM ] cacheToMemory : success, map size = 11
10-28 10:59:40.025 5085-5085/com.miui.video D/mivideo: [ VideoDataORM ] cacheToMemory : end on 1509159580025 cost = 7
10-28 10:59:40.025 5085-5085/com.miui.video D/mivideo: [ initModule ] 
10-28 10:59:40.029 5085-5085/com.miui.video W/WLReflect: get boolean system properties failed: getBoolean [class java.lang.String, class java.lang.Boolean]
10-28 10:59:40.030 5085-5085/com.miui.video D/mivideo: [ AppConfig ] initAppChannel success channel = mimarket-un-video
10-28 10:59:40.030 5085-5085/com.miui.video D/mivideo: [ AppConfig ] initAppChannel success platform = un
10-28 10:59:40.030 5085-5085/com.miui.video D/AppConfig: Phone is cm? false,isUserOpenedOnlineServer() = true
10-28 10:59:40.031 5072-5072/com.android.mms I/DynamicDumpReceiver: Dynamic receiver registered
10-28 10:59:40.040 5072-5072/com.android.mms D/MI_STAT: UEP true
10-28 10:59:40.044 5085-5085/com.miui.video D/mivideo: [ initOnlineVideo ] 
10-28 10:59:40.055 5072-5072/com.android.mms V/MI_STAT_UPE: onEventRecorded, no MESSAGE_UPLOAD_EVENT, send a msg for UPLOAD_POLICY 1 with delay 60000ms 
10-28 10:59:40.057 5072-5072/com.android.mms D/MI_STAT_U: com.miui.smsextra foreground running false
10-28 10:59:40.060 1393-1458/system_process V/UidProcStateHelper: process state changed:[5072,10088,10]
10-28 10:59:40.062 5085-5085/com.miui.video D/mivideo: [ PermissionUtils ] checkSelfPermission is called permission = android.permission.GET_ACCOUNTS; Context = com.miui.video.VApplication@becac2d
10-28 10:59:40.063 5085-5085/com.miui.video D/mivideo: [ PermissionUtils ] checkSelfPermission android.permission.GET_ACCOUNTS ret = true
10-28 10:59:40.067 5085-5085/com.miui.video D/mivideo: [ PermissionUtils ] checkSelfPermission is called permission = android.permission.GET_ACCOUNTS; Context = com.miui.video.VApplication@becac2d
10-28 10:59:40.068 5085-5085/com.miui.video D/mivideo: [ PermissionUtils ] checkSelfPermission android.permission.GET_ACCOUNTS ret = true
10-28 10:59:40.069 1393-1458/system_process V/UidProcStateHelper: process state changed:[5072,10088,16]
10-28 10:59:40.074 5085-5085/com.miui.video D/mivideo: [ Account-UserManager ] checkAccountChanged
10-28 10:59:40.074 5085-5085/com.miui.video D/mivideo: [ Account-UserManager ] account NOT changed
10-28 10:59:40.078 5085-5120/com.miui.video D/mivideo: [ FileUtils ] load cp info from local
10-28 10:59:40.080 5085-5085/com.miui.video D/mivideo: [ VideoJobScheduler ] ignore for existent jobs!
10-28 10:59:40.081 5085-5121/com.miui.video D/mivideo: [ FileUtils ] load cp info from local
10-28 10:59:40.084 5085-5085/com.miui.video D/mivideo: [ Account-UserManager ] checkAccountChanged
10-28 10:59:40.084 5085-5085/com.miui.video D/mivideo: [ Account-UserManager ] account NOT changed
10-28 10:59:40.090 5085-5085/com.miui.video D/VReceiver: [ onReceive ] action= android.net.conn.CONNECTIVITY_CHANGE
10-28 10:59:40.094 5085-5085/com.miui.video D/VReceiver: [ onReceive ] getNetworkType= WIFI
10-28 10:59:40.094 5085-5085/com.miui.video D/VReceiver: [ onReceive ] action= android.net.wifi.STATE_CHANGE
10-28 10:59:40.110 5085-5085/com.miui.video D/Analytics-SysAnalytics: onServiceConnected
10-28 10:59:40.110 5085-5085/com.miui.video D/Analytics-SysAnalytics: onServiceConnected com.miui.analytics.ICore$Stub$Proxy@43fbad3
10-28 10:59:40.112 5085-5085/com.miui.video D/mivideo: [ Account-UserManager ] onAccounts Updated : size = 1
10-28 10:59:40.118 5085-5085/com.miui.video D/mivideo: [ AndroidJobService ] onStartJob() begin
10-28 10:59:40.150 5085-5127/com.miui.video D/mivideo: [ VideoJob ] SyncCloundSettingsJob sync ready: true
10-28 10:59:40.158 5085-5126/com.miui.video I/ActivityThread: settings acquiringCount 2
10-28 10:59:40.237 5085-5131/com.miui.video D/NetworkSecurityConfig: No Network Security Config specified, using platform default
10-28 10:59:40.249 1729-1729/com.android.systemui W/SystemUI.toggleContainer: view is null:null null null
10-28 10:59:40.253 5072-5110/com.android.mms V/Sms:Factory:  understand initial done!
10-28 10:59:40.253 5072-5110/com.android.mms V/Sms:Loader:  handleMessage: 3
10-28 10:59:40.253 5072-5110/com.android.mms V/Sms:Utils: deleteDatabaseForTimeout for last time is 1509157780253
10-28 10:59:40.263 5085-5127/com.miui.video D/mivideo: [ VideoJob ] SyncCpInfoJob sync ready: true
10-28 10:59:40.266 5085-5127/com.miui.video E/mivideo: [ JsonConfigLoader ] The existent task!
10-28 10:59:40.291 5085-5135/com.miui.video D/mivideo: [ Account-UserManager ] Ensure Login Start
10-28 10:59:40.292 5085-5135/com.miui.video D/mivideo: [ Account-UserManager ] Ensure Login SESSION State is Latest, 最新session为KRVCks2TzQz5_IS-u7rRzO2A_G1KI2I3AABXMoJzklcqk6F7rOEqectqaWxBwNFN5PRK5hvcZKml2NDbwEEAZA==
10-28 10:59:40.290 5085-5127/com.miui.video D/mivideo: [ VideoJob ] SyncPluginJob sync ready: true
10-28 10:59:40.299 5085-5127/com.miui.video E/mivideo: [ JsonConfigLoader ] The existent task!
10-28 10:59:40.301 5085-5127/com.miui.video D/mivideo: [ VideoJob ] UpgradeJob sync ready: true
10-28 10:59:40.308 1393-1457/system_process I/ActiveServicesInjector: Low priority start of: ServiceRecord{91923f9 u0 com.miui.video/com.xiaomi.mipush.sdk.PushMessageHandler}
10-28 10:59:40.320 5072-5110/com.android.mms V/Sms:DbProvider: deleted 0 data from db
10-28 10:59:40.328 5085-5127/com.miui.video D/mivideo: [ VideoJob ] checkAppUpgradeSync
10-28 10:59:40.329 5085-5127/com.miui.video D/DataUtils: [ getData ] key= com.miui.video.KEY_APP_VERSION  obj= null
10-28 10:59:40.351 5085-5138/com.miui.video D/miuisdk: current sdk level is 11
10-28 10:59:40.379 5085-5135/com.miui.video D/mivideo: [ HttpIntercepter ] --->>> GET https://api.video.xiaomi.com/api/a3/meta/setting?_locale=zh_CN&_res=hd1080&_devid=408f4ea4e717d1ac17f36a9c66be22c8&_device=scorpio&_miuiver=7.10.19&_model=Mi%20Note%202&_andver=24&_nonce=1248533403&_appver=2017101890&_ts=1509159580&_ver=v2017101890(MiVideo-UN)&_devtype=1&_cam=0f607264fc6318a92b9e13c65db7cd3c&_diordna=a0d7646092900d45e19ae31afbbba935&_android=aa6846cc301f3c9a&_miui=V9&_version=dev&_plyver=20170701&_nettype=1&_uspace=0&_eset=&_app_coop=com.miui.video&_session=KRVCks2TzQz5_IS-u7rRzO2A_G1KI2I3AABXMoJzklcqk6F7rOEqectqaWxBwNFN5PRK5hvcZKml2NDbwEEAZA%3D%3D&_locale=zh_CN&_res=hd1080&_devid=408f4ea4e717d1ac17f36a9c66be22c8&_device=scorpio&_miuiver=7.10.19&_model=Mi%20Note%202&_andver=24&_nonce=1272003085&_appver=2017101890&_ts=1509159580&_ver=v2017101890(MiVideo-UN)&_devtype=1&_cam=0f607264fc6318a92b9e13c65db7cd3c&_diordna=a0d7646092900d45e19ae31afbbba935&_android=aa6846cc301f3c9a&_miui=V9&_version=dev&_plyver=20170701&_nettype=1&_uspace=0&_eset=&_app_coop=com.miui.video&_session=KRVCks2TzQz5_IS-u7rRzO2A_G1KI2I3AABXMoJzklcqk6F7rOEqectqaWxBwNFN5PRK5hvcZKml2NDbwEEAZA%3D%3D http/1.1
                                                        Request Body is null
10-28 10:59:40.406 5085-5127/com.miui.video D/mivideo: [ AndroidJobService ] onStartJob() end
10-28 10:59:40.412 1393-1458/system_process V/UidProcStateHelper: process state changed:[5085,10027,10]
10-28 10:59:40.417 5085-5144/com.miui.video D/mivideo: [ Account-UserManager ] Ensure Login Start
10-28 10:59:40.417 5085-5144/com.miui.video D/mivideo: [ Account-UserManager ] Ensure Login SESSION State is Latest, 最新session为KRVCks2TzQz5_IS-u7rRzO2A_G1KI2I3AABXMoJzklcqk6F7rOEqectqaWxBwNFN5PRK5hvcZKml2NDbwEEAZA==
10-28 10:59:40.419 1393-1458/system_process V/UidProcStateHelper: process state changed:[5085,10027,16]
10-28 10:59:40.449 5085-5144/com.miui.video D/mivideo: [ HttpIntercepter ] --->>> GET https://api.video.xiaomi.com/api/a3/meta/app?_locale=zh_CN&_res=hd1080&_devid=408f4ea4e717d1ac17f36a9c66be22c8&_device=scorpio&_miuiver=7.10.19&_model=Mi%20Note%202&_andver=24&_nonce=1348183368&_appver=2017101890&_ts=1509159580&_ver=v2017101890(MiVideo-UN)&_devtype=1&_cam=0f607264fc6318a92b9e13c65db7cd3c&_diordna=a0d7646092900d45e19ae31afbbba935&_android=aa6846cc301f3c9a&_miui=V9&_version=dev&_plyver=20170701&_nettype=1&_uspace=0&_eset=&_app_coop=com.miui.video&_session=KRVCks2TzQz5_IS-u7rRzO2A_G1KI2I3AABXMoJzklcqk6F7rOEqectqaWxBwNFN5PRK5hvcZKml2NDbwEEAZA%3D%3D http/1.1
                                                        Request Body is null
10-28 10:59:40.458 1393-1457/system_process I/ActiveServicesInjector: Low priority start of: ServiceRecord{b6860c1 u0 com.xiaomi.xmsf/com.xiaomi.push.service.XMPushService}
10-28 10:59:40.460 2403-2403/com.xiaomi.xmsf W/PushService: 2017-10-28 10:59:40,460 - [WARN::PushService] - [Thread:1] onStart() with intent.Action = null, chid = null
10-28 10:59:40.462 2403-2403/com.xiaomi.xmsf W/PushService: 2017-10-28 10:59:40,462 - [WARN::PushService] - [Thread:1] onStart() with intent.Action = com.xiaomi.mipush.SEND_MESSAGE, chid = null
10-28 10:59:40.463 2403-2690/com.xiaomi.xmsf W/PushService: 2017-10-28 10:59:40,463 - [WARN::PushService] - [Thread:70] JOB: Handle intent action = com.xiaomi.mipush.SEND_MESSAGE
10-28 10:59:40.464 2403-2403/com.xiaomi.xmsf W/PushService: 2017-10-28 10:59:40,463 - [WARN::PushService] - [Thread:1] onStart() with intent.Action = com.xiaomi.mipush.SEND_MESSAGE, chid = null
10-28 10:59:40.465 2403-2690/com.xiaomi.xmsf W/PushService: 2017-10-28 10:59:40,464 - [WARN::PushService] - [Thread:70] try send mi push message. packagename:com.miui.video action:Notification
10-28 10:59:40.467 2403-2690/com.xiaomi.xmsf W/PushService: 2017-10-28 10:59:40,467 - [WARN::PushService] - [Thread:70] [Slim] Wrote {cmd=SECMSG;chid=5;len=282}
10-28 10:59:40.479 2403-2403/com.xiaomi.xmsf W/PushService: 2017-10-28 10:59:40,469 - [WARN::PushService] - [Thread:1] onStart() with intent.Action = com.xiaomi.mipush.SEND_MESSAGE, chid = null
10-28 10:59:40.480 2403-2690/com.xiaomi.xmsf W/PushService: 2017-10-28 10:59:40,473 - [WARN::PushService] - [Thread:70] [Slim] 10:59:40 上午 Sent  Blob [SECMSG,5,gGrhe-156]
10-28 10:59:40.481 2403-2690/com.xiaomi.xmsf W/PushService: 2017-10-28 10:59:40,481 - [WARN::PushService] - [Thread:70] JOB: Handle intent action = com.xiaomi.mipush.SEND_MESSAGE
10-28 10:59:40.482 2403-2690/com.xiaomi.xmsf W/PushService: 2017-10-28 10:59:40,481 - [WARN::PushService] - [Thread:70] try send mi push message. packagename:com.miui.video action:Notification
10-28 10:59:40.483 2403-2690/com.xiaomi.xmsf W/PushService: 2017-10-28 10:59:40,482 - [WARN::PushService] - [Thread:70] [Slim] Wrote {cmd=SECMSG;chid=5;len=344}
10-28 10:59:40.483 2403-2690/com.xiaomi.xmsf W/PushService: 2017-10-28 10:59:40,483 - [WARN::PushService] - [Thread:70] [Slim] 10:59:40 上午 Sent  Blob [SECMSG,5,gGrhe-157]
10-28 10:59:40.484 2403-2690/com.xiaomi.xmsf W/PushService: 2017-10-28 10:59:40,483 - [WARN::PushService] - [Thread:70] JOB: Handle intent action = com.xiaomi.mipush.SEND_MESSAGE
10-28 10:59:40.484 2403-2690/com.xiaomi.xmsf W/PushService: 2017-10-28 10:59:40,484 - [WARN::PushService] - [Thread:70] try send mi push message. packagename:com.miui.video action:Notification
10-28 10:59:40.485 2403-2690/com.xiaomi.xmsf W/PushService: 2017-10-28 10:59:40,485 - [WARN::PushService] - [Thread:70] [Slim] Wrote {cmd=SECMSG;chid=5;len=370}
10-28 10:59:40.486 2403-2690/com.xiaomi.xmsf W/PushService: 2017-10-28 10:59:40,485 - [WARN::PushService] - [Thread:70] [Slim] 10:59:40 上午 Sent  Blob [SECMSG,5,gGrhe-158]
10-28 10:59:40.493 5085-5121/com.miui.video I/mivideo: [ CPInfoConfig ] Starting load cp config data
10-28 10:59:40.516 5085-5120/com.miui.video I/mivideo: [ PluginInfoConfig ] Starting load cp config data
10-28 10:59:40.551 5085-5152/com.miui.video D/mivideo: [ Account-UserManager ] Ensure Login Start
10-28 10:59:40.552 5085-5152/com.miui.video D/mivideo: [ Account-UserManager ] Ensure Login SESSION State is Latest, 最新session为KRVCks2TzQz5_IS-u7rRzO2A_G1KI2I3AABXMoJzklcqk6F7rOEqectqaWxBwNFN5PRK5hvcZKml2NDbwEEAZA==
10-28 10:59:40.558 5085-5152/com.miui.video D/mivideo: [ HttpIntercepter ] --->>> GET https://api.video.xiaomi.com/api/a3/meta/cp?_locale=zh_CN&_res=hd1080&_devid=408f4ea4e717d1ac17f36a9c66be22c8&_device=scorpio&_miuiver=7.10.19&_model=Mi%20Note%202&_andver=24&_nonce=1393583738&_appver=2017101890&_ts=1509159580&_ver=v2017101890(MiVideo-UN)&_devtype=1&_cam=0f607264fc6318a92b9e13c65db7cd3c&_diordna=a0d7646092900d45e19ae31afbbba935&_android=aa6846cc301f3c9a&_miui=V9&_version=dev&_plyver=20170701&_nettype=1&_uspace=0&_eset=&_app_coop=com.miui.video&_session=KRVCks2TzQz5_IS-u7rRzO2A_G1KI2I3AABXMoJzklcqk6F7rOEqectqaWxBwNFN5PRK5hvcZKml2NDbwEEAZA%3D%3D http/1.1
                                                        Request Body is null
10-28 10:59:40.603 2403-4979/com.xiaomi.xmsf W/PushService: 2017-10-28 10:59:40,603 - [WARN::PushService] - [Thread:112] [Slim] Read {cmd=SECMSG;chid=5;len=811}
10-28 10:59:40.604 2403-4979/com.xiaomi.xmsf W/PushService: 2017-10-28 10:59:40,603 - [WARN::PushService] - [Thread:112] [Slim] 10:59:40 上午 RCV  Blob [SECMSG,5,flND1509159580084]
10-28 10:59:40.606 2403-2690/com.xiaomi.xmsf W/PushService: 2017-10-28 10:59:40,606 - [WARN::PushService] - [Thread:70] receive a message, appid=2882303761517147566, msgid= flND1509159580084
10-28 10:59:40.607 5085-5154/com.miui.video D/mivideo: [ Account-UserManager ] Ensure Login Start
10-28 10:59:40.608 5085-5154/com.miui.video D/mivideo: [ Account-UserManager ] Ensure Login SESSION State is Latest, 最新session为KRVCks2TzQz5_IS-u7rRzO2A_G1KI2I3AABXMoJzklcqk6F7rOEqectqaWxBwNFN5PRK5hvcZKml2NDbwEEAZA==
10-28 10:59:40.616 5085-5154/com.miui.video D/mivideo: [ HttpIntercepter ] --->>> GET https://api.video.xiaomi.com/api/a3/meta/plugin?_locale=zh_CN&_res=hd1080&_devid=408f4ea4e717d1ac17f36a9c66be22c8&_device=scorpio&_miuiver=7.10.19&_model=Mi%20Note%202&_andver=24&_nonce=1373192046&_appver=2017101890&_ts=1509159580&_ver=v2017101890(MiVideo-UN)&_devtype=1&_cam=0f607264fc6318a92b9e13c65db7cd3c&_diordna=a0d7646092900d45e19ae31afbbba935&_android=aa6846cc301f3c9a&_miui=V9&_version=dev&_plyver=20170701&_nettype=1&_uspace=0&_eset=&_app_coop=com.miui.video&_session=KRVCks2TzQz5_IS-u7rRzO2A_G1KI2I3AABXMoJzklcqk6F7rOEqectqaWxBwNFN5PRK5hvcZKml2NDbwEEAZA%3D%3D http/1.1
                                                        Request Body is null
10-28 10:59:40.614 5085-5135/com.miui.video D/mivideo: [ HttpIntercepter ] <<<--- Response base info : 200 OK https://api.video.xiaomi.com/api/a3/meta/setting?_locale=zh_CN&_res=hd1080&_devid=408f4ea4e717d1ac17f36a9c66be22c8&_device=scorpio&_miuiver=7.10.19&_model=Mi%20Note%202&_andver=24&_nonce=1248533403&_appver=2017101890&_ts=1509159580&_ver=v2017101890(MiVideo-UN)&_devtype=1&_cam=0f607264fc6318a92b9e13c65db7cd3c&_diordna=a0d7646092900d45e19ae31afbbba935&_android=aa6846cc301f3c9a&_miui=V9&_version=dev&_plyver=20170701&_nettype=1&_uspace=0&_eset=&_app_coop=com.miui.video&_session=KRVCks2TzQz5_IS-u7rRzO2A_G1KI2I3AABXMoJzklcqk6F7rOEqectqaWxBwNFN5PRK5hvcZKml2NDbwEEAZA%3D%3D&_locale=zh_CN&_res=hd1080&_devid=408f4ea4e717d1ac17f36a9c66be22c8&_device=scorpio&_miuiver=7.10.19&_model=Mi%20Note%202&_andver=24&_nonce=1272003085&_appver=2017101890&_ts=1509159580&_ver=v2017101890(MiVideo-UN)&_devtype=1&_cam=0f607264fc6318a92b9e13c65db7cd3c&_diordna=a0d7646092900d45e19ae31afbbba935&_android=aa6846cc301f3c9a&_miui=V9&_version=dev&_plyver=20170701&_nettype=1&_uspace=0&_eset=&_app_coop=com.miui.video&_session=KRVCks2TzQz5_IS-u7rRzO2A_G1KI2I3AABXMoJzklcqk6F7rOEqectqaWxBwNFN5PRK5hvcZKml2NDbwEEAZA%3D%3D unknown bytes size
                                                       <<<--- {"data":{"ab_test_id":226,"ab_test_key":"select_cp_key3","ab_test_link_click":true,"banned_media":".xxxx","emc_change_on_event":1,"emc_change_timer":40,"enable_offline_ads":1,"eset":"","isShowSourceSelect":"1","vp_plugin_pr":"dailyVideo"},"msg":"OK","result":1}
10-28 10:59:40.627 5085-5085/com.miui.video D/VideoJob: VideoJob   syncSettings onResponse   响应时间： 2017-10-28 10:59:40
10-28 10:59:40.633 1393-1458/system_process V/UidProcStateHelper: process state changed:[5085,10027,16]
10-28 10:59:40.638 5085-5144/com.miui.video D/mivideo: [ HttpIntercepter ] <<<--- Response base info : 200 OK https://api.video.xiaomi.com/api/a3/meta/app?_locale=zh_CN&_res=hd1080&_devid=408f4ea4e717d1ac17f36a9c66be22c8&_device=scorpio&_miuiver=7.10.19&_model=Mi%20Note%202&_andver=24&_nonce=1348183368&_appver=2017101890&_ts=1509159580&_ver=v2017101890(MiVideo-UN)&_devtype=1&_cam=0f607264fc6318a92b9e13c65db7cd3c&_diordna=a0d7646092900d45e19ae31afbbba935&_android=aa6846cc301f3c9a&_miui=V9&_version=dev&_plyver=20170701&_nettype=1&_uspace=0&_eset=&_app_coop=com.miui.video&_session=KRVCks2TzQz5_IS-u7rRzO2A_G1KI2I3AABXMoJzklcqk6F7rOEqectqaWxBwNFN5PRK5hvcZKml2NDbwEEAZA%3D%3D unknown bytes size
                                                       <<<--- {"data":{"apk_md5":"4677d68bb03b76db56d71aa668851f94","apk_url":"http://file.cdn.mvideo.xiaomi.com/mobilevideo/10001/2/4677d68bb03b76db56d71aa668851f94.zip","mi_market":"mimarket://download?appId=mivideo_com.miui.video\u0026ext_mimarket_external_url=http%3A%2F%2Fapi.video.xiaomi.srv%2Fapi%2Fa3%2Fmeta%2Fupgrade%3Furi%3Dmivideo%3A%2F%2Fapp%2F2017101890%2F1\u0026marketType=mivideo","package_name":"com.miui.video","recent_change":"无在线功能时不显示播放历史和离线数据\n修改一些UI上的bug\n修改一些闪退的问题\n修复腾讯插件的一些问题\n修改切换CP不成功问题\n\n如遇签名包冲突无法更新，说明MIUI被篡改，请重刷MIUI\n\n\nQQ客服群：487226126\n官方微博：http://weibo.com/xiaomiyingyin","ref":"mvideo","release_date":"2017-10-21T02:41:49.347+08:00","update_type":0,"version_code":"2017101890","version_name":"v2017101890(MiVideo-UN)"},"msg":"OK","result":1}
10-28 10:59:40.639 812-812/? I/cnss-daemon: RTM_NEWNEIGH message received: 28
10-28 10:59:40.639 812-812/? E/cnss-daemon: Stale or unreachable neighbors, ndm state: 4
10-28 10:59:40.659 5085-5154/com.miui.video D/mivideo: [ HttpIntercepter ] <<<--- Response base info : 200 OK https://api.video.xiaomi.com/api/a3/meta/plugin?_locale=zh_CN&_res=hd1080&_devid=408f4ea4e717d1ac17f36a9c66be22c8&_device=scorpio&_miuiver=7.10.19&_model=Mi%20Note%202&_andver=24&_nonce=1373192046&_appver=2017101890&_ts=1509159580&_ver=v2017101890(MiVideo-UN)&_devtype=1&_cam=0f607264fc6318a92b9e13c65db7cd3c&_diordna=a0d7646092900d45e19ae31afbbba935&_android=aa6846cc301f3c9a&_miui=V9&_version=dev&_plyver=20170701&_nettype=1&_uspace=0&_eset=&_app_coop=com.miui.video&_session=KRVCks2TzQz5_IS-u7rRzO2A_G1KI2I3AABXMoJzklcqk6F7rOEqectqaWxBwNFN5PRK5hvcZKml2NDbwEEAZA%3D%3D unknown bytes size
