10-28 11:52:30.355 15245-15245/com.mi.liveassistant I/libjingle: [000:058] [2017-10-28 03:52:30 GMT.355789][3b8d] Register logging module name:xplatform_util::MP3 with level:2
10-28 11:52:30.356 15245-15245/com.mi.liveassistant I/libjingle: [000:059] [2017-10-28 03:52:30 GMT.356140][3b8d] Register logging module name:xplatform_util::JNI with level:2
10-28 11:52:30.356 15245-15245/com.mi.liveassistant I/libjingle: [000:059] [2017-10-28 03:52:30 GMT.356325][3b8d] Register logging module name:xplatform_util::Security with level:2
10-28 11:52:30.356 15245-15245/com.mi.liveassistant I/libjingle: [000:059] [2017-10-28 03:52:30 GMT.356428][3b8d] Register logging module name:xplatform_util::ResourceSet with level:2
10-28 11:52:30.356 15245-15245/com.mi.liveassistant I/libjingle: [000:059] [2017-10-28 03:52:30 GMT.356535][3b8d] Register logging module name:xplatform_util::WindowPicker with level:2
10-28 11:52:30.356 15245-15245/com.mi.liveassistant I/libjingle: [000:059] [2017-10-28 03:52:30 GMT.356626][3b8d] Register logging module name:xplatform_util::Trival with level:2
10-28 11:52:30.357 15290-15290/? V/BoostFramework: BoostFramework() : mPerf = com.qualcomm.qti.Performance@eba637b
10-28 11:52:30.368 15245-15306/com.mi.liveassistant E/libjingle: [000:071] [2017-10-28 03:52:30 GMT.368666][3bca] Error(thread.cc:348): Set the pthread name failed with error:34 name:Thread 0x0xd8890200
10-28 11:52:30.370 15245-15245/com.mi.liveassistant I/libjingle: [000:073] [2017-10-28 03:52:30 GMT.370526][3b8d] xiaomi::GlobalLockInit::GlobalLockInit(): 
10-28 11:52:30.371 15245-15245/com.mi.liveassistant I/libjingle: [000:073] [2017-10-28 03:52:30 GMT.370968][3b8d] xiaomi::GlobalLockInit::GlobalLockInit(): 
10-28 11:52:30.374 15245-15245/com.mi.liveassistant I/libjingle: [000:077] [2017-10-28 03:52:30 GMT.374391][3b8d] Register logging module name:rtmp with level:2
10-28 11:52:30.376 1393-1458/system_process V/UidProcStateHelper: process state changed:[15290,10126,10]
10-28 11:52:30.389 15245-15245/com.mi.liveassistant I/libjingle: [000:092] [2017-10-28 03:52:30 GMT.389607][3b8d] JNI OnLoad called
10-28 11:52:30.389 15245-15245/com.mi.liveassistant I/libjingle: [000:092] [2017-10-28 03:52:30 GMT.389841][3b8d] VM1 0xe5023230 0xe5023230
10-28 11:52:30.410 15245-15279/com.mi.liveassistant E/IIpInfoManager(MiLinkSDK)(WALI_LIVE_SDK): SessionManagerForSimpleChannel=>load object FileNotFoundException
10-28 11:52:30.412 15245-15279/com.mi.liveassistant E/IIpInfoManager(MiLinkSDK)(WALI_LIVE_SDK): SessionManagerForSimpleChannel=>load object FileNotFoundException
10-28 11:52:30.414 15245-15279/com.mi.liveassistant E/IIpInfoManager(MiLinkSDK)(WALI_LIVE_SDK): SessionManagerForSimpleChannel=>load object FileNotFoundException
10-28 11:52:30.446 15245-15279/com.mi.liveassistant W/WatchSdk_com.mi.liveassistant: ╔════════════════════════════════════════════════════════════════════════════════════════
10-28 11:52:30.447 15245-15279/com.mi.liveassistant W/WatchSdk_com.mi.liveassistant: ║ d.a  (MiLinkStatusObserver.java:82)
10-28 11:52:30.447 15245-15279/com.mi.liveassistant W/WatchSdk_com.mi.liveassistant: ╟────────────────────────────────────────────────────────────────────────────────────────
10-28 11:52:30.447 15245-15279/com.mi.liveassistant W/WatchSdk_com.mi.liveassistant: ║ MiLinkChannelStatusObserver onServerStateUpdate, oldState=0, newState=1
10-28 11:52:30.447 15245-15279/com.mi.liveassistant W/WatchSdk_com.mi.liveassistant: ╚════════════════════════════════════════════════════════════════════════════════════════
10-28 11:52:30.460 15245-15245/com.mi.liveassistant I/Crasheye: Registering the exception handler
10-28 11:52:30.461 15245-15245/com.mi.liveassistant I/Crasheye: init success!
10-28 11:52:30.464 15245-15245/com.mi.liveassistant W/WatchSdk_com.mi.liveassistant: ╔════════════════════════════════════════════════════════════════════════════════════════
10-28 11:52:30.464 15245-15245/com.mi.liveassistant W/WatchSdk_com.mi.liveassistant: ║ MiLiveSdkService.onBind  (MiLiveSdkService.java:18)
10-28 11:52:30.464 15245-15245/com.mi.liveassistant W/WatchSdk_com.mi.liveassistant: ╟────────────────────────────────────────────────────────────────────────────────────────
10-28 11:52:30.464 15245-15245/com.mi.liveassistant W/WatchSdk_com.mi.liveassistant: ║ MiLinkService: MiLink Service Binded
10-28 11:52:30.464 15245-15245/com.mi.liveassistant W/WatchSdk_com.mi.liveassistant: ╚════════════════════════════════════════════════════════════════════════════════════════
10-28 11:52:30.479 15245-15279/com.mi.liveassistant D/LibraryLoader: SessionManagerForSimpleChannel=>try to load library: connectionbase from system lib
10-28 11:52:30.481 15245-15279/com.mi.liveassistant D/LibraryLoader: SessionManagerForSimpleChannel=>try to load library: milinkconnection from system lib
10-28 11:52:30.489 15290-15290/com.mi.liveassistant:remote I/MultiDex: VM with version 2.1.0 has multidex support
10-28 11:52:30.489 15290-15290/com.mi.liveassistant:remote I/MultiDex: install
10-28 11:52:30.490 15290-15290/com.mi.liveassistant:remote I/MultiDex: VM has multidex support, MultiDex support library is disabled.
10-28 11:52:30.493 15290-15290/com.mi.liveassistant:remote W/PRETTYLOGGER: ╔════════════════════════════════════════════════════════════════════════════════════════
10-28 11:52:30.493 15290-15290/com.mi.liveassistant:remote W/PRETTYLOGGER: ║ Thread: main
10-28 11:52:30.493 15290-15290/com.mi.liveassistant:remote W/PRETTYLOGGER: ╟────────────────────────────────────────────────────────────────────────────────────────
10-28 11:52:30.494 15290-15290/com.mi.liveassistant:remote W/PRETTYLOGGER: ║ LiveSdkApplication.onCreate  (LiveSdkApplication.java:26)
10-28 11:52:30.494 15290-15290/com.mi.liveassistant:remote W/PRETTYLOGGER: ║    b.d  (MyLog.java:92)
10-28 11:52:30.509 15290-15290/com.mi.liveassistant:remote W/PRETTYLOGGER: ╟────────────────────────────────────────────────────────────────────────────────────────
10-28 11:52:30.509 15290-15290/com.mi.liveassistant:remote W/PRETTYLOGGER: ║ LiveSdkApplication: onCreate
10-28 11:52:30.509 15290-15290/com.mi.liveassistant:remote W/PRETTYLOGGER: ╚════════════════════════════════════════════════════════════════════════════════════════
10-28 11:52:30.514 15245-15245/com.mi.liveassistant W/WatchSdk_com.mi.liveassistant: ╔════════════════════════════════════════════════════════════════════════════════════════
10-28 11:52:30.514 15245-15245/com.mi.liveassistant W/WatchSdk_com.mi.liveassistant: ║ PacketProcessService.a  (PacketProcessService.java:33)
10-28 11:52:30.514 15245-15245/com.mi.liveassistant W/WatchSdk_com.mi.liveassistant: ╟────────────────────────────────────────────────────────────────────────────────────────
10-28 11:52:30.514 15245-15245/com.mi.liveassistant W/WatchSdk_com.mi.liveassistant: ║ PacketProcessService initResource
10-28 11:52:30.515 15245-15245/com.mi.liveassistant W/WatchSdk_com.mi.liveassistant: ╚════════════════════════════════════════════════════════════════════════════════════════
10-28 11:52:30.531 15290-15290/com.mi.liveassistant:remote D/PRETTYLOGGER: ╔════════════════════════════════════════════════════════════════════════════════════════
10-28 11:52:30.531 15290-15290/com.mi.liveassistant:remote D/PRETTYLOGGER: ║ Thread: main
10-28 11:52:30.531 15290-15290/com.mi.liveassistant:remote D/PRETTYLOGGER: ╟────────────────────────────────────────────────────────────────────────────────────────
10-28 11:52:30.531 15290-15290/com.mi.liveassistant:remote D/PRETTYLOGGER: ║ b.a  (InitManager.java:75)
10-28 11:52:30.532 15290-15290/com.mi.liveassistant:remote D/PRETTYLOGGER: ║    b.c  (MyLog.java:88)
10-28 11:52:30.532 15290-15290/com.mi.liveassistant:remote D/PRETTYLOGGER: ╟────────────────────────────────────────────────────────────────────────────────────────
10-28 11:52:30.532 15290-15290/com.mi.liveassistant:remote D/PRETTYLOGGER: ║ b: onCreate isRemoteProcess=true
10-28 11:52:30.532 15290-15290/com.mi.liveassistant:remote D/PRETTYLOGGER: ╚════════════════════════════════════════════════════════════════════════════════════════
10-28 11:52:30.532 15290-15290/com.mi.liveassistant:remote D/PRETTYLOGGER: ╔════════════════════════════════════════════════════════════════════════════════════════
10-28 11:52:30.532 15290-15290/com.mi.liveassistant:remote D/PRETTYLOGGER: ║ Thread: main
10-28 11:52:30.532 15290-15290/com.mi.liveassistant:remote D/PRETTYLOGGER: ╟────────────────────────────────────────────────────────────────────────────────────────
10-28 11:52:30.533 15290-15290/com.mi.liveassistant:remote D/PRETTYLOGGER: ║ b.e  (InitManager.java:128)
10-28 11:52:30.533 15290-15290/com.mi.liveassistant:remote D/PRETTYLOGGER: ║    b.c  (MyLog.java:88)
10-28 11:52:30.533 15290-15290/com.mi.liveassistant:remote D/PRETTYLOGGER: ╟────────────────────────────────────────────────────────────────────────────────────────
10-28 11:52:30.533 15290-15290/com.mi.liveassistant:remote D/PRETTYLOGGER: ║ b: milinkAppId=10008
10-28 11:52:30.533 15290-15290/com.mi.liveassistant:remote D/PRETTYLOGGER: ╚════════════════════════════════════════════════════════════════════════════════════════
10-28 11:52:30.552 15245-15245/com.mi.liveassistant V/WatchSdk_com.mi.liveassistant: ╔════════════════════════════════════════════════════════════════════════════════════════
10-28 11:52:30.553 15245-15245/com.mi.liveassistant V/WatchSdk_com.mi.liveassistant: ║ PacketProcessService.onStartCommand  (PacketProcessService.java:27)
10-28 11:52:30.553 15245-15245/com.mi.liveassistant V/WatchSdk_com.mi.liveassistant: ╟────────────────────────────────────────────────────────────────────────────────────────
10-28 11:52:30.553 15245-15245/com.mi.liveassistant V/WatchSdk_com.mi.liveassistant: ║ PacketProcessService onStartCommand
10-28 11:52:30.553 15245-15245/com.mi.liveassistant V/WatchSdk_com.mi.liveassistant: ╚════════════════════════════════════════════════════════════════════════════════════════
10-28 11:52:30.553 15245-15245/com.mi.liveassistant D/WatchSdk_com.mi.liveassistant: ╔════════════════════════════════════════════════════════════════════════════════════════
10-28 11:52:30.553 15245-15245/com.mi.liveassistant D/WatchSdk_com.mi.liveassistant: ║ b.e  (UserAccountManager.java:150)
10-28 11:52:30.554 15245-15245/com.mi.liveassistant D/WatchSdk_com.mi.liveassistant: ╟────────────────────────────────────────────────────────────────────────────────────────
10-28 11:52:30.554 15245-15245/com.mi.liveassistant D/WatchSdk_com.mi.liveassistant: ║ b: null != mAccount : false
10-28 11:52:30.554 15245-15245/com.mi.liveassistant D/WatchSdk_com.mi.liveassistant: ╚════════════════════════════════════════════════════════════════════════════════════════
10-28 11:52:30.556 15245-15324/com.mi.liveassistant W/DomainManager(MiLinkSDK)(WALI_LIVE_SDK): Thread-6=>domain [domain = milink.zb.mi.com,ip = 111.202.86.130,client localDNS = [none,none;202.102.152.3;202.102.128.68], errCode=0,timecost = 26ms]
10-28 11:52:30.600 15290-15290/com.mi.liveassistant:remote E/MnsTracer(MiLinkSDK)(WALI_LIVE_SDK): main=>File Trace Level Changed = 56
10-28 11:52:30.601 15290-15290/com.mi.liveassistant:remote E/MnsTracer(MiLinkSDK)(WALI_LIVE_SDK): main=>Logcat Trace Level Changed = 56
10-28 11:52:30.602 15290-15290/com.mi.liveassistant:remote E/MiLinkServiceBinder(MiLinkSDK)(WALI_LIVE_SDK): main=>Client Protection Saved : 10008;205048;2.5.48;DEFAULT;WALI_LIVE_SDK;com.mi.liveassistant;zh_CN;;
10-28 11:52:30.605 15290-15290/com.mi.liveassistant:remote E/PreloadClearUtil(MiLinkSDK)(WALI_LIVE_SDK): main=>
                                                                                                         java.lang.NoSuchFieldException: No field sPreloadedDrawables in class Landroid/content/res/Resources; (declaration of 'android.content.res.Resources' appears in /system/framework/framework.jar)
                                                                                                             at java.lang.Class.getDeclaredField(Native Method)
                                                                                                             at com.mi.milink.sdk.i.d.a(PreloadClearUtil.java:132)
                                                                                                             at com.mi.milink.sdk.i.d.b(PreloadClearUtil.java:43)
                                                                                                             at com.mi.milink.sdk.i.d.a(PreloadClearUtil.java:31)
                                                                                                             at com.mi.milink.sdk.service.MiLinkService.onCreate(MiLinkService.java:63)
                                                                                                             at android.app.ActivityThread.handleCreateService(ActivityThread.java:3240)
                                                                                                             at android.app.ActivityThread.-wrap5(ActivityThread.java)
                                                                                                             at android.app.ActivityThread$H.handleMessage(ActivityThread.java:1624)
                                                                                                             at android.os.Handler.dispatchMessage(Handler.java:102)
                                                                                                             at android.os.Looper.loop(Looper.java:163)
                                                                                                             at android.app.ActivityThread.main(ActivityThread.java:6321)
                                                                                                             at java.lang.reflect.Method.invoke(Native Method)
                                                                                                             at com.android.internal.os.ZygoteInit$MethodAndArgsCaller.run(ZygoteInit.java:880)
                                                                                                             at com.android.internal.os.ZygoteInit.main(ZygoteInit.java:770)
10-28 11:52:30.607 15290-15290/com.mi.liveassistant:remote E/PreloadClearUtil(MiLinkSDK)(WALI_LIVE_SDK): main=>
                                                                                                         java.lang.NoSuchFieldException: No field sPreloadedColorDrawables in class Landroid/content/res/Resources; (declaration of 'android.content.res.Resources' appears in /system/framework/framework.jar)
                                                                                                             at java.lang.Class.getDeclaredField(Native Method)
                                                                                                             at com.mi.milink.sdk.i.d.a(PreloadClearUtil.java:132)
                                                                                                             at com.mi.milink.sdk.i.d.c(PreloadClearUtil.java:76)
                                                                                                             at com.mi.milink.sdk.i.d.a(PreloadClearUtil.java:32)
                                                                                                             at com.mi.milink.sdk.service.MiLinkService.onCreate(MiLinkService.java:63)
                                                                                                             at android.app.ActivityThread.handleCreateService(ActivityThread.java:3240)
                                                                                                             at android.app.ActivityThread.-wrap5(ActivityThread.java)
                                                                                                             at android.app.ActivityThread$H.handleMessage(ActivityThread.java:1624)
                                                                                                             at android.os.Handler.dispatchMessage(Handler.java:102)
                                                                                                             at android.os.Looper.loop(Looper.java:163)
                                                                                                             at android.app.ActivityThread.main(ActivityThread.java:6321)
                                                                                                             at java.lang.reflect.Method.invoke(Native Method)
                                                                                                             at com.android.internal.os.ZygoteInit$MethodAndArgsCaller.run(ZygoteInit.java:880)
                                                                                                             at com.android.internal.os.ZygoteInit.main(ZygoteInit.java:770)
10-28 11:52:30.614 15245-15279/com.mi.liveassistant W/SessionManagerForSimpleChannel(MiLinkSDK)(WALI_LIVE_SDK): SessionManagerForSimpleChannel=>SessionOtherEvent RequestMapIsNotEmpty
10-28 11:52:30.617 15290-15290/com.mi.liveassistant:remote E/PreloadClearUtil(MiLinkSDK)(WALI_LIVE_SDK): main=>
                                                                                                         java.lang.NoSuchFieldException: No field sPreloadedColorStateLists in class Landroid/content/res/Resources; (declaration of 'android.content.res.Resources' appears in /system/framework/framework.jar)
                                                                                                             at java.lang.Class.getDeclaredField(Native Method)
                                                                                                             at com.mi.milink.sdk.i.d.a(PreloadClearUtil.java:132)
                                                                                                             at com.mi.milink.sdk.i.d.d(PreloadClearUtil.java:97)
                                                                                                             at com.mi.milink.sdk.i.d.a(PreloadClearUtil.java:33)
                                                                                                             at com.mi.milink.sdk.service.MiLinkService.onCreate(MiLinkService.java:63)
                                                                                                             at android.app.ActivityThread.handleCreateService(ActivityThread.java:3240)
                                                                                                             at android.app.ActivityThread.-wrap5(ActivityThread.java)
                                                                                                             at android.app.ActivityThread$H.handleMessage(ActivityThread.java:1624)
                                                                                                             at android.os.Handler.dispatchMessage(Handler.java:102)
                                                                                                             at android.os.Looper.loop(Looper.java:163)
                                                                                                             at android.app.ActivityThread.main(ActivityThread.java:6321)
                                                                                                             at java.lang.reflect.Method.invoke(Native Method)
                                                                                                             at com.android.internal.os.ZygoteInit$MethodAndArgsCaller.run(ZygoteInit.java:880)
                                                                                                             at com.android.internal.os.ZygoteInit.main(ZygoteInit.java:770)
10-28 11:52:30.620 15290-15290/com.mi.liveassistant:remote E/PreloadClearUtil(MiLinkSDK)(WALI_LIVE_SDK): main=>
                                                                                                         java.lang.NoSuchFieldException: No field mPreloadedColorStateLists in class Landroid/content/res/Resources; (declaration of 'android.content.res.Resources' appears in /system/framework/framework.jar)
                                                                                                             at java.lang.Class.getDeclaredField(Native Method)
                                                                                                             at com.mi.milink.sdk.i.d.a(PreloadClearUtil.java:132)
                                                                                                             at com.mi.milink.sdk.i.d.d(PreloadClearUtil.java:101)
                                                                                                             at com.mi.milink.sdk.i.d.a(PreloadClearUtil.java:33)
                                                                                                             at com.mi.milink.sdk.service.MiLinkService.onCreate(MiLinkService.java:63)
                                                                                                             at android.app.ActivityThread.handleCreateService(ActivityThread.java:3240)
                                                                                                             at android.app.ActivityThread.-wrap5(ActivityThread.java)
                                                                                                             at android.app.ActivityThread$H.handleMessage(ActivityThread.java:1624)
                                                                                                             at android.os.Handler.dispatchMessage(Handler.java:102)
                                                                                                             at android.os.Looper.loop(Looper.java:163)
                                                                                                             at android.app.ActivityThread.main(ActivityThread.java:6321)
                                                                                                             at java.lang.reflect.Method.invoke(Native Method)
                                                                                                             at com.android.internal.os.ZygoteInit$MethodAndArgsCaller.run(ZygoteInit.java:880)
                                                                                                             at com.android.internal.os.ZygoteInit.main(ZygoteInit.java:770)
10-28 11:52:30.636 15290-15290/com.mi.liveassistant:remote W/MiLinkAlarm(MiLinkSDK)(WALI_LIVE_SDK): main=>internal=180000,Ts = 0
10-28 11:52:30.637 15290-15290/com.mi.liveassistant:remote W/MiLinkAlarm(MiLinkSDK)(WALI_LIVE_SDK): main=>next Ts = 1509162930636
10-28 11:52:30.643 15290-15290/com.mi.liveassistant:remote E/IIpInfoManager(MiLinkSDK)(WALI_LIVE_SDK): main=>load object FileNotFoundException
10-28 11:52:30.648 1983-1983/? D/wpa_supplicant: wlan0: Control interface command 'SIGNAL_POLL'
10-28 11:52:30.664 15290-15290/com.mi.liveassistant:remote W/NetworkObserver: main=>LAST -> null
10-28 11:52:30.665 15290-15290/com.mi.liveassistant:remote W/NetworkObserver: main=>CURR -> NetworkState [connected=true, apnName="kookong", type=WIFI, accessPoint=NEVER_HEARD]
10-28 11:52:30.689 15290-15290/com.mi.liveassistant:remote V/NetworkDash: main=>isDeviceIdBySlot:0
10-28 11:52:30.691 15290-15290/com.mi.liveassistant:remote V/NetworkDash: main=>isDeviceIdBySlot:1
10-28 11:52:30.692 15290-15290/com.mi.liveassistant:remote I/NetworkDash: main=>imsi: null
10-28 11:52:30.692 15290-15290/com.mi.liveassistant:remote W/NetworkObserver: main=>null => N/A
10-28 11:52:30.721 15290-15290/com.mi.liveassistant:remote W/MiLinkAlarm(MiLinkSDK)(WALI_LIVE_SDK): main=>internal=180000,Ts = 1509162930636
10-28 11:52:30.721 15290-15290/com.mi.liveassistant:remote W/MiLinkAlarm(MiLinkSDK)(WALI_LIVE_SDK): main=>next Ts = 1509162930721
10-28 11:52:30.733 15290-15290/com.mi.liveassistant:remote W/MiLinkService(MiLinkSDK)(WALI_LIVE_SDK): main=>MiLink Service Created, pid=15290, cost=101
10-28 11:52:30.734 15290-15290/com.mi.liveassistant:remote W/MiLinkService(MiLinkSDK)(WALI_LIVE_SDK): main=>MiLink Service Binded
10-28 11:52:30.758 812-812/? I/cnss-daemon: RTM_NEWNEIGH message received: 28
10-28 11:52:30.759 812-812/? E/cnss-daemon: Stale or unreachable neighbors, ndm state: 4
10-28 11:52:30.770 15290-15290/com.mi.liveassistant:remote E/SessionManager(MiLinkSDK)(WALI_LIVE_SDK): main=>SessionManager created, milinkversion=1_11
10-28 11:52:30.799 15290-15290/com.mi.liveassistant:remote W/SessionManager(MiLinkSDK)(WALI_LIVE_SDK): main=>SessionManager created finish
10-28 11:52:30.809 15245-15245/com.mi.liveassistant E/MiLinkClient(MiLinkSDK)(WALI_LIVE_SDK): main=>onServiceConnected()
10-28 11:52:30.814 15245-15258/com.mi.liveassistant W/WatchSdk_com.mi.liveassistant: ╔════════════════════════════════════════════════════════════════════════════════════════
10-28 11:52:30.815 15245-15258/com.mi.liveassistant W/WatchSdk_com.mi.liveassistant: ║ b.a  (MiLinkEventListener.java:23)
10-28 11:52:30.815 15245-15258/com.mi.liveassistant W/WatchSdk_com.mi.liveassistant: ╟────────────────────────────────────────────────────────────────────────────────────────
10-28 11:52:30.815 15245-15258/com.mi.liveassistant W/WatchSdk_com.mi.liveassistant: ║ MiLinkEventListener: onEventGetServiceToken
10-28 11:52:30.815 15245-15258/com.mi.liveassistant W/WatchSdk_com.mi.liveassistant: ╚════════════════════════════════════════════════════════════════════════════════════════
10-28 11:52:30.816 15245-15258/com.mi.liveassistant D/WatchSdk_com.mi.liveassistant: ╔════════════════════════════════════════════════════════════════════════════════════════
10-28 11:52:30.816 15245-15258/com.mi.liveassistant D/WatchSdk_com.mi.liveassistant: ║ b.e  (UserAccountManager.java:150)
10-28 11:52:30.816 15245-15258/com.mi.liveassistant D/WatchSdk_com.mi.liveassistant: ╟────────────────────────────────────────────────────────────────────────────────────────
10-28 11:52:30.817 15245-15258/com.mi.liveassistant D/WatchSdk_com.mi.liveassistant: ║ b: null != mAccount : false
10-28 11:52:30.817 15245-15258/com.mi.liveassistant D/WatchSdk_com.mi.liveassistant: ╚════════════════════════════════════════════════════════════════════════════════════════
10-28 11:52:30.822 15245-15245/com.mi.liveassistant E/MiLinkClient(MiLinkSDK)(WALI_LIVE_SDK): main=>onServiceConnected got a binder
10-28 11:52:30.825 15290-15290/com.mi.liveassistant:remote W/MiLinkService(MiLinkSDK)(WALI_LIVE_SDK): main=>MiLink Service Started ,and onStartCommandReturn=1
10-28 11:52:30.832 15245-15320/com.mi.liveassistant W/[No:1]Session(MiLinkSDK)(WALI_LIVE_SDK): Thread-5=>milink server ip:123.125.102.59 port:80 remark:58.83.160.92#124.243.204.126#120.92.2.6#120.92.24.134
10-28 11:52:30.833 15245-15320/com.mi.liveassistant W/[No:1]Session(MiLinkSDK)(WALI_LIVE_SDK): Thread-5=>milink server ip:111.206.200.86 port:80 remark:
10-28 11:52:30.835 15245-15276/com.mi.liveassistant V/WatchSdk_com.mi.liveassistant: ╔════════════════════════════════════════════════════════════════════════════════════════
10-28 11:52:30.836 15245-15276/com.mi.liveassistant V/WatchSdk_com.mi.liveassistant: ║ c.a  (MiLinkPacketDispatcher.java:102)
10-28 11:52:30.836 15245-15276/com.mi.liveassistant V/WatchSdk_com.mi.liveassistant: ╟────────────────────────────────────────────────────────────────────────────────────────
10-28 11:52:30.836 15245-15276/com.mi.liveassistant V/WatchSdk_com.mi.liveassistant: ║ c  processReceivePacket dataList.size=1
10-28 11:52:30.836 15245-15276/com.mi.liveassistant V/WatchSdk_com.mi.liveassistant: ╚════════════════════════════════════════════════════════════════════════════════════════
10-28 11:52:30.837 15245-15272/com.mi.liveassistant W/WatchSdk_com.mi.liveassistant: ╔════════════════════════════════════════════════════════════════════════════════════════
10-28 11:52:30.837 15245-15272/com.mi.liveassistant W/WatchSdk_com.mi.liveassistant: ║ a.a  (ExtraDataHandler.java:29)
10-28 11:52:30.838 15245-15272/com.mi.liveassistant W/WatchSdk_com.mi.liveassistant: ╟────────────────────────────────────────────────────────────────────────────────────────
10-28 11:52:30.838 15245-15272/com.mi.liveassistant W/WatchSdk_com.mi.liveassistant: ║ ExtraDataHandler': client ip is 27.223.10.34
10-28 11:52:30.838 15245-15272/com.mi.liveassistant W/WatchSdk_com.mi.liveassistant: ╚════════════════════════════════════════════════════════════════════════════════════════
10-28 11:52:30.841 15245-15276/com.mi.liveassistant V/WatchSdk_com.mi.liveassistant: ╔════════════════════════════════════════════════════════════════════════════════════════
10-28 11:52:30.842 15245-15276/com.mi.liveassistant V/WatchSdk_com.mi.liveassistant: ║ c.a  (MiLinkPacketDispatcher.java:102)
10-28 11:52:30.842 15245-15276/com.mi.liveassistant V/WatchSdk_com.mi.liveassistant: ╟────────────────────────────────────────────────────────────────────────────────────────
10-28 11:52:30.842 15245-15276/com.mi.liveassistant V/WatchSdk_com.mi.liveassistant: ║ c  processReceivePacket dataList.size=1
10-28 11:52:30.842 15245-15276/com.mi.liveassistant V/WatchSdk_com.mi.liveassistant: ╚════════════════════════════════════════════════════════════════════════════════════════
10-28 11:52:30.843 15245-15272/com.mi.liveassistant W/WatchSdk_com.mi.liveassistant: ╔════════════════════════════════════════════════════════════════════════════════════════
10-28 11:52:30.843 15245-15272/com.mi.liveassistant W/WatchSdk_com.mi.liveassistant: ║ a.a  (ExtraDataHandler.java:29)
10-28 11:52:30.843 15245-15272/com.mi.liveassistant W/WatchSdk_com.mi.liveassistant: ╟────────────────────────────────────────────────────────────────────────────────────────
10-28 11:52:30.844 15245-15272/com.mi.liveassistant W/WatchSdk_com.mi.liveassistant: ║ ExtraDataHandler': client ip is 27.223.10.34
10-28 11:52:30.844 15245-15272/com.mi.liveassistant W/WatchSdk_com.mi.liveassistant: ╚════════════════════════════════════════════════════════════════════════════════════════
10-28 11:52:30.845 15245-15327/com.mi.liveassistant W/[No:5]Session(MiLinkSDK)(WALI_LIVE_SDK): Thread-8=>milink server ip:123.125.102.59 port:80 remark:58.83.160.92#124.243.204.126#120.92.2.6#120.92.24.134
10-28 11:52:30.846 15245-15327/com.mi.liveassistant W/[No:5]Session(MiLinkSDK)(WALI_LIVE_SDK): Thread-8=>milink server ip:111.206.200.86 port:80 remark:
10-28 11:52:30.847 15245-15327/com.mi.liveassistant W/[No:5]Session(MiLinkSDK)(WALI_LIVE_SDK): Thread-8=>milink server ip:111.202.86.130 port:80 remark:
10-28 11:52:30.859 15245-15328/com.mi.liveassistant W/[No:7]Session(MiLinkSDK)(WALI_LIVE_SDK): Thread-9=>milink server ip:123.125.102.59 port:80 remark:58.83.160.92#124.243.204.126#120.92.2.6#120.92.24.134
10-28 11:52:30.860 15245-15328/com.mi.liveassistant W/[No:7]Session(MiLinkSDK)(WALI_LIVE_SDK): Thread-9=>milink server ip:111.206.200.86 port:80 remark:
10-28 11:52:30.861 15245-15328/com.mi.liveassistant W/[No:7]Session(MiLinkSDK)(WALI_LIVE_SDK): Thread-9=>milink server ip:111.202.86.130 port:80 remark:
10-28 11:52:30.862 15245-15276/com.mi.liveassistant V/WatchSdk_com.mi.liveassistant: ╔════════════════════════════════════════════════════════════════════════════════════════
10-28 11:52:30.862 15245-15276/com.mi.liveassistant V/WatchSdk_com.mi.liveassistant: ║ c.a  (MiLinkPacketDispatcher.java:102)
10-28 11:52:30.862 15245-15276/com.mi.liveassistant V/WatchSdk_com.mi.liveassistant: ╟────────────────────────────────────────────────────────────────────────────────────────
10-28 11:52:30.862 15245-15276/com.mi.liveassistant V/WatchSdk_com.mi.liveassistant: ║ c  processReceivePacket dataList.size=1
10-28 11:52:30.863 15245-15276/com.mi.liveassistant V/WatchSdk_com.mi.liveassistant: ╚════════════════════════════════════════════════════════════════════════════════════════
10-28 11:52:30.863 15245-15272/com.mi.liveassistant W/WatchSdk_com.mi.liveassistant: ╔════════════════════════════════════════════════════════════════════════════════════════
10-28 11:52:30.864 15245-15272/com.mi.liveassistant W/WatchSdk_com.mi.liveassistant: ║ a.a  (ExtraDataHandler.java:29)
10-28 11:52:30.864 15245-15272/com.mi.liveassistant W/WatchSdk_com.mi.liveassistant: ╟────────────────────────────────────────────────────────────────────────────────────────
10-28 11:52:30.864 15245-15272/com.mi.liveassistant W/WatchSdk_com.mi.liveassistant: ║ ExtraDataHandler': client ip is 27.223.10.34
10-28 11:52:30.864 15245-15272/com.mi.liveassistant W/WatchSdk_com.mi.liveassistant: ╚════════════════════════════════════════════════════════════════════════════════════════
10-28 11:52:30.869 15245-15279/com.mi.liveassistant W/SessionManagerForSimpleChannel(MiLinkSDK)(WALI_LIVE_SDK): SessionManagerForSimpleChannel=>SessionConnectEvent SessionBuildSuccess
10-28 11:52:30.871 15245-15279/com.mi.liveassistant W/SessionManagerForSimpleChannel(MiLinkSDK)(WALI_LIVE_SDK): SessionManagerForSimpleChannel=>abandon all session, ip=111.202.86.130, port=443, protocol=1,No=2
10-28 11:52:30.872 15245-15279/com.mi.liveassistant W/SessionManagerForSimpleChannel(MiLinkSDK)(WALI_LIVE_SDK): SessionManagerForSimpleChannel=>abandon all session, ip=111.202.86.130, port=80, protocol=1,No=4
10-28 11:52:30.873 15245-15279/com.mi.liveassistant W/SessionManagerForSimpleChannel(MiLinkSDK)(WALI_LIVE_SDK): SessionManagerForSimpleChannel=>abandon all session, ip=111.202.86.130, port=14000, protocol=1,No=8
10-28 11:52:30.878 15245-15274/com.mi.liveassistant W/WatchSdk_com.mi.liveassistant: ╔════════════════════════════════════════════════════════════════════════════════════════
10-28 11:52:30.889 15245-15279/com.mi.liveassistant W/WatchSdk_com.mi.liveassistant: ╔════════════════════════════════════════════════════════════════════════════════════════
10-28 11:52:30.890 15245-15279/com.mi.liveassistant W/WatchSdk_com.mi.liveassistant: ║ d.a  (MiLinkStatusObserver.java:82)
10-28 11:52:30.890 15245-15279/com.mi.liveassistant W/WatchSdk_com.mi.liveassistant: ╟────────────────────────────────────────────────────────────────────────────────────────
10-28 11:52:30.890 15245-15279/com.mi.liveassistant W/WatchSdk_com.mi.liveassistant: ║ MiLinkChannelStatusObserver onServerStateUpdate, oldState=1, newState=2
10-28 11:52:30.890 15245-15279/com.mi.liveassistant W/WatchSdk_com.mi.liveassistant: ╚════════════════════════════════════════════════════════════════════════════════════════
10-28 11:52:30.891 15245-15279/com.mi.liveassistant W/WatchSdk_com.mi.liveassistant: ╔════════════════════════════════════════════════════════════════════════════════════════
10-28 11:52:30.891 15245-15279/com.mi.liveassistant W/WatchSdk_com.mi.liveassistant: ║ d.onEvent  (PreDnsManager.java:103)
10-28 11:52:30.891 15245-15279/com.mi.liveassistant W/WatchSdk_com.mi.liveassistant: ╟────────────────────────────────────────────────────────────────────────────────────────
10-28 11:52:30.892 15245-15279/com.mi.liveassistant W/WatchSdk_com.mi.liveassistant: ║ PreDnsManager: onEvent StatusConnected
10-28 11:52:30.892 15245-15279/com.mi.liveassistant W/WatchSdk_com.mi.liveassistant: ╚════════════════════════════════════════════════════════════════════════════════════════
10-28 11:52:30.893 15245-15320/com.mi.liveassistant W/[No:1]Session(MiLinkSDK)(WALI_LIVE_SDK): Thread-5=>milink server ip:111.202.86.130 port:80 remark:
10-28 11:52:30.909 15245-15274/com.mi.liveassistant W/WatchSdk_com.mi.liveassistant: ║ d.update  (MiLinkStatusObserver.java:105)
10-28 11:52:30.909 15245-15274/com.mi.liveassistant W/WatchSdk_com.mi.liveassistant: ╟────────────────────────────────────────────────────────────────────────────────────────
10-28 11:52:30.909 15245-15274/com.mi.liveassistant W/WatchSdk_com.mi.liveassistant: ║ MLinkStatusObserver update ,data={ when=-56ms what=10 target=android.os.Handler planTime=1509162750821 dispatchTime=0 finishTime=0 }
10-28 11:52:30.909 15245-15274/com.mi.liveassistant W/WatchSdk_com.mi.liveassistant: ╚════════════════════════════════════════════════════════════════════════════════════════
10-28 11:52:30.911 15245-15274/com.mi.liveassistant W/WatchSdk_com.mi.liveassistant: ╔════════════════════════════════════════════════════════════════════════════════════════
10-28 11:52:30.911 15245-15274/com.mi.liveassistant W/WatchSdk_com.mi.liveassistant: ║ d.a  (MiLinkStatusObserver.java:69)
10-28 11:52:30.911 15245-15274/com.mi.liveassistant W/WatchSdk_com.mi.liveassistant: ╟────────────────────────────────────────────────────────────────────────────────────────
10-28 11:52:30.911 15245-15274/com.mi.liveassistant W/WatchSdk_com.mi.liveassistant: ║ MLinkStatusObserveronServiceConnected
10-28 11:52:30.911 15245-15274/com.mi.liveassistant W/WatchSdk_com.mi.liveassistant: ╚════════════════════════════════════════════════════════════════════════════════════════
10-28 11:52:30.913 15245-15245/com.mi.liveassistant W/WatchSdk_com.mi.liveassistant: ╔════════════════════════════════════════════════════════════════════════════════════════
10-28 11:52:30.913 15245-15245/com.mi.liveassistant W/WatchSdk_com.mi.liveassistant: ║ d.a  (PreDnsManager.java:231)
10-28 11:52:30.913 15245-15245/com.mi.liveassistant W/WatchSdk_com.mi.liveassistant: ╟────────────────────────────────────────────────────────────────────────────────────────
10-28 11:52:30.913 15245-15245/com.mi.liveassistant W/WatchSdk_com.mi.liveassistant: ║ PreDnsManager: fetchIpSetForDomainList domainSet=[v2.zb.mi.com, r2.zb.mi.com]
10-28 11:52:30.914 15245-15245/com.mi.liveassistant W/WatchSdk_com.mi.liveassistant: ╚════════════════════════════════════════════════════════════════════════════════════════
10-28 11:52:30.935 15245-15279/com.mi.liveassistant V/WatchSdk_com.mi.liveassistant: ╔════════════════════════════════════════════════════════════════════════════════════════
10-28 11:52:30.936 15245-15279/com.mi.liveassistant V/WatchSdk_com.mi.liveassistant: ║ a.a  (DisplayUtils.java:20)
10-28 11:52:30.936 15245-15279/com.mi.liveassistant V/WatchSdk_com.mi.liveassistant: ╟────────────────────────────────────────────────────────────────────────────────────────
10-28 11:52:30.936 15245-15279/com.mi.liveassistant V/WatchSdk_com.mi.liveassistant: ║ PicViewFragment: sMetrics == null
10-28 11:52:30.936 15245-15279/com.mi.liveassistant V/WatchSdk_com.mi.liveassistant: ╚════════════════════════════════════════════════════════════════════════════════════════
10-28 11:52:30.990 15245-15344/com.mi.liveassistant D/WatchSdk_com.mi.liveassistant: ╔════════════════════════════════════════════════════════════════════════════════════════
10-28 11:52:30.991 15245-15344/com.mi.liveassistant D/WatchSdk_com.mi.liveassistant: ║ d$4.a  (PreDnsManager.java:241)
10-28 11:52:30.991 15245-15344/com.mi.liveassistant D/WatchSdk_com.mi.liveassistant: ╟────────────────────────────────────────────────────────────────────────────────────────
10-28 11:52:30.992 15245-15344/com.mi.liveassistant D/WatchSdk_com.mi.liveassistant: ║ PreDnsManager: fetchIpSetForDomainList host=v2.zb.mi.com
10-28 11:52:30.992 15245-15344/com.mi.liveassistant D/WatchSdk_com.mi.liveassistant: ╚════════════════════════════════════════════════════════════════════════════════════════
10-28 11:52:30.992 15245-15344/com.mi.liveassistant W/WatchSdk_com.mi.liveassistant: ╔════════════════════════════════════════════════════════════════════════════════════════
10-28 11:52:30.993 15245-15344/com.mi.liveassistant W/WatchSdk_com.mi.liveassistant: ║ d.d  (PreDnsManager.java:303)
10-28 11:52:30.993 15245-15344/com.mi.liveassistant W/WatchSdk_com.mi.liveassistant: ╟────────────────────────────────────────────────────────────────────────────────────────
10-28 11:52:30.994 15245-15344/com.mi.liveassistant W/WatchSdk_com.mi.liveassistant: ║ PreDnsManager: getHttpDnsIpSet domain=v2.zb.mi.com
10-28 11:52:30.994 15245-15344/com.mi.liveassistant W/WatchSdk_com.mi.liveassistant: ╚════════════════════════════════════════════════════════════════════════════════════════
10-28 11:52:31.016 15245-15344/com.mi.liveassistant W/WatchSdk_com.mi.liveassistant: ╔════════════════════════════════════════════════════════════════════════════════════════
10-28 11:52:31.017 15245-15344/com.mi.liveassistant W/WatchSdk_com.mi.liveassistant: ║ a.a  (DnsPodUtils.java:37)
10-28 11:52:31.017 15245-15344/com.mi.liveassistant W/WatchSdk_com.mi.liveassistant: ╟────────────────────────────────────────────────────────────────────────────────────────
10-28 11:52:31.017 15245-15344/com.mi.liveassistant W/WatchSdk_com.mi.liveassistant: ║ com.base.l.g.a start dnspod
10-28 11:52:31.017 15245-15344/com.mi.liveassistant W/WatchSdk_com.mi.liveassistant: ╚════════════════════════════════════════════════════════════════════════════════════════
10-28 11:52:31.049 15245-15344/com.mi.liveassistant D/NetworkSecurityConfig: No Network Security Config specified, using platform default
10-28 11:52:31.050 15245-15344/com.mi.liveassistant I/Dozen:  url : http://119.29.29.29/d, str params : id=131&ttl=1&dn=23134be0687e2a40e76e630ef9db8bb9
10-28 11:52:31.060 15245-15279/com.mi.liveassistant W/SessionManagerForSimpleChannel(MiLinkSDK)(WALI_LIVE_SDK): SessionManagerForSimpleChannel=>onOpenSessionResult, errorCode = 0
10-28 11:52:31.061 15245-15279/com.mi.liveassistant W/SessionManagerForSimpleChannel(MiLinkSDK)(WALI_LIVE_SDK): SessionManagerForSimpleChannel=>mMasterSession = [Session No:6] 
10-28 11:52:31.086 812-812/? I/cnss-daemon: RTM_NEWNEIGH message received: 28
10-28 11:52:31.086 812-812/? E/cnss-daemon: Stale or unreachable neighbors, ndm state: 4
10-28 11:52:31.097 15245-15347/com.mi.liveassistant V/WatchSdk_com.mi.liveassistant: ╔════════════════════════════════════════════════════════════════════════════════════════
10-28 11:52:31.098 15245-15347/com.mi.liveassistant V/WatchSdk_com.mi.liveassistant: ║ a$4.a  (GetConfigManager.java:381)
10-28 11:52:31.098 15245-15347/com.mi.liveassistant V/WatchSdk_com.mi.liveassistant: ╟────────────────────────────────────────────────────────────────────────────────────────
10-28 11:52:31.098 15245-15347/com.mi.liveassistant V/WatchSdk_com.mi.liveassistant: ║ a (9) 0 5 http://zbtupian.zb.mi.com/pic_751fcbf65a8f04aed85b8b9893b69029_1467683124054.png http://zbtupian.zb.mi.com/pic_3fb999b25d7f9dde313dba09232bb462_1467799684553.png #47bdd2
10-28 11:52:31.099 15245-15347/com.mi.liveassistant V/WatchSdk_com.mi.liveassistant: ╚════════════════════════════════════════════════════════════════════════════════════════
10-28 11:52:31.118 15245-15347/com.mi.liveassistant V/WatchSdk_com.mi.liveassistant: ╔════════════════════════════════════════════════════════════════════════════════════════
10-28 11:52:31.119 15245-15347/com.mi.liveassistant V/WatchSdk_com.mi.liveassistant: ║ a$4.a  (GetConfigManager.java:381)
10-28 11:52:31.119 15245-15347/com.mi.liveassistant V/WatchSdk_com.mi.liveassistant: ╟────────────────────────────────────────────────────────────────────────────────────────
10-28 11:52:31.119 15245-15347/com.mi.liveassistant V/WatchSdk_com.mi.liveassistant: ║ a (9) 6 15 http://zbtupian.zb.mi.com/pic_3686f6b6fa8f521bddebb41a8db0b7e8_1467683472021.png http://zbtupian.zb.mi.com/pic_1d4ce67533e4f7674850a1e7b393ab0c_1467799686792.png #b1ca4d
10-28 11:52:31.119 15245-15347/com.mi.liveassistant V/WatchSdk_com.mi.liveassistant: ╚════════════════════════════════════════════════════════════════════════════════════════
10-28 11:52:31.126 15245-15279/com.mi.liveassistant W/IIpInfoManager(MiLinkSDK)(WALI_LIVE_SDK): SessionManagerForSimpleChannel=>setOptmumServerList serverData:[optimum servers = [ sIP=123.125.102.59, sPort=0, pIP=null, pPort=0, protocol=tcp, type=bak ];[ sIP=111.206.200.86, sPort=0, pIP=null, pPort=0, protocol=tcp, type=bak ];[ sIP=111.202.86.130, sPort=0, pIP=null, pPort=0, protocol=tcp, type=bak ],timeStamp = 1509162751124],ispKey:联通,apnKey:ec:6c:9f:34:d4:5d
10-28 11:52:31.133 15245-15347/com.mi.liveassistant V/WatchSdk_com.mi.liveassistant: ╔════════════════════════════════════════════════════════════════════════════════════════
10-28 11:52:31.134 15245-15347/com.mi.liveassistant V/WatchSdk_com.mi.liveassistant: ║ a$4.a  (GetConfigManager.java:381)
10-28 11:52:31.134 15245-15347/com.mi.liveassistant V/WatchSdk_com.mi.liveassistant: ╟────────────────────────────────────────────────────────────────────────────────────────
10-28 11:52:31.134 15245-15347/com.mi.liveassistant V/WatchSdk_com.mi.liveassistant: ║ a (9) 16 30 http://zbtupian.zb.mi.com/pic_20f9e6ac3b4b77c35f283dcd1c544e58_1467683648793.png http://zbtupian.zb.mi.com/pic_4f09e9f0b9e4d2bcdc859eeb1492d952_1467799686954.png #fec648
10-28 11:52:31.134 15245-15347/com.mi.liveassistant V/WatchSdk_com.mi.liveassistant: ╚════════════════════════════════════════════════════════════════════════════════════════
10-28 11:52:31.137 15245-15279/com.mi.liveassistant W/SessionManagerForSimpleChannel(MiLinkSDK)(WALI_LIVE_SDK): SessionManagerForSimpleChannel=>SessionConnectEvent SessionBuildSuccess
10-28 11:52:31.140 15245-15279/com.mi.liveassistant W/SessionManagerForSimpleChannel(MiLinkSDK)(WALI_LIVE_SDK): SessionManagerForSimpleChannel=>Session No:8 is AbandonSession return 
10-28 11:52:31.146 15245-15318/com.mi.liveassistant I/Crasheye: NetSender: Sending data to url: http://rp.crasheye.cn/session?appkey=98f83170&uid=c43aed8fc22287d91370d2f6d5bf6aa9&sig=d41d8cd98f00b204e9800998ecf8427e
10-28 11:52:31.146 15245-15318/com.mi.liveassistant I/Crasheye: NetSender: Sending data value: {"appstarttime":"1509162751","sdkversion":"2.1.5","appkey":"98f83170","platform":"Android","device":"Xiaomi Mi Note 2","osversion":"7.0","locale":"CN","uuid":"c43aed8fc22287d91370d2f6d5bf6aa9","useridentifier":"NA","appversioncode":"205048","appversionname":"2.5.48","packagename":"com.mi.liveassistant","netstatus":"WIFI","connection":"CONNECTED","screenorientation":"Portrait","screensize":"1080 * 1920","channel":"DEFAULT","sessioncount":1,"extradata":{},"transactions":[],"sessionid":"62751142"}{^1^ping^1509162751}
10-28 11:52:31.160 15245-15347/com.mi.liveassistant V/WatchSdk_com.mi.liveassistant: ╔════════════════════════════════════════════════════════════════════════════════════════
10-28 11:52:31.160 15245-15347/com.mi.liveassistant V/WatchSdk_com.mi.liveassistant: ║ a$4.a  (GetConfigManager.java:381)
10-28 11:52:31.160 15245-15347/com.mi.liveassistant V/WatchSdk_com.mi.liveassistant: ╟────────────────────────────────────────────────────────────────────────────────────────
10-28 11:52:31.160 15245-15347/com.mi.liveassistant V/WatchSdk_com.mi.liveassistant: ║ a (9) 31 50 http://zbtupian.zb.mi.com/pic_7ee28ca4e213f45a3b50f2c3669638dd_1467683780500.png http://zbtupian.zb.mi.com/pic_768c19234665b63e29329b34f5f41522_1467799687090.png #ffa420
10-28 11:52:31.161 15245-15347/com.mi.liveassistant V/WatchSdk_com.mi.liveassistant: ╚════════════════════════════════════════════════════════════════════════════════════════
10-28 11:52:31.170 15245-15347/com.mi.liveassistant V/WatchSdk_com.mi.liveassistant: ╔════════════════════════════════════════════════════════════════════════════════════════
10-28 11:52:31.171 15245-15347/com.mi.liveassistant V/WatchSdk_com.mi.liveassistant: ║ a$4.a  (GetConfigManager.java:381)
10-28 11:52:31.171 15245-15347/com.mi.liveassistant V/WatchSdk_com.mi.liveassistant: ╟────────────────────────────────────────────────────────────────────────────────────────
10-28 11:52:31.171 15245-15347/com.mi.liveassistant V/WatchSdk_com.mi.liveassistant: ║ a (9) 51 70 http://zbtupian.zb.mi.com/pic_f4c5cbdbfc5b23d7ea5d72af629dd069_1467683780607.png http://zbtupian.zb.mi.com/pic_5bfdec588dd816a0ac4ac9cd470b6b56_1467799687201.png #fe862a
10-28 11:52:31.171 15245-15347/com.mi.liveassistant V/WatchSdk_com.mi.liveassistant: ╚════════════════════════════════════════════════════════════════════════════════════════
10-28 11:52:31.183 15245-15347/com.mi.liveassistant V/WatchSdk_com.mi.liveassistant: ╔════════════════════════════════════════════════════════════════════════════════════════
10-28 11:52:31.183 15245-15347/com.mi.liveassistant V/WatchSdk_com.mi.liveassistant: ║ a$4.a  (GetConfigManager.java:381)
10-28 11:52:31.184 15245-15347/com.mi.liveassistant V/WatchSdk_com.mi.liveassistant: ╟────────────────────────────────────────────────────────────────────────────────────────
10-28 11:52:31.184 15245-15347/com.mi.liveassistant V/WatchSdk_com.mi.liveassistant: ║ a (9) 71 90 http://zbtupian.zb.mi.com/pic_01d63d4c17ba8e0f415f84e699e28115_1467683780673.png http://zbtupian.zb.mi.com/pic_fd74054ea34bf04410dcf5b13b1d6010_1467799687326.png #ff8020
10-28 11:52:31.184 15245-15347/com.mi.liveassistant V/WatchSdk_com.mi.liveassistant: ╚════════════════════════════════════════════════════════════════════════════════════════
10-28 11:52:31.201 15245-15347/com.mi.liveassistant V/WatchSdk_com.mi.liveassistant: ╔════════════════════════════════════════════════════════════════════════════════════════
10-28 11:52:31.202 15245-15347/com.mi.liveassistant V/WatchSdk_com.mi.liveassistant: ║ a$4.a  (GetConfigManager.java:381)
10-28 11:52:31.202 15245-15347/com.mi.liveassistant V/WatchSdk_com.mi.liveassistant: ╟────────────────────────────────────────────────────────────────────────────────────────
10-28 11:52:31.202 15245-15347/com.mi.liveassistant V/WatchSdk_com.mi.liveassistant: ║ a (9) 91 110 http://zbtupian.zb.mi.com/pic_60ffd8f8ac2dc6be4563c3e52fadd87d_1467684074605.png http://zbtupian.zb.mi.com/pic_07c03977bc93031313455054536d4f1d_1467799687449.png #ff6a49
10-28 11:52:31.202 15245-15347/com.mi.liveassistant V/WatchSdk_com.mi.liveassistant: ╚════════════════════════════════════════════════════════════════════════════════════════
