10-28 13:53:05.433 1729-1729/com.android.systemui D/EventBus: [1729, u0] send(LaunchTaskEvent)
10-28 13:53:05.434 1729-1729/com.android.systemui D/EventBus: [1729, u0]  -> TaskStackView [0x3141151, P3] onBusEvent(LaunchTaskEvent)
10-28 13:53:05.434 1729-1729/com.android.systemui D/EventBus: [1729, u0] onBusEvent(LaunchTaskEvent) duration: 32 microseconds, avg: 429
10-28 13:53:05.434 1729-1729/com.android.systemui D/EventBus: [1729, u0]  -> RecentsView [0xf9931c4, P3] onBusEvent(LaunchTaskEvent)
10-28 13:53:05.434 1729-1729/com.android.systemui D/EventBus: [1729, u0] send(LaunchTaskStartedEvent)
10-28 13:53:05.434 1729-1729/com.android.systemui D/EventBus: [1729, u0]  -> TaskStackView [0x3141151, P3] onBusEvent(LaunchTaskStartedEvent)
10-28 13:53:05.435 1729-1729/com.android.systemui D/EventBus: [1729, u0] onBusEvent(LaunchTaskStartedEvent) duration: 922 microseconds, avg: 430
10-28 13:53:05.442 1393-3284/system_process D/ActivityTrigger: ActivityTrigger activityPauseTrigger 
10-28 13:53:05.444 1729-1729/com.android.systemui D/EventBus: [1729, u0] send(LaunchTaskSucceededEvent)
10-28 13:53:05.444 2568-2742/com.miui.whetstone I/WtProcessController: mCurTask:43
10-28 13:53:05.444 1729-1729/com.android.systemui D/EventBus: [1729, u0]  -> RecentsActivity [0x3d67783, P2] onBusEvent(LaunchTaskSucceededEvent)
10-28 13:53:05.445 1729-1729/com.android.systemui D/EventBus: [1729, u0] onBusEvent(LaunchTaskSucceededEvent) duration: 106 microseconds, avg: 429
10-28 13:53:05.445 1729-1729/com.android.systemui D/EventBus: [1729, u0] onBusEvent(LaunchTaskEvent) duration: 11376 microseconds, avg: 442
10-28 13:53:05.446 1729-1729/com.android.systemui D/EventBus: [1729, u0] send(ClickTaskViewToLaunchTaskEvent)
10-28 13:53:05.446 1729-1729/com.android.systemui D/EventBus: [1729, u0]  -> TaskStackView [0x3141151, P3] onBusEvent(ClickTaskViewToLaunchTaskEvent)
10-28 13:53:05.446 1729-2678/com.android.systemui D/SystemServicesProxy: send push event Bundle[{pkgname=com.android.systemui, data={"id":"1509169984519","content":"switchApp"}, name=hideRecents, category=recents}]
10-28 13:53:05.446 1729-1729/com.android.systemui D/EventBus: [1729, u0] onBusEvent(ClickTaskViewToLaunchTaskEvent) duration: 62 microseconds, avg: 442
10-28 13:53:05.447 2403-2422/com.xiaomi.xmsf D/PushService: 2017-10-28 13:53:05,447 - [DEBUG::PushService] - com.xiaomi.joyoseis system app. StatService
10-28 13:53:05.448 1393-1457/system_process D/ui-boost: boost uithread for app=com.android.settings
10-28 13:53:05.448 1393-1457/system_process D/ui-boost: boost renderthread for app=com.android.settings, tid=4914
10-28 13:53:05.450 1729-1729/com.android.systemui D/EventBus: [1729, u0] send(UserInteractionEvent)
10-28 13:53:05.450 1729-1729/com.android.systemui D/EventBus: [1729, u0]  -> TaskStackView [0x3141151, P3] onBusEvent(UserInteractionEvent)
10-28 13:53:05.450 1729-1729/com.android.systemui D/EventBus: [1729, u0] onBusEvent(UserInteractionEvent) duration: 16 microseconds, avg: 441
10-28 13:53:05.450 1729-1729/com.android.systemui D/EventBus: [1729, u0]  -> RecentsActivity [0x3d67783, P2] onBusEvent(UserInteractionEvent)
10-28 13:53:05.450 1729-1729/com.android.systemui D/EventBus: [1729, u0] onBusEvent(UserInteractionEvent) duration: 12 microseconds, avg: 441
10-28 13:53:05.451 1393-1457/system_process D/ui-boost: reset uithread for app=com.android.systemui
10-28 13:53:05.451 1393-1457/system_process D/ui-boost: reset renderthread for app=com.android.systemui, tid=1866
10-28 13:53:05.452 2403-2403/com.xiaomi.xmsf W/PushService: 2017-10-28 13:53:05,452 - [WARN::PushService] - [Thread:1] TinyData cache data to file begin itemId:QwUrZ-161
10-28 13:53:05.453 1393-1458/system_process V/UidProcStateHelper: process state changed:[4880,1000,2]
10-28 13:53:05.453 1393-1458/system_process V/UidProcStateHelper: process state changed:[1698,1002,3]
10-28 13:53:05.453 1393-1458/system_process V/UidProcStateHelper: process state changed:[2624,1000,2]
10-28 13:53:05.454 2850-3120/com.miui.powerkeeper:service D/ProcessObserver: onForegroundActivitiesChanged, pid: 4880 uid: 1000 foregroundActivities: true
10-28 13:53:05.454 2850-3120/com.miui.powerkeeper:service D/ProcessObserver: Uid: 1000 Foreground
10-28 13:53:05.454 2850-3176/com.miui.powerkeeper:service D/HideModeStateMachine: updateForForegroundUidChangedLocked: uid = 1000 foreground = true
10-28 13:53:05.455 2850-3224/com.miui.powerkeeper:service D/PowerCheckerService: updateForFgUidChangedLocked, mScreenOn = true uid = 1000 foreground = true
10-28 13:53:05.455 2403-2403/com.xiaomi.xmsf W/PushService: 2017-10-28 13:53:05,455 - [WARN::PushService] - [Thread:1] TinyData cache data to file begin itemId:QwUrZ-162
10-28 13:53:05.456 2850-3224/com.miui.powerkeeper:service D/PowerChecker.BaStats: uid = 1000, uidForeground = true, lastBytes = 1727617, curBytes = 1727617, deltaBytes = 0
10-28 13:53:05.456 1729-2678/com.android.systemui D/SystemServicesProxy: send push event Bundle[{pkgname=com.android.systemui, data={"id":"1509169984519","content":"{\"switchType\":\"clickToSwitch\",\"taskPosition\":\"1\"}"}, name=switchApp, category=recents}]
10-28 13:53:05.457 1393-3280/system_process E/ActivityManager: applyOptionsLocked: Unknown animationType=0
10-28 13:53:05.459 2403-3902/com.xiaomi.xmsf D/PushService: 2017-10-28 13:53:05,459 - [DEBUG::PushService] - com.xiaomi.joyoseis system app. StatService
10-28 13:53:05.461 1393-3280/system_process I/Timeline: Timeline: App_transition_ready time:17042682
10-28 13:53:05.461 2568-2742/com.miui.whetstone I/WtProcessController: MOVE TO FOREGROUND: com.android.settings 1000
10-28 13:53:05.461 2568-2742/com.miui.whetstone I/StatusController: Last foreground:com.android.fileexplorer uid:10065 Current foreground:com.android.settings uid:1000
10-28 13:53:05.461 2850-3120/com.miui.powerkeeper:service D/ProcessObserver: onScreenAppChanged, FgUid: 1000, FgPackageName: com.android.settings, foreground: true
10-28 13:53:05.461 2850-3120/com.miui.powerkeeper:service D/ProcessObserver: onScreenAppChanged, PreTaskUid: 10065, PreTaskPackageName: com.android.fileexplorer, foreground: true
10-28 13:53:05.461 2850-3120/com.miui.powerkeeper:service D/ProcessObserver: Uid: 10065 Background
10-28 13:53:05.461 2568-2742/com.miui.whetstone I/WtProcessController: FOREGROUND INFO: name=com.android.settings uid=1000 pid=4880 TaskId:43
10-28 13:53:05.461 2850-3187/com.miui.powerkeeper:service D/PowerKeeper.Event: notifyForegroundCompomentChanged ComponentInfo{com.android.settings/com.android.settings.SubSettings}
10-28 13:53:05.462 2850-3241/com.miui.powerkeeper:service D/PowerStateMachine: eventMessage id:100 name:foreground
10-28 13:53:05.462 2850-3224/com.miui.powerkeeper:service D/PowerCheckerService: updateForFgUidChangedLocked, mScreenOn = true uid = 10065 foreground = false
10-28 13:53:05.463 2850-3224/com.miui.powerkeeper:service D/PowerChecker.BaStats: uid = 10065, uidForeground = false, lastBytes = 10843, curBytes = 12383, deltaBytes = 1540
10-28 13:53:05.464 2850-3696/com.miui.powerkeeper:service D/KillProcessAppRuleChecker: updateStateForInteractiveUidChangedLocked: uid = 10065 foreground = false
10-28 13:53:05.464 2850-3176/com.miui.powerkeeper:service D/HideModeStateMachine: updateForForegroundUidChangedLocked: uid = 10065 foreground = false
10-28 13:53:05.464 2850-3176/com.miui.powerkeeper:service I/HideModeStateMachine: Uid: 10065 State: inactive_level_1st |-> startRun
10-28 13:53:05.464 2850-3176/com.miui.powerkeeper:service I/HideModeStateMachine: Uid: 10065 State: inactive_level_1st Feature: appIdle |-> startRun
10-28 13:53:05.464 2850-3176/com.miui.powerkeeper:service I/HideModeStateMachine: Uid: 10065 State: inactive_level_1st Feature: sensor |-> startRun
10-28 13:53:05.464 2850-3176/com.miui.powerkeeper:service I/HideModeStateMachine: Uid: 10065 State: inactive_level_1st Feature: location |-> startRun
10-28 13:53:05.464 1393-1458/system_process V/UidProcStateHelper: process state changed:[1729,1000,0]
10-28 13:53:05.464 2850-3714/com.miui.powerkeeper:service D/ActiveStateController: updateStateForFgUidChangedLocked: uid = 10065 foreground = false
10-28 13:53:05.464 2850-3688/com.miui.powerkeeper:service D/AppActiveChecker: updateDownloadStateForFgUidChangedLocked, mScreenOn = true uid = 10065 foreground = false
10-28 13:53:05.465 2850-3689/com.miui.powerkeeper:service D/DeviceIdleAppRuleChecker: updateStateForInteractiveUidChangedLocked: uid = 10065 foreground = false
10-28 13:53:05.467 1393-1762/system_process I/Timeline: Timeline: App_transition_ready time:17042689
10-28 13:53:05.469 2850-3688/com.miui.powerkeeper:service D/AppActiveChecker: sendMessageDelayed: uid = 10065 delayMillis = 180000 elapsedRealtime = 159230664
10-28 13:53:05.469 2850-3714/com.miui.powerkeeper:service D/ActiveStateController: updateRuleForUidLocked, uid = 10065 property = 33
10-28 13:53:05.470 2850-3714/com.miui.powerkeeper:service D/PowerKeeperConfigureProvider: appActiveTable insert 135
10-28 13:53:05.475 4880-4880/com.android.settings W/Settings: Setting bugreport_in_power_menu has moved from android.provider.Settings.Secure to android.provider.Settings.Global.
10-28 13:53:05.476 1393-1472/system_process I/Timeline: Timeline: App_transition_ready time:17042697
10-28 13:53:05.483 1729-1729/com.android.systemui D/PhoneStatusBar: disable: 0x00000000 -> 0x00000240 (diff: 0x00000240)
10-28 13:53:05.484 1729-1729/com.android.systemui D/PhoneStatusBar: disable: < expand icons alerts ticker system_info back home recent clock full hide keyguard none float >
10-28 13:53:05.484 1729-1729/com.android.systemui V/PhoneStatusBarPolicy: updateManagedProfile mManagedProfileFocused: false mManagedProfileInQuietMode: false mKeyguardVisible: false mCurrentUserId:0 mCurrentProfileId:0 mSecondSpaceStatusIconVisible: true showIcon:false
10-28 13:53:05.484 1729-1729/com.android.systemui D/EventBus: [1729, u0] send(CancelEnterRecentsWindowAnimationEvent)
10-28 13:53:05.484 1393-2553/system_process E/UserRestrictionsUtils: Unknown restriction: no_oem_unlock
10-28 13:53:05.484 1729-1729/com.android.systemui D/EventBus: [1729, u0]  -> RecentsActivity [0x3d67783, P2] onBusEvent(CancelEnterRecentsWindowAnimationEvent)
10-28 13:53:05.485 1729-1729/com.android.systemui D/EventBus: [1729, u0] onBusEvent(CancelEnterRecentsWindowAnimationEvent) duration: 604 microseconds, avg: 441
10-28 13:53:05.485 1393-2579/system_process E/UserRestrictionsUtils: Unknown restriction: no_oem_unlock
10-28 13:53:05.485 1729-1729/com.android.systemui D/EventBus: [1729, u0] send(ExitRecentsWindowFirstAnimationFrameEvent)
10-28 13:53:05.485 1729-1729/com.android.systemui D/EventBus: [1729, u0]  -> RecentsActivity [0x3d67783, P2] onBusEvent(ExitRecentsWindowFirstAnimationFrameEvent)
10-28 13:53:05.485 1729-1729/com.android.systemui D/EventBus: [1729, u0] onBusEvent(ExitRecentsWindowFirstAnimationFrameEvent) duration: 93 microseconds, avg: 441
10-28 13:53:05.486 1729-1729/com.android.systemui D/SimpleStatusBar: updateDarkMode() mDarkMode=true
10-28 13:53:05.486 1729-1729/com.android.systemui D/SimpleStatusBar: updateDarkMode() mIconsDarkArea=null
10-28 13:53:05.492 1729-1729/com.android.systemui D/SimpleStatusBar: updateBatteryChargingIcon() mQuickCharging=false; mDarkMode=true
10-28 13:53:05.512 1393-2349/system_process I/SplashScreenServiceDelegate: None for com.android.settings
10-28 13:53:05.758 459-2368/? E/ANDR-PERF-OPTSHANDLER: perf_lock_rel: updated /sys/class/scsi_host/host0/../../../clkscale_enable with 1
                                                        return value 2
10-28 13:53:05.840 1393-1472/system_process I/Timeline: Timeline: App_transition_stopped time:17043062
10-28 13:53:05.850 1393-1472/system_process I/Timeline: Timeline: Activity_windows_visible id: ActivityRecord{ec02e28 u0 com.android.settings/.SubSettings t43} time:17043072
10-28 13:53:05.851 1393-1457/system_process D/ActivityTrigger: ActivityTrigger activityStopTrigger 
10-28 13:53:05.859 1729-1729/com.android.systemui D/EventBus: [1729, u0] send(AppTransitionFinishedEvent)
10-28 13:53:05.859 1729-1729/com.android.systemui D/EventBus: [1729, u0]  -> ForcedResizableInfoActivityController [0xb41d5c9, P1] onBusEvent(AppTransitionFinishedEvent)
10-28 13:53:05.859 1729-1729/com.android.systemui D/EventBus: [1729, u0] onBusEvent(AppTransitionFinishedEvent) duration: 25 microseconds, avg: 440
10-28 13:53:05.860 1729-1729/com.android.systemui D/EventBus: [1729, u0] send(RecentsVisibilityChangedEvent)
10-28 13:53:05.861 1729-1729/com.android.systemui D/EventBus: [1729, u0]  -> TaskStackView [0x3141151, P3] onBusEvent(RecentsVisibilityChangedEvent)
10-28 13:53:05.861 1729-1729/com.android.systemui D/EventBus: [1729, u0] onBusEvent(RecentsVisibilityChangedEvent) duration: 14 microseconds, avg: 440
10-28 13:53:05.861 1729-1729/com.android.systemui D/EventBus: [1729, u0]  -> Recents [0x8093562, P1] onBusEvent(RecentsVisibilityChangedEvent)
10-28 13:53:05.861 1729-1729/com.android.systemui D/EventBus: [1729, u0] onBusEvent(RecentsVisibilityChangedEvent) duration: 23 microseconds, avg: 439
10-28 13:53:05.863 1729-2678/com.android.systemui D/SystemServicesProxy: send push event Bundle[{pkgname=com.android.systemui, data={"id":"1509169984519","content":"total"}, name=hideRecents, category=recents}]
10-28 13:53:05.864 1729-1729/com.android.systemui D/EventBus: [1729, u0] send(AppTransitionFinishedEvent)
10-28 13:53:05.864 1729-1729/com.android.systemui D/EventBus: [1729, u0]  -> ForcedResizableInfoActivityController [0xb41d5c9, P1] onBusEvent(AppTransitionFinishedEvent)
10-28 13:53:05.865 1729-1729/com.android.systemui D/EventBus: [1729, u0] onBusEvent(AppTransitionFinishedEvent) duration: 23 microseconds, avg: 439
10-28 13:53:05.865 2403-2403/com.xiaomi.xmsf W/PushService: 2017-10-28 13:53:05,865 - [WARN::PushService] - [Thread:1] TinyData cache data to file begin itemId:QwUrZ-163
10-28 13:53:05.866 2403-2422/com.xiaomi.xmsf D/PushService: 2017-10-28 13:53:05,866 - [DEBUG::PushService] - com.xiaomi.joyoseis system app. StatService
10-28 13:53:05.873 1393-3290/system_process I/WindowManager: Destroying surface Surface(name=com.android.systemui/com.android.systemui.recents.RecentsActivity) called by com.android.server.wm.WindowStateAnimator.destroySurface:2043 com.android.server.wm.WindowStateAnimator.destroySurfaceLocked:895 com.android.server.wm.WindowState.destroyOrSaveSurface:2125 com.android.server.wm.WindowManagerService.tryStartExitingAnimation:3152 com.android.server.wm.WindowManagerService.relayoutWindow:3032 com.android.server.wm.Session.relayout:224 android.view.IWindowSession$Stub.onTransact:286 com.android.server.wm.Session.onTransact:145 
10-28 13:53:05.883 1393-1458/system_process V/UidProcStateHelper: process state changed:[5364,10065,14]
10-28 13:53:05.883 1393-1458/system_process V/UidProcStateHelper: process state changed:[4469,1000,15]
10-28 13:53:06.043 2496-2496/? W/JDWP: type=1400 audit(0.0:1375): avc: denied { connectto } for path=006A6477702D636F6E74726F6C scontext=u:r:dataservice_app:s0 tcontext=u:r:su:s0 tclass=unix_stream_socket permissive=0
10-28 13:53:06.740 1698-5015/com.android.bluetooth I/bt_btif: get_profile_interface LOG_ID
10-28 13:53:06.741 1698-5015/com.android.bluetooth D/BluetoothServiceJni: Setting stack log levels. 6
10-28 13:53:06.741 1698-5015/com.android.bluetooth I/BTA_setStackLog: New trace level set for layer %s is %d: TRC_BTM
10-28 13:53:06.741 1698-5015/com.android.bluetooth I/BTA_setStackLog: New trace level set for layer %s is %d: TRC_HCI
10-28 13:53:06.741 1698-5015/com.android.bluetooth I/BTA_setStackLog: New trace level set for layer %s is %d: TRC_L2CAP
10-28 13:53:06.741 1698-5015/com.android.bluetooth I/BTA_setStackLog: New trace level set for layer %s is %d: TRC_RFCOMM
10-28 13:53:06.741 1698-5015/com.android.bluetooth I/BTA_setStackLog: Unable to set Layer %s with level %d. Layer not found: TRC_AVCT
10-28 13:53:06.742 1698-5015/com.android.bluetooth I/BTA_setStackLog: New trace level set for layer %s is %d: TRC_AVDT
10-28 13:53:06.742 1698-5015/com.android.bluetooth I/BTA_setStackLog: New trace level set for layer %s is %d: TRC_AVRC
10-28 13:53:06.742 1698-5015/com.android.bluetooth I/BTA_setStackLog: Unable to set Layer %s with level %d. Layer not found: TRC_AVDT_CCB
10-28 13:53:06.742 1698-5015/com.android.bluetooth I/BTA_setStackLog: New trace level set for layer %s is %d: TRC_A2D
10-28 13:53:06.742 1698-5015/com.android.bluetooth I/BTA_setStackLog: New trace level set for layer %s is %d: TRC_SDP
10-28 13:53:06.742 1698-5015/com.android.bluetooth I/BTA_setStackLog: New trace level set for layer %s is %d: TRC_GATT
10-28 13:53:06.743 1698-5015/com.android.bluetooth I/BTA_setStackLog: New trace level set for layer %s is %d: TRC_SMP
10-28 13:53:06.743 1698-5015/com.android.bluetooth I/BTA_setStackLog: New trace level set for layer %s is %d: TRC_BTAPP
10-28 13:53:06.743 1698-5015/com.android.bluetooth I/BTA_setStackLog: New trace level set for layer %s is %d: TRC_BTIF
10-28 13:53:06.743 1698-5015/com.android.bluetooth I/BTA_setStackLog: Unable to set Layer %s with level %d. Layer not found: TRC_HID_HOST
10-28 13:53:06.743 1698-5015/com.android.bluetooth I/BTA_setStackLog: Unable to set Layer %s with level %d. Layer not found: TRC_HID_DEV
10-28 13:53:06.743 1698-5015/com.android.bluetooth I/BTA_setStackLog: New trace level set for layer %s is %d: TRC_BNEP
10-28 13:53:06.744 1698-5015/com.android.bluetooth I/BTA_setStackLog: New trace level set for layer %s is %d: TRC_GAP
10-28 13:53:06.744 1698-5015/com.android.bluetooth I/BTA_setStackLog: New trace level set for layer %s is %d: TRC_PAN
10-28 13:53:06.744 1698-5015/com.android.bluetooth I/BTA_setStackLog: New trace level set for layer %s is %d: TRC_LATENCY_AUDIO
10-28 13:53:06.748 1698-5015/com.android.bluetooth I/bt_btif: config_hci_snoop_log, enable=1
10-28 13:53:06.748 1698-5015/com.android.bluetooth D/bt_snoop_net: initialized
10-28 13:53:06.750 1698-5616/com.android.bluetooth E/bt_snoop_net: listen_fn_ unable to bind listen socket: Address already in use
10-28 13:53:06.754 1698-5015/com.android.bluetooth D/bt_btif: btif_stack_log_interface
10-28 13:53:06.754 1698-5015/com.android.bluetooth I/BTA_setStackLog: New trace level set for layer %s is %d: TRC_HCI
10-28 13:53:06.754 1698-5015/com.android.bluetooth D/bt_btif: btif_stack_log_interface
10-28 13:53:06.754 1698-5015/com.android.bluetooth I/BTA_setStackLog: New trace level set for layer %s is %d: TRC_L2CAP
10-28 13:53:06.754 1698-5015/com.android.bluetooth D/bt_btif: btif_stack_log_interface
10-28 13:53:06.755 1698-5015/com.android.bluetooth I/BTA_setStackLog: New trace level set for layer %s is %d: TRC_RFCOMM
10-28 13:53:06.755 1698-5015/com.android.bluetooth D/bt_btif: btif_stack_log_interface
10-28 13:53:06.755 1698-5015/com.android.bluetooth I/BTA_setStackLog: New trace level set for layer %s is %d: TRC_AVDT
10-28 13:53:06.755 1698-5015/com.android.bluetooth D/bt_btif: btif_stack_log_interface
10-28 13:53:06.755 1698-5015/com.android.bluetooth I/BTA_setStackLog: New trace level set for layer %s is %d: TRC_AVRC
10-28 13:53:06.755 1698-5015/com.android.bluetooth D/bt_btif: btif_stack_log_interface
10-28 13:53:06.756 1698-5015/com.android.bluetooth I/BTA_setStackLog: Unable to set Layer %s with level %d. Layer not found: TRC_AVDT_SCB
10-28 13:53:06.756 1698-5015/com.android.bluetooth D/bt_btif: btif_stack_log_interface
10-28 13:53:06.756 1698-5015/com.android.bluetooth I/BTA_setStackLog: New trace level set for layer %s is %d: TRC_A2D
10-28 13:53:06.756 1698-5015/com.android.bluetooth D/bt_btif: btif_stack_log_interface
10-28 13:53:06.756 1698-5015/com.android.bluetooth I/BTA_setStackLog: New trace level set for layer %s is %d: TRC_BNEP
10-28 13:53:06.756 1698-5015/com.android.bluetooth D/bt_btif: btif_stack_log_interface
10-28 13:53:06.757 1698-5015/com.android.bluetooth D/bt_btm: BTM_SetTraceLevel
10-28 13:53:06.757 1698-5015/com.android.bluetooth I/BTA_setStackLog: New trace level set for layer %s is %d: TRC_BTM
10-28 13:53:06.757 1698-5015/com.android.bluetooth D/bt_btif: btif_stack_log_interface
10-28 13:53:06.757 1698-5015/com.android.bluetooth I/BTA_setStackLog: New trace level set for layer %s is %d: TRC_GAP
10-28 13:53:06.757 1698-5015/com.android.bluetooth D/bt_btif: btif_stack_log_interface
10-28 13:53:06.757 1698-5015/com.android.bluetooth I/BTA_setStackLog: New trace level set for layer %s is %d: TRC_PAN
10-28 13:53:06.758 1698-5015/com.android.bluetooth D/bt_btif: btif_stack_log_interface
10-28 13:53:06.758 1698-5015/com.android.bluetooth I/BTA_setStackLog: New trace level set for layer %s is %d: TRC_SDP
10-28 13:53:06.758 1698-5015/com.android.bluetooth D/bt_btif: btif_stack_log_interface
10-28 13:53:06.758 1698-5015/com.android.bluetooth I/BTA_setStackLog: New trace level set for layer %s is %d: TRC_GATT
10-28 13:53:06.758 1698-5015/com.android.bluetooth D/bt_btif: btif_stack_log_interface
10-28 13:53:06.759 1698-5015/com.android.bluetooth I/BTA_setStackLog: New trace level set for layer %s is %d: TRC_SMP
10-28 13:53:06.759 1698-5015/com.android.bluetooth D/bt_btif: btif_stack_log_interface
10-28 13:53:06.759 1698-5015/com.android.bluetooth I/BTA_setStackLog: New trace level set for layer %s is %d: TRC_LATENCY_AUDIO
10-28 13:53:06.759 1698-5015/com.android.bluetooth D/bt_btif: btif_stack_log_interface
10-28 13:53:06.759 1698-5015/com.android.bluetooth I/BTA_setStackLog: New trace level set for layer %s is %d: TRC_BTAPP
10-28 13:53:06.759 1698-5015/com.android.bluetooth D/bt_btif: btif_stack_log_interface
10-28 13:53:06.760 1698-5015/com.android.bluetooth I/BTA_setStackLog: New trace level set for layer %s is %d: TRC_BTIF
10-28 13:53:07.515 1983-1983/? D/wpa_supplicant: wlan0: Control interface command 'SIGNAL_POLL'
10-28 13:53:07.911 851-1693/? I/fpc_fingerprint_hal: wait_wake_up (get_irq)
10-28 13:53:07.929 1393-1634/system_process D/BaseMiuiPhoneWindowManager: keyCode:23 down:true eventTime:17045149 downTime:17045149 policyFlags:22000002 deviceId:0 isScreenOn:true keyguardActive:false repeatCount:0
10-28 13:53:08.032 1393-1634/system_process D/BaseMiuiPhoneWindowManager: keyCode:23 down:false eventTime:17045253 downTime:17045149 policyFlags:22000002 deviceId:0 isScreenOn:true keyguardActive:false repeatCount:0
10-28 13:53:08.033 1393-1634/system_process D/BaseMiuiPhoneWindowManager: keyCode:3 down:true eventTime:17045254 downTime:17045254 policyFlags:2b000002 deviceId:-1 isScreenOn:true keyguardActive:false repeatCount:0
10-28 13:53:08.036 1393-1634/system_process D/BaseMiuiPhoneWindowManager: keyCode:3 down:false eventTime:17045254 downTime:17045254 policyFlags:2b000002 deviceId:-1 isScreenOn:true keyguardActive:false repeatCount:0
10-28 13:53:08.033 2496-2496/? W/JDWP: type=1400 audit(0.0:1376): avc: denied { connectto } for path=006A6477702D636F6E74726F6C scontext=u:r:dataservice_app:s0 tcontext=u:r:su:s0 tclass=unix_stream_socket permissive=0
10-28 13:53:08.066 1393-1633/system_process I/SplashScreenServiceDelegate: None for com.miui.home
10-28 13:53:08.067 1393-1633/system_process I/ActivityManager: START u0 {act=android.intent.action.MAIN cat=[android.intent.category.HOME] flg=0x10200000 cmp=com.miui.home/.launcher.Launcher (has extras)} from uid 1000 on display 0
10-28 13:53:08.083 2568-2742/com.miui.whetstone I/WtEventController: dispatchSysInfoEvent AM_NEW_INTENT componentName:com.miui.home/.launcher.Launcher
10-28 13:53:08.083 2568-2742/com.miui.whetstone D/WhetstoneService: onAMNewIntent callback
10-28 13:53:08.090 1393-1633/system_process D/ActivityTrigger: ActivityTrigger activityPauseTrigger 
10-28 13:53:08.095 2568-2742/com.miui.whetstone I/WtProcessController: mCurTask:19
10-28 13:53:08.104 1393-2579/system_process D/ui-boost: boost uithread for app=com.miui.home
10-28 13:53:08.104 1393-2579/system_process D/ui-boost: boost renderthread for app=com.miui.home, tid=2988
10-28 13:53:08.105 1393-2579/system_process D/ui-boost: reset uithread for app=com.android.settings
10-28 13:53:08.105 1393-2579/system_process D/ui-boost: reset renderthread for app=com.android.settings, tid=4914
10-28 13:53:08.106 1393-2579/system_process D/ui-boost: reset uithread for app=com.android.bluetooth
10-28 13:53:08.106 1393-2579/system_process D/ui-boost: reset renderthread for app=com.android.bluetooth, tid=17508
10-28 13:53:08.138 1393-2579/system_process I/Timeline: Timeline: App_transition_ready time:17045360
10-28 13:53:08.139 2568-2742/com.miui.whetstone I/WtProcessController: MOVE TO FOREGROUND: com.miui.home 10023
10-28 13:53:08.139 2568-2742/com.miui.whetstone I/StatusController: Last foreground:com.android.settings uid:1000 Current foreground:com.miui.home uid:10023
10-28 13:53:08.140 2850-3187/com.miui.powerkeeper:service D/PowerKeeper.Event: notifyForegroundCompomentChanged ComponentInfo{com.miui.home/com.miui.home.launcher.Launcher}
10-28 13:53:08.140 1393-1458/system_process V/UidProcStateHelper: process state changed:[2386,10023,2]
10-28 13:53:08.140 2850-3241/com.miui.powerkeeper:service D/PowerStateMachine: eventMessage id:100 name:foreground
10-28 13:53:08.141 2568-2742/com.miui.whetstone I/WtProcessController: FOREGROUND INFO: name=com.miui.home uid=10023 pid=2386 TaskId:19
10-28 13:53:08.141 2850-3241/com.miui.powerkeeper:service D/PowerStateMachine: normal_state exited
10-28 13:53:08.142 2850-3241/com.miui.powerkeeper:service D/PowerStateMachine: home_state entered
10-28 13:53:08.142 2850-3120/com.miui.powerkeeper:service D/ProcessObserver: onForegroundActivitiesChanged, pid: 2386 uid: 10023 foregroundActivities: true
10-28 13:53:08.142 2850-3120/com.miui.powerkeeper:service D/ProcessObserver: Uid: 10023 Foreground
10-28 13:53:08.142 2327-2327/? I/octvm_power: power mode [home] start 1509169988
10-28 13:53:08.143 2327-2327/? I/octvm_power: Action: set_cpu_powermode(middle) for [foreground_change]
10-28 13:53:08.143 2327-2327/? I/octvm_drv: common drv: platform_set_power_profile -> platform not support
10-28 13:53:08.143 2327-2327/? I/octvm_power: Action: set_lcd_mode(default) for [foreground_change]
10-28 13:53:08.143 2327-2327/? I/octvm_drv: common drv: platform_set_lcd_mode -> platform not support
10-28 13:53:08.143 2327-2327/? I/octvm_power: Action: set_thermal_config(restore) for [foreground_change]
10-28 13:53:08.143 2327-2327/? I/octvm_drv: common drv: platform_set_thermal_mode -> platform not support
10-28 13:53:08.143 2327-2327/? I/octvm_power: onPowerModeChanged[home] called
10-28 13:53:08.147 2850-3689/com.miui.powerkeeper:service D/DeviceIdleAppRuleChecker: updateStateForInteractiveUidChangedLocked: uid = 10023 foreground = true
10-28 13:53:08.148 2850-3688/com.miui.powerkeeper:service D/AppActiveChecker: updateDownloadStateForFgUidChangedLocked, mScreenOn = true uid = 10023 foreground = true
10-28 13:53:08.148 2850-3688/com.miui.powerkeeper:service D/AppActiveChecker: updateAppActiveStateForUidLocked, uid = 10023 appActiveState = 0
10-28 13:53:08.148 2386-3026/com.miui.home I/RenderThread: RenderThread resumed
10-28 13:53:08.148 2386-3026/com.miui.home I/RenderThread: All controllers paused.
10-28 13:53:08.148 2386-3026/com.miui.home I/RenderThread: RenderThread paused, waiting for signal
10-28 13:53:08.149 2850-3176/com.miui.powerkeeper:service D/HideModeStateMachine: updateForForegroundUidChangedLocked: uid = 10023 foreground = true
10-28 13:53:08.150 2850-3176/com.miui.powerkeeper:service I/HideModeStateMachine: Uid: 10023 State: inactive_level_1st |-> setForegroundActive
10-28 13:53:08.150 2850-3176/com.miui.powerkeeper:service I/HideModeStateMachine: Uid: 10023 State: inactive_level_1st Feature: appIdle |-> setSubStateForegroundActive
10-28 13:53:08.150 2850-3176/com.miui.powerkeeper:service I/HideModeStateMachine: Uid: 10023 State: inactive_level_1st Feature: sensor |-> setSubStateForegroundActive
10-28 13:53:08.150 2850-3176/com.miui.powerkeeper:service I/HideModeStateMachine: Uid: 10023 State: inactive_level_1st Feature: location |-> setSubStateForegroundActive
10-28 13:53:08.150 2850-3176/com.miui.powerkeeper:service I/HideModeStateMachine: Uid: 10023 State: active |-> setForegroundActive
10-28 13:53:08.151 2850-3120/com.miui.powerkeeper:service D/ProcessObserver: Uid: 10023 ForePreTask
10-28 13:53:08.151 2850-3714/com.miui.powerkeeper:service D/ActiveStateController: updateStateForFgUidChangedLocked: uid = 10023 foreground = true
10-28 13:53:08.151 2850-3120/com.miui.powerkeeper:service D/ProcessObserver: onScreenAppChanged, FgUid: 10023, FgPackageName: com.miui.home, foreground: true
10-28 13:53:08.151 2850-3176/com.miui.powerkeeper:service D/HideModeStateMachine: updateForForegroundPreTaskUidChangedLocked: uid = 10023 foreground = true
10-28 13:53:08.151 2850-3120/com.miui.powerkeeper:service D/ProcessObserver: onScreenAppChanged, PreTaskUid: 1000, PreTaskPackageName: com.android.settings, foreground: true
10-28 13:53:08.151 2850-3120/com.miui.powerkeeper:service D/ProcessObserver: Uid: 10065 BackPreTask
10-28 13:53:08.152 2850-3224/com.miui.powerkeeper:service D/PowerCheckerService: updateForFgUidChangedLocked, mScreenOn = true uid = 10023 foreground = true
10-28 13:53:08.152 1729-1729/com.android.systemui D/PhoneStatusBar: disable: 0x00000240 -> 0x00800240 (diff: 0x00800000)
10-28 13:53:08.152 1729-1729/com.android.systemui D/PhoneStatusBar: disable: < expand icons alerts ticker system_info back home recent CLOCK* full hide keyguard none float >
10-28 13:53:08.153 2386-3026/com.miui.home I/RenderThread: RenderThread resumed
10-28 13:53:08.153 2850-3224/com.miui.powerkeeper:service D/PowerChecker.BaStats: uid = 10023, uidForeground = true, lastBytes = 0, curBytes = 0, deltaBytes = 0
10-28 13:53:08.153 2386-3026/com.miui.home D/ScreenElementRoot: resume
10-28 13:53:08.153 2850-3696/com.miui.powerkeeper:service D/KillProcessAppRuleChecker: updateStateForInteractiveUidChangedLocked: uid = 10023 foreground = true
10-28 13:53:08.154 2850-3176/com.miui.powerkeeper:service D/HideModeStateMachine: updateForForegroundPreTaskUidChangedLocked: uid = 10065 foreground = false
10-28 13:53:08.156 2386-3026/com.miui.home I/NotifierManager: onRegister: miui.maml.NotifierManager$MultiBroadcastNotifier@4b7871e
10-28 13:53:08.158 1393-2383/system_process I/Timeline: Timeline: App_transition_ready time:17045380
10-28 13:53:08.159 1729-1729/com.android.systemui D/PhoneStatusBar: disable: 0x00800240 -> 0x00800000 (diff: 0x00000240)
10-28 13:53:08.159 1729-1729/com.android.systemui D/PhoneStatusBar: disable: < expand icons alerts ticker system_info back home recent CLOCK full hide keyguard none float >
10-28 13:53:08.160 1729-1729/com.android.systemui D/SimpleStatusBar: updateDarkMode() mDarkMode=false
10-28 13:53:08.160 1729-1729/com.android.systemui D/SimpleStatusBar: updateDarkMode() mIconsDarkArea=null
10-28 13:53:08.187 1393-3291/system_process I/SplashScreenServiceDelegate: None for com.miui.home
10-28 13:53:08.189 1729-1729/com.android.systemui W/ResourceType: No package identifier when getting value for resource number 0x00000000
10-28 13:53:08.190 1729-1729/com.android.systemui E/Icon: Unable to load resource 0x00000000 from pkg=com.android.systemui
                                                          android.content.res.Resources$NotFoundException: Resource ID #0x0
                                                              at android.content.res.ResourcesImpl.getValue(ResourcesImpl.java:201)
                                                              at android.content.res.MiuiResourcesImpl.getValue(MiuiResourcesImpl.java:94)
                                                              at android.content.res.Resources.getDrawable(Resources.java:784)
                                                              at android.graphics.drawable.Icon.loadDrawableInner(Icon.java:316)
                                                              at android.graphics.drawable.Icon.loadDrawable(Icon.java:272)
                                                              at android.graphics.drawable.Icon.loadDrawableAsUser(Icon.java:380)
                                                              at com.android.systemui.statusbar.ExpandedIcon.getDrawable(ExpandedIcon.java:59)
                                                              at com.android.systemui.statusbar.StatusBarIconView.getIcon(StatusBarIconView.java:179)
                                                              at com.android.systemui.statusbar.StatusBarIconView.setIcon(StatusBarIconView.java:138)
                                                              at com.android.systemui.statusbar.StatusBarIconView.updateDarkMode(StatusBarIconView.java:271)
                                                              at com.android.systemui.statusbar.phone.SimpleStatusBar.updateDarkMode(SimpleStatusBar.java:291)
                                                              at com.android.systemui.statusbar.phone.PhoneStatusBar$19.run(PhoneStatusBar.java:3706)
                                                              at android.os.Handler.handleCallback(Handler.java:754)
                                                              at android.os.Handler.dispatchMessage(Handler.java:95)
                                                              at android.os.Looper.loop(Looper.java:163)
                                                              at android.app.ActivityThread.main(ActivityThread.java:6321)
                                                              at java.lang.reflect.Method.invoke(Native Method)
                                                              at com.android.internal.os.ZygoteInit$MethodAndArgsCaller.run(ZygoteInit.java:880)
                                                              at com.android.internal.os.ZygoteInit.main(ZygoteInit.java:770)
10-28 13:53:08.190 1729-1729/com.android.systemui D/SimpleStatusBar: updateBatteryChargingIcon() mQuickCharging=false; mDarkMode=false
10-28 13:53:08.195 1393-1472/system_process I/Timeline: Timeline: App_transition_ready time:17045417
10-28 13:53:08.202 1729-1729/com.android.systemui V/PhoneStatusBarPolicy: updateManagedProfile mManagedProfileFocused: false mManagedProfileInQuietMode: false mKeyguardVisible: false mCurrentUserId:0 mCurrentProfileId:0 mSecondSpaceStatusIconVisible: true showIcon:false
10-28 13:53:08.405 459-2368/? E/ANDR-PERF-OPTSHANDLER: perf_lock_rel: updated /sys/class/scsi_host/host0/../../../clkscale_enable with 1
                                                        return value 2
10-28 13:53:08.520 1393-1472/system_process I/Timeline: Timeline: App_transition_stopped time:17045742
10-28 13:53:08.531 1393-1472/system_process I/Timeline: Timeline: Activity_windows_visible id: ActivityRecord{a692f0a u0 com.miui.home/.launcher.Launcher t19} time:17045753
10-28 13:53:08.533 1393-1457/system_process D/ActivityTrigger: ActivityTrigger activityStopTrigger 
10-28 13:53:08.534 1729-1729/com.android.systemui D/EventBus: [1729, u0] send(AppTransitionFinishedEvent)
10-28 13:53:08.535 1729-1729/com.android.systemui D/EventBus: [1729, u0]  -> ForcedResizableInfoActivityController [0xb41d5c9, P1] onBusEvent(AppTransitionFinishedEvent)
10-28 13:53:08.536 1729-1729/com.android.systemui D/EventBus: [1729, u0] onBusEvent(AppTransitionFinishedEvent) duration: 72 microseconds, avg: 438
10-28 13:53:08.542 1393-1457/system_process D/ui-boost: boost uithread for app=com.android.bluetooth
10-28 13:53:08.542 1393-1457/system_process D/ui-boost: boost renderthread for app=com.android.bluetooth, tid=17508
10-28 13:53:08.544 1393-1458/system_process V/UidProcStateHelper: process state changed:[4880,1000,13]
10-28 13:53:08.544 1393-1458/system_process V/UidProcStateHelper: process state changed:[1698,1002,6]
10-28 13:53:08.544 1393-1458/system_process V/UidProcStateHelper: process state changed:[2624,1000,3]
10-28 13:53:08.547 1729-1729/com.android.systemui D/EventBus: [1729, u0] send(AppTransitionFinishedEvent)
10-28 13:53:08.548 1729-1729/com.android.systemui D/EventBus: [1729, u0]  -> ForcedResizableInfoActivityController [0xb41d5c9, P1] onBusEvent(AppTransitionFinishedEvent)
10-28 13:53:08.549 1729-1729/com.android.systemui D/EventBus: [1729, u0] onBusEvent(AppTransitionFinishedEvent) duration: 64 microseconds, avg: 438
10-28 13:53:08.581 2850-3120/com.miui.powerkeeper:service D/ProcessObserver: onForegroundActivitiesChanged, pid: 4880 uid: 1000 foregroundActivities: false
10-28 13:53:08.581 2850-3120/com.miui.powerkeeper:service D/ProcessObserver: Uid: 1000 Background
10-28 13:53:08.583 2850-3176/com.miui.powerkeeper:service D/HideModeStateMachine: updateForForegroundUidChangedLocked: uid = 1000 foreground = false
10-28 13:53:08.583 2850-3224/com.miui.powerkeeper:service D/PowerCheckerService: updateForFgUidChangedLocked, mScreenOn = true uid = 1000 foreground = false
10-28 13:53:08.590 2850-3224/com.miui.powerkeeper:service D/PowerChecker.BaStats: uid = 1000, uidForeground = false, lastBytes = 1727617, curBytes = 1727617, deltaBytes = 0
10-28 13:53:08.767 2403-3902/com.xiaomi.xmsf D/com.xiaomi.common.Network: Http POST Response Code: 200
10-28 13:53:08.810 812-812/? I/cnss-daemon: RTM_NEWNEIGH message received: 28
10-28 13:53:08.810 812-812/? E/cnss-daemon: Stale or unreachable neighbors, ndm state: 4
10-28 13:53:09.113 1729-1729/com.android.systemui D/expandable_toggle: OnToggleOrderChanged(false) (false) 
10-28 13:53:09.117 1729-1729/com.android.systemui D/ExpandableTogglesLayout: getCollapsedHeight() mRowHeight228
10-28 13:53:09.117 1729-1729/com.android.systemui D/ExpandableTogglesLayout: getExpandedHeight() =744
10-28 13:53:09.117 1729-1729/com.android.systemui D/ExpandableTogglesLayout: getExpandedHeight() =744
10-28 13:53:09.117 1729-1729/com.android.systemui D/ExpandableTogglesLayout: getCollapsedHeight() mRowHeight228
10-28 13:53:09.117 1729-1729/com.android.systemui D/ExpandableTogglesLayout: getExpandedHeight() =516
10-28 13:53:09.117 1729-1729/com.android.systemui D/ExpandableTogglesLayout: getExpandedHeight() =744
10-28 13:53:09.118 1729-1729/com.android.systemui D/ExpandableTogglesLayout: getCollapsedHeight() mRowHeight228
10-28 13:53:09.118 1729-1729/com.android.systemui D/expandable_toggle: OnToggleOrderChanged() mFlowStatusBar.getVisibility() is visible=false;mFlowStatusBar.getHeight()=0;mSmallQSContainerHeight=367;mLargeQSContainerHeight=883;mLargeTogglePanelHeight=744;mSmallTogglePanelHeight=228;mQSContainer.getY()=-540.0
10-28 13:53:09.119 1393-2575/system_process D/systemui_boost: notification panel visible=true
10-28 13:53:09.120 1393-2575/system_process D/systemui_boost: ui thread tid=1729
10-28 13:53:09.120 1393-2575/system_process D/systemui_boost: render thread tid=1866
10-28 13:53:09.120 1393-2575/system_process D/systemui_boost: ui thread old priority=0
10-28 13:53:09.120 1393-2575/system_process D/systemui_boost: render thread old priority=0
10-28 13:53:09.120 1393-2575/system_process D/systemui_boost: thread tid=1729, priority is set to -10
10-28 13:53:09.120 1393-2575/system_process D/systemui_boost: thread tid=1866, priority is set to -10
10-28 13:53:09.120 1393-2575/system_process D/systemui_boost: ui thread and render thread are boosted
10-28 13:53:09.120 1393-2575/system_process D/NotificationService: thread tid=1659, priority is set to -2
10-28 13:53:09.120 1393-2575/system_process D/LockBoost: tid=2575, prevPriority=0
10-28 13:53:09.121 1393-2575/system_process D/LockBoost: thread tid=2575 priority is boosted to -2
10-28 13:53:09.122 1393-2575/system_process D/LockBoost: thread tid=2575 priority is reset to 0
10-28 13:53:09.156 1729-1729/com.android.systemui W/ProgressBarDelegate: Unknown Drawable subclass, src=android.graphics.drawable.ScaleDrawable@5fa7612
10-28 13:53:09.200 1729-1866/com.android.systemui W/OpenGLRenderer: cuilf pushLayerUpdate 309 delete mLayer: 0x7f5bd26f00, RenderLayer: 0x7f66a47c00
10-28 13:53:09.908 1729-1729/com.android.systemui D/expandable_toggle: TogglePanelTouchHelper.adjustTogglePanelHeight() mLargeQSContainerHeight=883;mSmallQSContainerHeight=367;mLargeTogglePanelHeight=744;mSmallTogglePanelHeight=228;mQSContainer.getY()=369.0;mNotificationStack.getY()=969.0
10-28 13:53:09.909 1729-1729/com.android.systemui D/expandable_toggle: TogglePanelTouchHelper.adjustTogglePanelHeight() mNotificationStack.getY()=969.0
10-28 13:53:09.925 1729-1729/com.android.systemui D/expandable_toggle: TogglePanelTouchHelper.adjustTogglePanelHeight() mLargeQSContainerHeight=883;mSmallQSContainerHeight=367;mLargeTogglePanelHeight=744;mSmallTogglePanelHeight=228;mQSContainer.getY()=369.0;mNotificationStack.getY()=1140.0
10-28 13:53:09.926 1729-1729/com.android.systemui D/expandable_toggle: TogglePanelTouchHelper.adjustTogglePanelHeight() mNotificationStack.getY()=1140.0
10-28 13:53:09.932 1729-1729/com.android.systemui D/expandable_toggle: TogglePanelTouchHelper.fling() targetY=1252.0;togglePanelTargetHeight=744;mLargeQSContainerHeight=883;mSmallQSContainerHeight=367;mLargeTogglePanelHeight=744;mSmallTogglePanelHeight=228;mQSContainer.getY()=369.0;mQSContainer.getY()=369.0
10-28 13:53:10.033 2496-2496/? W/JDWP: type=1400 audit(0.0:1377): avc: denied { connectto } for path=006A6477702D636F6E74726F6C scontext=u:r:dataservice_app:s0 tcontext=u:r:su:s0 tclass=unix_stream_socket permissive=0
10-28 13:53:10.539 1983-1983/? D/wpa_supplicant: wlan0: Control interface command 'SIGNAL_POLL'
10-28 13:53:11.401 812-812/? I/cnss-daemon: RTM_NEWNEIGH message received: 28
10-28 13:53:11.402 812-812/? E/cnss-daemon: Stale or unreachable neighbors, ndm state: 4
10-28 13:53:12.043 2496-2496/? W/JDWP: type=1400 audit(0.0:1378): avc: denied { connectto } for path=006A6477702D636F6E74726F6C scontext=u:r:dataservice_app:s0 tcontext=u:r:su:s0 tclass=unix_stream_socket permissive=0
10-28 13:53:12.289 1393-1938/system_process I/SplashScreenServiceDelegate: None for com.android.settings
10-28 13:53:12.290 1393-1938/system_process I/ActivityManager: START u0 {act=android.settings.SETTINGS flg=0x10000000 cmp=com.android.settings/.MiuiSettings} from uid 1000 on display 0
10-28 13:53:12.298 1393-1938/system_process I/SplashScreenServiceDelegate: None for com.android.settings
10-28 13:53:12.299 1393-1938/system_process I/SplashScreenServiceDelegate: None for com.android.settings
10-28 13:53:12.301 2568-2742/com.miui.whetstone I/WtEventController: dispatchSysInfoEvent AM_NEW_INTENT componentName:com.android.settings/.MiuiSettings
10-28 13:53:12.301 2568-2742/com.miui.whetstone D/WhetstoneService: onAMNewIntent callback
10-28 13:53:12.303 1393-1938/system_process D/ActivityTrigger: ActivityTrigger activityPauseTrigger 
10-28 13:53:12.305 2386-2386/com.miui.home D/ScreenElementRoot: pause
10-28 13:53:12.306 2568-2742/com.miui.whetstone I/WtProcessController: mCurTask:43
10-28 13:53:12.307 2386-2386/com.miui.home I/NotifierManager: onUnregister: miui.maml.NotifierManager$MultiBroadcastNotifier@4b7871e
10-28 13:53:12.307 2386-3026/com.miui.home I/RenderThread: RenderThread paused, waiting for signal
10-28 13:53:12.314 1393-2575/system_process D/ui-boost: boost uithread for app=com.android.settings
10-28 13:53:12.314 1393-2575/system_process D/ui-boost: boost renderthread for app=com.android.settings, tid=4914
10-28 13:53:12.316 1393-2575/system_process D/ui-boost: reset uithread for app=com.miui.home
10-28 13:53:12.316 1393-2575/system_process D/ui-boost: reset renderthread for app=com.miui.home, tid=2988
10-28 13:53:12.318 2850-3187/com.miui.powerkeeper:service D/PowerKeeper.Event: notifyForegroundCompomentChanged ComponentInfo{com.android.settings/com.android.settings.MiuiSettings}
10-28 13:53:12.318 2850-3241/com.miui.powerkeeper:service D/PowerStateMachine: eventMessage id:100 name:foreground
10-28 13:53:12.318 2850-3241/com.miui.powerkeeper:service D/PowerStateMachine: home_state exited
10-28 13:53:12.318 2850-3241/com.miui.powerkeeper:service D/PowerStateMachine: normal_state entered
10-28 13:53:12.319 1393-2575/system_process I/Timeline: Timeline: App_transition_ready time:17049541
10-28 13:53:12.319 2327-2378/? I/octvm_power: power mode [normal] start 1509169992
10-28 13:53:12.319 2327-2378/? I/octvm_power: Action: set_cpu_powermode(middle) for [foreground_change]
10-28 13:53:12.319 2327-2378/? I/octvm_drv: common drv: platform_set_power_profile -> platform not support
10-28 13:53:12.319 2568-2742/com.miui.whetstone I/WtProcessController: MOVE TO FOREGROUND: com.android.settings 1000
10-28 13:53:12.319 2327-2378/? I/octvm_power: Action: set_lcd_mode(default) for [foreground_change]
10-28 13:53:12.319 2327-2378/? I/octvm_drv: common drv: platform_set_lcd_mode -> platform not support
10-28 13:53:12.319 2327-2378/? I/octvm_power: Action: set_thermal_config(restore) for [foreground_change]
10-28 13:53:12.319 2327-2378/? I/octvm_drv: common drv: platform_set_thermal_mode -> platform not support
10-28 13:53:12.319 2327-2378/? I/octvm_power: onPowerModeChanged[normal] called
10-28 13:53:12.319 2568-2742/com.miui.whetstone I/StatusController: Last foreground:com.miui.home uid:10023 Current foreground:com.android.settings uid:1000
10-28 13:53:12.320 2568-2742/com.miui.whetstone I/WtProcessController: FOREGROUND INFO: name=com.android.settings uid=1000 pid=4880 TaskId:43
10-28 13:53:12.320 2850-3120/com.miui.powerkeeper:service D/ProcessObserver: onScreenAppChanged, FgUid: 1000, FgPackageName: com.android.settings, foreground: true
10-28 13:53:12.320 2850-3120/com.miui.powerkeeper:service D/ProcessObserver: onScreenAppChanged, PreTaskUid: 1000, PreTaskPackageName: com.android.settings, foreground: true
10-28 13:53:12.320 2850-3120/com.miui.powerkeeper:service D/ProcessObserver: Uid: 1000 Foreground
10-28 13:53:12.321 2850-3176/com.miui.powerkeeper:service D/HideModeStateMachine: updateForForegroundUidChangedLocked: uid = 1000 foreground = true
10-28 13:53:12.321 2850-3224/com.miui.powerkeeper:service D/PowerCheckerService: updateForFgUidChangedLocked, mScreenOn = true uid = 1000 foreground = true
10-28 13:53:12.322 1393-1458/system_process V/UidProcStateHelper: process state changed:[4880,1000,2]
10-28 13:53:12.322 1393-1458/system_process V/UidProcStateHelper: process state changed:[1698,1002,3]
10-28 13:53:12.322 1393-1458/system_process V/UidProcStateHelper: process state changed:[2624,1000,2]
10-28 13:53:12.323 2850-3224/com.miui.powerkeeper:service D/PowerChecker.BaStats: uid = 1000, uidForeground = true, lastBytes = 1727617, curBytes = 1727617, deltaBytes = 0
10-28 13:53:12.324 2850-3120/com.miui.powerkeeper:service D/ProcessObserver: onForegroundActivitiesChanged, pid: 4880 uid: 1000 foregroundActivities: true
10-28 13:53:12.325 2473-2494/com.miui.contentcatcher W/ContentCatcher: DataHub : unregister failed: not registered Token {pkg name:com.android.settings, activity name:com.android.settings.SubSettings, version:24}
10-28 13:53:12.326 1393-2554/system_process I/WindowManager: Destroying surface Surface(name=com.android.settings/com.android.settings.SubSettings) called by com.android.server.wm.WindowStateAnimator.destroySurface:2043 com.android.server.wm.WindowStateAnimator.destroySurfaceLocked:895 com.android.server.wm.WindowState.removeLocked:1467 com.android.server.wm.WindowManagerService.removeWindowInnerLocked:2607 com.android.server.wm.WindowManagerService.removeWindowLocked:2565 com.android.server.wm.WindowManagerService.removeWindowLocked:2434 com.android.server.wm.WindowManagerService.removeWindow:2429 com.android.server.wm.Session.remove:202 
10-28 13:53:12.327 1393-2554/system_process I/Timeline: Timeline: App_transition_ready time:17049549
10-28 13:53:12.329 1729-1729/com.android.systemui D/PhoneStatusBar: disable: 0x00800000 -> 0x00000000 (diff: 0x00800000)
10-28 13:53:12.329 1729-1729/com.android.systemui D/PhoneStatusBar: disable: < expand icons alerts ticker system_info back home recent clock* full hide keyguard none float >
10-28 13:53:12.338 4880-4880/com.android.settings V/VpnStatusController: setVpnTitle, status = -1
10-28 13:53:12.347 1393-2554/system_process I/Timeline: Timeline: App_transition_ready time:17049569
10-28 13:53:12.348 2403-3902/com.xiaomi.xmsf D/PushService: 2017-10-28 13:53:12,348 - [DEBUG::PushService] - com.xiaomi.joyoseis system app. StatService
10-28 13:53:12.370 1393-2385/system_process I/SplashScreenServiceDelegate: None for com.android.settings
10-28 13:53:12.373 1393-1472/system_process I/Timeline: Timeline: App_transition_ready time:17049595
10-28 13:53:12.374 1729-1729/com.android.systemui D/PhoneStatusBar: disable: 0x00000000 -> 0x00000240 (diff: 0x00000240)
10-28 13:53:12.374 1729-1729/com.android.systemui D/PhoneStatusBar: disable: < expand icons alerts ticker system_info back home recent clock full hide keyguard none float >
10-28 13:53:12.375 1729-1729/com.android.systemui D/SimpleStatusBar: updateDarkMode() mDarkMode=true
10-28 13:53:12.375 1729-1729/com.android.systemui D/SimpleStatusBar: updateDarkMode() mIconsDarkArea=null
10-28 13:53:12.382 2386-2988/com.miui.home W/OpenGLRenderer: cuilf destroyHardwareResources 545 RenderNode: 0x7f688d3000, layer: 0x7f67980300
10-28 13:53:12.392 1729-1729/com.android.systemui D/SimpleStatusBar: updateBatteryChargingIcon() mQuickCharging=false; mDarkMode=true
10-28 13:53:12.393 1729-1729/com.android.systemui V/PhoneStatusBarPolicy: updateManagedProfile mManagedProfileFocused: false mManagedProfileInQuietMode: false mKeyguardVisible: false mCurrentUserId:0 mCurrentProfileId:0 mSecondSpaceStatusIconVisible: true showIcon:false
10-28 13:53:12.552 1729-1866/com.android.systemui W/OpenGLRenderer: cuilf pushLayerUpdate 309 delete mLayer: 0x7f5bd26f00, RenderLayer: 0x7f66a47c00
10-28 13:53:12.569 1729-1729/com.android.systemui D/NotificationPanelView: performCollapse mIsQSClosed=false
10-28 13:53:12.582 1393-2349/system_process D/systemui_boost: notification panel visible=false
10-28 13:53:12.582 1393-2349/system_process D/systemui_boost: ui thread tid=1729
10-28 13:53:12.582 1393-2349/system_process D/systemui_boost: render thread tid=1866
10-28 13:53:12.582 1393-2349/system_process D/systemui_boost: thread tid=1729, priority is set to 0
