10-28 10:57:24.980 2403-2690/com.xiaomi.xmsf W/PushService: 2017-10-28 10:57:24,976 - [WARN::PushService] - [Thread:70] JOB: bind the client. 2
10-28 10:57:24.983 2403-2690/com.xiaomi.xmsf W/PushService: 2017-10-28 10:57:24,982 - [WARN::PushService] - [Thread:70] update the client 2 status. unbind->binding unknown ERROR_OK null null
10-28 10:57:24.985 2403-2690/com.xiaomi.xmsf W/PushService: 2017-10-28 10:57:24,984 - [WARN::PushService] - [Thread:70] [Slim]: bind id=gGrhe-154
10-28 10:57:24.994 2403-2690/com.xiaomi.xmsf W/PushService: 2017-10-28 10:57:24,992 - [WARN::PushService] - [Thread:70] [Slim] Wrote {cmd=BIND;chid=2;len=406}
10-28 10:57:24.996 2403-2690/com.xiaomi.xmsf W/PushService: 2017-10-28 10:57:24,995 - [WARN::PushService] - [Thread:70] [Slim] 10:57:24 上午 Sent  Blob [BIND,2,gGrhe-154]
10-28 10:57:24.999 2403-2690/com.xiaomi.xmsf W/PushService: 2017-10-28 10:57:24,997 - [WARN::PushService] - [Thread:70] JOB: bind the client. 5
10-28 10:57:25.001 2403-2690/com.xiaomi.xmsf W/PushService: 2017-10-28 10:57:25,000 - [WARN::PushService] - [Thread:70] update the client 5 status. unbind->binding unknown ERROR_OK null null
10-28 10:57:25.002 2403-2690/com.xiaomi.xmsf W/PushService: 2017-10-28 10:57:25,002 - [WARN::PushService] - [Thread:70] [Slim]: bind id=gGrhe-155
10-28 10:57:25.007 2403-2690/com.xiaomi.xmsf W/PushService: 2017-10-28 10:57:25,006 - [WARN::PushService] - [Thread:70] [Slim] Wrote {cmd=BIND;chid=5;len=600}
10-28 10:57:25.008 2403-2690/com.xiaomi.xmsf W/PushService: 2017-10-28 10:57:25,007 - [WARN::PushService] - [Thread:70] [Slim] 10:57:25 上午 Sent  Blob [BIND,5,gGrhe-155]
10-28 10:57:25.052 812-812/? I/cnss-daemon: RTM_NEWNEIGH message received: 28
10-28 10:57:25.052 812-812/? E/cnss-daemon: Stale or unreachable neighbors, ndm state: 4
10-28 10:57:25.874 2403-4979/com.xiaomi.xmsf W/PushService: 2017-10-28 10:57:25,874 - [WARN::PushService] - [Thread:112] [Slim] Read {cmd=BIND;chid=2;len=80}
10-28 10:57:25.876 2403-4979/com.xiaomi.xmsf W/PushService: 2017-10-28 10:57:25,875 - [WARN::PushService] - [Thread:112] [Slim] 10:57:25 上午 RCV  Blob [BIND,2,gGrhe-154]
10-28 10:57:25.879 2403-2690/com.xiaomi.xmsf W/PushService: 2017-10-28 10:57:25,877 - [WARN::PushService] - [Thread:70] SMACK: channel bind succeeded, chid=2
10-28 10:57:25.883 2403-2690/com.xiaomi.xmsf W/PushService: 2017-10-28 10:57:25,881 - [WARN::PushService] - [Thread:70] update the client 2 status. binding->binded OPEN ERROR_OK null null
10-28 10:57:25.932 2403-4979/com.xiaomi.xmsf W/PushService: 2017-10-28 10:57:25,931 - [WARN::PushService] - [Thread:112] [Slim] Read {cmd=BIND;chid=5;len=102}
10-28 10:57:25.933 2403-4979/com.xiaomi.xmsf W/PushService: 2017-10-28 10:57:25,932 - [WARN::PushService] - [Thread:112] [Slim] 10:57:25 上午 RCV  Blob [BIND,5,gGrhe-155]
10-28 10:57:25.935 2403-2690/com.xiaomi.xmsf W/PushService: 2017-10-28 10:57:25,934 - [WARN::PushService] - [Thread:70] SMACK: channel bind succeeded, chid=5
10-28 10:57:25.940 2403-2690/com.xiaomi.xmsf W/PushService: 2017-10-28 10:57:25,939 - [WARN::PushService] - [Thread:70] update the client 5 status. binding->binded OPEN ERROR_OK null null
10-28 10:57:25.946 2403-2690/com.xiaomi.xmsf W/PushService: 2017-10-28 10:57:25,945 - [WARN::PushService] - [Thread:70] JOB: notify job
10-28 10:57:26.199 812-812/? I/cnss-daemon: RTM_NEWNEIGH message received: 28
10-28 10:57:26.199 812-812/? E/cnss-daemon: Stale or unreachable neighbors, ndm state: 4
10-28 10:57:26.311 1983-1983/? D/wpa_supplicant: wlan0: Control interface command 'SIGNAL_POLL'
10-28 10:57:27.033 1393-1475/system_process D/AutomaticBrightnessController: resetAutoBrightnessAdjustment: mScreenAutoBrightnessAdjustmentDiff already 0.
10-28 10:57:27.675 1393-1475/system_process D/AutomaticBrightnessController: resetAutoBrightnessAdjustment: mScreenAutoBrightnessAdjustmentDiff already 0.
10-28 10:57:28.379 4810-4810/com.android.settings V/BoostFramework: BoostFramework() : mPerf = com.qualcomm.qti.Performance@537607a
10-28 10:57:28.382 1393-1475/system_process D/AutomaticBrightnessController: resetAutoBrightnessAdjustment: mScreenAutoBrightnessAdjustmentDiff already 0.
10-28 10:57:29.020 1393-1475/system_process D/AutomaticBrightnessController: resetAutoBrightnessAdjustment: mScreenAutoBrightnessAdjustmentDiff already 0.
10-28 10:57:29.331 1983-1983/? D/wpa_supplicant: wlan0: Control interface command 'SIGNAL_POLL'
10-28 10:57:29.339 1729-1729/com.android.systemui D/StatusBar.NetworkController: slot=-10;action=android.net.wifi.RSSI_CHANGED
10-28 10:57:30.460 812-812/? I/cnss-daemon: RTM_NEWNEIGH message received: 28
10-28 10:57:30.460 812-812/? E/cnss-daemon: Stale or unreachable neighbors, ndm state: 4
10-28 10:57:30.566 4810-4810/com.android.settings I/BluetoothDevice: createBond() for device 58:71:61:0E:D1:05 called by pid: 4810 tid: 4810
10-28 10:57:30.571 1698-2209/com.android.bluetooth D/A2dpService: getA2DPService(): returning com.android.bluetooth.a2dp.A2dpService@e4d330e
10-28 10:57:30.572 1698-2209/com.android.bluetooth I/A2dpService: audio isMusicActive is false
10-28 10:57:30.572 1698-2209/com.android.bluetooth D/BondStateTracker: Get a bond action for device: 58:71:61:0E:D1:05 with caller uid: 1000
10-28 10:57:30.573 2142-2144/? I/WCNSS_FILTER: ibs_msm_serial_clock_vote: vote UART CLK ON using UART driver's ioctl()
10-28 10:57:30.577 2142-2144/? D/WCNSS_FILTER: wcnss_acquire_wakelock
10-28 10:57:30.577 2142-2144/? I/WCNSS_FILTER: vote=0,new_vote =1, old_tx_vote=0, old_rx_vote=0
10-28 10:57:30.577 2142-2144/? I/WCNSS_FILTER: ibs_bt_device_wakeup: Writing IBS_WAKE_IND
10-28 10:57:30.581 2142-2142/? I/WCNSS_FILTER: ibs_recv_ibs_cmd: Received IBS_WAKE_ACK: 0xFC
10-28 10:57:30.582 1698-2200/com.android.bluetooth E/bt_btif: bte_scan_filt_param_cfg_evt, 23
10-28 10:57:30.602 4810-4985/com.android.settings I/IndexDatabaseHelper: Using schema version: 115
10-28 10:57:30.604 4810-4985/com.android.settings I/IndexDatabaseHelper: Index is fine
10-28 10:57:30.606 1698-1951/com.android.bluetooth I/BluetoothBondStateMachine: Bond address is:58:71:61:0E:D1:05
10-28 10:57:30.607 1698-1951/com.android.bluetooth D/bt_btif_config: btif_get_device_type: Device [58:71:61:0e:d1:05] type 2
10-28 10:57:30.607 1698-1951/com.android.bluetooth I/bt_btif_dm: get_cod remote_cod = 0x00000500
10-28 10:57:30.608 4810-4985/com.android.settings D/Index: Indexing locale 'zh_CN' took 3 millis
10-28 10:57:30.609 1698-1840/com.android.bluetooth I/bt_btif_dm: get_cod remote_cod = 0x00000500
10-28 10:57:30.609 1698-1840/com.android.bluetooth D/bt_btif_config: btif_get_device_type: Device [58:71:61:0e:d1:05] type 2
10-28 10:57:30.609 1698-1840/com.android.bluetooth I/bt_btif_dm: get_cod remote_cod = 0x00000500
10-28 10:57:30.613 1698-1840/com.android.bluetooth I/BluetoothBondStateMachine: bondStateChangeCallback: Status: 0 Address: 58:71:61:0E:D1:05 newState: 1
10-28 10:57:30.615 1698-1951/com.android.bluetooth I/BluetoothBondStateMachine: Entering PendingCommandState State
10-28 10:57:30.619 1698-1951/com.android.bluetooth I/BluetoothBondStateMachine: Bond State Change Intent:58:71:61:0E:D1:05 OldState: 10 NewState: 11
10-28 10:57:30.788 812-812/? I/cnss-daemon: RTM_NEWNEIGH message received: 28
10-28 10:57:30.792 812-812/? E/cnss-daemon: Stale or unreachable neighbors, ndm state: 4
10-28 10:57:31.415 1729-1729/com.android.systemui D/BatteryController: action=android.intent.action.BATTERY_CHANGED; mCharging=true
10-28 10:57:31.421 1698-2210/com.android.bluetooth D/HeadsetStateMachine: Disconnected process message: 10, size: 0
10-28 10:57:31.425 2486-2642/.dataservices W/QCNEJ: |CORE| CNE received unexpected action: android.intent.action.BATTERY_CHANGED
10-28 10:57:31.425 2624-2624/com.miui.securitycenter.remote I/BatteryInfoReceiver: ACTION_BATTERY_CHANGED
10-28 10:57:31.431 1883-1883/com.android.phone E/QtiImsExtUtils: getConfigForPhoneId subId is invalid
10-28 10:57:31.431 1883-1883/com.android.phone E/QtiImsExtUtils: isCarrierConfigEnabled bundle is null
10-28 10:57:31.438 1393-2881/system_process E/LocSvc_libulp: I/int ulp_msg_process_system_update(const UlpSystemEvent): systemEvent:5 
10-28 10:57:31.438 1393-2881/system_process E/LocSvc_libulp: I/===> int ulp_brain_turn_onoff_dr_provider() line 848 
10-28 10:57:31.438 1393-2881/system_process E/LocSvc_libulp: I/===> int ulp_dr_stop_engine() line 235 
10-28 10:57:31.439 1393-2881/system_process E/LocSvc_libulp: I/int ulp_msg_process_start_req(), at ulp state = 1
10-28 10:57:31.439 1393-1860/system_process E/LocSvc_api_v02: I/---> locClientSendReq line 2069 QMI_LOC_GET_BEST_AVAILABLE_POSITION_REQ_V02
10-28 10:57:31.442 1393-1870/system_process E/LocSvc_ApiV02: I/<--- void globalRespCb(locClientHandleType, uint32_t, const locClientRespIndUnionType, uint32_t, void *) line 140 QMI_LOC_GET_BEST_AVAILABLE_POSITION_REQ_V02
10-28 10:57:31.442 1393-2881/system_process E/LocSvc_libulp: I/int ulp_brain_process_zpp_position_report(const enum loc_sess_status, LocPosTechMask, UlpLocation *), report ZPP position to providers,report_position = 1
10-28 10:57:31.442 1393-2881/system_process E/LocSvc_libulp: I/===> int ulp_brain_turn_onoff_dr_provider() line 848 
10-28 10:57:31.442 1393-2881/system_process E/LocSvc_libulp: I/===> int ulp_dr_stop_engine() line 235 
10-28 10:57:31.444 812-812/? I/cnss-daemon: RTM_NEWNEIGH message received: 28
10-28 10:57:31.444 812-812/? E/cnss-daemon: Stale or unreachable neighbors, ndm state: 4
10-28 10:57:31.630 2142-2195/? I/WCNSS_FILTER: ibs_wcnss_bt_device_sleep: TX Awake, Sending SLEEP_IND
10-28 10:57:31.631 2142-2195/? I/WCNSS_FILTER: ibs_msm_serial_clock_vote: vote UART CLK OFF using UART driver's ioctl()
10-28 10:57:31.631 2142-2195/? D/WCNSS_FILTER: wcnss_release_wakelock
10-28 10:57:31.631 2142-2195/? I/WCNSS_FILTER: vote=1,new_vote =0, old_tx_vote=1, old_rx_vote=0
10-28 10:57:32.116 812-812/? I/cnss-daemon: RTM_NEWNEIGH message received: 28
10-28 10:57:32.120 812-812/? E/cnss-daemon: Stale or unreachable neighbors, ndm state: 4
10-28 10:57:32.349 1983-1983/? D/wpa_supplicant: wlan0: Control interface command 'SIGNAL_POLL'
10-28 10:57:35.373 1983-1983/? D/wpa_supplicant: wlan0: Control interface command 'SIGNAL_POLL'
10-28 10:57:35.390 1729-1729/com.android.systemui D/StatusBar.NetworkController: slot=-10;action=android.net.wifi.RSSI_CHANGED
10-28 10:57:35.986 2403-2690/com.xiaomi.xmsf W/PushService: 2017-10-28 10:57:35,984 - [WARN::PushService] - [Thread:70] JOB: notify job
10-28 10:57:35.987 2403-2690/com.xiaomi.xmsf W/PushService: 2017-10-28 10:57:35,986 - [WARN::PushService] - peer died, ignore notify 2
10-28 10:57:35.989 2403-2690/com.xiaomi.xmsf W/PushService: 2017-10-28 10:57:35,987 - [WARN::PushService] -  ignore notify client :2
10-28 10:57:38.402 1983-1983/? D/wpa_supplicant: wlan0: Control interface command 'SIGNAL_POLL'
10-28 10:57:40.980 2403-4977/com.xiaomi.xmsf W/PushService: 2017-10-28 10:57:40,979 - [WARN::PushService] - [Thread:111] HTTP len=0 url=http://resolver.msg.xiaomi.net/gslb/
10-28 10:57:40.987 2403-4977/com.xiaomi.xmsf W/PushService: 2017-10-28 10:57:40,985 - [WARN::PushService] - [Thread:111] network exception: timeout
10-28 10:57:40.996 2403-4977/com.xiaomi.xmsf W/PushService: 2017-10-28 10:57:40,995 - [WARN::PushService] - [Thread:111] failed to get bucket timeout
10-28 10:57:41.117 812-812/? I/cnss-daemon: RTM_NEWNEIGH message received: 28
10-28 10:57:41.118 812-812/? E/cnss-daemon: Stale or unreachable neighbors, ndm state: 4
10-28 10:57:41.424 1983-1983/? D/wpa_supplicant: wlan0: Control interface command 'SIGNAL_POLL'
10-28 10:57:41.443 1729-1729/com.android.systemui D/StatusBar.NetworkController: slot=-10;action=android.net.wifi.RSSI_CHANGED
10-28 10:57:42.969 1393-1457/system_process I/ActivityManager: Start proc 4993:android.ext.services/u0a13 for service android.ext.services/.notification.Ranker caller=android
10-28 10:57:42.993 4993-4993/? V/BoostFramework: BoostFramework() : mPerf = com.qualcomm.qti.Performance@eba637b
10-28 10:57:43.009 1393-1458/system_process V/UidProcStateHelper: process state changed:[4993,10013,3]
10-28 10:57:43.020 4993-4993/android.ext.services W/System: ClassLoader referenced unknown path: /system/priv-app/ExtServices/lib/arm64
10-28 10:57:43.501 1983-1983/? D/wpa_supplicant: wlan0: Control interface command 'SCAN TYPE=ONLY'
10-28 10:57:43.501 1983-1983/? D/wpa_supplicant: wlan0: Setting scan request: 0.000000 sec
10-28 10:57:43.502 1983-1983/? D/wpa_supplicant: wlan0: Starting AP scan for wildcard SSID
10-28 10:57:43.502 1983-1983/? D/wpa_supplicant: wlan0: Add radio work 'scan'@0x7f9ce2e360
10-28 10:57:43.502 1983-1983/? D/wpa_supplicant: wlan0: First radio work item in the queue - schedule start immediately
10-28 10:57:43.502 1983-1983/? D/wpa_supplicant: wlan0: Starting radio work 'scan'@0x7f9ce2e360 after 0.000107 second wait
10-28 10:57:43.502 1983-1983/? D/wpa_supplicant: wlan0: nl80211: scan request
10-28 10:57:43.502 1983-1983/? D/wpa_supplicant: nl80211: Scan SSID - hexdump(len=0): [NULL]
10-28 10:57:43.502 1983-1983/? D/wpa_supplicant: nl80211: Scan extra IEs - hexdump(len=7): 7f 05 00 00 0a 02 01
10-28 10:57:43.503 1983-1983/? D/wpa_supplicant: Scan requested (ret=0) - scan timeout 30 seconds
10-28 10:57:43.503 1983-1983/? D/wpa_supplicant: nl80211: Event message available
10-28 10:57:43.503 1983-1983/? D/wpa_supplicant: nl80211: Drv Event 33 (NL80211_CMD_TRIGGER_SCAN) received for wlan0
10-28 10:57:43.503 1983-1983/? D/wpa_supplicant: wlan0: nl80211: Scan trigger
10-28 10:57:43.504 1983-1983/? D/wpa_supplicant: wlan0: Event SCAN_STARTED (47) received
10-28 10:57:43.504 1983-1983/? D/wpa_supplicant: wlan0: Own scan request started a scan in 0.000382 seconds
10-28 10:57:43.506 2850-2850/com.miui.powerkeeper:service I/PowerKeeperBackgroundService: onStartCommand()
10-28 10:57:43.507 2850-2850/com.miui.powerkeeper:service I/PowerKeeperService: onAlarm
10-28 10:57:43.509 2850-3688/com.miui.powerkeeper:service D/AppActiveChecker: onAlarmHappen, elapsedRealtime = 148528703ms
10-28 10:57:43.509 2850-3176/com.miui.powerkeeper:service D/HideModeStateMachine: onAlarmHappen, elapsedRealtime = 148528703ms
10-28 10:57:43.509 2850-3696/com.miui.powerkeeper:service D/KillProcessAppRuleChecker: onAlarmHappen, elapsedRealtime = 148528703ms
10-28 10:57:43.509 2850-3689/com.miui.powerkeeper:service D/DeviceIdleAppRuleChecker: onAlarmHappen, elapsedRealtime = 148528703ms
10-28 10:57:43.510 2850-3714/com.miui.powerkeeper:service D/ActiveStateController: onAlarmHappen, elapsedRealtime = 148528703ms
10-28 10:57:44.455 1983-1983/? D/wpa_supplicant: wlan0: Control interface command 'SIGNAL_POLL'
10-28 10:57:44.472 1729-1729/com.android.systemui D/StatusBar.NetworkController: slot=-10;action=android.net.wifi.RSSI_CHANGED
10-28 10:57:47.083 1983-1983/? D/wpa_supplicant: nl80211: Event message available
10-28 10:57:47.084 1983-1983/? D/wpa_supplicant: nl80211: Drv Event 34 (NL80211_CMD_NEW_SCAN_RESULTS) received for wlan0
10-28 10:57:47.084 1983-1983/? D/wpa_supplicant: wlan0: nl80211: New scan results available
10-28 10:57:47.085 1983-1983/? D/wpa_supplicant: nl80211: Scan included frequencies: 2412 2417 2422 2427 2432 2437 2442 2447 2452 2457 2462 2467 2472 5180 5200 5220 5240 5260 5280 5300 5320 5745 5765 5785 5805 5825
10-28 10:57:47.085 1983-1983/? D/wpa_supplicant: wlan0: Event SCAN_RESULTS (3) received
10-28 10:57:47.085 1983-1983/? D/wpa_supplicant: wlan0: Scan completed in 3.581297 seconds
10-28 10:57:47.087 1983-1983/? D/wpa_supplicant: nl80211: Associated on 2422 MHz
10-28 10:57:47.088 1983-1983/? D/wpa_supplicant: nl80211: Associated with ec:6c:9f:34:d4:5d
10-28 10:57:47.091 1983-1983/? D/wpa_supplicant: nl80211: Received scan results (31 BSSes)
10-28 10:57:47.092 1983-1983/? D/wpa_supplicant: nl80211: Scan results indicate BSS status with ec:6c:9f:34:d4:5d as associated
10-28 10:57:47.092 1983-1983/? D/wpa_supplicant: wlan0: BSS: Start scan result update 62
10-28 10:57:47.093 1983-1983/? D/wpa_supplicant: wlan0: BSS: Add new id 584 BSSID 34:96:72:d0:4c:50 SSID '401nan' freq 2412
10-28 10:57:47.093 1983-1983/? D/wpa_supplicant: wlan0: BSS: Add new id 585 BSSID 08:ea:40:80:f5:e2 SSID 'KFRouter_zhouzhou' freq 2412
10-28 10:57:47.094 1983-1983/? D/wpa_supplicant: wlan0: BSS: Add new id 586 BSSID 24:69:68:5b:00:7e SSID 'daguo' freq 2412
10-28 10:57:47.095 1983-1983/? D/wpa_supplicant: wlan0: BSS: Add new id 587 BSSID 34:96:72:d0:4c:52 SSID 'TP-LINK_5G_4C50' freq 5785
10-28 10:57:47.096 1983-1983/? D/wpa_supplicant: BSS: last_scan_res_used=31/64
10-28 10:57:47.096 1983-1983/? D/wpa_supplicant: wlan0: Scan-only results received
10-28 10:57:47.096 1983-1983/? D/wpa_supplicant: wlan0: Radio work 'scan'@0x7f9ce2e360 done in 3.594198 seconds
10-28 10:57:47.097 1983-1983/? D/wpa_supplicant: wlan0: radio_work_free('scan'@0x7f9ce2e360: num_active_works --> 0
10-28 10:57:47.097 1983-1983/? D/wpa_supplicant: wlan0: Control interface command 'SCAN_RESULTS'
10-28 10:57:47.106 1983-1983/? D/wpa_supplicant: wlan0: Control interface command 'SCAN_RESULTS'
10-28 10:57:47.112 1393-1651/system_process D/WifiNative-HAL: Inconsistent SSID on BSSID '88:25:93:60:27:1d': '401里屋' vs '401ÀïÎÝ': ie=0007343031c0efcedd010882848b960c12182403010b2a010032043048606c2d1aac011bffffff00000000000000000001000000000000000000003d160b0f06000000000000000000000000000000000000004a0e14000a002c01c8001400050019007f080100000000000040dd180050f2020101800003a4000027a4000042435e0062322f00dd0900037f01010000ff7f30140100000fac040100000fac040100000fac020000dd160050f20101000050f20401000050f20401000050f202dd0f00a0c600010000322000000ec23c85
10-28 10:57:47.113 1393-1649/system_process D/WifiNative-HAL: Inconsistent SSID on BSSID '88:25:93:60:27:1d': '401里屋' vs '401ÀïÎÝ': ie=0007343031c0efcedd010882848b960c12182403010b2a010032043048606c2d1aac011bffffff00000000000000000001000000000000000000003d160b0f06000000000000000000000000000000000000004a0e14000a002c01c8001400050019007f080100000000000040dd180050f2020101800003a4000027a4000042435e0062322f00dd0900037f01010000ff7f30140100000fac040100000fac040100000fac020000dd160050f20101000050f20401000050f20401000050f202dd0f00a0c600010000322000000ec23c85
10-28 10:57:47.154 1393-1649/system_process D/WifiQualifiedNetworkSelector:: ==========start qualified Network Selection==========
10-28 10:57:47.155 1393-1649/system_process D/WifiQualifiedNetworkSelector:: Current network is: "kookong" ,ID is: 0
10-28 10:57:47.156 1393-1649/system_process D/WifiQualifiedNetworkSelector:: Quit qualified Network Selection since it is not forced and current network is qualified already
10-28 10:57:47.171 2792-4046/com.xiaomi.metoknlp D/GeoFencingWifi: handleWifiScanDoneLocked availableWifis size=31,wifiChanged=false,newConnected=false
10-28 10:57:47.486 1983-1983/? D/wpa_supplicant: wlan0: Control interface command 'SIGNAL_POLL'
10-28 10:57:50.508 1983-1983/? D/wpa_supplicant: wlan0: Control interface command 'SIGNAL_POLL'
10-28 10:57:53.530 1983-1983/? D/wpa_supplicant: wlan0: Control interface command 'SIGNAL_POLL'
10-28 10:57:56.554 1983-1983/? D/wpa_supplicant: wlan0: Control interface command 'SIGNAL_POLL'
10-28 10:57:59.576 1983-1983/? D/wpa_supplicant: wlan0: Control interface command 'SIGNAL_POLL'
10-28 10:58:00.615 1698-2200/com.android.bluetooth W/bt_l2cap: L2CA_RemoveFixedChnl()  CID: 0x0006  BDA: 5871610ed105 not connected
10-28 10:58:00.615 2142-2144/? I/WCNSS_FILTER: ibs_msm_serial_clock_vote: vote UART CLK ON using UART driver's ioctl()
10-28 10:58:00.616 1698-1840/com.android.bluetooth D/bt_btif_config: btif_get_device_type: Device [58:71:61:0e:d1:05] type 2
10-28 10:58:00.616 1698-2200/com.android.bluetooth E/bt_btif: bta_gattc_mark_bg_conn unable to find the bg connection mask for: 58:71:61:0e:d1:05
10-28 10:58:00.616 1698-1840/com.android.bluetooth I/bt_btif_dm: get_cod remote_cod = 0x00000500
10-28 10:58:00.620 2142-2144/? D/WCNSS_FILTER: wcnss_acquire_wakelock
10-28 10:58:00.621 2142-2144/? I/WCNSS_FILTER: vote=0,new_vote =1, old_tx_vote=0, old_rx_vote=0
10-28 10:58:00.621 2142-2144/? I/WCNSS_FILTER: ibs_bt_device_wakeup: Writing IBS_WAKE_IND
10-28 10:58:00.625 1698-1840/com.android.bluetooth I/BluetoothBondStateMachine: bondStateChangeCallback: Status: 1 Address: 58:71:61:0E:D1:05 newState: 0
10-28 10:58:00.626 1698-1951/com.android.bluetooth D/BluetoothAdapterProperties: Failed to remove device: 58:71:61:0E:D1:05
10-28 10:58:00.626 2142-2142/? I/WCNSS_FILTER: ibs_recv_ibs_cmd: Received IBS_WAKE_ACK: 0xFC
10-28 10:58:00.634 1698-1951/com.android.bluetooth I/BluetoothBondStateMachine: Bond State Change Intent:58:71:61:0E:D1:05 OldState: 11 NewState: 10
10-28 10:58:00.635 1698-1951/com.android.bluetooth D/BondStateTracker: Bond removed for device: 58:71:61:0E:D1:05
10-28 10:58:00.652 1698-1951/com.android.bluetooth D/A2dpService: getA2DPService(): returning com.android.bluetooth.a2dp.A2dpService@e4d330e
10-28 10:58:00.652 1698-1951/com.android.bluetooth D/A2dpSinkService: getA2dpSinkService(): service is NULL
10-28 10:58:00.656 4810-4810/com.android.settings W/MiBleDeviceManager: Manager is not ready
10-28 10:58:00.656 1698-1951/com.android.bluetooth D/A2dpService: Enter setPriority
10-28 10:58:00.659 1698-1951/com.android.bluetooth D/A2dpService: Saved priority 58:71:61:0E:D1:05 = -1
10-28 10:58:00.659 1698-1951/com.android.bluetooth D/A2dpService: Exit setPriority
10-28 10:58:00.662 1698-1951/com.android.bluetooth I/BluetoothBondStateMachine: StableState(): Entering Off State
10-28 10:58:00.664 1729-2005/com.android.systemui W/BluetoothEventManager: showUnbondMessage: Not displaying any message for reason: 9
10-28 10:58:00.667 4810-4810/com.android.settings W/BluetoothEventManager: showUnbondMessage: Not displaying any message for reason: 9
10-28 10:58:01.631 2142-2195/? I/WCNSS_FILTER: ibs_wcnss_bt_device_sleep: TX Awake, Sending SLEEP_IND
10-28 10:58:01.632 2142-2195/? I/WCNSS_FILTER: ibs_msm_serial_clock_vote: vote UART CLK OFF using UART driver's ioctl()
10-28 10:58:01.633 2142-2195/? D/WCNSS_FILTER: wcnss_release_wakelock
10-28 10:58:01.633 2142-2195/? I/WCNSS_FILTER: vote=1,new_vote =0, old_tx_vote=1, old_rx_vote=0
10-28 10:58:02.597 1983-1983/? D/wpa_supplicant: wlan0: Control interface command 'SIGNAL_POLL'
10-28 10:58:05.621 1698-2200/com.android.bluetooth W/bt_btm: btm_sec_pairing_timeout not processed state: 0
10-28 10:58:05.624 1983-1983/? D/wpa_supplicant: wlan0: Control interface command 'SIGNAL_POLL'
10-28 10:58:08.647 1983-1983/? D/wpa_supplicant: wlan0: Control interface command 'SIGNAL_POLL'
10-28 10:58:11.675 1983-1983/? D/wpa_supplicant: wlan0: Control interface command 'SIGNAL_POLL'
10-28 10:58:12.408 1393-1475/system_process D/AutomaticBrightnessController: resetAutoBrightnessAdjustment: mScreenAutoBrightnessAdjustmentDiff already 0.
10-28 10:58:13.048 1393-1475/system_process D/AutomaticBrightnessController: resetAutoBrightnessAdjustment: mScreenAutoBrightnessAdjustmentDiff already 0.
10-28 10:58:14.703 1983-1983/? D/wpa_supplicant: wlan0: Control interface command 'SIGNAL_POLL'
10-28 10:58:15.159 2142-2144/? I/WCNSS_FILTER: ibs_msm_serial_clock_vote: vote UART CLK ON using UART driver's ioctl()
10-28 10:58:15.163 2142-2144/? D/WCNSS_FILTER: wcnss_acquire_wakelock
10-28 10:58:15.164 2142-2144/? I/WCNSS_FILTER: vote=0,new_vote =1, old_tx_vote=0, old_rx_vote=0
10-28 10:58:15.164 2142-2144/? I/WCNSS_FILTER: ibs_bt_device_wakeup: Writing IBS_WAKE_IND
10-28 10:58:15.169 2142-2142/? I/WCNSS_FILTER: ibs_recv_ibs_cmd: Received IBS_WAKE_ACK: 0xFC
10-28 10:58:16.186 2142-2195/? I/WCNSS_FILTER: ibs_wcnss_bt_device_sleep: TX Awake, Sending SLEEP_IND
10-28 10:58:16.187 2142-2195/? I/WCNSS_FILTER: ibs_msm_serial_clock_vote: vote UART CLK OFF using UART driver's ioctl()
10-28 10:58:16.187 2142-2195/? D/WCNSS_FILTER: wcnss_release_wakelock
10-28 10:58:16.188 2142-2195/? I/WCNSS_FILTER: vote=1,new_vote =0, old_tx_vote=1, old_rx_vote=0
10-28 10:58:17.728 1983-1983/? D/wpa_supplicant: wlan0: Control interface command 'SIGNAL_POLL'
10-28 10:58:20.752 1983-1983/? D/wpa_supplicant: wlan0: Control interface command 'SIGNAL_POLL'
10-28 10:58:23.778 1983-1983/? D/wpa_supplicant: wlan0: Control interface command 'SIGNAL_POLL'
10-28 10:58:26.801 1983-1983/? D/wpa_supplicant: wlan0: Control interface command 'SIGNAL_POLL'
10-28 10:58:29.827 1983-1983/? D/wpa_supplicant: wlan0: Control interface command 'SIGNAL_POLL'
10-28 10:58:30.417 1393-1475/system_process I/PowerManagerService: Going to sleep due to screen timeout (uid 1000)...
10-28 10:58:30.421 1393-1393/system_process I/WindowManager: Started going to sleep... (why=3)
10-28 10:58:30.428 1729-1771/com.android.systemui D/miui_keyguard_fingerprint: start fingerprint identify in showLocked
10-28 10:58:30.430 1729-1729/com.android.systemui D/miui_keyguard_fingerprint: startFingerprintIdentify  finger state = 0
10-28 10:58:30.440 1729-1729/com.android.systemui D/miui_keyguard_fingerprint: mSystemReady=true;isKeyguardPasswordSecured=true;fingerprintEnableForKeyguard=true;fingerprintExisted=false;diableFingerprintForKeyguard=false;isPasswordLockout=false
10-28 10:58:30.445 1729-1729/com.android.systemui V/LockPatternKeyguardView: Set visibility on com.android.keyguard.MiuiLockPatternKeyguardView$4@e1f108b to 0
10-28 10:58:30.448 1729-1729/com.android.systemui D/LockPatternKeyguardView: createUnlockScreenFor(Pattern)
10-28 10:58:30.496 1393-1475/system_process D/AutomaticBrightnessController: resetAutoBrightnessAdjustment: mScreenAutoBrightnessAdjustmentDiff already 0.
10-28 10:58:30.505 1729-1729/com.android.systemui V/BoostFramework: BoostFramework() : mPerf = com.qualcomm.qti.Performance@5bb920f
10-28 10:58:30.520 1393-1475/system_process I/WindowManager: Screen turned off...
10-28 10:58:30.521 1393-1475/system_process D/ActivityTrigger: ActivityTrigger activityPauseTrigger 
10-28 10:58:30.524 4810-4810/com.android.settings D/LocalBluetoothManager: setting foreground activity to null
10-28 10:58:30.541 1393-1475/system_process V/KeyguardServiceDelegate: onScreenTurnedOff()
10-28 10:58:30.541 1393-1458/system_process V/UidProcStateHelper: process state changed:[4810,1000,5]
10-28 10:58:30.541 1393-1458/system_process V/UidProcStateHelper: process state changed:[1698,1002,5]
10-28 10:58:30.541 2850-3187/com.miui.powerkeeper:service D/PowerKeeper.Event: notifyCpuStatsUpdate
10-28 10:58:30.542 1393-1475/system_process W/WakePathChecker: MIUILOG-AutoStart, BindService Reject userId= 0 caller= android callee= com.android.camera classname=com.android.camera.EmptyService action=miui.action.CAMERA_EMPTY_SERVICE wakeType=8
10-28 10:58:30.543 1393-1475/system_process D/AutomaticBrightnessController: resetAutoBrightnessAdjustment: mScreenAutoBrightnessAdjustmentDiff already 0.
10-28 10:58:30.543 1393-1475/system_process D/AutomaticBrightnessController: resetAutoBrightnessAdjustment: mScreenAutoBrightnessAdjustmentDiff already 0.
10-28 10:58:30.543 1393-1696/system_process D/LocalDisplayAdapter: setDisplayState(id=0, state=OFF)
10-28 10:58:30.544 1393-1472/system_process I/DisplayManagerService: Display device changed state: "内置屏幕", OFF
10-28 10:58:30.544 1393-1457/system_process D/ActivityTrigger: ActivityTrigger activityStopTrigger 
10-28 10:58:30.545 571-571/? D/SurfaceFlinger: Set power mode=0, type=0 flinger=0x7f93a48180
10-28 10:58:30.545 571-571/? I/SDM: HWCDisplay::SetPowerMode: display = 0, mode = 0
10-28 10:58:30.545 571-571/? I/SDM: DisplayBase::SetDisplayState: Set state = 0, display 0
10-28 10:58:30.549 1729-1752/com.android.systemui W/art: Suspending all threads took: 16.263ms
10-28 10:58:30.566 1729-1752/com.android.systemui I/art: Background sticky concurrent mark sweep GC freed 64348(5MB) AllocSpace objects, 21(5MB) LOS objects, 10% free, 49MB/55MB, paused 17.511ms total 58.284ms
10-28 10:58:30.593 1729-1729/com.android.systemui D/MiuiKeyguardMoveLeftView: miuikeyguard is suport right move:mihome=true;remotevontroller=true;nfc=true
10-28 10:58:30.595 1393-1458/system_process V/UidProcStateHelper: process state changed:[2386,10023,3]
10-28 10:58:30.607 1729-1729/com.android.systemui V/BoostFramework: BoostFramework() : mPerf = com.qualcomm.qti.Performance@71c5fcb
10-28 10:58:30.607 1729-1729/com.android.systemui V/BoostFramework: BoostFramework() : mPerf = com.qualcomm.qti.Performance@e46d3a8
10-28 10:58:30.805 1393-1696/system_process D/SurfaceControl: Excessive delay in setPowerMode(): 260ms
10-28 10:58:30.807 1393-1475/system_process D/AutomaticBrightnessController: resetAutoBrightnessAdjustment: mScreenAutoBrightnessAdjustmentDiff already 0.
10-28 10:58:30.811 1393-1475/system_process W/DreamManagerService: Dream ComponentInfo{com.android.systemui/com.android.systemui.doze.DozeService} does not exist
10-28 10:58:30.815 1393-1475/system_process I/PowerManagerService: Sleeping (uid 1000)...
10-28 10:58:30.818 1393-1393/system_process I/WindowManager: Finished going to sleep... (why=3)
10-28 10:58:30.819 2568-2742/com.miui.whetstone D/WhetstoneService: onScreenTriggle callback
10-28 10:58:30.819 2568-2742/com.miui.whetstone I/WhetstoneService: dispatchEventDelay SCREEN_TRIGGLE value:0
10-28 10:58:30.819 2327-2372/? I/octvm_klo: screen_toggled event:screen_state:0
10-28 10:58:30.820 2327-2372/? I/octvm_klo: last_screen_toggle_on_time:1509159295, this toggle:1509159510
10-28 10:58:30.820 2850-3187/com.miui.powerkeeper:service D/PowerKeeper.Event: notifyScreenChange 0
10-28 10:58:30.820 2850-3187/com.miui.powerkeeper:service D/PowerKeeper.Event: mEventHandler.sendMessageDelayed event:screen_off_timeout_30
10-28 10:58:30.820 2850-3187/com.miui.powerkeeper:service D/PowerKeeper.Event: mEventHandler.sendMessageDelayed event:screen_off_timeout_60
10-28 10:58:30.820 2850-3241/com.miui.powerkeeper:service D/PowerStateMachine: eventMessage id:12 name:default
10-28 10:58:30.820 2850-3241/com.miui.powerkeeper:service D/PowerStateMachine: normal_state exited
10-28 10:58:30.820 2850-3187/com.miui.powerkeeper:service D/SimpleSettingsFakeProvider: getMiscSetting, name = screen_off_clean_app, requestingUserId = 0
10-28 10:58:30.820 2850-3241/com.miui.powerkeeper:service D/PowerStateMachine: idle_state entered
10-28 10:58:30.821 2327-2378/? I/octvm_power: power mode [idle] start 1509159510
10-28 10:58:30.822 2850-3187/com.miui.powerkeeper:service D/SimpleSettingsFakeProvider: getMiscSetting, name = screen_off_disable_sync, requestingUserId = 0
10-28 10:58:30.822 2327-2378/? I/octvm_power: Action: set_thermal_config(restore) for [foreground_change]
10-28 10:58:30.822 2327-2378/? I/octvm_drv: common drv: platform_set_thermal_mode -> platform not support
10-28 10:58:30.823 2327-2378/? I/octvm_power: onPowerModeChanged[idle] called
10-28 10:58:30.824 2850-3187/com.miui.powerkeeper:service D/SimpleSettingsFakeProvider: getMiscSetting, name = screen_off_force_idle, requestingUserId = 0
10-28 10:58:30.825 2850-3187/com.miui.powerkeeper:service D/SimpleSettingsFakeProvider: getMiscSetting, name = common_screenoff_timeout_params, requestingUserId = 0
10-28 10:58:30.827 2850-3187/com.miui.powerkeeper:service D/PowerKeeper.Event: setScreenTimeoutAlarm
10-28 10:58:30.833 2850-3187/com.miui.powerkeeper:service D/PowerKeeper.Event: screen off, alarm delay 1380
10-28 10:58:30.839 754-754/? D/audio_hw_primary: adev_set_parameters: enter: screen_state=off
10-28 10:58:30.840 754-754/? V/compress_voip: voice_extn_compress_voip_set_parameters: enter: screen_state=off
10-28 10:58:30.840 754-754/? V/compress_voip: voice_extn_compress_voip_set_parameters: exit
10-28 10:58:30.840 754-754/? V/msm8974_platform: platform_set_parameters: enter: screen_state=off
10-28 10:58:30.840 754-754/? V/msm8974_platform: platform_set_parameters: exit with code(0)
10-28 10:58:30.840 754-754/? D/audio_hw_extn: audio_extn_set_anc_parameters: anc_enabled:0
10-28 10:58:30.840 754-754/? D/audio_hw_spkr_prot: audio_extn_fbsp_set_parameters: Speaker protection disabled
10-28 10:58:30.840 1393-1649/system_process E/WifiScanner: listener cannot be found
10-28 10:58:30.841 1983-1983/? D/wpa_supplicant: wlan0: Control interface command 'DRIVER SETSUSPENDMODE 1'
10-28 10:58:30.841 1983-1983/? D/wpa_supplicant: wpa_driver_nl80211_driver_cmd SETSUSPENDMODE 1 len = 0, 4096
10-28 10:58:30.849 1393-1393/system_process V/LocationPolicy: Screen state changed
10-28 10:58:30.855 1729-1729/com.android.systemui D/MiuiKeyguardUpdateMonitor: registerMusicStateChangeListener false
10-28 10:58:30.861 1729-1729/com.android.systemui V/KeyguardViewManager: KGVM: Set visibility on com.android.keyguard.AbstractKeyguardViewManager$KeyguardViewHost{279a3e2 G.E...... ......ID 0,0-1080,1920} to 33559296
10-28 10:58:30.864 1729-1729/com.android.systemui D/miui_keyguard_time:  handleShow :424
10-28 10:58:30.874 1729-1729/com.android.systemui V/BoostFramework: BoostFramework() : mPerf = com.qualcomm.qti.Performance@a7cd89d
10-28 10:58:30.874 1729-1729/com.android.systemui V/BoostFramework: BoostFramework() : mPerf = com.qualcomm.qti.Performance@7964112
10-28 10:58:30.889 1729-1729/com.android.systemui D/MiuiKeyguardMoveLeftView: miuikeyguard is suport right move:mihome=true;remotevontroller=true;nfc=true
10-28 10:58:30.901 2624-3075/com.miui.securitycenter.remote I/PowerCenterProvider: call METHOD_GET_POWER_SUPPLY_INFO
10-28 10:58:30.902 2624-3077/com.miui.securitycenter.remote I/PowerCenterProvider: call METHOD_GET_BATTERY_INFO
10-28 10:58:30.903 2624-3077/com.miui.securitycenter.remote D/BatteryHistoryLoadMgr: getHistoryInfo begin
10-28 10:58:30.909 2142-2144/? I/WCNSS_FILTER: ibs_msm_serial_clock_vote: vote UART CLK ON using UART driver's ioctl()
10-28 10:58:30.917 2142-2144/? D/WCNSS_FILTER: wcnss_acquire_wakelock
10-28 10:58:30.917 2142-2144/? I/WCNSS_FILTER: vote=0,new_vote =1, old_tx_vote=0, old_rx_vote=0
10-28 10:58:30.917 2142-2144/? I/WCNSS_FILTER: ibs_bt_device_wakeup: Writing IBS_WAKE_IND
10-28 10:58:30.921 2142-2142/? I/WCNSS_FILTER: ibs_recv_ibs_cmd: Received IBS_WAKE_ACK: 0xFC
10-28 10:58:30.932 1393-3290/system_process E/BatteryStatsService: modem info is invalid: ModemActivityInfo{ mTimestamp=0 mSleepTimeMs=0 mIdleTimeMs=0 mTxTimeMs[]=[0, 0, 0, 0, 0] mRxTimeMs=0 mEnergyUsed=0}
10-28 10:58:30.942 1393-1458/system_process V/UidProcStateHelper: process state changed:[2386,10023,6]
10-28 10:58:30.944 1729-1729/com.android.systemui D/PhoneStatusBar: disable: 0x00000240 -> 0x03e80010 (diff: 0x03e80250)
10-28 10:58:30.944 1729-1729/com.android.systemui D/PhoneStatusBar: disable: < expand icons alerts TICKER* system_info BACK* HOME* RECENT* CLOCK* full hide KEYGUARD* none float >
10-28 10:58:30.944 2509-2774/com.android.nfc D/NfcService: screen stated changed. current screenstate:3,change to:1
10-28 10:58:30.944 2509-2774/com.android.nfc D/BrcmNfcJni: nfcManager_doSetScreenState: state = 1
10-28 10:58:30.944 2509-2774/com.android.nfc D/BrcmNfcJni: acquireRfInterfaceMutexLock: try to acquire lock
10-28 10:58:30.945 2509-2774/com.android.nfc D/BrcmNfcJni: acquireRfInterfaceMutexLock: sRfInterfaceMutex lock
10-28 10:58:30.945 2509-2774/com.android.nfc D/BrcmNfcJni: SyncEventGuard: lock on 0x7f685feb60
10-28 10:58:30.945 2509-2774/com.android.nfc D/BrcmNfcJni: startRfDiscovery: is start = 0, sRfEnabled = 1
10-28 10:58:30.945 2509-2774/com.android.nfc D/BrcmNfcJni: SyncEventGuard: lock on 0x7f685feb58
10-28 10:58:30.945 2509-2774/com.android.nfc I/BrcmNfcNfa: NFA_StopRfDiscovery ()
10-28 10:58:30.945 2509-2780/com.android.nfc I/BrcmNfcNfa: NFA got event 0x010F
10-28 10:58:30.945 2509-2780/com.android.nfc I/BrcmNfcNfa: nfa_dm_evt_hdlr event: NFA_DM_API_STOP_RF_DISCOVERY_EVT (0x0f)
10-28 10:58:30.945 2509-2780/com.android.nfc I/BrcmNfcNfa: nfa_dm_act_stop_rf_discovery ()
10-28 10:58:30.945 2509-2780/com.android.nfc I/BrcmNfcNfa: nfa_dm_rf_deactivate () deactivate_type:0x0
10-28 10:58:30.945 2509-2780/com.android.nfc I/BrcmNfcNfa: nfa_dm_disc_sm_execute (): state: DISCOVERY (1), event: DEACTIVATE_CMD(6) disc_flags: 0x2
10-28 10:58:30.945 2509-2780/com.android.nfc I/BrcmNfcNfa: NFC_Deactivate 4 (IDLE) deactivate_type:0
10-28 10:58:30.945 2509-2780/com.android.nfc I/BrcmNfcNfa: nfc_ncif_send_cmd.
10-28 10:58:30.945 2509-2780/com.android.nfc D/NfcAdaptation: NfcAdaptation::HalWrite
10-28 10:58:30.945 2509-2780/com.android.nfc D/NxpExtns: const nxp::CNfcParam *nxp::CNfcConfig::find(const char *) const found MIFARE_READER_ENABLE=(0x1)
10-28 10:58:30.945 2509-2823/com.android.nfc D/NxpTml: PN54X - Write requested.....
10-28 10:58:30.945 2509-2823/com.android.nfc D/NxpTml: PN54X - Invoking I2C Write.....
10-28 10:58:30.946 1729-1729/com.android.systemui V/PhoneStatusBarPolicy: updateManagedProfile mManagedProfileFocused: false mManagedProfileInQuietMode: false mKeyguardVisible: true mCurrentUserId:0 mCurrentProfileId:0 mSecondSpaceStatusIconVisible: true showIcon:false
10-28 10:58:30.946 2509-2823/com.android.nfc E/NxpTml: _i2c_write() errno : 5
10-28 10:58:30.946 2509-2823/com.android.nfc E/NxpTml: PN54X - Error in I2C Write.....
10-28 10:58:30.947 2509-2823/com.android.nfc D/NxpTml: PN54X - Posting Fresh Write message.....
10-28 10:58:30.947 2509-2823/com.android.nfc D/NxpTml: PN54X - Tml Writer Thread Running................
10-28 10:58:30.947 2509-2825/com.android.nfc E/NxpHal: write error status = 0x1ff
10-28 10:58:30.947 2509-2780/com.android.nfc E/NxpHal: write_unlocked failed - PN54X Maybe in Standby Mode - Retry
10-28 10:58:30.949 2509-2823/com.android.nfc D/NxpTml: PN54X - Write requested.....
10-28 10:58:30.949 2509-2823/com.android.nfc D/NxpTml: PN54X - Invoking I2C Write.....
10-28 10:58:30.950 2509-2823/com.android.nfc D/NxpNciX: len =   4 > 21060100
10-28 10:58:30.950 1393-2837/system_process E/IzatSvc_OSObserver: I/LocTech-Label :: OSOBSERVER :: Data Items In
10-28 10:58:30.950 2509-2823/com.android.nfc D/NxpTml: PN54X - I2C Write successful.....
10-28 10:58:30.950 1393-2837/system_process E/IzatSvc_OSObserver: I/LocTech-Value :: Data Item Value: IS_SCREEN_ON: false
10-28 10:58:30.950 2509-2823/com.android.nfc D/NxpTml: PN54X - Posting Fresh Write message.....
10-28 10:58:30.950 2509-2823/com.android.nfc D/NxpTml: PN54X - Tml Writer Thread Running................
10-28 10:58:30.950 2509-2825/com.android.nfc D/NxpHal: write successful status = 0x0
10-28 10:58:30.950 2509-2780/com.android.nfc I/BrcmNfcNfa: nfa_dm_disc_sm_execute (): new state: DISCOVERY (1), disc_flags: 0x22
10-28 10:58:30.950 2509-2780/com.android.nfc I/BrcmNfcNfa: nfa_sys_ptim_stop_timer 8309f518
10-28 10:58:30.950 2509-2780/com.android.nfc I/BrcmNfcNfa: ptim timer stop
10-28 10:58:30.950 2509-2780/com.android.nfc I/BrcmNfcNfa: Stopped presence check timer (if started)
10-28 10:58:30.952 2509-2822/com.android.nfc D/NxpTml: PN54X - I2C Read successful.....
10-28 10:58:30.952 2509-2822/com.android.nfc D/NxpNciR: len =   4 < 41060100
10-28 10:58:30.952 2509-2822/com.android.nfc D/NxpTml: PN54X - Posting read message.....
10-28 10:58:30.953 2509-2825/com.android.nfc D/NxpHal: read successful status = 0x0
10-28 10:58:30.953 2509-2825/com.android.nfc D/NfcAdaptation: NfcAdaptation::HalDeviceContextDataCallback: len=4
10-28 10:58:30.953 2509-2780/com.android.nfc I/BrcmNfcNfa: NFC received rsp gid:1
10-28 10:58:30.953 2509-2780/com.android.nfc I/BrcmNfcNfa: P2P_Prio_Logic
10-28 10:58:30.953 2509-2780/com.android.nfc I/BrcmNfcNfa: nfa_dm_p2p_prio_logic type = 0xff
10-28 10:58:30.953 2509-2780/com.android.nfc I/BrcmNfcNfa: returning TRUE
10-28 10:58:30.953 2509-2780/com.android.nfc I/BrcmNfcNfa: nfc_set_state 4 (IDLE)->4 (IDLE)
10-28 10:58:30.953 2509-2780/com.android.nfc I/BrcmNfcNfa: nfa_dm_disc_data_cback ()
10-28 10:58:30.953 2509-2780/com.android.nfc I/BrcmNfcNfa: nfa_dm_disc_discovery_cback (): event:0x4005
10-28 10:58:30.953 2509-2780/com.android.nfc I/BrcmNfcNfa: nfa_dm_disc_sm_execute (): state: DISCOVERY (1), event: DEACTIVATE_RSP(7) disc_flags: 0x22
10-28 10:58:30.953 2509-2780/com.android.nfc I/BrcmNfcNfa: nfa_dm_disc_new_state (): old_state: DISCOVERY (1), new_state: IDLE (0) disc_flags: 0x2
10-28 10:58:30.953 2509-2780/com.android.nfc D/BrcmNfcJni: nfaConnectionCallback: event= 31
10-28 10:58:30.953 2509-2780/com.android.nfc D/BrcmNfcJni: nfaConnectionCallback: NFA_RF_DISCOVERY_STOPPED_EVT: status = 0
10-28 10:58:30.953 2509-2780/com.android.nfc D/BrcmNfcJni: notifyPollingEventwhileNfcOff: sDiscCmdwhleNfcOff=0
10-28 10:58:30.953 2509-2780/com.android.nfc E/BrcmNfcJni: getReconnectState = 0x0
10-28 10:58:30.953 2509-2780/com.android.nfc D/BrcmNfcJni: SyncEventGuard: lock on 0x7f681fade0
10-28 10:58:30.953 2509-2780/com.android.nfc I/BrcmNfcNfa: nfa_dm_start_rf_discover ()
10-28 10:58:30.953 2509-2780/com.android.nfc I/BrcmNfcNfa: nfa_dm_start_rf_discover (): Return
10-28 10:58:30.954 2509-2780/com.android.nfc I/BrcmNfcNfa: nfa_dm_disc_sm_execute (): new state: IDLE (0), disc_flags: 0x0
10-28 10:58:30.954 2509-2822/com.android.nfc D/NxpTml: PN54X - Read requested.....
10-28 10:58:30.954 2509-2822/com.android.nfc D/NxpTml: PN54X - Invoking I2C Read.....
10-28 10:58:30.954 2509-2774/com.android.nfc D/BrcmNfcJni: SyncEventGuard: lock on 0x7f685febb0
10-28 10:58:30.954 2509-2774/com.android.nfc I/BrcmNfcNfa: NFA_DisablePolling ()
10-28 10:58:30.954 2509-2780/com.android.nfc I/BrcmNfcNfa: NFA got event 0x0107
10-28 10:58:30.954 2509-2780/com.android.nfc I/BrcmNfcNfa: nfa_dm_evt_hdlr event: NFA_DM_API_DISABLE_POLLING_EVT (0x07)
10-28 10:58:30.954 2509-2780/com.android.nfc I/BrcmNfcNfa: nfa_dm_act_disable_polling ()
10-28 10:58:30.955 2509-2780/com.android.nfc I/BrcmNfcNfa: nfa_dm_deactivate_polling ()
10-28 10:58:30.955 2509-2780/com.android.nfc I/BrcmNfcNfa: nfa_dm_delete_rf_discover () handle=0x1
10-28 10:58:30.955 2850-2850/com.miui.powerkeeper:service D/Power.Events: screen on: false
10-28 10:58:30.955 2509-2780/com.android.nfc D/BrcmNfcJni: nfaConnectionCallback: event= 1
10-28 10:58:30.955 2509-2780/com.android.nfc D/BrcmNfcJni: nfaConnectionCallback: NFA_POLL_DISABLED_EVT: status = 0
10-28 10:58:30.955 2509-2780/com.android.nfc D/BrcmNfcJni: SyncEventGuard: lock on 0x7f681fb1e0
10-28 10:58:30.955 2509-2774/com.android.nfc D/BrcmNfcJni: SetScreenState: enter
10-28 10:58:30.955 2509-2774/com.android.nfc D/BrcmNfcJni: SyncEventGuard: lock on 0x7f685feb68
10-28 10:58:30.956 2509-2774/com.android.nfc D/BrcmNfcJni: Set Screen OFF
10-28 10:58:30.956 2509-2774/com.android.nfc D/BrcmNfcJni: SetScreenState: Success NFA_SendNxpNciCommand
10-28 10:58:30.956 2850-3224/com.miui.powerkeeper:service D/PowerCheckerService: updateForScreenChangedLocked, mScreenOn = false
10-28 10:58:30.956 2850-3224/com.miui.powerkeeper:service D/PowerChecker.BaStats: setBatteryStateLocked, screenOff = true
10-28 10:58:30.956 2850-3176/com.miui.powerkeeper:service D/HideModeStateMachine: updateForScreenChangedLocked, mScreenOn = false
10-28 10:58:30.956 2850-3224/com.miui.powerkeeper:service D/PowerChecker.BaStats: Updating network stats
10-28 10:58:30.958 2509-2780/com.android.nfc I/BrcmNfcNfa: NFA got event 0x011A
10-28 10:58:30.958 2509-2780/com.android.nfc I/BrcmNfcNfa: nfa_dm_evt_hdlr event: Unknown or Vendor Specific (0x1a)
10-28 10:58:30.958 2509-2780/com.android.nfc D/NfcAdaptation: NfcAdaptation::HalWrite
10-28 10:58:30.958 2850-3696/com.miui.powerkeeper:service D/KillProcessAppRuleChecker: updateForScreenChangedLocked, mScreenOn = false
10-28 10:58:30.958 2509-2780/com.android.nfc D/NxpExtns: const nxp::CNfcParam *nxp::CNfcConfig::find(const char *) const found MIFARE_READER_ENABLE=(0x1)
10-28 10:58:30.958 2850-3688/com.miui.powerkeeper:service D/AppActiveChecker: updateForScreenChangedLocked, mScreenOn = false
10-28 10:58:30.958 2509-2823/com.android.nfc D/NxpTml: PN54X - Write requested.....
10-28 10:58:30.958 2509-2823/com.android.nfc D/NxpTml: PN54X - Invoking I2C Write.....
10-28 10:58:30.959 2509-2823/com.android.nfc D/NxpNciX: len =   4 > 2F150101
10-28 10:58:30.959 2509-2823/com.android.nfc D/NxpTml: PN54X - I2C Write successful.....
10-28 10:58:30.959 2509-2823/com.android.nfc D/NxpTml: PN54X - Posting Fresh Write message.....
10-28 10:58:30.959 2509-2823/com.android.nfc D/NxpTml: PN54X - Tml Writer Thread Running................
10-28 10:58:30.959 2509-2825/com.android.nfc D/NxpHal: write successful status = 0x0
10-28 10:58:30.960 2509-2822/com.android.nfc D/NxpTml: PN54X - I2C Read successful.....
10-28 10:58:30.960 2509-2822/com.android.nfc D/NxpNciR: len =   4 < 4F150100
10-28 10:58:30.960 2509-2822/com.android.nfc D/NxpTml: PN54X - Posting read message.....
10-28 10:58:30.960 2509-2825/com.android.nfc D/NxpHal: read successful status = 0x0
10-28 10:58:30.960 2509-2825/com.android.nfc D/NfcAdaptation: NfcAdaptation::HalDeviceContextDataCallback: len=4
10-28 10:58:30.960 2509-2780/com.android.nfc D/BrcmNfcJni: NxpResponse_SetDhlf_Cb Received length data = 0x4 status = 0x0
10-28 10:58:30.960 2509-2780/com.android.nfc D/BrcmNfcJni: SyncEventGuard: lock on 0x7f681fb1b0
10-28 10:58:30.960 2509-2774/com.android.nfc D/BrcmNfcJni: releaseRfInterfaceMutexLock: sRfInterfaceMutex unlock
10-28 10:58:30.960 2850-3689/com.miui.powerkeeper:service D/DeviceIdleAppRuleChecker: updateForScreenChangedLocked, mScreenOn = false
10-28 10:58:30.961 2509-2822/com.android.nfc D/NxpTml: PN54X - Read requested.....
10-28 10:58:30.961 2850-3714/com.miui.powerkeeper:service D/ActiveStateController: updateForScreenChangedLocked, mScreenOn = false
10-28 10:58:30.961 2509-2822/com.android.nfc D/NxpTml: PN54X - Invoking I2C Read.....
10-28 10:58:30.961 2509-2774/com.android.nfc E/NfcService: applyRouting -2
10-28 10:58:30.961 2509-2774/com.android.nfc D/NfcService: applyRouting - enter force = false mScreenState = 1
10-28 10:58:30.962 2509-2774/com.android.nfc D/NfcService: disableDiscovery
10-28 10:58:30.962 2509-2774/com.android.nfc D/BrcmNfcJni: nfcManager_disableDiscovery: enter;
10-28 10:58:30.962 2509-2774/com.android.nfc D/BrcmNfcJni: pn544InteropAbortNow
10-28 10:58:30.962 2509-2774/com.android.nfc D/BrcmNfcJni: acquireRfInterfaceMutexLock: try to acquire lock
10-28 10:58:30.962 2509-2774/com.android.nfc D/BrcmNfcJni: acquireRfInterfaceMutexLock: sRfInterfaceMutex lock
10-28 10:58:30.962 2509-2774/com.android.nfc D/BrcmNfcJni: SyncEventGuard: lock on 0x7f685fea50
10-28 10:58:30.962 2509-2774/com.android.nfc D/BrcmNfcJni: startRfDiscovery: is start = 0, sRfEnabled = 0
10-28 10:58:30.962 2509-2774/com.android.nfc D/BrcmNfcJni: SyncEventGuard: lock on 0x7f685fea60
10-28 10:58:30.962 2509-2774/com.android.nfc D/BrcmNfcJni: stopPolling_rfDiscoveryDisabled: disable polling
10-28 10:58:30.962 2509-2774/com.android.nfc I/BrcmNfcNfa: NFA_DisablePolling ()
10-28 10:58:30.962 2509-2780/com.android.nfc I/BrcmNfcNfa: NFA got event 0x0107
10-28 10:58:30.962 2509-2780/com.android.nfc I/BrcmNfcNfa: nfa_dm_evt_hdlr event: NFA_DM_API_DISABLE_POLLING_EVT (0x07)
10-28 10:58:30.962 2509-2780/com.android.nfc I/BrcmNfcNfa: nfa_dm_act_disable_polling ()
10-28 10:58:30.962 2509-2780/com.android.nfc D/BrcmNfcJni: nfaConnectionCallback: event= 1
10-28 10:58:30.962 2509-2780/com.android.nfc D/BrcmNfcJni: nfaConnectionCallback: NFA_POLL_DISABLED_EVT: status = 3
10-28 10:58:30.962 2509-2780/com.android.nfc D/BrcmNfcJni: SyncEventGuard: lock on 0x7f681fb1e0
10-28 10:58:30.962 2509-2774/com.android.nfc D/NfcAdaptation: const CNfcParam *CNfcConfig::find(const char *) const found UICC_LISTEN_TECH_MASK=(0x83)
10-28 10:58:30.963 2509-2774/com.android.nfc E/BrcmNfcJni: nfcManager_disableDiscovery:UICC_LISTEN_MASK=0x0131;
10-28 10:58:30.963 2509-2774/com.android.nfc D/NfcAdaptation: const CNfcParam *CNfcConfig::find(const char *) const found P2P_LISTEN_TECH_MASK=(0xC0)
10-28 10:58:30.963 2509-2774/com.android.nfc E/BrcmNfcJni: nfcManager_disableDiscovery:P2P_LISTEN_MASK=0x0192;
10-28 10:58:30.963 2509-2774/com.android.nfc D/BrcmNfcJni: PeerToPeer::enableP2pListening: enter isEnable: 0  mIsP2pListening: 1
                                                           
                                                           [ 10-28 10:58:30.963  2509: 2774 D/         ]
                                                           SyncEventGuard: lock on 0x7f685fea50
10-28 10:58:30.963 2509-2774/com.android.nfc I/BrcmNfcNfa: NFA_P2pSetListenTech (): tech_mask:0x0
10-28 10:58:30.963 2509-2780/com.android.nfc I/BrcmNfcNfa: NFA got event 0x010D
10-28 10:58:30.963 2509-2780/com.android.nfc I/BrcmNfcNfa: nfa_dm_evt_hdlr event: NFA_DM_API_SET_P2P_LISTEN_TECH_EVT (0x0d)
10-28 10:58:30.963 2509-2780/com.android.nfc I/BrcmNfcNfa: nfa_dm_set_p2p_listen_tech ()  tech_mask = 0
10-28 10:58:30.963 2509-2780/com.android.nfc I/BrcmNfcNfa: nfa_p2p_update_listen_tech ()  tech_mask = 0x0
10-28 10:58:30.963 2509-2780/com.android.nfc I/BrcmNfcNfa: nfa_dm_delete_rf_discover () handle=0x2
10-28 10:58:30.963 2509-2780/com.android.nfc I/BrcmNfcNfa: nfa_p2p_enable_listening () sys_id = 3, update_wks = 0
10-28 10:58:30.963 2509-2780/com.android.nfc D/BrcmNfcJni: nfaConnectionCallback: event= 33
10-28 10:58:30.963 2509-2780/com.android.nfc D/BrcmNfcJni: nfaConnectionCallback: NFA_SET_P2P_LISTEN_TECH_EVT
                                                           
                                                           [ 10-28 10:58:30.963  2509: 2780 D/         ]
                                                           SyncEventGuard: lock on 0x7f681fb300
10-28 10:58:30.964 2509-2774/com.android.nfc D/BrcmNfcJni: PeerToPeer::enableP2pListening: exit; mIsP2pListening: 0
10-28 10:58:30.964 2509-2774/com.android.nfc D/BrcmNfcJni: SyncEventGuard: lock on 0x7f685feac0
10-28 10:58:30.964 2509-2774/com.android.nfc I/BrcmNfcNfa: NFA_CeConfigureUiccListenTech () ee_handle = 0x402
10-28 10:58:30.964 2509-2780/com.android.nfc I/BrcmNfcNfa: NFA got event 0x0702
10-28 10:58:30.964 2509-2780/com.android.nfc I/BrcmNfcNfa: nfa_ce_handle_event event: NFA_CE_API_DEREG_LISTEN_EVT (0x702), flags: 00000000
10-28 10:58:30.964 2509-2780/com.android.nfc I/BrcmNfcNfa: NFA_CE: removing listen_info entry 2
10-28 10:58:30.964 2509-2780/com.android.nfc D/BrcmNfcJni: nfaConnectionCallback: event= 29
10-28 10:58:30.964 2509-2780/com.android.nfc D/BrcmNfcJni: nfaConnectionCallback: NFA_CE_UICC_LISTEN_CONFIGURED_EVT : status=0x0
                                                           
