10-28 13:53:21.181 1698-2200/com.android.bluetooth I/bt_btif: BTA got event 0x2103
10-28 13:53:21.181 1698-2200/com.android.bluetooth D/bt_btif: bta_sdp_remove_record() event: 8451
10-28 13:53:21.181 1698-2200/com.android.bluetooth D/bt_btif: Sdp Server on_remove_record_event
10-28 13:53:21.181 1698-2200/com.android.bluetooth D/bt_sdp: SDP_DeleteRecord ok, num_records:11
10-28 13:53:21.181 1698-2200/com.android.bluetooth I/bt_btif: BTA got event 0x1a03
10-28 13:53:21.181 1698-1840/com.android.bluetooth D/bt_btif: btif_av_execute_service: enable: 0 completed
10-28 13:53:21.181 1698-2200/com.android.bluetooth D/bt_btif: bta_jv_set_free_psm(): Recycling PSM: 0x4101
10-28 13:53:21.181 1698-2200/com.android.bluetooth I/bt_btif: BTA got event 0x1a0a
10-28 13:53:21.181 1698-1840/com.android.bluetooth D/bt_btif: btif_in_execute_service_request service_id: 6
10-28 13:53:21.181 1698-2200/com.android.bluetooth I/bt_gap: GAP_CONN - close  handle: 0x2
10-28 13:53:21.181 1698-1840/com.android.bluetooth D/bt_btif: btif_hf_execute_service: enable: 0
10-28 13:53:21.181 1698-2200/com.android.bluetooth I/bt_btm: BTM_SEC_CLR[18]: id 57
10-28 13:53:21.181 1698-1840/com.android.bluetooth D/bt_btif: btif_hf_execute_service: setting call backs to NULL
10-28 13:53:21.181 1698-2200/com.android.bluetooth W/bt_l2cap: L2CAP - L2CA_Deregister() called for PSM: 0x1005
10-28 13:53:21.181 1698-2200/com.android.bluetooth D/bt_btif: BTA_JV_L2CAP_CLOSE_EVT: id: 5
10-28 13:53:21.181 1698-1840/com.android.bluetooth D/bt_btif: btif_hf_execute_service: enable: 0 completed
10-28 13:53:21.181 1698-2200/com.android.bluetooth I/bt_btif: BTA got event 0x2103
10-28 13:53:21.181 1698-2200/com.android.bluetooth D/bt_btif: btif_in_execute_servi() event: 8451
10-28 13:53:21.181 1698-1840/com.android.bluetooth D/bt_btif: btif_in_execute_servi() event:  service_id: 20
10-28 13:53:21.181 1698-2200/com.android.bluetooth D/bt_btif: Sdp Server on_remove_record_event
10-28 13:53:21.182 1698-1840/com.android.bluetooth D/bt_btif: btif_in_execute_service_request service_id: 29
10-28 13:53:21.182 1698-2200/com.android.bluetooth D/bt_sdp: SDP_DeleteRecord ok, num_records:10
10-28 13:53:21.182 1698-2200/com.android.bluetooth I/bt_btif: BTA got event 0x122f
10-28 13:53:21.182 1698-1840/com.android.bluetooth D/bt_btif: btif_sdp_execute_service enable:0
10-28 13:53:21.182 1698-2200/com.android.bluetooth D/bt_btif: AV nsm event=0x122f(API_DEREG)
10-28 13:53:21.182 1698-1840/com.android.bluetooth I/bt_btif: HAL bt_vendor_callbacks->bredr_cleanup_cb
10-28 13:53:21.182 1698-2200/com.android.bluetooth D/bt_a2d: A2D_close_aptX
10-28 13:53:21.182 1698-1840/com.android.bluetooth I/BluetoothVendorJni: bredr_cleanup_callback
10-28 13:53:21.182 1698-2200/com.android.bluetooth D/bt_a2d: A2D_stop_aptX
10-28 13:53:21.182 1698-2200/com.android.bluetooth D/bt_a2d: A2D_deinit_aptX_HD
10-28 13:53:21.182 1698-1840/com.android.bluetooth D/BluetoothVendorService: BREDR cleanup done
10-28 13:53:21.182 1698-2207/com.android.bluetooth D/bt_btif: print poll event:2010
10-28 13:53:21.182 1698-2207/com.android.bluetooth D/bt_btif:    POLLHUP 
10-28 13:53:21.182 1698-2207/com.android.bluetooth D/bt_btif:    POLLRDHUP
10-28 13:53:21.182 1698-2207/com.android.bluetooth I/bt_btif: BTA_JvRfcommStopServer
10-28 13:53:21.182 1698-2207/com.android.bluetooth D/bt_btm: BTM_FreeSCN 
10-28 13:53:21.182 1698-1831/com.android.bluetooth D/BluetoothAdapterState: Current state: PENDING_COMMAND, message: 21
10-28 13:53:21.182 1698-2207/com.android.bluetooth D/bt_btif: print poll event:2010
10-28 13:53:21.183 1698-2207/com.android.bluetooth D/bt_btif:    POLLHUP 
10-28 13:53:21.183 1698-1831/com.android.bluetooth W/BluetoothAdapterService: Total profiles =7
10-28 13:53:21.183 1698-2207/com.android.bluetooth D/bt_btif:    POLLRDHUP
10-28 13:53:21.183 1698-2207/com.android.bluetooth I/bt_btif: BTA_JvRfcommStopServer
10-28 13:53:21.183 1698-2207/com.android.bluetooth D/bt_btm: BTM_FreeSCN 
10-28 13:53:21.183 1698-2207/com.android.bluetooth D/bt_btif: print poll event:2010
10-28 13:53:21.183 1698-2207/com.android.bluetooth D/bt_btif:    POLLHUP 
10-28 13:53:21.183 1698-2207/com.android.bluetooth D/bt_btif:    POLLRDHUP
10-28 13:53:21.183 1698-2207/com.android.bluetooth E/bt_btif: SOCK_LIST: free(id = 1) - NO app_fd!
10-28 13:53:21.183 1698-2207/com.android.bluetooth I/bt_btif: BTA_JvFreeChannel
10-28 13:53:21.183 1698-2207/com.android.bluetooth D/bt_btif: btsock_l2cap_free_l stopping L2CAP server channel 4097
10-28 13:53:21.183 1698-2207/com.android.bluetooth I/bt_btif: BTA_JvL2capStopServer
10-28 13:53:21.183 1698-2207/com.android.bluetooth D/bt_btif: btsock_l2cap_free_l: free(id = 1)
10-28 13:53:21.183 1698-2207/com.android.bluetooth D/bt_btif: print poll event:2010
10-28 13:53:21.183 1698-2207/com.android.bluetooth D/bt_btif:    POLLHUP 
10-28 13:53:21.183 1698-2207/com.android.bluetooth D/bt_btif:    POLLRDHUP
10-28 13:53:21.183 1698-2207/com.android.bluetooth E/bt_btif: SOCK_LIST: free(id = 2) - NO app_fd!
10-28 13:53:21.183 1698-2207/com.android.bluetooth I/bt_btif: BTA_JvFreeChannel
10-28 13:53:21.183 1698-2207/com.android.bluetooth D/bt_btif: btsock_l2cap_free_l stopping L2CAP server channel 4099
10-28 13:53:21.183 1698-2207/com.android.bluetooth I/bt_btif: BTA_JvL2capStopServer
10-28 13:53:21.183 1698-2207/com.android.bluetooth D/bt_btif: btsock_l2cap_free_l: free(id = 2)
10-28 13:53:21.184 1698-2220/com.android.bluetooth D/BluetoothPbapService: Pbap Service closeService out
10-28 13:53:21.185 4880-4880/com.android.settings D/DockEventReceiver: finishStartingService: stopping service
10-28 13:53:21.186 1698-2248/com.android.bluetooth W/BluetoothOppL2capListener: 13 L2cap listener failed as BT is (being) turned off
10-28 13:53:21.186 1698-2248/com.android.bluetooth I/BluetoothOppL2capListener: BluetoothSocket listen thread finished
10-28 13:53:21.186 1729-1729/com.android.systemui D/BluetoothPbap: Proxy object disconnected
10-28 13:53:21.186 1729-1729/com.android.systemui D/PbapServerProfile: Bluetooth service disconnected
10-28 13:53:21.187 4880-4880/com.android.settings D/BluetoothPbap: Proxy object disconnected
10-28 13:53:21.187 4880-4880/com.android.settings D/PbapServerProfile: Bluetooth service disconnected
10-28 13:53:21.188 1698-2247/com.android.bluetooth W/BtOppRfcommListener: 13 RFCOMM listener failed as BT is being turned off
10-28 13:53:21.188 1698-2247/com.android.bluetooth I/BtOppRfcommListener: BluetoothSocket listen thread finished
10-28 13:53:21.194 1698-2200/com.android.bluetooth D/bt_a2d: A2D_deinit_aptX
10-28 13:53:21.199 1698-2200/com.android.bluetooth D/bt_btif: AV Sevent(0x41)=0x120a(API_CLOSE) state=0(INIT)
10-28 13:53:21.199 1698-2200/com.android.bluetooth D/bt_avp: AVDT_GetServiceBusyState: 0
10-28 13:53:21.199 1698-2200/com.android.bluetooth D/bt_btif: bta_av_cleanup
10-28 13:53:21.199 1698-2200/com.android.bluetooth D/bt_avp: avdt_scb_dealloc hdl=1
10-28 13:53:21.199 1698-2200/com.android.bluetooth D/bt_avp: avdt_scb_dealloc hdl=2
10-28 13:53:21.199 1698-2200/com.android.bluetooth D/bt_avp: avdt_scb_dealloc hdl=3
10-28 13:53:21.200 1698-1831/com.android.bluetooth W/BluetoothAdapterService: setProfileServiceState() - Stopping service com.android.bluetooth.hfp.HeadsetService
10-28 13:53:21.204 1698-2200/com.android.bluetooth D/bt_btif: deregistered 64(h65)
10-28 13:53:21.204 1698-2200/com.android.bluetooth D/bt_sdp: SDP_DeleteRecord ok, num_records:9
10-28 13:53:21.204 1698-2200/com.android.bluetooth I/bt_btif: Removing UUID=0x110A from EIR
10-28 13:53:21.204 1698-2200/com.android.bluetooth D/bt_btif: BTA is generating EIR
10-28 13:53:21.204 1698-2200/com.android.bluetooth I/bt_btm: Write Extended Inquiry Response to controller
10-28 13:53:21.204 1698-2200/com.android.bluetooth I/bt_btif: bta_dm_eir_update_uuid UUID bit mask=0x00000490 04071020
10-28 13:53:21.205 1698-2200/com.android.bluetooth D/bt_btif: audio 0x0, video: 0x0, disable:0
10-28 13:53:21.205 1698-2200/com.android.bluetooth W/bt_l2cap: L2CAP - L2CA_Deregister() called for PSM: 0x0019
10-28 13:53:21.205 1698-2200/com.android.bluetooth D/bt_sdp: SDP_DeleteRecord ok, num_records:8
10-28 13:53:21.205 1698-2200/com.android.bluetooth I/bt_btif: Removing UUID=0x110C from EIR
10-28 13:53:21.205 1698-2200/com.android.bluetooth D/bt_btif: BTA is generating EIR
10-28 13:53:21.205 1698-2200/com.android.bluetooth I/bt_btm: Write Extended Inquiry Response to controller
10-28 13:53:21.205 1698-2200/com.android.bluetooth I/bt_btif: bta_dm_eir_update_uuid UUID bit mask=0x00000490 04070020
10-28 13:53:21.205 1698-2200/com.android.bluetooth W/bt_l2cap: L2CAP - L2CA_Deregister() called for PSM: 0x0017
10-28 13:53:21.205 1698-2200/com.android.bluetooth I/bt_btif: BTA got event 0x1200
10-28 13:53:21.205 1698-2200/com.android.bluetooth D/bt_btif: AV sm event=0x1200(API_DISABLE)
10-28 13:53:21.205 1698-2200/com.android.bluetooth I/bt_btif: AV event=0x1200(API_DISABLE) state=0(INIT)
10-28 13:53:21.205 1698-2200/com.android.bluetooth I/bt_btif: next state=0
10-28 13:53:21.205 1698-2200/com.android.bluetooth I/bt_btif: bta_av_del_rc  handle: 0 status=0x10, rc_acp_handle:0, idx:1
10-28 13:53:21.205 1698-2200/com.android.bluetooth D/bt_avp: AVRC_Close handle:0
10-28 13:53:21.205 1698-2200/com.android.bluetooth I/bt_btif: end del_rc handle: 255 status=0x0, rc_acp_handle:255, lidx:0
10-28 13:53:21.205 1698-2200/com.android.bluetooth D/bt_a2d: A2D_close_aptX
10-28 13:53:21.205 1698-2200/com.android.bluetooth D/bt_a2d: A2D_stop_aptX
10-28 13:53:21.205 1698-2200/com.android.bluetooth D/bt_a2d: A2D_deinit_aptX_HD
10-28 13:53:21.205 1698-2200/com.android.bluetooth D/bt_a2d: A2D_deinit_aptX
10-28 13:53:21.205 1698-2200/com.android.bluetooth D/bt_btif: audio 0x0, video: 0x0, disable:1
10-28 13:53:21.205 1698-2200/com.android.bluetooth W/bt_l2cap: L2CAP - L2CA_Deregister() called for PSM: 0x0019
10-28 13:53:21.205 1698-2200/com.android.bluetooth W/bt_l2cap: L2CAP - PSM: 0x0019 not found for deregistration
10-28 13:53:21.206 1698-2200/com.android.bluetooth W/bt_l2cap: L2CAP - L2CA_Deregister() called for PSM: 0x0017
10-28 13:53:21.206 1698-2200/com.android.bluetooth W/bt_l2cap: L2CAP - PSM: 0x0017 not found for deregistration
10-28 13:53:21.206 1698-2200/com.android.bluetooth D/bt_a2d: A2D_close_aptX
10-28 13:53:21.206 1698-2200/com.android.bluetooth D/bt_a2d: A2D_stop_aptX
10-28 13:53:21.206 1698-2200/com.android.bluetooth D/bt_a2d: A2D_deinit_aptX_HD
10-28 13:53:21.206 1698-2200/com.android.bluetooth D/bt_a2d: A2D_deinit_aptX
10-28 13:53:21.206 1698-2200/com.android.bluetooth D/bt_btif: audio 0x0, video: 0x0, disable:0
10-28 13:53:21.206 1698-2200/com.android.bluetooth W/bt_l2cap: L2CAP - L2CA_Deregister() called for PSM: 0x0019
10-28 13:53:21.206 1698-2200/com.android.bluetooth W/bt_l2cap: L2CAP - PSM: 0x0019 not found for deregistration
10-28 13:53:21.206 1698-2200/com.android.bluetooth W/bt_l2cap: L2CAP - L2CA_Deregister() called for PSM: 0x0017
10-28 13:53:21.206 1698-2200/com.android.bluetooth W/bt_l2cap: L2CAP - PSM: 0x0017 not found for deregistration
10-28 13:53:21.206 1698-2200/com.android.bluetooth D/bt_btm: btm_ble_advfilt_deq_op_q: ocf:1, action:1, ref_value:0, cb_evt:3
10-28 13:53:21.206 1698-2200/com.android.bluetooth D/bt_btm: btm_ble_scan_pf_cmpl_cback-Feat sel event: 1, 23, 0, 16
10-28 13:53:21.206 1698-2200/com.android.bluetooth E/bt_btif: bte_scan_filt_param_cfg_evt, 23
10-28 13:53:21.206 1698-2200/com.android.bluetooth I/bt_btif: BTA got event 0x501
10-28 13:53:21.206 1698-2200/com.android.bluetooth D/bt_btif: bta_ag_hdl_event: Event 0x0501 
10-28 13:53:21.206 1698-2200/com.android.bluetooth D/bt_btif: bta_ag_hdl_event: p_scb 0xc94d3470 
10-28 13:53:21.206 1698-2200/com.android.bluetooth D/bt_btif: AG evt (hdl 0x0001): State 0, Event 0x0501
10-28 13:53:21.206 1698-2200/com.android.bluetooth D/bt_btif: bta_ag_del_records 0
10-28 13:53:21.206 1698-2200/com.android.bluetooth D/bt_sdp: SDP_DeleteRecord ok, num_records:7
10-28 13:53:21.206 1698-2200/com.android.bluetooth D/bt_btm: BTM_FreeSCN 
10-28 13:53:21.206 1698-2200/com.android.bluetooth I/bt_btm: BTM_SEC_CLR[3]: id 12
10-28 13:53:21.206 1698-2200/com.android.bluetooth I/bt_btif: Removing UUID=0x1112 from EIR
10-28 13:53:21.206 1698-2200/com.android.bluetooth D/bt_btif: BTA is generating EIR
10-28 13:53:21.206 1698-2200/com.android.bluetooth I/bt_btm: Write Extended Inquiry Response to controller
10-28 13:53:21.206 1698-2200/com.android.bluetooth I/bt_btif: bta_dm_eir_update_uuid UUID bit mask=0x00000490 04060020
10-28 13:53:21.206 1698-2200/com.android.bluetooth D/bt_btif: bta_ag_del_records 1
10-28 13:53:21.206 1698-2200/com.android.bluetooth D/bt_sdp: SDP_DeleteRecord ok, num_records:6
10-28 13:53:21.206 1698-2200/com.android.bluetooth D/bt_btm: BTM_FreeSCN 
10-28 13:53:21.206 1698-2200/com.android.bluetooth I/bt_btm: BTM_SEC_CLR[4]: id 29
10-28 13:53:21.206 1698-2200/com.android.bluetooth I/bt_btif: Removing UUID=0x111F from EIR
10-28 13:53:21.206 1698-2200/com.android.bluetooth D/bt_btif: BTA is generating EIR
10-28 13:53:21.206 1698-2200/com.android.bluetooth I/bt_btm: Write Extended Inquiry Response to controller
10-28 13:53:21.206 1698-2200/com.android.bluetooth I/bt_btif: bta_dm_eir_update_uuid UUID bit mask=0x00000490 00060020
10-28 13:53:21.206 1698-2200/com.android.bluetooth I/bt_rfcomm: RFCOMM_RemoveServer() handle:2
10-28 13:53:21.206 1698-2200/com.android.bluetooth D/bt_rfcomm: port_release_port p_port: 0xc94cb294 state: 0 keep_handle: 0
10-28 13:53:21.206 1698-2200/com.android.bluetooth I/bt_rfcomm: rfc_port_timer_stop
10-28 13:53:21.206 1698-2200/com.android.bluetooth D/bt_rfcomm: port_release_port Clean-up handle: 2
10-28 13:53:21.207 1698-2200/com.android.bluetooth I/bt_rfcomm: RFCOMM_RemoveServer() handle:3
10-28 13:53:21.207 1698-2200/com.android.bluetooth D/bt_rfcomm: port_release_port p_port: 0xc94cb31c state: 0 keep_handle: 0
10-28 13:53:21.207 1698-2200/com.android.bluetooth I/bt_rfcomm: rfc_port_timer_stop
10-28 13:53:21.207 1698-2200/com.android.bluetooth D/bt_rfcomm: port_release_port Clean-up handle: 3
10-28 13:53:21.207 1698-2200/com.android.bluetooth D/bt_btif: bta_ag_scb_dealloc 1
10-28 13:53:21.207 1698-2200/com.android.bluetooth I/bt_btif: BTA got event 0x519
10-28 13:53:21.207 1698-2200/com.android.bluetooth D/bt_btif: bta_ag_hdl_event: Event 0x0519 
10-28 13:53:21.207 1698-2200/com.android.bluetooth D/bt_btif: btif_transfer_context event 30, len 0
10-28 13:53:21.207 1698-2200/com.android.bluetooth I/bt_btif: BTA got event 0x1717
10-28 13:53:21.207 1698-2200/com.android.bluetooth W/bt_l2cap: L2CAP - L2CA_Deregister() called for PSM: 0x0011
10-28 13:53:21.207 1698-2200/com.android.bluetooth W/bt_l2cap: L2CAP - L2CA_Deregister() called for PSM: 0x0013
10-28 13:53:21.207 1698-1840/com.android.bluetooth D/bt_btif: btif task fetched event a001
10-28 13:53:21.207 1698-2200/com.android.bluetooth I/bt_btif: BTA got event 0x1a10
10-28 13:53:21.207 1698-2200/com.android.bluetooth D/bt_btif: bta_jv_rfcomm_stop_server
10-28 13:53:21.207 1698-2200/com.android.bluetooth D/bt_btif: btif_context_switched
10-28 13:53:21.207 1698-1840/com.android.bluetooth D/bt_btif: btif_context_switched
10-28 13:53:21.207 1698-2200/com.android.bluetooth D/bt_btif: bta_jv_rfcomm_stop_server: p_pcb:0xc94d0c18, p_pcb->port_handle:4
10-28 13:53:21.207 1698-2200/com.android.bluetooth D/bt_btif: bta_jv_free_sr_rfc_cb: max_sess:7, curr_sess:1, p_pcb:0xc94d0c18, user:0x1, state:4, jv handle: 0x81
10-28 13:53:21.207 1698-1840/com.android.bluetooth D/bt_btif: btif_hf_upstreams_evt: event=BTA_AG_DISABLE_EVT
10-28 13:53:21.207 1698-2200/com.android.bluetooth D/bt_btif: bta_jv_free_sr_rfc_cb: state: BTA_JV_ST_SR_LISTEN, scn:4, user_data:0x1
10-28 13:53:21.207 1698-2200/com.android.bluetooth I/bt_rfcomm: RFCOMM_RemoveServer() handle:4
10-28 13:53:21.207 1698-2200/com.android.bluetooth D/bt_rfcomm: port_release_port p_port: 0xc94cb3a4 state: 0 keep_handle: 0
10-28 13:53:21.207 1698-1840/com.android.bluetooth E/bt_btif: port_release_port p_port: 0xc94cb3a4 7955
10-28 13:53:21.207 1698-2200/com.android.bluetooth I/bt_rfcomm: rfc_port_timer_stop
10-28 13:53:21.207 1698-2200/com.android.bluetooth D/bt_rfcomm: port_release_port Clean-up handle: 4
10-28 13:53:21.207 1698-2200/com.android.bluetooth I/bt_btm: BTM_SEC_CLR[13]: id 52
10-28 13:53:21.207 1698-2200/com.android.bluetooth D/bt_btif: bta_jv_rfcomm_stop_server: sec id in use:3, rfc_cb in use:1
10-28 13:53:21.207 1698-2200/com.android.bluetooth I/bt_btif: BTA got event 0x1a10
10-28 13:53:21.207 1698-2200/com.android.bluetooth D/bt_btif: bta_jv_rfcomm_stop_server
10-28 13:53:21.207 1698-2200/com.android.bluetooth D/bt_btif: find_rfc_pcb(): FOUND rfc_cb_handle 0x2, port.jv_handle: 0x82, state: 4, rfc_cb->handle: 0x82
10-28 13:53:21.207 1698-2200/com.android.bluetooth D/bt_btif: bta_jv_rfcomm_stop_server: p_pcb:0xc94d0c2c, p_pcb->port_handle:5
10-28 13:53:21.207 1698-2200/com.android.bluetooth D/bt_btif: bta_jv_free_sr_rfc_cb: max_sess:7, curr_sess:1, p_pcb:0xc94d0c2c, user:0x2, state:4, jv handle: 0x82
10-28 13:53:21.207 1698-2200/com.android.bluetooth D/bt_btif: bta_jv_free_sr_rfc_cb: state: BTA_JV_ST_SR_LISTEN, scn:5, user_data:0x2
10-28 13:53:21.207 1698-2200/com.android.bluetooth I/bt_rfcomm: RFCOMM_RemoveServer() handle:5
10-28 13:53:21.207 1698-2200/com.android.bluetooth D/bt_rfcomm: port_release_port p_port: 0xc94cb42c state: 0 keep_handle: 0
10-28 13:53:21.207 1698-2200/com.android.bluetooth I/bt_rfcomm: rfc_port_timer_stop
10-28 13:53:21.207 1698-2200/com.android.bluetooth D/bt_rfcomm: port_release_port Clean-up handle: 5
10-28 13:53:21.208 1698-2200/com.android.bluetooth I/bt_btm: BTM_SEC_CLR[14]: id 53
10-28 13:53:21.208 1698-2200/com.android.bluetooth D/bt_btif: bta_jv_rfcomm_stop_server: sec id in use:2, rfc_cb in use:0
10-28 13:53:21.208 1698-2200/com.android.bluetooth I/bt_btif: BTA got event 0x1a03
10-28 13:53:21.208 1698-2200/com.android.bluetooth D/bt_btif: bta_jv_set_free_psm(): Recycling PSM: 0x4097
10-28 13:53:21.208 1698-2200/com.android.bluetooth I/bt_btif: BTA got event 0x1a0a
10-28 13:53:21.208 1698-2200/com.android.bluetooth I/bt_gap: GAP_CONN - close  handle: 0x0
10-28 13:53:21.208 1698-2200/com.android.bluetooth I/bt_btm: BTM_SEC_CLR[15]: id 54
10-28 13:53:21.208 1698-2200/com.android.bluetooth W/bt_l2cap: L2CAP - L2CA_Deregister() called for PSM: 0x1001
10-28 13:53:21.208 1698-2200/com.android.bluetooth D/bt_btif: BTA_JV_L2CAP_CLOSE_EVT: id: 1
10-28 13:53:21.208 1698-2200/com.android.bluetooth I/bt_btif: BTA got event 0x1a03
10-28 13:53:21.208 1698-2200/com.android.bluetooth D/bt_btif: bta_jv_set_free_psm(): Recycling PSM: 0x4099
10-28 13:53:21.208 1698-2200/com.android.bluetooth I/bt_btif: BTA got event 0x1a0a
10-28 13:53:21.208 1698-2200/com.android.bluetooth I/bt_gap: GAP_CONN - close  handle: 0x1
10-28 13:53:21.208 1698-2200/com.android.bluetooth I/bt_btm: BTM_SEC_CLR[16]: id 55
10-28 13:53:21.208 1698-2200/com.android.bluetooth W/bt_l2cap: L2CAP - L2CA_Deregister() called for PSM: 0x1003
10-28 13:53:21.208 1698-2200/com.android.bluetooth D/bt_btif: BTA_JV_L2CAP_CLOSE_EVT: id: 2
10-28 13:53:21.208 1698-2200/com.android.bluetooth I/bt_btif: BTA got event 0x1f14
10-28 13:53:21.208 1698-2200/com.android.bluetooth I/bt_att: GATT_Deregister gatt_if=4
10-28 13:53:21.208 1698-2200/com.android.bluetooth I/bt_att: GATT_Listen gatt_if=4
10-28 13:53:21.208 1698-2200/com.android.bluetooth I/bt_btm: BTM_BleUpdateAdvFilterPolicy
10-28 13:53:21.208 1698-2200/com.android.bluetooth I/bt_btm: BTM_ReadConnectability
10-28 13:53:21.208 1698-2200/com.android.bluetooth I/bt_btm: btm_ble_set_connectability mode=0x0 combined_mode=0x0
10-28 13:53:21.208 1698-2200/com.android.bluetooth I/bt_btm: btm_set_conn_mode_adv_init_addr connectable mode=0x0 scan_rsp=0x0
10-28 13:53:21.208 1698-2200/com.android.bluetooth D/bt_btif: bta_hh_gattc_callback event = 1
10-28 13:53:21.208 1698-2200/com.android.bluetooth D/bt_btif: btif_transfer_context event 1, len 1
10-28 13:53:21.208 1698-1840/com.android.bluetooth D/bt_btif: btif task fetched event a001
10-28 13:53:21.208 1698-1840/com.android.bluetooth D/bt_btif: btif_context_switched
10-28 13:53:21.209 1698-1840/com.android.bluetooth D/bt_btif: btif_hh_upstreams_evt: event=BTA_HH_DISABLE_EVT
10-28 13:53:21.210 1698-1831/com.android.bluetooth W/BluetoothAdapterService: setProfileServiceState() - Stopping service com.android.bluetooth.a2dp.A2dpService
10-28 13:53:21.214 1698-1698/com.android.bluetooth D/BtOppService: onDestroy
10-28 13:53:21.217 1698-1831/com.android.bluetooth W/BluetoothAdapterService: setProfileServiceState() - Stopping service com.android.bluetooth.hid.HidService
10-28 13:53:21.217 1698-1698/com.android.bluetooth D/BluetoothPbapService: Pbap Service onDestroy
10-28 13:53:21.217 1698-1698/com.android.bluetooth D/BluetoothPbapService: Unregistering observer
10-28 13:53:21.218 1698-1698/com.android.bluetooth D/BluetoothPbapService: StatusHandler :null mInterrupted:true
10-28 13:53:21.218 1698-1698/com.android.bluetooth D/BluetoothAdapterService: getAdapterService() - returning com.android.bluetooth.btservice.AdapterService@67433e5
10-28 13:53:21.219 1698-1698/com.android.bluetooth D/HeadsetService: Received stop request...Stopping profile...
10-28 13:53:21.219 1698-1831/com.android.bluetooth W/BluetoothAdapterService: setProfileServiceState() - Stopping service com.android.bluetooth.hdp.HealthService
10-28 13:53:21.220 754-754/? D/AudioPolicyManagerCustom: setForceUse() usage 0, config 0, mPhoneState 0
10-28 13:53:21.220 1698-2210/com.android.bluetooth D/HeadsetStateMachine: Exit Disconnected: -1
10-28 13:53:21.220 754-754/? V/AudioPolicyManagerCustom: getNewOutputDevice() selected device 0
10-28 13:53:21.221 754-754/? V/AudioPolicyManagerCustom: getNewOutputDevice() selected device 0
10-28 13:53:21.221 754-754/? V/AudioPolicyManagerCustom: getNewOutputDevice() selected device 0
10-28 13:53:21.221 754-754/? V/AudioPolicyManagerCustom: getNewOutputDevice() selected device 0
10-28 13:53:21.221 1393-1393/system_process D/BluetoothHeadset: Proxy object disconnected
10-28 13:53:21.221 1393-1393/system_process D/BluetoothHeadset: Proxy object disconnected
10-28 13:53:21.221 1393-1393/system_process D/BluetoothHeadset: Proxy object disconnected
10-28 13:53:21.222 1393-1393/system_process V/Telecom: : Lost BluetoothHeadset: null: BMSL.oSD@AF8
10-28 13:53:21.222 4880-4880/com.android.settings D/BluetoothHeadset: Proxy object disconnected
10-28 13:53:21.222 4880-4880/com.android.settings D/HeadsetProfile: Bluetooth service disconnected
10-28 13:53:21.222 1393-1393/system_process V/Telecom: BluetoothManager: isBluetoothAudioConnected: ==> FALSE (null mBluetoothHeadset): BMSL.oSD@AF8
10-28 13:53:21.222 1393-1393/system_process V/Telecom: BluetoothManager: isBluetoothAvailable()...: BMSL.oSD@AF8
10-28 13:53:21.222 1393-1393/system_process V/Telecom: BluetoothManager:   ==> false: BMSL.oSD@AF8
10-28 13:53:21.222 1698-1698/com.android.bluetooth D/HeadsetService:  profile stopped successfully
10-28 13:53:21.222 1698-1698/com.android.bluetooth D/BluetoothAdapterService: getAdapterService() - returning com.android.bluetooth.btservice.AdapterService@67433e5
10-28 13:53:21.222 1883-1883/com.android.phone D/BluetoothHeadset: Proxy object disconnected
10-28 13:53:21.222 1698-1698/com.android.bluetooth D/BluetoothAdapterService: getAdapterService() - returning com.android.bluetooth.btservice.AdapterService@67433e5
10-28 13:53:21.223 754-1431/? D/AudioPolicyManagerCustom: setForceUse() usage 2, config 0, mPhoneState 0
10-28 13:53:21.223 754-1431/? V/AudioPolicyManagerCustom: getNewOutputDevice() selected device 0
10-28 13:53:21.223 754-1431/? V/AudioPolicyManagerCustom: getNewOutputDevice() selected device 0
10-28 13:53:21.223 754-1431/? V/AudioPolicyManagerCustom: getNewOutputDevice() selected device 0
10-28 13:53:21.223 754-1431/? V/AudioPolicyManagerCustom: getNewOutputDevice() selected device 0
10-28 13:53:21.223 1698-1698/com.android.bluetooth D/A2dpService: Received stop request...Stopping profile...
10-28 13:53:21.223 1698-1698/com.android.bluetooth D/A2dpService: STOP of A2dpService
10-28 13:53:21.223 1729-1729/com.android.systemui D/BluetoothHeadset: Proxy object disconnected
10-28 13:53:21.223 1729-1729/com.android.systemui D/HeadsetProfile: Bluetooth service disconnected
10-28 13:53:21.223 1698-1698/com.android.bluetooth D/A2dpStateMachine: Enter doQuit()
10-28 13:53:21.223 1698-1698/com.android.bluetooth D/A2dpStateMachine: Exit doQuit()
10-28 13:53:21.223 1698-1698/com.android.bluetooth V/Avrcp: doQuit
10-28 13:53:21.223 1698-2211/com.android.bluetooth D/A2dpStateMachine: Exit Disconnected: -1
10-28 13:53:21.224 1698-1698/com.android.bluetooth D/Avrcp: Enter clearDeviceDependentFeature()
10-28 13:53:21.224 1698-1698/com.android.bluetooth D/Avrcp: Exit clearDeviceDependentFeature()
10-28 13:53:21.224 1698-1698/com.android.bluetooth I/Avrcp: cleanupDeviceFeaturesIndex index:0
10-28 13:53:21.224 1698-1698/com.android.bluetooth D/AvrcpBipRsp: stop()
10-28 13:53:21.224 1698-1698/com.android.bluetooth D/AvrcpBipRsp: already stopped, returning
10-28 13:53:21.225 1698-1698/com.android.bluetooth D/A2dpService: Exit STOP of A2dpService
10-28 13:53:21.225 1698-1831/com.android.bluetooth W/BluetoothAdapterService: setProfileServiceState() - Stopping service com.android.bluetooth.pan.PanService
10-28 13:53:21.226 1393-1393/system_process D/BluetoothA2dp: Proxy object disconnected
10-28 13:53:21.226 1393-1393/system_process D/AudioService: mConnectedBTDevicesList size 0
10-28 13:53:21.226 1698-1698/com.android.bluetooth D/A2dpService:  profile stopped successfully
10-28 13:53:21.226 1698-1698/com.android.bluetooth D/BluetoothAdapterService: getAdapterService() - returning com.android.bluetooth.btservice.AdapterService@67433e5
10-28 13:53:21.227 1729-1729/com.android.systemui D/BluetoothA2dp: Proxy object disconnected
10-28 13:53:21.227 1698-1698/com.android.bluetooth D/BluetoothAdapterService: getAdapterService() - returning com.android.bluetooth.btservice.AdapterService@67433e5
10-28 13:53:21.227 4880-4880/com.android.settings D/BluetoothA2dp: Proxy object disconnected
10-28 13:53:21.227 1698-1698/com.android.bluetooth D/HidService: Received stop request...Stopping profile...
10-28 13:53:21.228 1729-1729/com.android.systemui D/BluetoothInputDevice: Proxy object disconnected
10-28 13:53:21.228 1729-1729/com.android.systemui D/HidProfile: Bluetooth service disconnected
10-28 13:53:21.229 4880-4880/com.android.settings D/BluetoothInputDevice: Proxy object disconnected
10-28 13:53:21.229 4880-4880/com.android.settings D/HidProfile: Bluetooth service disconnected
10-28 13:53:21.230 1698-1698/com.android.bluetooth D/HidService:  profile stopped successfully
10-28 13:53:21.230 1698-1698/com.android.bluetooth D/BluetoothAdapterService: getAdapterService() - returning com.android.bluetooth.btservice.AdapterService@67433e5
10-28 13:53:21.230 1698-1698/com.android.bluetooth W/BluetoothAdapterService: onProfileServiceStateChange() serviceName=com.android.bluetooth.hfp.HeadsetService, state=10, doUpdate=true
10-28 13:53:21.230 1698-1698/com.android.bluetooth V/BluetoothAdapterState: isTurningOff()=true
10-28 13:53:21.230 1698-1698/com.android.bluetooth V/BluetoothAdapterState: isTurningOn()=false
10-28 13:53:21.230 1698-1698/com.android.bluetooth V/BluetoothAdapterState: isBleTurningOn()=false
10-28 13:53:21.230 1698-1698/com.android.bluetooth V/BluetoothAdapterState: isBleTurningOff()=false
10-28 13:53:21.230 1698-1698/com.android.bluetooth W/BluetoothAdapterService: onProfileServiceStateChange() - Profile still running: com.android.bluetooth.hid.HidService
10-28 13:53:21.230 1698-1698/com.android.bluetooth D/BluetoothAdapterService: getAdapterService() - returning com.android.bluetooth.btservice.AdapterService@67433e5
10-28 13:53:21.231 1698-1831/com.android.bluetooth W/BluetoothAdapterService: setProfileServiceState() - Stopping service com.android.bluetooth.map.BluetoothMapService
10-28 13:53:21.231 754-1667/? D/AudioPolicyManagerCustom: setForceUse() usage 0, config 0, mPhoneState 0
10-28 13:53:21.231 754-1667/? V/AudioPolicyManagerCustom: getNewOutputDevice() selected device 0
10-28 13:53:21.231 754-1667/? V/AudioPolicyManagerCustom: getNewOutputDevice() selected device 0
10-28 13:53:21.231 754-1667/? V/AudioPolicyManagerCustom: getNewOutputDevice() selected device 0
10-28 13:53:21.232 754-1667/? V/AudioPolicyManagerCustom: getNewOutputDevice() selected device 0
10-28 13:53:21.232 754-1666/? D/AudioPolicyManagerCustom: setForceUse() usage 2, config 0, mPhoneState 0
10-28 13:53:21.232 754-1666/? V/AudioPolicyManagerCustom: getNewOutputDevice() selected device 0
10-28 13:53:21.232 754-1666/? V/AudioPolicyManagerCustom: getNewOutputDevice() selected device 0
10-28 13:53:21.232 754-1666/? V/AudioPolicyManagerCustom: getNewOutputDevice() selected device 0
10-28 13:53:21.232 754-1666/? V/AudioPolicyManagerCustom: getNewOutputDevice() selected device 0
10-28 13:53:21.237 1698-1698/com.android.bluetooth D/HeadsetPhoneState: cleanup
10-28 13:53:21.238 1698-1698/com.android.bluetooth W/BluetoothHeadsetServiceJni: Cleaning up Bluetooth Handsfree Interface...
10-28 13:53:21.238 1698-1698/com.android.bluetooth D/bt_btif: cleanup
10-28 13:53:21.238 1698-1698/com.android.bluetooth D/bt_btif: btif_disable_service: Current Services:0x20100008
10-28 13:53:21.238 1698-1698/com.android.bluetooth D/bt_btif: btif_transfer_context event 258, len 1
10-28 13:53:21.239 1698-1698/com.android.bluetooth W/BluetoothHeadsetServiceJni: Cleaning up Bluetooth Handsfree callback object
10-28 13:53:21.239 1698-1840/com.android.bluetooth D/bt_btif: btif task fetched event a001
10-28 13:53:21.239 1698-1840/com.android.bluetooth D/bt_btif: btif_context_switched
10-28 13:53:21.239 1698-1840/com.android.bluetooth D/bt_btif: btif_in_execute_service_request service_id: 6
10-28 13:53:21.239 1698-1840/com.android.bluetooth D/bt_btif: btif_hf_execute_service: enable: 0
10-28 13:53:21.239 1698-1840/com.android.bluetooth D/bt_btif: btif_hf_execute_service: enable: 0 completed
10-28 13:53:21.239 1698-1840/com.android.bluetooth I/bt_btif_storage: btif_storage_get_adapter_property service_mask:0x20100008
10-28 13:53:21.239 1698-1840/com.android.bluetooth I/bt_btif: HAL bt_hal_cbacks->adapter_properties_cb
10-28 13:53:21.239 1698-2200/com.android.bluetooth I/bt_btif: BTA got event 0x501
10-28 13:53:21.239 1698-1698/com.android.bluetooth D/BluetoothAdapterService: getAdapterService() - returning com.android.bluetooth.btservice.AdapterService@67433e5
10-28 13:53:21.239 1698-2200/com.android.bluetooth D/bt_btif: bta_ag_hdl_event: Event 0x0501 
10-28 13:53:21.239 1698-2200/com.android.bluetooth W/bt_btif: ag scb idx 1 not allocated
10-28 13:53:21.239 1698-2200/com.android.bluetooth I/bt_btif: BTA got event 0x519
10-28 13:53:21.239 1698-2200/com.android.bluetooth D/bt_btif: bta_ag_hdl_event: Event 0x0519 
10-28 13:53:21.239 1698-2200/com.android.bluetooth E/bt_btif: BTA AG is already disabled, ignoring ...
10-28 13:53:21.239 1698-1698/com.android.bluetooth D/HealthService: Received stop request...Stopping profile...
10-28 13:53:21.240 1698-1698/com.android.bluetooth D/HealthService:  profile stopped successfully
10-28 13:53:21.241 1698-1698/com.android.bluetooth D/BluetoothAdapterService: getAdapterService() - returning com.android.bluetooth.btservice.AdapterService@67433e5
10-28 13:53:21.241 1698-1698/com.android.bluetooth D/BluetoothAdapterService: getAdapterService() - returning com.android.bluetooth.btservice.AdapterService@67433e5
10-28 13:53:21.241 1698-1698/com.android.bluetooth D/A2dpService: Enter cleanup
10-28 13:53:21.241 1698-1698/com.android.bluetooth D/A2dpStateMachine: Enter cleanup()
10-28 13:53:21.241 1698-1698/com.android.bluetooth I/bt_btif: cleanup_src
10-28 13:53:21.241 1698-1698/com.android.bluetooth D/bt_btif: AV cleanup
10-28 13:53:21.241 1698-1698/com.android.bluetooth D/bt_btif: btif_transfer_context event 33, len 4
10-28 13:53:21.241 1698-1698/com.android.bluetooth D/bt_btif: btif_disable_service: Current Services:0x20100000
10-28 13:53:21.241 1698-1698/com.android.bluetooth D/bt_btif: btif_transfer_context event 258, len 1
10-28 13:53:21.241 1698-1840/com.android.bluetooth D/bt_btif: btif task fetched event a001
10-28 13:53:21.241 1698-1698/com.android.bluetooth I/bt_btif: cleanup_src completed
10-28 13:53:21.241 1698-1840/com.android.bluetooth D/bt_btif: btif_context_switched
10-28 13:53:21.241 1698-1840/com.android.bluetooth D/bt_btif: btif_av_handle_event: BTIF_AV_CLEANUP_REQ_EVT
10-28 13:53:21.241 1698-1698/com.android.bluetooth D/A2dpStateMachine: Exit cleanup()
10-28 13:53:21.241 1698-1840/com.android.bluetooth D/bt_btif: ## A2DP STOP MEDIA THREAD ##
10-28 13:53:21.241 1698-1698/com.android.bluetooth V/Avrcp: cleanup
10-28 13:53:21.241 1698-1840/com.android.bluetooth D/bt_a2d: A2D_stop_aptX
10-28 13:53:21.241 1698-1698/com.android.bluetooth I/bt_btif: ## RC:  cleanup ##
10-28 13:53:21.241 1698-1698/com.android.bluetooth D/bt_btif: btif_transfer_context event 33, len 0
10-28 13:53:21.241 1698-1698/com.android.bluetooth I/bt_btif: ## RC: cleanup ## completed
10-28 13:53:21.241 1698-2212/com.android.bluetooth D/bt_btif:  btif_media_thread_cleanup
10-28 13:53:21.241 1698-1698/com.android.bluetooth D/Avrcp: Exit cleanup()
10-28 13:53:21.241 1698-2212/com.android.bluetooth D/bt_btif: UIPC_Close : ch_id 3
10-28 13:53:21.241 1698-1698/com.android.bluetooth D/A2dpService: Exit cleanup
10-28 13:53:21.241 1698-2212/com.android.bluetooth D/bt_btif: UIPC_Close : waiting for shutdown to complete
10-28 13:53:21.241 1698-2212/com.android.bluetooth I/bt_btif: UIPC SEND WAKE UP
10-28 13:53:21.241 1698-2213/com.android.bluetooth I/bt_btif: UIPC READ THREAD EXITING
10-28 13:53:21.242 1698-2213/com.android.bluetooth I/bt_btif: uipc_main_cleanup
10-28 13:53:21.242 1698-2213/com.android.bluetooth I/bt_btif: CLOSE CHANNEL 0
10-28 13:53:21.242 1698-2213/com.android.bluetooth I/bt_btif: CLOSE SERVER (FD 160)
10-28 13:53:21.242 1698-1698/com.android.bluetooth W/BluetoothAdapterService: onProfileServiceStateChange() serviceName=com.android.bluetooth.a2dp.A2dpService, state=10, doUpdate=true
10-28 13:53:21.242 1698-2213/com.android.bluetooth D/bt_btif: A2DP-CTRL-CHANNEL EVENT UIPC_CLOSE_EVT
10-28 13:53:21.242 1698-1698/com.android.bluetooth V/BluetoothAdapterState: isTurningOff()=true
10-28 13:53:21.242 1698-2213/com.android.bluetooth I/bt_btif: UIPC SEND WAKE UP
10-28 13:53:21.242 1698-1698/com.android.bluetooth V/BluetoothAdapterState: isTurningOn()=false
10-28 13:53:21.242 1698-2213/com.android.bluetooth I/bt_btif: CLOSE CHANNEL 1
10-28 13:53:21.242 1698-1698/com.android.bluetooth V/BluetoothAdapterState: isBleTurningOn()=false
10-28 13:53:21.242 1698-2213/com.android.bluetooth I/bt_btif: UIPC READ THREAD DONE
10-28 13:53:21.242 1698-1698/com.android.bluetooth V/BluetoothAdapterState: isBleTurningOff()=false
10-28 13:53:21.242 1698-1698/com.android.bluetooth W/BluetoothAdapterService: onProfileServiceStateChange() - Profile still running: com.android.bluetooth.hid.HidService
10-28 13:53:21.242 1698-1698/com.android.bluetooth D/BluetoothAdapterService: getAdapterService() - returning com.android.bluetooth.btservice.AdapterService@67433e5
10-28 13:53:21.242 1698-2212/com.android.bluetooth D/bt_btif: UIPC_Close : shutdown complete
10-28 13:53:21.242 1698-1698/com.android.bluetooth W/BluetoothHidServiceJni: Cleaning up Bluetooth HID Interface...
10-28 13:53:21.242 1698-2212/com.android.bluetooth D/bt_btif:  btif_media_thread_cleanup complete
10-28 13:53:21.242 1698-1698/com.android.bluetooth I/bt_btif: cleanup
10-28 13:53:21.242 1698-2212/com.android.bluetooth W/bt_osi_thread: run_thread: thread id 2212, thread name media_worker exited
10-28 13:53:21.242 1698-1698/com.android.bluetooth W/bt_btif: cleanup: HH disabling or disabled already, status = 0
10-28 13:53:21.242 1698-1698/com.android.bluetooth W/BluetoothHidServiceJni: Cleaning up Bluetooth GID callback object
10-28 13:53:21.242 1698-1840/com.android.bluetooth D/bt_btif: ## A2DP MEDIA THREAD STOPPED ##
10-28 13:53:21.242 1698-1840/com.android.bluetooth D/bt_btif: btif task fetched event a001
10-28 13:53:21.242 1698-1840/com.android.bluetooth D/bt_btif: btif_context_switched
10-28 13:53:21.242 1698-1698/com.android.bluetooth D/BluetoothAdapterService: getAdapterService() - returning com.android.bluetooth.btservice.AdapterService@67433e5
10-28 13:53:21.242 1698-1840/com.android.bluetooth D/bt_btif: btif_in_execute_service_request service_id: 3
10-28 13:53:21.242 1698-1840/com.android.bluetooth D/bt_btif: btif_av_execute_service: enable: 0
10-28 13:53:21.242 1698-2200/com.android.bluetooth I/bt_btif: BTA got event 0x122f
10-28 13:53:21.242 1698-2200/com.android.bluetooth D/bt_btif: AV nsm event=0x122f(API_DEREG)
10-28 13:53:21.243 1698-2200/com.android.bluetooth D/bt_a2d: A2D_close_aptX
10-28 13:53:21.243 1698-2200/com.android.bluetooth D/bt_a2d: A2D_stop_aptX
10-28 13:53:21.243 1698-2200/com.android.bluetooth D/bt_a2d: A2D_deinit_aptX_HD
10-28 13:53:21.243 1698-2200/com.android.bluetooth D/bt_a2d: A2D_deinit_aptX
10-28 13:53:21.243 1698-2200/com.android.bluetooth D/bt_btif: audio 0x0, video: 0x0, disable:0
10-28 13:53:21.243 1698-2200/com.android.bluetooth W/bt_l2cap: L2CAP - L2CA_Deregister() called for PSM: 0x0019
10-28 13:53:21.243 1698-2200/com.android.bluetooth W/bt_l2cap: L2CAP - PSM: 0x0019 not found for deregistration
10-28 13:53:21.243 1698-2200/com.android.bluetooth W/bt_l2cap: L2CAP - L2CA_Deregister() called for PSM: 0x0017
10-28 13:53:21.243 1698-2200/com.android.bluetooth W/bt_l2cap: L2CAP - PSM: 0x0017 not found for deregistration
10-28 13:53:21.243 1698-1840/com.android.bluetooth D/bt_btif: btif_av_execute_service: enable: 0 completed
10-28 13:53:21.243 1698-2200/com.android.bluetooth I/bt_btif: BTA got event 0x1200
10-28 13:53:21.243 1698-2200/com.android.bluetooth D/bt_btif: AV sm event=0x1200(API_DISABLE)
10-28 13:53:21.243 1698-1840/com.android.bluetooth I/bt_btif_storage: btif_storage_get_adapter_property service_mask:0x20100000
10-28 13:53:21.243 1698-2200/com.android.bluetooth I/bt_btif: AV event=0x1200(API_DISABLE) state=0(INIT)
10-28 13:53:21.243 1698-1840/com.android.bluetooth I/bt_btif: HAL bt_hal_cbacks->adapter_properties_cb
10-28 13:53:21.243 1698-2200/com.android.bluetooth I/bt_btif: next state=0
10-28 13:53:21.243 1698-2200/com.android.bluetooth D/bt_a2d: A2D_close_aptX
10-28 13:53:21.243 1698-2200/com.android.bluetooth D/bt_a2d: A2D_stop_aptX
10-28 13:53:21.243 1698-2200/com.android.bluetooth D/bt_a2d: A2D_deinit_aptX_HD
10-28 13:53:21.243 1698-2200/com.android.bluetooth D/bt_a2d: A2D_deinit_aptX
10-28 13:53:21.243 1698-1840/com.android.bluetooth D/bt_btif: btif task fetched event a001
10-28 13:53:21.243 1698-2200/com.android.bluetooth D/bt_btif: audio 0x0, video: 0x0, disable:1
10-28 13:53:21.243 1698-1840/com.android.bluetooth D/bt_btif: btif_context_switched
10-28 13:53:21.243 1698-2200/com.android.bluetooth W/bt_l2cap: L2CAP - L2CA_Deregister() called for PSM: 0x0019
10-28 13:53:21.243 1698-1840/com.android.bluetooth D/bt_btif: btif_rc_handler event:BTIF_AV_CLEANUP_REQ_EVT
10-28 13:53:21.243 1698-2200/com.android.bluetooth W/bt_l2cap: L2CAP - PSM: 0x0019 not found for deregistration
10-28 13:53:21.243 1698-1840/com.android.bluetooth D/bt_btif: close_uinput
10-28 13:53:21.243 1698-2200/com.android.bluetooth W/bt_l2cap: L2CAP - L2CA_Deregister() called for PSM: 0x0017
10-28 13:53:21.243 1698-1840/com.android.bluetooth I/bt_btif: L2CAP - PSM:: lbllock destroy success 
10-28 13:53:21.243 1698-2200/com.android.bluetooth W/bt_l2cap: L2CAP - PSM:: lbllo not found for deregistration
10-28 13:53:21.243 1698-2200/com.android.bluetooth D/bt_a2d: A2D_close_aptX
10-28 13:53:21.243 1698-2200/com.android.bluetooth D/bt_a2d: A2D_stop_aptX
10-28 13:53:21.243 1698-2200/com.android.bluetooth D/bt_a2d: A2D_deinit_aptX_HD
10-28 13:53:21.243 1698-2200/com.android.bluetooth D/bt_a2d: A2D_deinit_aptX
10-28 13:53:21.243 1698-2200/com.android.bluetooth D/bt_btif: audio 0x0, video: 0x0, disable:0
10-28 13:53:21.243 1698-2200/com.android.bluetooth W/bt_l2cap: L2CAP - L2CA_Deregister() called for PSM: 0x0019
10-28 13:53:21.244 1698-2200/com.android.bluetooth W/bt_l2cap: L2CAP - PSM: 0x0019 not found for deregistration
10-28 13:53:21.244 1698-2200/com.android.bluetooth W/bt_l2cap: L2CAP - L2CA_Deregister() called for PSM: 0x0017
10-28 13:53:21.244 1698-2200/com.android.bluetooth W/bt_l2cap: L2CAP - PSM: 0x0017 not found for deregistration
10-28 13:53:21.244 1698-1698/com.android.bluetooth D/PanService: Received stop request...Stopping profile...
10-28 13:53:21.245 4880-4880/com.android.settings D/BluetoothPan: BluetoothPAN Proxy object disconnected
10-28 13:53:21.245 4880-4880/com.android.settings D/PanProfile: Bluetooth service disconnected
10-28 13:53:21.245 1698-1698/com.android.bluetooth D/PanService:  profile stopped successfully
10-28 13:53:21.245 1729-1729/com.android.systemui D/BluetoothPan: BluetoothPAN Proxy object disconnected
10-28 13:53:21.245 1698-1698/com.android.bluetooth D/BluetoothAdapterService: getAdapterService() - returning com.android.bluetooth.btservice.AdapterService@67433e5
10-28 13:53:21.245 1729-1729/com.android.systemui D/PanProfile: Bluetooth service disconnected
10-28 13:53:21.245 1698-1698/com.android.bluetooth W/BluetoothAdapterService: onProfileServiceStateChange() serviceName=com.android.bluetooth.hid.HidService, state=10, doUpdate=true
10-28 13:53:21.245 1698-1698/com.android.bluetooth V/BluetoothAdapterState: isTurningOff()=true
10-28 13:53:21.245 1698-1698/com.android.bluetooth V/BluetoothAdapterState: isTurningOn()=false
10-28 13:53:21.245 1698-1698/com.android.bluetooth V/BluetoothAdapterState: isBleTurningOn()=false
10-28 13:53:21.245 1698-1698/com.android.bluetooth V/BluetoothAdapterState: isBleTurningOff()=false
10-28 13:53:21.245 1698-1698/com.android.bluetooth W/BluetoothAdapterService: onProfileServiceStateChange() - Profile still running: com.android.bluetooth.hdp.HealthService
10-28 13:53:21.246 1698-1698/com.android.bluetooth D/BluetoothAdapterService: getAdapterService() - returning com.android.bluetooth.btservice.AdapterService@67433e5
10-28 13:53:21.246 1698-1698/com.android.bluetooth D/BluetoothMapService: Received stop request...Stopping profile...
10-28 13:53:21.246 1698-1698/com.android.bluetooth D/BluetoothMapService: stop()
10-28 13:53:21.247 1698-1698/com.android.bluetooth D/BluetoothMapAppObserver: deinitObservers()
10-28 13:53:21.247 1698-1698/com.android.bluetooth D/BluetoothMapAppObserver: removeReceiver()
10-28 13:53:21.247 1698-1698/com.android.bluetooth D/BluetoothMapService: Service Not Available to STOP or Shutdown already in progress - Ignoring
10-28 13:53:21.248 1393-1458/system_process V/UidProcStateHelper: process state changed:[1698,1002,6]
10-28 13:53:21.249 4880-4880/com.android.settings D/BluetoothMap: Proxy object disconnected
10-28 13:53:21.249 4880-4880/com.android.settings D/MapProfile: Bluetooth service disconnected
10-28 13:53:21.249 1698-1698/com.android.bluetooth D/BluetoothMapService:  profile stopped successfully
10-28 13:53:21.249 1698-1698/com.android.bluetooth D/BluetoothAdapterService: getAdapterService() - returning com.android.bluetooth.btservice.AdapterService@67433e5
10-28 13:53:21.249 1729-1729/com.android.systemui D/BluetoothMap: Proxy object disconnected
10-28 13:53:21.249 1729-1729/com.android.systemui D/MapProfile: Bluetooth service disconnected
10-28 13:53:21.250 1698-1698/com.android.bluetooth D/BluetoothAdapterService: getAdapterService() - returning com.android.bluetooth.btservice.AdapterService@67433e5
10-28 13:53:21.250 1698-1698/com.android.bluetooth W/BluetoothHealthServiceJni: Cleaning up Bluetooth Health Interface...
10-28 13:53:21.250 1698-1698/com.android.bluetooth I/bt_btif: cleanup
10-28 13:53:21.250 1698-1698/com.android.bluetooth D/bt_btif: Process name (droid.bluetooth)
10-28 13:53:21.250 1698-1698/com.android.bluetooth D/bt_btif: btif_disable_service: Current Services:0x20100000
10-28 13:53:21.250 1698-1698/com.android.bluetooth D/bt_btif: btif_transfer_context event 258, len 1
10-28 13:53:21.250 1698-1698/com.android.bluetooth D/bt_btif: btif_hl_disable
10-28 13:53:21.250 1698-1840/com.android.bluetooth D/bt_btif: btif task fetched event a001
10-28 13:53:21.250 1698-1840/com.android.bluetooth D/bt_btif: btif_context_switched
10-28 13:53:21.250 1698-1840/com.android.bluetooth D/bt_btif: btif_in_execute_service_request service_id: 27
10-28 13:53:21.250 1698-1840/com.android.bluetooth E/bt_btif: btif_in_execute_service_request: Unknown service 27 being disabled
10-28 13:53:21.250 1698-2216/com.android.bluetooth D/bt_btif: select unblocked ret=1
10-28 13:53:21.250 1698-2216/com.android.bluetooth D/bt_btif: btif_hl_select_wake_signaled, signal ret=1
10-28 13:53:21.250 1698-2216/com.android.bluetooth D/bt_btif: btif_hl_select_wake_signaled
10-28 13:53:21.250 1698-2216/com.android.bluetooth D/bt_btif: btif_hl_select_wake_reset
10-28 13:53:21.250 1698-2216/com.android.bluetooth D/bt_btif: btif_hl_select_wake_signaled, signal:2
10-28 13:53:21.250 1698-2216/com.android.bluetooth D/bt_btif: hl thread cleanup
10-28 13:53:21.250 1698-2216/com.android.bluetooth D/bt_btif: Exit hl_select_thread for btif_hl_signal_select_exit
10-28 13:53:21.250 1698-1698/com.android.bluetooth W/BluetoothHealthServiceJni: Cleaning up Bluetooth Health object
10-28 13:53:21.250 1698-1698/com.android.bluetooth W/BluetoothAdapterService: onProfileServiceStateChange() serviceName=com.android.bluetooth.hdp.HealthService, state=10, doUpdate=true
10-28 13:53:21.251 1698-1698/com.android.bluetooth V/BluetoothAdapterState: isTurningOff()=true
10-28 13:53:21.251 1698-1698/com.android.bluetooth V/BluetoothAdapterState: isTurningOn()=false
10-28 13:53:21.251 1698-1698/com.android.bluetooth V/BluetoothAdapterState: isBleTurningOn()=false
10-28 13:53:21.251 1698-1698/com.android.bluetooth V/BluetoothAdapterState: isBleTurningOff()=false
10-28 13:53:21.251 1698-1698/com.android.bluetooth W/BluetoothAdapterService: onProfileServiceStateChange() - Profile still running: com.android.bluetooth.pan.PanService
10-28 13:53:21.251 1698-1698/com.android.bluetooth D/BluetoothAdapterService: getAdapterService() - returning com.android.bluetooth.btservice.AdapterService@67433e5
10-28 13:53:21.251 1698-1698/com.android.bluetooth W/BluetoothPanServiceJni: Cleaning up Bluetooth PAN Interface...
10-28 13:53:21.251 1698-1698/com.android.bluetooth W/BluetoothPanServiceJni: Cleaning up Bluetooth PAN callback object
10-28 13:53:21.251 1698-2200/com.android.bluetooth I/bt_btif: BTA got event 0xe0b
10-28 13:53:21.251 1698-2200/com.android.bluetooth I/bt_pan: PAN_SetRole() called with role 0x0
10-28 13:53:21.251 1698-2200/com.android.bluetooth D/bt_sdp: SDP_DeleteRecord ok, num_records:5
10-28 13:53:21.251 1698-2200/com.android.bluetooth I/bt_btif: Removing UUID=0x1116 from EIR
10-28 13:53:21.251 1698-2200/com.android.bluetooth D/bt_btif: BTA is generating EIR
10-28 13:53:21.251 1698-2200/com.android.bluetooth I/bt_btm: Write Extended Inquiry Response to controller
10-28 13:53:21.251 1698-2200/com.android.bluetooth I/bt_btif: bta_dm_eir_update_uuid UUID bit mask=0x00000490 00020020
10-28 13:53:21.251 1698-2200/com.android.bluetooth D/bt_sdp: SDP_DeleteRecord ok, num_records:4
10-28 13:53:21.251 1698-2200/com.android.bluetooth I/bt_btif: Removing UUID=0x1115 from EIR
10-28 13:53:21.251 1698-2200/com.android.bluetooth D/bt_btif: BTA is generating EIR
10-28 13:53:21.251 1698-2200/com.android.bluetooth I/bt_btm: Write Extended Inquiry Response to controller
10-28 13:53:21.252 1698-2200/com.android.bluetooth I/bt_btif: bta_dm_eir_update_uuid UUID bit mask=0x00000490 00000020
10-28 13:53:21.252 1698-2200/com.android.bluetooth I/bt_pan: PAN role set to: 0
10-28 13:53:21.252 1698-2200/com.android.bluetooth I/bt_btif: Removing UUID=0x1116 from EIR
10-28 13:53:21.252 1698-2200/com.android.bluetooth D/bt_btif: BTA is generating EIR
10-28 13:53:21.252 1698-2200/com.android.bluetooth I/bt_btm: Write Extended Inquiry Response to controller
10-28 13:53:21.252 1698-2200/com.android.bluetooth I/bt_btif: bta_dm_eir_update_uuid UUID bit mask=0x00000490 00000020
10-28 13:53:21.252 1698-2200/com.android.bluetooth I/bt_btif: Removing UUID=0x1117 from EIR
10-28 13:53:21.252 1698-2200/com.android.bluetooth D/bt_btif: BTA is generating EIR
10-28 13:53:21.252 1698-2200/com.android.bluetooth I/bt_btm: Write Extended Inquiry Response to controller
10-28 13:53:21.252 1698-2200/com.android.bluetooth I/bt_btif: bta_dm_eir_update_uuid UUID bit mask=0x00000490 00000020
10-28 13:53:21.252 1698-2200/com.android.bluetooth I/bt_btif: Removing UUID=0x1115 from EIR
10-28 13:53:21.252 1698-2200/com.android.bluetooth D/bt_btif: BTA is generating EIR
10-28 13:53:21.252 1698-2200/com.android.bluetooth I/bt_btm: Write Extended Inquiry Response to controller
10-28 13:53:21.252 1698-2200/com.android.bluetooth I/bt_btif: bta_dm_eir_update_uuid UUID bit mask=0x00000490 00000020
10-28 13:53:21.252 1698-2200/com.android.bluetooth I/bt_pan: PAN role already was set to: 0
10-28 13:53:21.252 1698-2200/com.android.bluetooth W/bt_l2cap: L2CAP - L2CA_Deregister() called for PSM: 0x000f
10-28 13:53:21.253 1698-1698/com.android.bluetooth W/BluetoothAdapterService: onProfileServiceStateChange() serviceName=com.android.bluetooth.pan.PanService, state=10, doUpdate=true
10-28 13:53:21.253 1698-1698/com.android.bluetooth V/BluetoothAdapterState: isTurningOff()=true
10-28 13:53:21.253 1698-1698/com.android.bluetooth V/BluetoothAdapterState: isTurningOn()=false
10-28 13:53:21.253 1698-1698/com.android.bluetooth V/BluetoothAdapterState: isBleTurningOn()=false
10-28 13:53:21.253 1698-1698/com.android.bluetooth V/BluetoothAdapterState: isBleTurningOff()=false
10-28 13:53:21.253 1698-1698/com.android.bluetooth W/BluetoothAdapterService: onProfileServiceStateChange() - Profile still running: com.android.bluetooth.map.BluetoothMapService
