                                                       <<<--- {"data":[{"id":"dailyVideo","md5":"11d5ea1a041983dba7252be6ec977947","mi_market":"mimarket://download?appId=mivideo_com.xiaomi.apps.videodaily\u0026ext_mimarket_external_url=http%3A%2F%2Fapi.video.xiaomi.srv%2Fapi%2Fa3%2Fmeta%2Fupgrade%3Furi%3Dmivideo%3A%2F%2Fplayer-plugin%2FdailyVideo%2F10047\u0026marketType=mivideo","name":"快视频","params":{"always_launch_app":"true","apk_name":"VideoDaily.zip","cancelable_download":"false","display_name":"快视频高清插件","need_install":"true","need_unzip":"false","package_name":"com.xiaomi.apps.videodaily","show_start_dialog":"false","signature":"88daa889de21a80bca64464243c9ede6","silence_install":"true","version_code":"263292"},"type":"app_apk","updated_at":1508780265,"url":"https://file.cdn.mvideo.xiaomi.com/mobilevideo/10001/2/11d5ea1a041983dba7252be6ec977947.zip","version":10047,"version_name":"1.0.47"},{"id":"funshion","md5":"5379976c9d04b38c01d3648eee99390f","mi_market":"mimarket://download?appId=mivideo_com.funshion.video.player\u0026ext_mimarket_external_url=http%3A%2F%2Fapi.video.xiaomi.srv%2Fapi%2Fa3%2Fmeta%2Fupgrade%3Furi%3Dmivideo%3A%2F%2Fplayer-plugin%2Ffunshion%2F48\u0026marketType=mivideo","name":"风行","params":{"apk_name":"funshion.zip","class_name":"com.miui.videoplayer.videoview.FsVideoView","dex_offline":"false","need_install":"true","need_unzip":"false","offline_class_name":"com.funshion.video.player","package_name":"com.funshion.video.player","plugin_type":"apk","signature":"adbdfa5dfe5b1650dda87c227133b5c6","silence_install":"true","version_code":"20"},"type":"player_plugin","updated_at":1499686546,"url":"https://file.cdn.mvideo.xiaomi.com/mobilevideo/10001/2/5379976c9d04b38c01d3648eee99390f.zip","version":48,"version_name":"0.3.14"},{"id":"guotv","md5":"7134c270ad3262235aba152dfd47971c","mi_market":"mimarket://download?appId=mivideo_com.miui.videoplayer.plugin.chinafilm\u0026ext_mimarket_external_url=http%3A%2F%2Fapi.video.xiaomi.srv%2Fapi%2Fa3%2Fmeta%2Fupgrade%3Furi%3Dmivideo%3A%2F%2Fplayer-plugin%2Fguotv%2F2\u0026marketType=mivideo","name":"中影国广","params":{"apk_name":"ChinaFilmPlayer.apk","class_name":"com.miui.videoplayer.videoview.ChinaFilmVideoView","need_install":"false","need_unzip":"true","package_name":"com.miui.videoplayer.plugin.chinafilm","plugin_type":"apk"},"type":"player_plugin","updated_at":1465327047,"url":"https://package.box.xiaomi.com/mfsv2/download/fdsc3/p01EOy4F2D4A/DXCenFLR4IYAAU.zip","version":2,"version_name":"2.0"},{"id":"ifeng","md5":"cd7b3f57026a6554db7705cde94aa338","mi_market":"mimarket://download?appId=mivideo_com.miui.videoplayer.plugin.ifeng\u0026ext_mimarket_external_url=http%3A%2F%2Fapi.video.xiaomi.srv%2Fapi%2Fa3%2Fmeta%2Fupgrade%3Furi%3Dmivideo%3A%2F%2Fplayer-plugin%2Fifeng%2F8\u0026marketType=mivideo","name":"凤凰","params":{"apk_name":"IfengVideoPlayer.apk","class_name":"com.miui.videoplayer.videoview.IfengVideoView","need_install":"false","need_unzip":"true","package_name":"com.miui.videoplayer.plugin.ifeng","plugin_type":"apk","silence_install":"false"},"type":"player_plugin","updated_at":1500391663,"url":"https://file.cdn.mvideo.xiaomi.com/mobilevideo/10001/2/cd7b3f57026a6554db7705cde94aa338.zip","version":8,"version_name":"1.0.2.808"},{"id":"iqiyi","md5":"8bce8f7e77e587531e39fbb0062ddafa","mi_market":"mimarket://download?appId=mivideo_com.qiyi.video.sdkplayer\u0026ext_mimarket_external_url=http%3A%2F%2Fapi.video.xiaomi.
10-28 10:59:40.684 5085-5152/com.miui.video D/mivideo: [ HttpIntercepter ] <<<--- Response base info : 200 OK https://api.video.xiaomi.com/api/a3/meta/cp?_locale=zh_CN&_res=hd1080&_devid=408f4ea4e717d1ac17f36a9c66be22c8&_device=scorpio&_miuiver=7.10.19&_model=Mi%20Note%202&_andver=24&_nonce=1393583738&_appver=2017101890&_ts=1509159580&_ver=v2017101890(MiVideo-UN)&_devtype=1&_cam=0f607264fc6318a92b9e13c65db7cd3c&_diordna=a0d7646092900d45e19ae31afbbba935&_android=aa6846cc301f3c9a&_miui=V9&_version=dev&_plyver=20170701&_nettype=1&_uspace=0&_eset=&_app_coop=com.miui.video&_session=KRVCks2TzQz5_IS-u7rRzO2A_G1KI2I3AABXMoJzklcqk6F7rOEqectqaWxBwNFN5PRK5hvcZKml2NDbwEEAZA%3D%3D unknown bytes size
                                                       <<<--- {"data":[{"apk_url":"","app_icon":"","id":"dailyVideo","name":"快视频"},{"apk_url":"http://neirong.funshion.com/android/2/FunshionAphone_SID_2_zipalign.apk","app_icon":"http://img.cdn.mvideo.xiaomi.com/mobilevideo/10000/3/ead3f405de13014675e38037935c364a.png","id":"funshion","name":"风行"},{"apk_url":"","app_icon":"","id":"guotv","name":"中影国广"},{"apk_url":"","app_icon":"","id":"huoxing","name":"火星"},{"apk_url":"http://dl.app.ifengcdn.com/other/201505/android_video_phone-6.9.6-10001.apk","app_icon":"http://img.cdn.mvideo.xiaomi.com/mobilevideo/10000/3/da1ad7b5a035ab65d4e0aedb00b9dc75.png","id":"ifeng","name":"凤凰"},{"apk_url":"http://mbdapp.iqiyi.com/j/ap/iqiyi_xmshpmk.apk","app_icon":"http://img.cdn.mvideo.xiaomi.com/mobilevideo/10000/3/7891749f21b8b52f1574a2bdd627ead8.png","id":"iqiyi","name":"爱奇艺"},{"apk_url":"","app_icon":"http://img.cdn.mvideo.xiaomi.com/mobilevideo/10000/3/7891749f21b8b52f1574a2bdd627ead8.png","id":"iqiyi_pay","name":"爱奇艺付费"},{"apk_url":"","app_icon":"http://img.cdn.mvideo.xiaomi.com/mobilevideo/10000/3/68d7cf8cc89796261bda352c82b9bab4_90x90.png","id":"magictv","name":"魔力盒"},{"apk_url":"","app_icon":"http://img.cdn.mvideo.xiaomi.com/mobilevideo/10000/3/da1ad7b5a035ab65d4e0aedb00b9dc75.png","id":"mi","name":"小米视频"},{"apk_url":"","app_icon":"http://img.cdn.mvideo.xiaomi.com/mobilevideo/10000/3/6f311baa58b455905db3fdc5796e7c87.png","id":"migu","name":"咪咕"},{"apk_url":"http://download.pplive.com/PPTV_aPhone_4.0.4_775_20140916.apk","app_icon":"http://img.cdn.mvideo.xiaomi.com/mobilevideo/10000/3/1c67ee39a35016980e5c9098c0dc11fd.png","id":"pptv","name":"PPTV"},{"apk_url":"","app_icon":"http://img.cdn.mvideo.xiaomi.com/mobilevideo/10000/9/18b528ed40c65dfbfe461277f545939d.webp","id":"pumpkin","name":"南瓜电影"},{"apk_url":"","app_icon":"http://image.cdn.mvideo.xiaomi.com/mfsv2/download/fdsc3/p01UmvUh6D6W/LT3UTqy6lW3JGW.png","id":"qq","name":"腾讯视频"},{"apk_url":"","app_icon":"","id":"renren","name":"人人"},{"apk_url":"","app_icon":"http://img.cdn.mvideo.xiaomi.com/mobilevideo/10000/3/46ac90d35c67465e3552caab02d705bc_90x90.png","id":"sinasports","name":"新浪体育"},{"apk_url":"http://upgrade.m.tv.sohu.com/channels/hdv/6.6.0/sohuVideoMobile_6.6.0_1309_20170510121739.apk","app_icon":"http://img.cdn.mvideo.xiaomi.com/mobilevideo/10000/3/6a8aed310c4d308dc730369db5eb77c3.png","id":"sohu","name":"搜狐"},{"apk_url":"","app_icon":"http://img.cdn.mvideo.xiaomi.com/mobilevideo/10000/3/c1b4b3f55359e17298c76176e9d67b28.png","id":"starchina","name":"CIBN手机电视"},{"apk_url":"","app_icon":"http://img.cdn.mvideo.xiaomi.com/mobilevideo/10000/3/bd393ab4a9ab4977b414633b1ddfb8f6_90x90.png","id":"ugirls","name":"尤果网"},{"apk_url":"","app_icon":"http://img.cdn.mvideo.xiaomi.com/mobilevideo/10000/3/286ef5e137c6e379040e0d8358259198.png","id":"wasu","name":"华数"},{"apk_url":"","app_icon":"http://img.cdn.mvideo.xiaomi.com/mobilevideo/10000/3/159bad2b0a128c2f8af96348d87b8820_90x90.png","id":"xunleistream","name":"迅雷流直播"}],"msg":"OK","result":1}
10-28 10:59:40.690 5085-5085/com.miui.video D/MiDevUtils: [ addStatistics ] catagory= v2_user  key= appupdate  count= 1  map= {silence=true, version_code=v2017101890(MiVideo-UN), appupdate_type=0}
10-28 10:59:40.691 5085-5085/com.miui.video I/mivideo: [ PluginInfoConfig ] syncServer() success.
10-28 10:59:40.759 1393-1457/system_process I/ActiveServicesInjector: Low priority start of: ServiceRecord{461a19f u0 com.miui.video/com.xiaomi.mipush.sdk.MessageHandleService}
10-28 10:59:40.766 1393-1458/system_process V/UidProcStateHelper: process state changed:[5085,10027,10]
10-28 10:59:40.815 5085-5156/com.miui.video D/com.miui.video.push.MediaPushMessageReceiver: command result
10-28 10:59:40.825 5085-5156/com.miui.video D/mivideo: [ PermissionUtils ] checkSelfPermission is called permission = android.permission.GET_ACCOUNTS; Context = com.xiaomi.mipush.sdk.MessageHandleService@3db96f5
10-28 10:59:40.827 5085-5156/com.miui.video D/mivideo: [ PermissionUtils ] checkSelfPermission android.permission.GET_ACCOUNTS ret = true
10-28 10:59:40.863 5085-5156/com.miui.video D/mivideo: [ PermissionUtils ] checkSelfPermission is called permission = android.permission.GET_ACCOUNTS; Context = com.xiaomi.mipush.sdk.MessageHandleService@3db96f5
10-28 10:59:40.864 5085-5156/com.miui.video D/mivideo: [ PermissionUtils ] checkSelfPermission android.permission.GET_ACCOUNTS ret = true
10-28 10:59:40.875 5085-5156/com.miui.video V/xiaomi: [Thread:116] Don't cancel subscribe for com.xiaomi.miui.pushads.sdk:MiuiVideo is unsubscribed
10-28 10:59:40.881 5085-5156/com.miui.video V/com.miui.video.push.MediaPushMessageReceiver: onReceiveRegisterResult is called. command={register}, resultCode={0}, reason={null}, category={null}, commandArguments={[Tnagfd4A5MK5Nj3U917/gfMuAr4I/DysdDkr0JGc1WY=]}
10-28 10:59:40.883 5085-5156/com.miui.video V/xiaomi: [Thread:116] receive an intent from server, action=com.xiaomi.mipush.RECEIVE_MESSAGE
10-28 10:59:40.887 5085-5156/com.miui.video V/xiaomi: [Thread:116] processing a message, action=Notification
10-28 10:59:40.895 1393-1458/system_process V/UidProcStateHelper: process state changed:[5085,10027,16]
10-28 10:59:40.904 2142-2195/? I/WCNSS_FILTER: ibs_wcnss_bt_device_sleep: TX Awake, Sending SLEEP_IND
10-28 10:59:40.904 2142-2195/? I/WCNSS_FILTER: ibs_msm_serial_clock_vote: vote UART CLK OFF using UART driver's ioctl()
10-28 10:59:40.904 2142-2195/? D/WCNSS_FILTER: wcnss_release_wakelock
10-28 10:59:40.904 2142-2195/? I/WCNSS_FILTER: vote=1,new_vote =0, old_tx_vote=1, old_rx_vote=0
10-28 10:59:40.910 1393-1457/system_process I/ActiveServicesInjector: Low priority start of: ServiceRecord{b6860c1 u0 com.xiaomi.xmsf/com.xiaomi.push.service.XMPushService}
10-28 10:59:40.913 2403-2403/com.xiaomi.xmsf W/PushService: 2017-10-28 10:59:40,913 - [WARN::PushService] - [Thread:1] onStart() with intent.Action = com.xiaomi.mipush.SEND_MESSAGE, chid = null
10-28 10:59:40.915 2403-2690/com.xiaomi.xmsf W/PushService: 2017-10-28 10:59:40,914 - [WARN::PushService] - [Thread:70] JOB: Handle intent action = com.xiaomi.mipush.SEND_MESSAGE
10-28 10:59:40.915 2403-2403/com.xiaomi.xmsf W/PushService: 2017-10-28 10:59:40,915 - [WARN::PushService] - [Thread:1] onStart() with intent.Action = com.xiaomi.mipush.SEND_MESSAGE, chid = null
10-28 10:59:40.916 2403-2690/com.xiaomi.xmsf W/PushService: 2017-10-28 10:59:40,916 - [WARN::PushService] - [Thread:70] try send mi push message. packagename:com.miui.video action:Command
10-28 10:59:40.917 2403-2403/com.xiaomi.xmsf W/PushService: 2017-10-28 10:59:40,916 - [WARN::PushService] - [Thread:1] onStart() with intent.Action = com.xiaomi.mipush.SEND_MESSAGE, chid = null
10-28 10:59:40.917 2403-2690/com.xiaomi.xmsf W/PushService: 2017-10-28 10:59:40,917 - [WARN::PushService] - [Thread:70] [Slim] Wrote {cmd=SECMSG;chid=5;len=392}
10-28 10:59:40.918 2403-2690/com.xiaomi.xmsf W/PushService: 2017-10-28 10:59:40,918 - [WARN::PushService] - [Thread:70] [Slim] 10:59:40 上午 Sent  Blob [SECMSG,5,gGrhe-159]
10-28 10:59:40.919 2403-2690/com.xiaomi.xmsf W/PushService: 2017-10-28 10:59:40,919 - [WARN::PushService] - [Thread:70] JOB: Handle intent action = com.xiaomi.mipush.SEND_MESSAGE
10-28 10:59:40.920 2403-2403/com.xiaomi.xmsf W/PushService: 2017-10-28 10:59:40,919 - [WARN::PushService] - [Thread:1] onStart() with intent.Action = com.xiaomi.mipush.SEND_MESSAGE, chid = null
10-28 10:59:40.921 2403-2690/com.xiaomi.xmsf W/PushService: 2017-10-28 10:59:40,920 - [WARN::PushService] - [Thread:70] try send mi push message. packagename:com.miui.video action:Command
10-28 10:59:40.923 2403-2690/com.xiaomi.xmsf W/PushService: 2017-10-28 10:59:40,922 - [WARN::PushService] - [Thread:70] [Slim] Wrote {cmd=SECMSG;chid=5;len=376}
10-28 10:59:40.923 2403-2690/com.xiaomi.xmsf W/PushService: 2017-10-28 10:59:40,923 - [WARN::PushService] - [Thread:70] [Slim] 10:59:40 上午 Sent  Blob [SECMSG,5,gGrhe-160]
10-28 10:59:40.924 2403-2690/com.xiaomi.xmsf W/PushService: 2017-10-28 10:59:40,924 - [WARN::PushService] - [Thread:70] JOB: Handle intent action = com.xiaomi.mipush.SEND_MESSAGE
10-28 10:59:40.925 2403-2690/com.xiaomi.xmsf W/PushService: 2017-10-28 10:59:40,925 - [WARN::PushService] - [Thread:70] try send mi push message. packagename:com.miui.video action:Subscription
10-28 10:59:40.927 2403-2690/com.xiaomi.xmsf W/PushService: 2017-10-28 10:59:40,926 - [WARN::PushService] - [Thread:70] [Slim] Wrote {cmd=SECMSG;chid=5;len=376}
10-28 10:59:40.928 2403-2690/com.xiaomi.xmsf W/PushService: 2017-10-28 10:59:40,927 - [WARN::PushService] - [Thread:70] [Slim] 10:59:40 上午 Sent  Blob [SECMSG,5,gGrhe-161]
10-28 10:59:40.929 2403-2690/com.xiaomi.xmsf W/PushService: 2017-10-28 10:59:40,928 - [WARN::PushService] - [Thread:70] JOB: Handle intent action = com.xiaomi.mipush.SEND_MESSAGE
10-28 10:59:40.930 2403-2690/com.xiaomi.xmsf W/PushService: 2017-10-28 10:59:40,930 - [WARN::PushService] - [Thread:70] try send mi push message. packagename:com.miui.video action:Subscription
10-28 10:59:40.931 2403-2690/com.xiaomi.xmsf W/PushService: 2017-10-28 10:59:40,931 - [WARN::PushService] - [Thread:70] [Slim] Wrote {cmd=SECMSG;chid=5;len=312}
10-28 10:59:40.932 2403-2690/com.xiaomi.xmsf W/PushService: 2017-10-28 10:59:40,932 - [WARN::PushService] - [Thread:70] [Slim] 10:59:40 上午 Sent  Blob [SECMSG,5,gGrhe-162]
10-28 10:59:40.939 2403-4979/com.xiaomi.xmsf W/PushService: 2017-10-28 10:59:40,938 - [WARN::PushService] - [Thread:112] [Slim] Read {cmd=SECMSG;chid=5;len=485}
10-28 10:59:40.939 2403-4979/com.xiaomi.xmsf W/PushService: 2017-10-28 10:59:40,939 - [WARN::PushService] - [Thread:112] [Slim] 10:59:40 上午 RCV  Blob [SECMSG,5,4bzO1509159580085]
10-28 10:59:40.941 2403-2690/com.xiaomi.xmsf W/PushService: 2017-10-28 10:59:40,941 - [WARN::PushService] - [Thread:70] receive a message, appid=2882303761517147566, msgid= 4bzO1509159580085
10-28 10:59:40.944 2403-4979/com.xiaomi.xmsf W/PushService: 2017-10-28 10:59:40,943 - [WARN::PushService] - [Thread:112] [Slim] Read {cmd=SECMSG;chid=5;len=453}
10-28 10:59:40.944 2403-4979/com.xiaomi.xmsf W/PushService: 2017-10-28 10:59:40,944 - [WARN::PushService] - [Thread:112] [Slim] 10:59:40 上午 RCV  Blob [SECMSG,5,ZNjW1509159580086]
10-28 10:59:40.950 2403-2690/com.xiaomi.xmsf W/PushService: 2017-10-28 10:59:40,949 - [WARN::PushService] - [Thread:70] receive a message, appid=2882303761517147566, msgid= ZNjW1509159580086
10-28 10:59:40.952 2403-4979/com.xiaomi.xmsf W/PushService: 2017-10-28 10:59:40,952 - [WARN::PushService] - [Thread:112] [Slim] Read {cmd=SECMSG;chid=5;len=453}
10-28 10:59:40.953 2403-4979/com.xiaomi.xmsf W/PushService: 2017-10-28 10:59:40,953 - [WARN::PushService] - [Thread:112] [Slim] 10:59:40 上午 RCV  Blob [SECMSG,5,994K1509159580087]
10-28 10:59:40.954 2403-4979/com.xiaomi.xmsf W/PushService: 2017-10-28 10:59:40,954 - [WARN::PushService] - [Thread:112] [Slim] Read {cmd=SECMSG;chid=5;len=405}
10-28 10:59:40.955 2403-4979/com.xiaomi.xmsf W/PushService: 2017-10-28 10:59:40,954 - [WARN::PushService] - [Thread:112] [Slim] 10:59:40 上午 RCV  Blob [SECMSG,5,V3PU1509159580088]
10-28 10:59:40.957 2403-2690/com.xiaomi.xmsf W/PushService: 2017-10-28 10:59:40,956 - [WARN::PushService] - [Thread:70] receive a message, appid=2882303761517147566, msgid= 994K1509159580087
10-28 10:59:40.962 2403-2690/com.xiaomi.xmsf W/PushService: 2017-10-28 10:59:40,962 - [WARN::PushService] - [Thread:70] receive a message, appid=2882303761517147566, msgid= V3PU1509159580088
10-28 10:59:40.964 812-812/? I/cnss-daemon: RTM_NEWNEIGH message received: 28
10-28 10:59:40.964 812-812/? E/cnss-daemon: Stale or unreachable neighbors, ndm state: 4
10-28 10:59:40.996 1393-1458/system_process V/UidProcStateHelper: process state changed:[5085,10027,16]
10-28 10:59:41.212 1393-1457/system_process I/ActiveServicesInjector: Low priority start of: ServiceRecord{cca72ec u0 com.xiaomi.xmsf/.push.service.MiuiPushActivateService}
10-28 10:59:41.513 1393-1457/system_process I/ActiveServicesInjector: Low priority start of: ServiceRecord{fbf06b5 u0 com.miui.video/com.xiaomi.mipush.sdk.MessageHandleService}
10-28 10:59:41.531 1393-1458/system_process V/UidProcStateHelper: process state changed:[5085,10027,10]
10-28 10:59:41.544 5085-5158/com.miui.video V/xiaomi: [Thread:117] receive an intent from server, action=com.xiaomi.mipush.RECEIVE_MESSAGE
10-28 10:59:41.549 5085-5158/com.miui.video V/xiaomi: [Thread:117] processing a message, action=Command
10-28 10:59:41.559 5085-5158/com.miui.video D/com.miui.video.push.MediaPushMessageReceiver: command result
10-28 10:59:41.560 5085-5158/com.miui.video V/xiaomi: [Thread:117] receive an intent from server, action=com.xiaomi.mipush.RECEIVE_MESSAGE
10-28 10:59:41.563 5085-5158/com.miui.video V/xiaomi: [Thread:117] processing a message, action=Command
10-28 10:59:41.570 5085-5158/com.miui.video D/com.miui.video.push.MediaPushMessageReceiver: command result
10-28 10:59:41.572 5085-5158/com.miui.video V/xiaomi: [Thread:117] receive an intent from server, action=com.xiaomi.mipush.RECEIVE_MESSAGE
10-28 10:59:41.575 5085-5158/com.miui.video V/xiaomi: [Thread:117] processing a message, action=Subscription
10-28 10:59:41.583 5085-5158/com.miui.video D/com.miui.video.push.MediaPushMessageReceiver: command result
10-28 10:59:41.585 5085-5158/com.miui.video V/xiaomi: [Thread:117] receive an intent from server, action=com.xiaomi.mipush.RECEIVE_MESSAGE
10-28 10:59:41.587 5085-5158/com.miui.video V/xiaomi: [Thread:117] processing a message, action=Subscription
10-28 10:59:41.599 5085-5158/com.miui.video D/com.miui.video.push.MediaPushMessageReceiver: command result
10-28 10:59:41.610 1393-1458/system_process V/UidProcStateHelper: process state changed:[5085,10027,16]
10-28 10:59:45.056 5072-5109/com.android.mms V/MI_STAT: Packing complete, total 1 records were packed and to be uploaded
10-28 10:59:45.060 5072-5162/com.android.mms V/MI_STAT: upload policy:1, upload interval:-1, mistat upload version:3, upload 1 events.
10-28 10:59:45.064 5072-5162/com.android.mms D/MI_STAT_RDUJ: stat_value:[{"endTS":1509159580034,"content":[{"category":"category_job_scheduler","values":[{"key":"mms_network_not_allowed","type":"event","value":1}]}],"startTS":1509159580034}]
10-28 10:59:45.124 2403-3902/com.xiaomi.xmsf D/com.xiaomi.common.Network: Http POST Response Code: 200
10-28 10:59:45.133 5072-5109/com.android.mms I/MI_STAT_RDUJ: Upload complete, result: {"status":"ok","description":"success.","data":{"delay":60000},"code":0}
10-28 10:59:45.136 5072-5109/com.android.mms V/MI_STAT: connected, do remote http post
10-28 10:59:45.144 5072-5109/com.android.mms D/MI_STAT_EventDAO: deleteEventsByStartAndEndTS, start:1509159580034, end:1509159580034
10-28 10:59:45.169 5072-5109/com.android.mms V/MI_STAT_RDUM: delete done, set Uploading false
10-28 10:59:45.227 812-812/? I/cnss-daemon: RTM_NEWNEIGH message received: 28
10-28 10:59:45.228 812-812/? E/cnss-daemon: Stale or unreachable neighbors, ndm state: 4
10-28 10:59:45.414 1393-1457/system_process I/ActiveServicesInjector: Low priority start of: ServiceRecord{b6860c1 u0 com.xiaomi.xmsf/com.xiaomi.push.service.XMPushService}
10-28 10:59:45.421 2403-2403/com.xiaomi.xmsf W/PushService: 2017-10-28 10:59:45,419 - [WARN::PushService] - [Thread:1] onStart() with intent.Action = com.xiaomi.mipush.SEND_MESSAGE, chid = null
10-28 10:59:45.423 2403-2690/com.xiaomi.xmsf W/PushService: 2017-10-28 10:59:45,422 - [WARN::PushService] - [Thread:70] JOB: Handle intent action = com.xiaomi.mipush.SEND_MESSAGE
10-28 10:59:45.424 2403-2690/com.xiaomi.xmsf W/PushService: 2017-10-28 10:59:45,424 - [WARN::PushService] - [Thread:70] try send mi push message. packagename:com.miui.video action:Notification
10-28 10:59:45.426 2403-2690/com.xiaomi.xmsf W/PushService: 2017-10-28 10:59:45,426 - [WARN::PushService] - [Thread:70] [Slim] Wrote {cmd=SECMSG;chid=5;len=296}
10-28 10:59:45.427 2403-2690/com.xiaomi.xmsf W/PushService: 2017-10-28 10:59:45,427 - [WARN::PushService] - [Thread:70] [Slim] 10:59:45 上午 Sent  Blob [SECMSG,5,gGrhe-163]
10-28 10:59:45.576 812-812/? I/cnss-daemon: RTM_NEWNEIGH message received: 28
10-28 10:59:45.576 812-812/? E/cnss-daemon: Stale or unreachable neighbors, ndm state: 4
10-28 10:59:48.540 1393-1634/system_process D/BaseMiuiPhoneWindowManager: keyCode:26 down:true eventTime:6645761 downTime:6645761 policyFlags:2000000 deviceId:5 isScreenOn:false keyguardActive:true repeatCount:0
10-28 10:59:48.541 1393-1634/system_process D/systemui_boost: notification panel visible=true
10-28 10:59:48.541 1393-1634/system_process D/systemui_boost: ui thread tid=1393
10-28 10:59:48.541 1393-1634/system_process D/systemui_boost: render thread tid=0
10-28 10:59:48.542 1393-1634/system_process E/systemui_boost: render-thread tid = 0, do not boost
10-28 10:59:48.542 1393-1634/system_process D/NotificationService: thread tid=1659, priority is set to -2
10-28 10:59:48.543 1393-1634/system_process D/LockBoost: tid=1634, prevPriority=-8
10-28 10:59:48.550 1393-1634/system_process I/PowerManagerService: Waking up from sleep (uid 1000)...
10-28 10:59:48.552 1393-1475/system_process I/DisplayPowerController: Blocking screen on until initial contents have been drawn.
10-28 10:59:48.552 1393-1475/system_process I/WindowManager: Screen turning on...
10-28 10:59:48.552 1393-1393/system_process I/WindowManager: Started waking up...
10-28 10:59:48.552 1393-1393/system_process V/KeyguardServiceDelegate: onStartedWakingUp()
10-28 10:59:48.553 1393-1475/system_process V/KeyguardServiceDelegate: onScreenTurnedOn(showListener = com.android.server.policy.PhoneWindowManager$2@f10d2c5)
10-28 10:59:48.554 1393-1475/system_process D/AutomaticBrightnessController: resetAutoBrightnessAdjustment: mScreenAutoBrightnessAdjustmentDiff already 0.
10-28 10:59:48.555 1393-1475/system_process D/AutomaticBrightnessController: resetAutoBrightnessAdjustment: mScreenAutoBrightnessAdjustmentDiff already 0.
10-28 10:59:48.555 1393-1696/system_process D/LocalDisplayAdapter: setDisplayState(id=0, state=ON)
10-28 10:59:48.556 1393-1472/system_process I/DisplayManagerService: Display device changed state: "内置屏幕", ON
10-28 10:59:48.556 571-571/? D/SurfaceFlinger: Set power mode=2, type=0 flinger=0x7f93a48180
10-28 10:59:48.556 571-571/? I/SDM: HWCDisplay::SetPowerMode: display = 0, mode = 2
10-28 10:59:48.556 571-571/? I/SDM: DisplayBase::SetDisplayState: Set state = 1, display 0
10-28 10:59:48.564 1393-2384/system_process V/KeyguardServiceDelegate: **** SHOWN CALLED ****
10-28 10:59:48.564 1393-2384/system_process D/WindowManager: mKeyguardDelegate.ShowListener.onDrawn.
10-28 10:59:48.566 2327-2372/? I/octvm_klo: screen_toggled event:screen_state:1
10-28 10:59:48.568 754-1666/? D/audio_hw_primary: adev_set_parameters: enter: screen_state=on
10-28 10:59:48.568 754-1666/? V/compress_voip: voice_extn_compress_voip_set_parameters: enter: screen_state=on
10-28 10:59:48.568 754-1666/? V/compress_voip: voice_extn_compress_voip_set_parameters: exit
10-28 10:59:48.568 754-1666/? V/msm8974_platform: platform_set_parameters: enter: screen_state=on
10-28 10:59:48.568 754-1666/? V/msm8974_platform: platform_set_parameters: exit with code(0)
10-28 10:59:48.569 754-1666/? D/audio_hw_extn: audio_extn_set_anc_parameters: anc_enabled:0
10-28 10:59:48.569 754-1666/? D/audio_hw_spkr_prot: audio_extn_fbsp_set_parameters: Speaker protection disabled
10-28 10:59:48.570 2568-2742/com.miui.whetstone D/WhetstoneService: onScreenTriggle callback
10-28 10:59:48.570 2568-2742/com.miui.whetstone I/WhetstoneService: dispatchEventDelay SCREEN_TRIGGLE value:1
10-28 10:59:48.570 2850-3187/com.miui.powerkeeper:service D/PowerKeeper.Event: notifyScreenChange 1
10-28 10:59:48.570 2850-3187/com.miui.powerkeeper:service D/PowerKeeper.Event: mEventHandler.removeMessages: GlobalConfig.EVENT_ID_SCREEN_OFF_TIME_OUT
10-28 10:59:48.570 2850-3187/com.miui.powerkeeper:service D/PowerKeeper.Event: cancelAlarm
10-28 10:59:48.571 1393-1649/system_process W/AlarmManager: Unrecognized alarm listener com.android.server.wifi.WifiConnectivityManager$3@851e080
10-28 10:59:48.571 1393-1649/system_process E/WifiScanner: listener cannot be found
10-28 10:59:48.573 1983-1983/? D/wpa_supplicant: wlan0: Control interface command 'SCAN TYPE=ONLY freq=2422'
10-28 10:59:48.573 1983-1983/? D/wpa_supplicant: wlan0: Setting scan request: 0.000000 sec
10-28 10:59:48.573 1983-1983/? D/wpa_supplicant: wlan0: Starting AP scan for wildcard SSID
10-28 10:59:48.573 1983-1983/? D/wpa_supplicant: wlan0: Limit manual scan to specified channels
10-28 10:59:48.573 1983-1983/? D/wpa_supplicant: wlan0: Add radio work 'scan'@0x7f9ce2e360
10-28 10:59:48.573 1983-1983/? D/wpa_supplicant: wlan0: First radio work item in the queue - schedule start immediately
10-28 10:59:48.573 1983-1983/? D/wpa_supplicant: wlan0: Starting radio work 'scan'@0x7f9ce2e360 after 0.000044 second wait
10-28 10:59:48.574 1983-1983/? D/wpa_supplicant: wlan0: nl80211: scan request
10-28 10:59:48.574 1983-1983/? D/wpa_supplicant: nl80211: Scan SSID - hexdump(len=0): [NULL]
10-28 10:59:48.574 1983-1983/? D/wpa_supplicant: nl80211: Scan extra IEs - hexdump(len=7): 7f 05 00 00 0a 02 01
10-28 10:59:48.574 1983-1983/? D/wpa_supplicant: nl80211: Scan frequency 2422 MHz
10-28 10:59:48.574 1983-1983/? D/wpa_supplicant: Scan requested (ret=0) - scan timeout 30 seconds
10-28 10:59:48.574 1983-1983/? D/wpa_supplicant: nl80211: Event message available
10-28 10:59:48.574 1983-1983/? D/wpa_supplicant: nl80211: Drv Event 33 (NL80211_CMD_TRIGGER_SCAN) received for wlan0
10-28 10:59:48.574 1983-1983/? D/wpa_supplicant: wlan0: nl80211: Scan trigger
10-28 10:59:48.574 1983-1983/? D/wpa_supplicant: wlan0: Event SCAN_STARTED (47) received
10-28 10:59:48.574 1983-1983/? D/wpa_supplicant: wlan0: Own scan request started a scan in 0.000142 seconds
10-28 10:59:48.577 1983-1983/? D/wpa_supplicant: wlan0: Control interface command 'SIGNAL_POLL'
10-28 10:59:48.577 2850-3241/com.miui.powerkeeper:service D/PowerStateMachine: eventMessage id:11 name:default
10-28 10:59:48.578 2850-3241/com.miui.powerkeeper:service D/PowerStateMachine: idle_state exited
10-28 10:59:48.578 2850-3241/com.miui.powerkeeper:service D/PowerStateMachine: keyguard_state entered
10-28 10:59:48.579 2327-2327/? I/octvm_power: power mode [keyguard] start 1509159588
10-28 10:59:48.580 2327-2327/? I/octvm_power: Action: set_thermal_config(restore) for [foreground_change]
10-28 10:59:48.580 2327-2327/? I/octvm_drv: common drv: platform_set_thermal_mode -> platform not support
10-28 10:59:48.580 2327-2327/? I/octvm_power: onPowerModeChanged[keyguard] called
10-28 10:59:48.582 1983-1983/? D/wpa_supplicant: wlan0: Control interface command 'DRIVER SETSUSPENDMODE 0'
10-28 10:59:48.582 1983-1983/? D/wpa_supplicant: wpa_driver_nl80211_driver_cmd SETSUSPENDMODE 0 len = 0, 4096
10-28 10:59:48.584 1393-1393/system_process V/LocationPolicy: Screen state changed
10-28 10:59:48.599 1393-1458/system_process W/WindowManager: Setting mKeyguardDrawComplete
10-28 10:59:48.600 1393-1458/system_process I/WindowManager: Waiting for drawn Window{356c879 u0 com.android.settings/com.android.settings.Settings$BluetoothSettingsActivity}: removed=false visible=true mHasSurface=true drawState=1
10-28 10:59:48.602 1393-1429/system_process I/WindowManager: Waiting for drawn Window{356c879 u0 com.android.settings/com.android.settings.Settings$BluetoothSettingsActivity}: removed=false visible=true mHasSurface=true drawState=1
10-28 10:59:48.603 1393-1472/system_process I/WindowManager: Waiting for drawn Window{356c879 u0 com.android.settings/com.android.settings.Settings$BluetoothSettingsActivity}: removed=false visible=true mHasSurface=true drawState=1
10-28 10:59:48.627 2403-2422/com.xiaomi.xmsf D/PushService: 2017-10-28 10:59:48,627 - [DEBUG::PushService] - com.xiaomi.joyoseis system app. StatService
10-28 10:59:48.631 2403-4265/com.xiaomi.xmsf D/PushService: 2017-10-28 10:59:48,631 - [DEBUG::PushService] - com.xiaomi.joyoseis system app. StatService
10-28 10:59:48.637 2509-2774/com.android.nfc D/NfcService: screen stated changed. current screenstate:1,change to:2
10-28 10:59:48.640 2509-2774/com.android.nfc D/BrcmNfcJni: nfcManager_doSetScreenState: state = 2
10-28 10:59:48.640 2509-2774/com.android.nfc D/BrcmNfcJni: acquireRfInterfaceMutexLock: try to acquire lock
10-28 10:59:48.640 2509-2774/com.android.nfc D/BrcmNfcJni: acquireRfInterfaceMutexLock: sRfInterfaceMutex lock
10-28 10:59:48.640 2509-2774/com.android.nfc D/BrcmNfcJni: SyncEventGuard: lock on 0x7f685feb60
10-28 10:59:48.640 2509-2774/com.android.nfc D/BrcmNfcJni: startRfDiscovery: is start = 0, sRfEnabled = 1
10-28 10:59:48.640 2509-2774/com.android.nfc D/BrcmNfcJni: SyncEventGuard: lock on 0x7f685feb58
10-28 10:59:48.640 2509-2774/com.android.nfc I/BrcmNfcNfa: NFA_StopRfDiscovery ()
10-28 10:59:48.641 2509-2780/com.android.nfc I/BrcmNfcNfa: NFA got event 0x010F
10-28 10:59:48.641 2509-2780/com.android.nfc I/BrcmNfcNfa: nfa_dm_evt_hdlr event: NFA_DM_API_STOP_RF_DISCOVERY_EVT (0x0f)
10-28 10:59:48.641 2509-2780/com.android.nfc I/BrcmNfcNfa: nfa_dm_act_stop_rf_discovery ()
10-28 10:59:48.641 2509-2780/com.android.nfc I/BrcmNfcNfa: nfa_dm_rf_deactivate () deactivate_type:0x0
10-28 10:59:48.641 2509-2780/com.android.nfc I/BrcmNfcNfa: nfa_dm_disc_sm_execute (): state: DISCOVERY (1), event: DEACTIVATE_CMD(6) disc_flags: 0x2
10-28 10:59:48.641 1393-2837/system_process E/IzatSvc_OSObserver: I/LocTech-Label :: OSOBSERVER :: Data Items In
10-28 10:59:48.641 2509-2780/com.android.nfc I/BrcmNfcNfa: NFC_Deactivate 4 (IDLE) deactivate_type:0
10-28 10:59:48.641 2509-2780/com.android.nfc I/BrcmNfcNfa: nfc_ncif_send_cmd.
10-28 10:59:48.641 2509-2780/com.android.nfc D/NfcAdaptation: NfcAdaptation::HalWrite
10-28 10:59:48.641 1393-2837/system_process E/IzatSvc_OSObserver: I/LocTech-Value :: Data Item Value: IS_SCREEN_ON: true
10-28 10:59:48.641 2509-2780/com.android.nfc D/NxpExtns: const nxp::CNfcParam *nxp::CNfcConfig::find(const char *) const found MIFARE_READER_ENABLE=(0x1)
10-28 10:59:48.641 1393-2881/system_process E/LocSvc_libulp: I/int ulp_msg_process_system_update(const UlpSystemEvent): systemEvent:0 
10-28 10:59:48.641 2509-2823/com.android.nfc D/NxpTml: PN54X - Write requested.....
10-28 10:59:48.641 2509-2823/com.android.nfc D/NxpTml: PN54X - Invoking I2C Write.....
10-28 10:59:48.642 2509-2823/com.android.nfc E/NxpTml: _i2c_write() errno : 5
10-28 10:59:48.642 2509-2823/com.android.nfc E/NxpTml: PN54X - Error in I2C Write.....
10-28 10:59:48.642 2509-2823/com.android.nfc D/NxpTml: PN54X - Posting Fresh Write message.....
10-28 10:59:48.642 2509-2823/com.android.nfc D/NxpTml: PN54X - Tml Writer Thread Running................
10-28 10:59:48.643 2509-2825/com.android.nfc E/NxpHal: write error status = 0x1ff
10-28 10:59:48.644 2509-2780/com.android.nfc E/NxpHal: write_unlocked failed - PN54X Maybe in Standby Mode - Retry
10-28 10:59:48.646 2509-2823/com.android.nfc D/NxpTml: PN54X - Write requested.....
10-28 10:59:48.646 2509-2823/com.android.nfc D/NxpTml: PN54X - Invoking I2C Write.....
10-28 10:59:48.647 2509-2823/com.android.nfc D/NxpNciX: len =   4 > 21060100
10-28 10:59:48.647 2509-2823/com.android.nfc D/NxpTml: PN54X - I2C Write successful.....
10-28 10:59:48.647 2509-2823/com.android.nfc D/NxpTml: PN54X - Posting Fresh Write message.....
10-28 10:59:48.647 2509-2823/com.android.nfc D/NxpTml: PN54X - Tml Writer Thread Running................
10-28 10:59:48.647 2509-2825/com.android.nfc D/NxpHal: write successful status = 0x0
10-28 10:59:48.648 2509-2822/com.android.nfc D/NxpTml: PN54X - I2C Read successful.....
10-28 10:59:48.648 2509-2822/com.android.nfc D/NxpNciR: len =   4 < 41060100
10-28 10:59:48.648 2509-2822/com.android.nfc D/NxpTml: PN54X - Posting read message.....
10-28 10:59:48.648 2509-2825/com.android.nfc D/NxpHal: read successful status = 0x0
10-28 10:59:48.648 2509-2825/com.android.nfc D/NfcAdaptation: NfcAdaptation::HalDeviceContextDataCallback: len=4
10-28 10:59:48.649 2509-2822/com.android.nfc D/NxpTml: PN54X - Read requested.....
10-28 10:59:48.649 2509-2780/com.android.nfc I/BrcmNfcNfa: nfa_dm_disc_sm_execute (): new state: DISCOVERY (1), disc_flags: 0x22
10-28 10:59:48.649 2509-2822/com.android.nfc D/NxpTml: PN54X - Invoking I2C Read.....
10-28 10:59:48.649 2509-2780/com.android.nfc I/BrcmNfcNfa: nfa_sys_ptim_stop_timer 8309f518
10-28 10:59:48.649 2509-2780/com.android.nfc I/BrcmNfcNfa: ptim timer stop
10-28 10:59:48.649 2509-2780/com.android.nfc I/BrcmNfcNfa: Stopped presence check timer (if started)
10-28 10:59:48.649 2509-2780/com.android.nfc I/BrcmNfcNfa: NFC received rsp gid:1
10-28 10:59:48.649 2509-2780/com.android.nfc I/BrcmNfcNfa: P2P_Prio_Logic
10-28 10:59:48.649 2850-2850/com.miui.powerkeeper:service D/Power.Events: screen on: true
10-28 10:59:48.649 2509-2780/com.android.nfc I/BrcmNfcNfa: nfa_dm_p2p_prio_logic type = 0xff
10-28 10:59:48.649 2509-2780/com.android.nfc I/BrcmNfcNfa: returning TRUE
10-28 10:59:48.649 2509-2780/com.android.nfc I/BrcmNfcNfa: nfc_set_state 4 (IDLE)->4 (IDLE)
10-28 10:59:48.649 2509-2780/com.android.nfc I/BrcmNfcNfa: nfa_dm_disc_data_cback ()
10-28 10:59:48.649 2509-2780/com.android.nfc I/BrcmNfcNfa: nfa_dm_disc_discovery_cback (): event:0x4005
10-28 10:59:48.649 2509-2780/com.android.nfc I/BrcmNfcNfa: nfa_dm_disc_sm_execute (): state: DISCOVERY (1), event: DEACTIVATE_RSP(7) disc_flags: 0x22
10-28 10:59:48.649 2509-2780/com.android.nfc I/BrcmNfcNfa: nfa_dm_disc_new_state (): old_state: DISCOVERY (1), new_state: IDLE (0) disc_flags: 0x2
10-28 10:59:48.649 2509-2780/com.android.nfc D/BrcmNfcJni: nfaConnectionCallback: event= 31
10-28 10:59:48.649 2509-2780/com.android.nfc D/BrcmNfcJni: nfaConnectionCallback: NFA_RF_DISCOVERY_STOPPED_EVT: status = 0
10-28 10:59:48.649 2509-2780/com.android.nfc D/BrcmNfcJni: notifyPollingEventwhileNfcOff: sDiscCmdwhleNfcOff=0
10-28 10:59:48.649 2850-3224/com.miui.powerkeeper:service D/PowerCheckerService: updateForScreenChangedLocked, mScreenOn = true
10-28 10:59:48.649 2509-2780/com.android.nfc E/BrcmNfcJni: getReconnectState = 0x0
10-28 10:59:48.649 2850-3224/com.miui.powerkeeper:service D/PowerChecker.BaStats: setBatteryStateLocked, screenOff = false
10-28 10:59:48.649 2509-2780/com.android.nfc D/BrcmNfcJni: SyncEventGuard: lock on 0x7f681fade0
10-28 10:59:48.650 2850-3224/com.miui.powerkeeper:service D/PowerChecker.BaStats: Updating network stats
10-28 10:59:48.650 2509-2780/com.android.nfc I/BrcmNfcNfa: nfa_dm_start_rf_discover ()
10-28 10:59:48.650 2850-3176/com.miui.powerkeeper:service D/HideModeStateMachine: updateForScreenChangedLocked, mScreenOn = true
10-28 10:59:48.650 2509-2780/com.android.nfc I/BrcmNfcNfa: nfa_dm_start_rf_discover (): Return
10-28 10:59:48.650 2509-2780/com.android.nfc I/BrcmNfcNfa: nfa_dm_disc_sm_execute (): new state: IDLE (0), disc_flags: 0x0
10-28 10:59:48.650 2850-3696/com.miui.powerkeeper:service D/KillProcessAppRuleChecker: updateForScreenChangedLocked, mScreenOn = true
10-28 10:59:48.650 2850-3714/com.miui.powerkeeper:service D/ActiveStateController: updateForScreenChangedLocked, mScreenOn = true
10-28 10:59:48.650 2850-3689/com.miui.powerkeeper:service D/DeviceIdleAppRuleChecker: updateForScreenChangedLocked, mScreenOn = true
10-28 10:59:48.651 2850-3688/com.miui.powerkeeper:service D/AppActiveChecker: updateForScreenChangedLocked, mScreenOn = true
10-28 10:59:48.651 2509-2774/com.android.nfc D/BrcmNfcJni: SyncEventGuard: lock on 0x7f685febb0
10-28 10:59:48.651 2509-2774/com.android.nfc I/BrcmNfcNfa: NFA_DisablePolling ()
10-28 10:59:48.651 2509-2780/com.android.nfc I/BrcmNfcNfa: NFA got event 0x0107
10-28 10:59:48.651 2509-2780/com.android.nfc I/BrcmNfcNfa: nfa_dm_evt_hdlr event: NFA_DM_API_DISABLE_POLLING_EVT (0x07)
10-28 10:59:48.651 2850-3224/com.miui.powerkeeper:service D/PowerCheckerService: foreground, uid = 1000, app = com.android.settings
10-28 10:59:48.651 2509-2780/com.android.nfc I/BrcmNfcNfa: nfa_dm_act_disable_polling ()
10-28 10:59:48.651 2509-2780/com.android.nfc D/BrcmNfcJni: nfaConnectionCallback: event= 1
10-28 10:59:48.651 2509-2780/com.android.nfc D/BrcmNfcJni: nfaConnectionCallback: NFA_POLL_DISABLED_EVT: status = 3
10-28 10:59:48.651 2509-2780/com.android.nfc D/BrcmNfcJni: SyncEventGuard: lock on 0x7f681fb1e0
10-28 10:59:48.651 2509-2774/com.android.nfc D/BrcmNfcJni: SetScreenState: enter
10-28 10:59:48.651 2509-2774/com.android.nfc D/BrcmNfcJni: SyncEventGuard: lock on 0x7f685feb68
10-28 10:59:48.651 2509-2774/com.android.nfc D/BrcmNfcJni: Screen ON-locked
10-28 10:59:48.651 2509-2774/com.android.nfc D/BrcmNfcJni: SetScreenState: Success NFA_SendNxpNciCommand
10-28 10:59:48.651 2509-2780/com.android.nfc I/BrcmNfcNfa: NFA got event 0x011A
10-28 10:59:48.651 2509-2780/com.android.nfc I/BrcmNfcNfa: nfa_dm_evt_hdlr event: Unknown or Vendor Specific (0x1a)
10-28 10:59:48.651 2509-2780/com.android.nfc D/NfcAdaptation: NfcAdaptation::HalWrite
10-28 10:59:48.651 2509-2780/com.android.nfc D/NxpExtns: const nxp::CNfcParam *nxp::CNfcConfig::find(const char *) const found MIFARE_READER_ENABLE=(0x1)
10-28 10:59:48.651 2509-2823/com.android.nfc D/NxpTml: PN54X - Write requested.....
10-28 10:59:48.652 2509-2823/com.android.nfc D/NxpTml: PN54X - Invoking I2C Write.....
10-28 10:59:48.652 2509-2823/com.android.nfc D/NxpNciX: len =   4 > 2F150102
10-28 10:59:48.652 2509-2823/com.android.nfc D/NxpTml: PN54X - I2C Write successful.....
10-28 10:59:48.652 2509-2823/com.android.nfc D/NxpTml: PN54X - Posting Fresh Write message.....
10-28 10:59:48.652 2509-2823/com.android.nfc D/NxpTml: PN54X - Tml Writer Thread Running................
10-28 10:59:48.652 2509-2825/com.android.nfc D/NxpHal: write successful status = 0x0
10-28 10:59:48.653 2509-2822/com.android.nfc D/NxpTml: PN54X - I2C Read successful.....
10-28 10:59:48.653 2509-2822/com.android.nfc D/NxpNciR: len =   4 < 4F150100
10-28 10:59:48.653 2509-2822/com.android.nfc D/NxpTml: PN54X - Posting read message.....
10-28 10:59:48.653 2509-2825/com.android.nfc D/NxpHal: read successful status = 0x0
10-28 10:59:48.653 2509-2825/com.android.nfc D/NfcAdaptation: NfcAdaptation::HalDeviceContextDataCallback: len=4
10-28 10:59:48.653 2509-2822/com.android.nfc D/NxpTml: PN54X - Read requested.....
10-28 10:59:48.653 2509-2822/com.android.nfc D/NxpTml: PN54X - Invoking I2C Read.....
10-28 10:59:48.653 2509-2780/com.android.nfc D/BrcmNfcJni: NxpResponse_SetDhlf_Cb Received length data = 0x4 status = 0x0
10-28 10:59:48.653 2509-2780/com.android.nfc D/BrcmNfcJni: SyncEventGuard: lock on 0x7f681fb1b0
10-28 10:59:48.653 2509-2774/com.android.nfc D/BrcmNfcJni: SyncEventGuard: lock on 0x7f685feb60
10-28 10:59:48.653 2509-2774/com.android.nfc D/BrcmNfcJni: startRfDiscovery: is start = 1, sRfEnabled = 0
10-28 10:59:48.653 2509-2774/com.android.nfc D/BrcmNfcJni: SyncEventGuard: lock on 0x7f685feb58
10-28 10:59:48.653 2509-2774/com.android.nfc I/BrcmNfcNfa: NFA_StartRfDiscovery ()
10-28 10:59:48.654 2509-2780/com.android.nfc I/BrcmNfcNfa: NFA got event 0x010E
10-28 10:59:48.654 2509-2780/com.android.nfc I/BrcmNfcNfa: nfa_dm_evt_hdlr event: NFA_DM_API_START_RF_DISCOVERY_EVT (0x0e)
10-28 10:59:48.654 2509-2780/com.android.nfc I/BrcmNfcNfa: nfa_dm_act_start_rf_discovery ()
10-28 10:59:48.654 2509-2780/com.android.nfc I/BrcmNfcNfa: nfa_dm_start_rf_discover ()
10-28 10:59:48.654 2509-2780/com.android.nfc I/BrcmNfcNfa: nfa_ee_get_tech_route(): power state : 1
10-28 10:59:48.654 2509-2780/com.android.nfc I/BrcmNfcNfa: TechA route: 0xc0, TechB route: 0xc0, TechF route: 0x0, TechB' route: 0x0
10-28 10:59:48.654 2509-2780/com.android.nfc I/BrcmNfcNfa: requested_disc_mask = 0x140000, xx=0
10-28 10:59:48.654 2509-2780/com.android.nfc I/BrcmNfcNfa: listen_mask value after NFC-A = 0x40000
10-28 10:59:48.654 2509-2780/com.android.nfc I/BrcmNfcNfa: listen_mask value after NFC-B = 0x140000
10-28 10:59:48.654 2509-2780/com.android.nfc I/BrcmNfcNfa: listen_mask value after NFC-F = 0x140000
10-28 10:59:48.654 2509-2780/com.android.nfc I/BrcmNfcNfa: listen_mask value after NFC-B Prime = 0x140000
10-28 10:59:48.654 2509-2780/com.android.nfc I/BrcmNfcNfa: dm_disc_mask = 0x0
10-28 10:59:48.654 2509-2780/com.android.nfc I/BrcmNfcNfa: listen_mask value after T1T and T2T = 0x140000
10-28 10:59:48.654 2509-2780/com.android.nfc I/BrcmNfcNfa: listen_mask value after NFC-DEP = 0x140000
10-28 10:59:48.654 2509-2780/com.android.nfc I/BrcmNfcNfa: listen_mask value after setting from higher layer = 0xc000000
10-28 10:59:48.654 2509-2780/com.android.nfc I/BrcmNfcNfa: nfa_dm_cb.disc_cb.entry[0].selected_disc_mask = 0xc000000
10-28 10:59:48.654 2509-2780/com.android.nfc I/BrcmNfcNfa: dm_disc_mask finally : 0xc000000
10-28 10:59:48.654 2509-2780/com.android.nfc I/BrcmNfcNfa: nfa_dm_start_rf_discover:NXP_FWD_FUNCTIONALITY_ENABLE=0x01;
10-28 10:59:48.654 2509-2780/com.android.nfc D/NfcAdaptation: const CNfcParam *CNfcConfig::find(const char *) const found HOST_LISTEN_TECH_MASK=(0x3)
10-28 10:59:48.654 2850-3224/com.miui.powerkeeper:service D/PowerChecker.BaStats: uid = 1000, uidForeground = true, lastBytes = 1537831, curBytes = 1537831, deltaBytes = 0
10-28 10:59:48.654 2509-2780/com.android.nfc I/BrcmNfcNfa: nfa_dm_start_rf_discover : override_hostListenMask = 0x1, HOST_LISTEN_TECH_MASK = 0x0;
10-28 10:59:48.654 2509-2780/com.android.nfc D/NfcAdaptation: const CNfcParam *CNfcConfig::find(const char *) const found UICC_LISTEN_TECH_MASK=(0x83)
10-28 10:59:48.654 2509-2780/com.android.nfc I/BrcmNfcNfa: nfa_dm_start_rf_discover:UICC_LISTEN_TECH_MASK = 0x0131;
10-28 10:59:48.654 2509-2780/com.android.nfc I/BrcmNfcNfa: nfa_ee_find_ecb ()
10-28 10:59:48.654 2509-2780/com.android.nfc I/BrcmNfcNfa: Cannot find cb for given nfcee_id: 0x2
10-28 10:59:48.654 2509-2780/com.android.nfc I/BrcmNfcNfa: supported tech list is 0x00 for given nfcee_id: 0x2 
10-28 10:59:48.654 2509-2780/com.android.nfc I/BrcmNfcNfa: nfa_p2p_set_config ()
10-28 10:59:48.654 2509-2780/com.android.nfc I/BrcmNfcNfa: LLCP_GetDiscoveryConfig ()
10-28 10:59:48.655 2509-2780/com.android.nfc I/BrcmNfcNfa: nfa_dm_check_set_config () tlv_len=25
10-28 10:59:48.655 2509-2780/com.android.nfc I/BrcmNfcNfa: dm_disc_mask = 0xc000000
10-28 10:59:48.655 2509-2780/com.android.nfc I/BrcmNfcNfa: nfa_dm_get_rf_discover_config : dm_disc_mask = 0x0C000000
10-28 10:59:48.655 2509-2780/com.android.nfc I/BrcmNfcNfa: nfa_dm_set_hce_config : tech_proto_mask = 0x0C000000
10-28 10:59:48.655 2509-2780/com.android.nfc D/NfcAdaptation: const CNfcParam *CNfcConfig::find(const char *) const found HOST_LISTEN_TECH_MASK=(0x3)
10-28 10:59:48.655 2509-2780/com.android.nfc I/BrcmNfcNfa: nfa_dm_set_hce_config : override_hostListenMask = 0x1, HOST_LISTEN_TECH_MASK = 0x0;
10-28 10:59:48.655 2509-2780/com.android.nfc I/BrcmNfcNfa: nfa_dm_set_hce_config : LA_SEL_INFO = 0x0;
10-28 10:59:48.655 2509-2780/com.android.nfc I/BrcmNfcNfa: nfa_dm_set_hce_config : LB_SENSB_INFO = 0x0;
10-28 10:59:48.655 2509-2780/com.android.nfc I/BrcmNfcNfa: nfa_dm_check_set_config () tlv_len=6
10-28 10:59:48.655 2509-2780/com.android.nfc I/BrcmNfcNfa: nfa_dm_check_set_config () updated_len=0
10-28 10:59:48.655 2509-2780/com.android.nfc I/BrcmNfcNfa: nfa_dm_set_total_duration ()
10-28 10:59:48.655 2509-2780/com.android.nfc I/BrcmNfcNfa: nfa_dm_check_set_config () tlv_len=4
10-28 10:59:48.655 2509-2780/com.android.nfc I/BrcmNfcNfa: NFC_DiscoveryStart
10-28 10:59:48.655 2509-2780/com.android.nfc D/NfcAdaptation: NfcAdaptation::HalPrediscover
10-28 10:59:48.655 2509-2780/com.android.nfc I/BrcmNfcNfa: nfc_ncif_send_cmd.
10-28 10:59:48.655 2509-2780/com.android.nfc D/NfcAdaptation: NfcAdaptation::HalWrite
10-28 10:59:48.655 2509-2780/com.android.nfc D/NxpExtns: const nxp::CNfcParam *nxp::CNfcConfig::find(const char *) const found MIFARE_READER_ENABLE=(0x1)
10-28 10:59:48.655 2509-2780/com.android.nfc D/NxpHal: > Polling Loop Started
10-28 10:59:48.655 2509-2823/com.android.nfc D/NxpTml: PN54X - Write requested.....
10-28 10:59:48.655 2509-2823/com.android.nfc D/NxpTml: PN54X - Invoking I2C Write.....
10-28 10:59:48.656 2509-2823/com.android.nfc D/NxpNciX: len =   8 > 2103050283018501
10-28 10:59:48.656 2509-2823/com.android.nfc D/NxpTml: PN54X - I2C Write successful.....
10-28 10:59:48.656 2509-2823/com.android.nfc D/NxpTml: PN54X - Posting Fresh Write message.....
10-28 10:59:48.656 2509-2823/com.android.nfc D/NxpTml: PN54X - Tml Writer Thread Running................
10-28 10:59:48.656 2509-2825/com.android.nfc D/NxpHal: write successful status = 0x0
10-28 10:59:48.657 2509-2780/com.android.nfc I/BrcmNfcNfa: NFC_DiscoveryStart status: 0xe3
10-28 10:59:48.657 2509-2822/com.android.nfc D/NxpTml: PN54X - I2C Read successful.....
10-28 10:59:48.657 2509-2822/com.android.nfc D/NxpNciR: len =   4 < 41030100
10-28 10:59:48.657 2509-2822/com.android.nfc D/NxpTml: PN54X - Posting read message.....
10-28 10:59:48.658 2509-2825/com.android.nfc D/NxpHal: read successful status = 0x0
10-28 10:59:48.658 2509-2825/com.android.nfc D/NfcAdaptation: NfcAdaptation::HalDeviceContextDataCallback: len=4
10-28 10:59:48.658 2509-2822/com.android.nfc D/NxpTml: PN54X - Read requested.....
10-28 10:59:48.658 2509-2822/com.android.nfc D/NxpTml: PN54X - Invoking I2C Read.....
10-28 10:59:48.659 2509-2780/com.android.nfc I/BrcmNfcNfa: NFC received rsp gid:1
10-28 10:59:48.659 2509-2780/com.android.nfc I/BrcmNfcNfa: returning TRUE
10-28 10:59:48.659 2509-2780/com.android.nfc I/BrcmNfcNfa: nfa_dm_disc_discovery_cback (): event:0x4000
10-28 10:59:48.659 2509-2780/com.android.nfc I/BrcmNfcNfa: nfa_dm_disc_sm_execute (): state: IDLE (0), event: DISCOVER_RSP(1) disc_flags: 0x31
10-28 10:59:48.659 2509-2780/com.android.nfc I/BrcmNfcNfa: nfa_dm_disc_new_state (): old_state: IDLE (0), new_state: DISCOVERY (1) disc_flags: 0x11
10-28 10:59:48.659 2509-2780/com.android.nfc D/BrcmNfcJni: nfaConnectionCallback: event= 30
10-28 10:59:48.659 2509-2780/com.android.nfc D/BrcmNfcJni: nfaConnectionCallback: NFA_RF_DISCOVERY_STARTED_EVT: status = 0
10-28 10:59:48.659 2509-2780/com.android.nfc D/BrcmNfcJni: SyncEventGuard: lock on 0x7f681faef0
10-28 10:59:48.659 2509-2780/com.android.nfc I/BrcmNfcNfa: nfa_dm_disc_sm_execute (): new state: DISCOVERY (1), disc_flags: 0x1
10-28 10:59:48.659 2509-2774/com.android.nfc D/BrcmNfcJni: releaseRfInterfaceMutexLock: sRfInterfaceMutex unlock
10-28 10:59:48.661 2509-2774/com.android.nfc E/NfcService: applyRouting -2
10-28 10:59:48.661 1393-1624/system_process W/qti_sensors_hal: processInd: prox data: 0.000000 2989067520.000000 5.000305 SAM TS: 576362119 HAL TS:148653853947374 elapsedRealtimeNano:148653856468596
10-28 10:59:48.661 2509-2774/com.android.nfc D/NfcService: applyRouting - enter force = false mScreenState = 2
10-28 10:59:48.661 1729-1729/com.android.systemui D/ProximitySensorWrapper: proximity distance: 5.000305
10-28 10:59:48.661 2509-2774/com.android.nfc D/NfcService: shouldEnableDiscovery
10-28 10:59:48.661 2509-2774/com.android.nfc D/BrcmNfcJni: nfcManager_enableDiscovery: enter; tech_mask = 00
10-28 10:59:48.662 2509-2774/com.android.nfc D/BrcmNfcJni: nfcManager_enableDiscovery: sIsSecElemSelected=1
10-28 10:59:48.662 2509-2774/com.android.nfc D/BrcmNfcJni: acquireRfInterfaceMutexLock: try to acquire lock
10-28 10:59:48.662 2509-2774/com.android.nfc D/BrcmNfcJni: acquireRfInterfaceMutexLock: sRfInterfaceMutex lock
10-28 10:59:48.662 2509-2774/com.android.nfc D/BrcmNfcJni: PowerSwitch::setLevel: level=PS-FULL (1)
10-28 10:59:48.662 2509-2774/com.android.nfc D/BrcmNfcJni: SyncEventGuard: lock on 0x7f685fe9d0
10-28 10:59:48.662 2509-2774/com.android.nfc D/BrcmNfcJni: startRfDiscovery: is start = 0, sRfEnabled = 1
10-28 10:59:48.662 2509-2774/com.android.nfc D/BrcmNfcJni: SyncEventGuard: lock on 0x7f685fe9c8
10-28 10:59:48.662 2509-2774/com.android.nfc I/BrcmNfcNfa: NFA_StopRfDiscovery ()
10-28 10:59:48.662 2509-2780/com.android.nfc I/BrcmNfcNfa: NFA got event 0x010F
10-28 10:59:48.662 2509-2780/com.android.nfc I/BrcmNfcNfa: nfa_dm_evt_hdlr event: NFA_DM_API_STOP_RF_DISCOVERY_EVT (0x0f)
10-28 10:59:48.662 2509-2780/com.android.nfc I/BrcmNfcNfa: nfa_dm_act_stop_rf_discovery ()
10-28 10:59:48.662 2509-2780/com.android.nfc I/BrcmNfcNfa: nfa_dm_rf_deactivate () deactivate_type:0x0
10-28 10:59:48.662 2509-2780/com.android.nfc I/BrcmNfcNfa: nfa_dm_disc_sm_execute (): state: DISCOVERY (1), event: DEACTIVATE_CMD(6) disc_flags: 0x2
10-28 10:59:48.662 2509-2780/com.android.nfc I/BrcmNfcNfa: NFC_Deactivate 4 (IDLE) deactivate_type:0
10-28 10:59:48.662 2509-2780/com.android.nfc I/BrcmNfcNfa: nfc_ncif_send_cmd.
10-28 10:59:48.662 2509-2780/com.android.nfc D/NfcAdaptation: NfcAdaptation::HalWrite
10-28 10:59:48.662 2509-2780/com.android.nfc D/NxpExtns: const nxp::CNfcParam *nxp::CNfcConfig::find(const char *) const found MIFARE_READER_ENABLE=(0x1)
10-28 10:59:48.662 2509-2823/com.android.nfc D/NxpTml: PN54X - Write requested.....
10-28 10:59:48.662 2509-2823/com.android.nfc D/NxpTml: PN54X - Invoking I2C Write.....
10-28 10:59:48.663 2509-2823/com.android.nfc D/NxpNciX: len =   4 > 21060100
10-28 10:59:48.663 2509-2823/com.android.nfc D/NxpTml: PN54X - I2C Write successful.....
10-28 10:59:48.663 2509-2823/com.android.nfc D/NxpTml: PN54X - Posting Fresh Write message.....
10-28 10:59:48.663 2509-2823/com.android.nfc D/NxpTml: PN54X - Tml Writer Thread Running................
10-28 10:59:48.663 2509-2825/com.android.nfc D/NxpHal: write successful status = 0x0
10-28 10:59:48.663 2509-2780/com.android.nfc I/BrcmNfcNfa: nfa_dm_disc_sm_execute (): new state: DISCOVERY (1), disc_flags: 0x22
10-28 10:59:48.663 2509-2780/com.android.nfc I/BrcmNfcNfa: nfa_sys_ptim_stop_timer 8309f518
10-28 10:59:48.663 2509-2780/com.android.nfc I/BrcmNfcNfa: ptim timer stop
10-28 10:59:48.663 2509-2780/com.android.nfc I/BrcmNfcNfa: Stopped presence check timer (if started)
10-28 10:59:48.664 2509-2822/com.android.nfc D/NxpTml: PN54X - I2C Read successful.....
10-28 10:59:48.664 2509-2822/com.android.nfc D/NxpNciR: len =   4 < 41060100
10-28 10:59:48.664 2509-2822/com.android.nfc D/NxpTml: PN54X - Posting read message.....
